07-21 19:06:48.038 D/        (  319): charger_monitor log_has_update will be set false
07-21 19:06:52.678 D/PowerSaveService( 7938): PowerSaveReceiver EXTRA_STATUS: status = 5, lastCharging = true
07-21 19:06:52.678 D/UIABatteryMonitor(14280): notify battery changed. current level 100
07-21 19:06:53.038 D/        (  319): charger_monitor log_has_update will be set false
07-21 19:06:57.078 V/AlarmManager( 7714): Triggering alarm #0: Alarm{16e704ad type 0 when 1532171217088 com.tencent.mobileqq com.tencent.mobileqq:MSF_900546663}
07-21 19:06:57.078 V/AlarmManager( 7714): Triggering alarm #1: Alarm{2e97e3e2 type 3 when 115115568 android com.android.server.action.NETWORK_STATS_POLL}
07-21 19:06:57.078 V/AlarmManager( 7714): Triggering alarm #2: Alarm{e71373 type 3 when 115130747 com.nearme.statistics.rom com.nearme.statistics.savedata.ation}
07-21 19:06:57.078 V/AlarmManager( 7714): Triggering alarm #3: Alarm{8428230 type 1 when 1532171187529 com.nearme.statistics.rom null}
07-21 19:06:57.178 D/MSF.C.NetConnTag( 8827): pa ok: 60266
07-21 19:06:57.178 D/MSF.C.NetConnTag( 8827): netSend ssoSeq:60266 uin:*7177 cmd:GTcxIAkuJnQZKj0kNj0CPz4 60350 3127acf
07-21 19:06:57.198 D/MSF.C.NetConnTag( 8827): netRecv ssoSeq:60266 uin:*7177 cmd:GTcxIAkuJnQZKj0kNj0CPz4 60378 cross:0
07-21 19:06:58.038 D/        (  319): charger_monitor log_has_update will be set false
07-21 19:06:59.998 V/AlarmManager( 7714): Triggering alarm #0: Alarm{e85915c type 3 when 115165266 android android.intent.action.TIME_TICK}
07-21 19:07:01.788 E/SQLiteLog(19334): (1) no such table: msg_sync_log
07-21 19:07:03.038 D/        (  319): charger_monitor log_has_update will be set false
07-21 19:07:08.038 D/        (  319): charger_monitor log_has_update will be set false
07-21 19:07:12.688 D/PowerSaveService( 7938): PowerSaveReceiver EXTRA_STATUS: status = 5, lastCharging = true
07-21 19:07:12.688 D/UIABatteryMonitor(14280): notify battery changed. current level 100
07-21 19:07:12.828 W/Watchdog_N( 7714): !@WatchDog_3003;
07-21 19:07:13.038 D/        (  319): charger_monitor log_has_update will be set false
07-21 19:07:14.808 D/WorkerThreadMonitor( 8827): Kill MSF check result[ senderSize:0,sendInterval:17632,receiveInterval=17602,addCmdCount=560
07-21 19:07:18.048 D/        (  319): charger_monitor log_has_update will be set false
07-21 19:07:23.038 D/        (  319): charger_monitor log_has_update will be set false
07-21 19:07:28.038 D/        (  319): charger_monitor log_has_update will be set false
07-21 19:07:31.888 E/SQLiteLog(19334): (1) no such table: msg_sync_log
07-21 19:07:33.048 D/        (  319): charger_monitor log_has_update will be set false
07-21 19:07:38.048 D/        (  319): charger_monitor log_has_update will be set false
07-21 19:07:42.828 W/Watchdog_N( 7714): !@WatchDog_3004;
07-21 19:07:43.048 D/        (  319): charger_monitor log_has_update will be set false
07-21 19:07:48.048 D/        (  319): charger_monitor log_has_update will be set false
07-21 19:07:53.048 D/        (  319): charger_monitor log_has_update will be set false
07-21 19:07:55.518 D/z       (17024): 40:[0]
07-21 19:07:55.518 D/SmtServService(17024): to start com.tencent.mm
07-21 19:07:55.518 D/SmtServService(17024): run: true
07-21 19:07:55.518 D/SmtCntService(17164): onStartCommand, mCntSvcHelper = com.excelliance.kxqp.SmtCntService$a@d9e9885
07-21 19:07:55.518 D/SmtCntService(17164): onStartCommand startId = 6
07-21 19:07:55.528 D/z       (17024): 27:[0, Intent { act=android.net.conn.CONNECTIVITY_CHANGE }, [com.tencent.mm]]
07-21 19:07:57.048 D/MSF.C.NetConnTag( 8827): pa ok: 60267
07-21 19:07:57.048 D/MSF.C.NetConnTag( 8827): netSend ssoSeq:60267 uin:*7177 cmd:LDE5MTQ8KTM5N34TPywWMyczPDEVNikzJCYWJjM9Kz4DLTY7CD00 60495 3127acf
07-21 19:07:57.098 D/MSF.C.NetConnTag( 8827): netRecv ssoSeq:60267 uin:*7177 cmd:LDE5MTQ8KTM5N34TPywWMyczPDEVNikzJCYWJjM9Kz4DLTY7CD00 60795 cross:0
07-21 19:07:57.098 I/MSF.S.AppProcessManager( 8827): SendToApp process:com.tencent.mobileqq fromServiceMsg: FromServiceMsg msName:unknown ssoSeq:60267 serviceCmd:friendlist.GetSimpleOnlineFriendInfoReq appSeq:86 failCode:1000 cost=5 needBoot=false
07-21 19:07:58.048 D/        (  319): charger_monitor log_has_update will be set false
07-21 19:07:59.988 V/AlarmManager( 7714): Triggering alarm #0: Alarm{2a511c65 type 3 when 115225266 android android.intent.action.TIME_TICK}
07-21 19:08:01.988 E/SQLiteLog(19334): (1) no such table: msg_sync_log
07-21 19:08:03.058 D/        (  319): charger_monitor log_has_update will be set false
07-21 19:08:08.058 D/        (  319): charger_monitor log_has_update will be set false
07-21 19:08:12.828 W/Watchdog_N( 7714): !@WatchDog_3005;
07-21 19:08:13.058 D/        (  319): charger_monitor log_has_update will be set false
07-21 19:08:14.818 D/WorkerThreadMonitor( 8827): Kill MSF check result[ senderSize:0,sendInterval:17760,receiveInterval=17717,addCmdCount=561
07-21 19:08:18.048 D/        (  319): charger_monitor log_has_update will be set false
07-21 19:08:23.048 D/        (  319): charger_monitor log_has_update will be set false
07-21 19:08:28.058 D/        (  319): charger_monitor log_has_update will be set false
07-21 19:08:32.088 E/SQLiteLog(19334): (1) no such table: msg_sync_log
07-21 19:08:33.058 D/        (  319): charger_monitor log_has_update will be set false
07-21 19:08:38.058 D/        (  319): charger_monitor log_has_update will be set false
07-21 19:08:42.828 W/Watchdog_N( 7714): !@WatchDog_3006;
07-21 19:08:43.058 D/        (  319): charger_monitor log_has_update will be set false
07-21 19:08:48.058 D/        (  319): charger_monitor log_has_update will be set false
07-21 19:08:51.518 V/AlarmManager( 7714): Triggering alarm #0: Alarm{164e0d3a type 3 when 115276785 android android.intent.action.ALARM_WAKEUP_CHECK}
07-21 19:08:53.058 D/        (  319): charger_monitor log_has_update will be set false
07-21 19:08:58.058 D/        (  319): charger_monitor log_has_update will be set false
07-21 19:08:59.998 V/AlarmManager( 7714): Triggering alarm #0: Alarm{3c1f7deb type 3 when 115285266 android android.intent.action.TIME_TICK}
07-21 19:09:02.138 E/SQLiteLog(19334): (1) no such table: msg_sync_log
07-21 19:09:03.068 D/        (  319): charger_monitor log_has_update will be set false
07-21 19:09:08.058 D/        (  319): charger_monitor log_has_update will be set false
07-21 19:09:12.828 W/Watchdog_N( 7714): !@WatchDog_3007;
07-21 19:09:13.058 D/        (  319): charger_monitor log_has_update will be set false
07-21 19:09:14.818 D/WorkerThreadMonitor( 8827): Kill MSF check result[ senderSize:0,sendInterval:77760,receiveInterval=17726,addCmdCount=561
07-21 19:09:18.058 D/        (  319): charger_monitor log_has_update will be set false
07-21 19:09:23.068 D/        (  319): charger_monitor log_has_update will be set false
07-21 19:09:28.068 D/        (  319): charger_monitor log_has_update will be set false
07-21 19:09:32.238 E/SQLiteLog(19334): (1) no such table: msg_sync_log
07-21 19:09:33.068 D/        (  319): charger_monitor log_has_update will be set false
07-21 19:09:38.068 D/        (  319): charger_monitor log_has_update will be set false
07-21 19:09:42.828 W/Watchdog_N( 7714): !@WatchDog_3008;
07-21 19:09:43.068 D/        (  319): charger_monitor log_has_update will be set false
07-21 19:09:48.068 D/        (  319): charger_monitor log_has_update will be set false
07-21 19:09:50.878 D/AndroidRuntime(21194): >>>>>> START com.android.internal.os.RuntimeInit uid 0 <<<<<<
07-21 19:09:50.878 D/AndroidRuntime(21194): CheckJNI is OFF
07-21 19:09:51.278 E/jniPro  (21194): protecteyesinit, dlopen dlhandle is null
07-21 19:09:51.308 D/AndroidRuntime(21194): Calling main entry a.d
07-21 19:09:51.368 D/idmap   (21211): error: no read access to /vendor/overlay: No such file or directory
07-21 19:09:51.438 I/art     (21194): System.exit called, status: 0
07-21 19:09:51.438 I/AndroidRuntime(21194): VM exiting with result code 0.
07-21 19:09:51.558 D/AndroidRuntime(21215): >>>>>> START com.android.internal.os.RuntimeInit uid 0 <<<<<<
07-21 19:09:51.558 D/AndroidRuntime(21215): CheckJNI is OFF
07-21 19:09:51.818 E/jniPro  (21215): protecteyesinit, dlopen dlhandle is null
07-21 19:09:51.838 D/AndroidRuntime(21215): Calling main entry a.d
07-21 19:09:51.938 D/idmap   (21237): error: no read access to /vendor/overlay: No such file or directory
07-21 19:09:52.008 I/art     (21215): System.exit called, status: 0
07-21 19:09:52.008 I/AndroidRuntime(21215): VM exiting with result code 0.
07-21 19:09:52.118 D/AndroidRuntime(21243): >>>>>> START com.android.internal.os.RuntimeInit uid 0 <<<<<<
07-21 19:09:52.118 D/AndroidRuntime(21243): CheckJNI is OFF
07-21 19:09:52.358 E/jniPro  (21243): protecteyesinit, dlopen dlhandle is null
07-21 19:09:52.378 D/AndroidRuntime(21243): Calling main entry a.d
07-21 19:09:52.468 I/art     (21243): System.exit called, status: 0
07-21 19:09:52.468 I/AndroidRuntime(21243): VM exiting with result code 0.
07-21 19:09:52.618 D/AndroidRuntime(21268): >>>>>> START com.android.internal.os.RuntimeInit uid 0 <<<<<<
07-21 19:09:52.618 D/AndroidRuntime(21268): CheckJNI is OFF
07-21 19:09:52.668 D/PowerSaveService( 7938): PowerSaveReceiver EXTRA_STATUS: status = 5, lastCharging = true
07-21 19:09:52.668 D/UIABatteryMonitor(14280): notify battery changed. current level 100
07-21 19:09:52.908 E/jniPro  (21268): protecteyesinit, dlopen dlhandle is null
07-21 19:09:52.928 D/AndroidRuntime(21268): Calling main entry a.d
07-21 19:09:52.978 D/idmap   (21287): error: no read access to /vendor/overlay: No such file or directory
07-21 19:09:53.048 I/art     (21268): System.exit called, status: 0
07-21 19:09:53.048 I/AndroidRuntime(21268): VM exiting with result code 0.
07-21 19:09:53.068 D/        (  319): charger_monitor log_has_update will be set false
07-21 19:09:57.688 D/UIABatteryMonitor(14280): notify battery changed. current level 100
07-21 19:09:57.688 D/PowerSaveService( 7938): PowerSaveReceiver EXTRA_STATUS: status = 5, lastCharging = true
07-21 19:09:58.068 D/        (  319): charger_monitor log_has_update will be set false
07-21 19:09:59.998 V/AlarmManager( 7714): Triggering alarm #0: Alarm{886748 type 3 when 115345265 android android.intent.action.TIME_TICK}
07-21 19:10:02.348 E/SQLiteLog(19334): (1) no such table: msg_sync_log
07-21 19:10:02.678 D/PowerSaveService( 7938): PowerSaveReceiver EXTRA_STATUS: status = 5, lastCharging = true
07-21 19:10:02.678 D/UIABatteryMonitor(14280): notify battery changed. current level 100
07-21 19:10:03.068 D/        (  319): charger_monitor log_has_update will be set false
07-21 19:10:08.078 D/        (  319): charger_monitor log_has_update will be set false
07-21 19:10:12.828 W/Watchdog_N( 7714): !@WatchDog_3009;
07-21 19:10:13.068 D/        (  319): charger_monitor log_has_update will be set false
07-21 19:10:14.818 D/WorkerThreadMonitor( 8827): Kill MSF check result[ senderSize:0,sendInterval:137762,receiveInterval=17728,addCmdCount=561
07-21 19:10:17.688 D/PowerSaveService( 7938): PowerSaveReceiver EXTRA_STATUS: status = 5, lastCharging = true
07-21 19:10:17.688 D/UIABatteryMonitor(14280): notify battery changed. current level 100
07-21 19:10:18.068 D/        (  319): charger_monitor log_has_update will be set false
07-21 19:10:22.688 D/PowerSaveService( 7938): PowerSaveReceiver EXTRA_STATUS: status = 5, lastCharging = true
07-21 19:10:22.688 D/UIABatteryMonitor(14280): notify battery changed. current level 100
07-21 19:10:23.068 D/        (  319): charger_monitor log_has_update will be set false
07-21 19:10:27.678 D/UIABatteryMonitor(14280): notify battery changed. current level 100
07-21 19:10:27.678 D/PowerSaveService( 7938): PowerSaveReceiver EXTRA_STATUS: status = 5, lastCharging = true
07-21 19:10:28.068 D/        (  319): charger_monitor log_has_update will be set false
07-21 19:10:32.448 E/SQLiteLog(19334): (1) no such table: msg_sync_log
07-21 19:10:32.678 D/PowerSaveService( 7938): PowerSaveReceiver EXTRA_STATUS: status = 5, lastCharging = true
07-21 19:10:32.678 D/UIABatteryMonitor(14280): notify battery changed. current level 100
07-21 19:10:33.078 D/        (  319): charger_monitor log_has_update will be set false
07-21 19:10:37.678 D/UIABatteryMonitor(14280): notify battery changed. current level 100
07-21 19:10:37.678 D/PowerSaveService( 7938): PowerSaveReceiver EXTRA_STATUS: status = 5, lastCharging = true
07-21 19:10:38.078 D/        (  319): charger_monitor log_has_update will be set false
07-21 19:10:42.828 W/Watchdog_N( 7714): !@WatchDog_3010;
07-21 19:10:43.078 D/        (  319): charger_monitor log_has_update will be set false
07-21 19:10:48.078 D/        (  319): charger_monitor log_has_update will be set false
07-21 19:10:52.678 D/PowerSaveService( 7938): PowerSaveReceiver EXTRA_STATUS: status = 5, lastCharging = true
07-21 19:10:52.678 D/UIABatteryMonitor(14280): notify battery changed. current level 100
07-21 19:10:53.078 D/        (  319): charger_monitor log_has_update will be set false
07-21 19:10:58.078 D/        (  319): charger_monitor log_has_update will be set false
07-21 19:10:59.998 V/AlarmManager( 7714): Triggering alarm #0: Alarm{333c19e1 type 3 when 115405266 android android.intent.action.TIME_TICK}
07-21 19:11:02.548 E/SQLiteLog(19334): (1) no such table: msg_sync_log
07-21 19:11:03.078 D/        (  319): charger_monitor log_has_update will be set false
07-21 19:11:08.078 D/        (  319): charger_monitor log_has_update will be set false
07-21 19:11:12.828 W/Watchdog_N( 7714): !@WatchDog_3011;
07-21 19:11:13.078 D/        (  319): charger_monitor log_has_update will be set false
07-21 19:11:14.818 D/WorkerThreadMonitor( 8827): Kill MSF check result[ senderSize:0,sendInterval:197763,receiveInterval=17729,addCmdCount=561
07-21 19:11:18.078 D/        (  319): charger_monitor log_has_update will be set false
07-21 19:11:23.078 D/        (  319): charger_monitor log_has_update will be set false
07-21 19:11:27.208 V/AlarmManager( 7714): Triggering alarm #0: Alarm{57fc306 type 0 when 1532171487215 com.tencent.mobileqq com.tencent.mobileqq:MSF_900546663}
07-21 19:11:27.208 V/AlarmManager( 7714): Triggering alarm #1: Alarm{21760dc7 type 3 when 115394140 android android.content.jobscheduler.JOB_DELAY_EXPIRED}
07-21 19:11:28.078 D/        (  319): charger_monitor log_has_update will be set false
07-21 19:11:32.248 W/ProcessCpuTracker( 7714): Skipping unknown process pid 21324
07-21 19:11:32.588 E/SQLiteLog(19334): (1) no such table: msg_sync_log
07-21 19:11:33.078 D/        (  319): charger_monitor log_has_update will be set false
07-21 19:11:37.678 D/PowerSaveService( 7938): PowerSaveReceiver EXTRA_STATUS: status = 5, lastCharging = true
07-21 19:11:37.678 D/UIABatteryMonitor(14280): notify battery changed. current level 100
07-21 19:11:38.078 D/        (  319): charger_monitor log_has_update will be set false
07-21 19:11:39.198 D/AndroidRuntime(21328): >>>>>> START com.android.internal.os.RuntimeInit uid 0 <<<<<<
07-21 19:11:39.208 D/AndroidRuntime(21328): CheckJNI is OFF
07-21 19:11:39.498 E/jniPro  (21328): protecteyesinit, dlopen dlhandle is null
07-21 19:11:39.528 D/AndroidRuntime(21328): Calling main entry com.android.commands.am.Am
07-21 19:11:39.528 D/AndroidRuntime(21328): Shutting down VM
07-21 19:11:39.528 I/ActivityManager( 7714): START u0 {flg=0x10000000 cmp=com.kingroot.kinguser/.activitys.SuNotifyActivity} from uid 0 and from pid 21328 on display 0
07-21 19:11:42.678 D/PowerSaveService( 7938): PowerSaveReceiver EXTRA_STATUS: status = 5, lastCharging = true
07-21 19:11:42.678 D/UIABatteryMonitor(14280): notify battery changed. current level 100
07-21 19:11:42.828 W/Watchdog_N( 7714): !@WatchDog_3012;
07-21 19:11:43.078 D/        (  319): charger_monitor log_has_update will be set false
07-21 19:11:47.678 D/PowerSaveService( 7938): PowerSaveReceiver EXTRA_STATUS: status = 5, lastCharging = true
07-21 19:11:47.688 D/UIABatteryMonitor(14280): notify battery changed. current level 100
07-21 19:11:48.088 D/        (  319): charger_monitor log_has_update will be set false
07-21 19:11:53.088 D/        (  319): charger_monitor log_has_update will be set false
07-21 19:11:57.678 D/PowerSaveService( 7938): PowerSaveReceiver EXTRA_STATUS: status = 5, lastCharging = true
07-21 19:11:57.678 D/UIABatteryMonitor(14280): notify battery changed. current level 100
07-21 19:11:58.088 D/        (  319): charger_monitor log_has_update will be set false
07-21 19:11:59.998 V/AlarmManager( 7714): Triggering alarm #0: Alarm{2660aff4 type 3 when 115465266 android android.intent.action.TIME_TICK}
07-21 19:12:02.698 E/SQLiteLog(19334): (1) no such table: msg_sync_log
07-21 19:12:03.088 D/        (  319): charger_monitor log_has_update will be set false
07-21 19:12:08.088 D/        (  319): charger_monitor log_has_update will be set false
07-21 19:12:12.688 D/PowerSaveService( 7938): PowerSaveReceiver EXTRA_STATUS: status = 5, lastCharging = true
07-21 19:12:12.688 D/UIABatteryMonitor(14280): notify battery changed. current level 100
07-21 19:12:12.828 W/Watchdog_N( 7714): !@WatchDog_3013;
07-21 19:12:13.088 D/        (  319): charger_monitor log_has_update will be set false
07-21 19:12:14.818 D/WorkerThreadMonitor( 8827): Kill MSF check result[ senderSize:0,sendInterval:257766,receiveInterval=17732,addCmdCount=561
07-21 19:12:18.088 D/        (  319): charger_monitor log_has_update will be set false
07-21 19:12:22.688 D/PowerSaveService( 7938): PowerSaveReceiver EXTRA_STATUS: status = 5, lastCharging = true
07-21 19:12:22.688 D/UIABatteryMonitor(14280): notify battery changed. current level 100
07-21 19:12:23.098 D/        (  319): charger_monitor log_has_update will be set false
07-21 19:12:27.098 V/AlarmManager( 7714): Triggering alarm #0: Alarm{177f731d type 0 when 1532171547104 com.tencent.mobileqq com.tencent.mobileqq:MSF_900546663}
07-21 19:12:27.118 D/MSF.C.NetConnTag( 8827): pa ok: 60268
07-21 19:12:27.118 D/MSF.C.NetConnTag( 8827): netSend ssoSeq:60268 uin:*7177 cmd:GTcxIAkuJnQZKj0kNj0CPz4 60352 3127acf
07-21 19:12:27.148 D/MSF.C.NetConnTag( 8827): netRecv ssoSeq:60268 uin:*7177 cmd:GTcxIAkuJnQZKj0kNj0CPz4 60380 cross:0
07-21 19:12:28.088 D/        (  319): charger_monitor log_has_update will be set false
07-21 19:12:32.678 D/UIABatteryMonitor(14280): notify battery changed. current level 100
07-21 19:12:32.678 D/PowerSaveService( 7938): PowerSaveReceiver EXTRA_STATUS: status = 5, lastCharging = true
07-21 19:12:32.708 E/SQLiteLog(19334): (1) no such table: msg_sync_log
07-21 19:12:33.098 D/        (  319): charger_monitor log_has_update will be set false
07-21 19:12:37.678 D/PowerSaveService( 7938): PowerSaveReceiver EXTRA_STATUS: status = 5, lastCharging = true
07-21 19:12:37.688 D/UIABatteryMonitor(14280): notify battery changed. current level 100
07-21 19:12:38.098 D/        (  319): charger_monitor log_has_update will be set false
07-21 19:12:42.828 W/Watchdog_N( 7714): !@WatchDog_3014;
07-21 19:12:43.098 D/        (  319): charger_monitor log_has_update will be set false
07-21 19:12:48.098 D/        (  319): charger_monitor log_has_update will be set false
07-21 19:12:53.098 D/        (  319): charger_monitor log_has_update will be set false
07-21 19:12:57.678 D/PowerSaveService( 7938): PowerSaveReceiver EXTRA_STATUS: status = 5, lastCharging = true
07-21 19:12:57.678 D/UIABatteryMonitor(14280): notify battery changed. current level 100
07-21 19:12:58.098 D/        (  319): charger_monitor log_has_update will be set false
07-21 19:12:59.998 V/AlarmManager( 7714): Triggering alarm #0: Alarm{3bc50992 type 3 when 115525266 android android.intent.action.TIME_TICK}
07-21 19:13:02.818 E/SQLiteLog(19334): (1) no such table: msg_sync_log
07-21 19:13:03.098 D/        (  319): charger_monitor log_has_update will be set false
07-21 19:13:04.688 I/SDKReportManager2(19334): >>mPostHandler handleMessage enter
07-21 19:13:04.688 I/SDKReportManager2(19334): >>mPostHandler msg = MSG_BATCH_REPORT
07-21 19:13:04.688 I/SDKReportManager2(19334): >>mPostHandler handleMessage exit
07-21 19:13:07.678 D/UIABatteryMonitor(14280): notify battery changed. current level 100
07-21 19:13:07.678 D/PowerSaveService( 7938): PowerSaveReceiver EXTRA_STATUS: status = 5, lastCharging = true
07-21 19:13:08.098 D/        (  319): charger_monitor log_has_update will be set false
07-21 19:13:12.828 W/Watchdog_N( 7714): !@WatchDog_3015;
07-21 19:13:13.098 D/        (  319): charger_monitor log_has_update will be set false
07-21 19:13:14.818 D/WorkerThreadMonitor( 8827): Kill MSF check result[ senderSize:0,sendInterval:47701,receiveInterval=17674,addCmdCount=562
07-21 19:13:17.678 D/PowerSaveService( 7938): PowerSaveReceiver EXTRA_STATUS: status = 5, lastCharging = true
07-21 19:13:17.678 D/UIABatteryMonitor(14280): notify battery changed. current level 100
07-21 19:13:18.098 D/        (  319): charger_monitor log_has_update will be set false
07-21 19:13:23.098 D/        (  319): charger_monitor log_has_update will be set false
07-21 19:13:28.108 D/        (  319): charger_monitor log_has_update will be set false
07-21 19:13:32.838 E/SQLiteLog(19334): (1) no such table: msg_sync_log
07-21 19:13:33.108 D/        (  319): charger_monitor log_has_update will be set false
07-21 19:13:38.098 D/        (  319): charger_monitor log_has_update will be set false
07-21 19:13:42.838 W/Watchdog_N( 7714): !@WatchDog_3016;
07-21 19:13:43.108 D/        (  319): charger_monitor log_has_update will be set false
07-21 19:13:48.108 D/        (  319): charger_monitor log_has_update will be set false
07-21 19:13:53.108 D/        (  319): charger_monitor log_has_update will be set false
07-21 19:13:58.108 D/        (  319): charger_monitor log_has_update will be set false
07-21 19:13:59.988 V/AlarmManager( 7714): Triggering alarm #0: Alarm{34bbbf63 type 3 when 115585266 android android.intent.action.TIME_TICK}
07-21 19:14:02.938 E/SQLiteLog(19334): (1) no such table: msg_sync_log
07-21 19:14:03.108 D/        (  319): charger_monitor log_has_update will be set false
07-21 19:14:08.108 D/        (  319): charger_monitor log_has_update will be set false
07-21 19:14:12.838 W/Watchdog_N( 7714): !@WatchDog_3017;
07-21 19:14:13.108 D/        (  319): charger_monitor log_has_update will be set false
07-21 19:14:14.828 D/WorkerThreadMonitor( 8827): Kill MSF check result[ senderSize:0,sendInterval:107704,receiveInterval=17677,addCmdCount=562
07-21 19:14:18.108 D/        (  319): charger_monitor log_has_update will be set false
07-21 19:14:23.108 D/        (  319): charger_monitor log_has_update will be set false
07-21 19:14:28.108 D/        (  319): charger_monitor log_has_update will be set false
07-21 19:14:32.998 E/SQLiteLog(19334): (1) no such table: msg_sync_log
07-21 19:14:33.108 D/        (  319): charger_monitor log_has_update will be set false
07-21 19:14:37.678 D/PowerSaveService( 7938): PowerSaveReceiver EXTRA_STATUS: status = 5, lastCharging = true
07-21 19:14:37.678 D/UIABatteryMonitor(14280): notify battery changed. current level 100
07-21 19:14:38.108 D/        (  319): charger_monitor log_has_update will be set false
07-21 19:14:42.688 D/PowerSaveService( 7938): PowerSaveReceiver EXTRA_STATUS: status = 5, lastCharging = true
07-21 19:14:42.688 D/UIABatteryMonitor(14280): notify battery changed. current level 100
07-21 19:14:42.838 W/Watchdog_N( 7714): !@WatchDog_3018;
07-21 19:14:43.118 D/        (  319): charger_monitor log_has_update will be set false
07-21 19:14:48.118 D/        (  319): charger_monitor log_has_update will be set false
07-21 19:14:53.118 D/        (  319): charger_monitor log_has_update will be set false
07-21 19:14:56.798 E/art     (17119): Invalid capacity given to EnsureLocalCapacity: 592
07-21 19:14:57.678 D/PowerSaveService( 7938): PowerSaveReceiver EXTRA_STATUS: status = 5, lastCharging = true
07-21 19:14:57.678 D/UIABatteryMonitor(14280): notify battery changed. current level 100
07-21 19:14:58.118 D/        (  319): charger_monitor log_has_update will be set false
07-21 19:14:59.998 V/AlarmManager( 7714): Triggering alarm #0: Alarm{11d2d760 type 3 when 115645266 android android.intent.action.TIME_TICK}
07-21 19:15:03.038 E/SQLiteLog(19334): (1) no such table: msg_sync_log
07-21 19:15:03.118 D/        (  319): charger_monitor log_has_update will be set false
07-21 19:15:07.678 D/PowerSaveService( 7938): PowerSaveReceiver EXTRA_STATUS: status = 5, lastCharging = true
07-21 19:15:07.678 D/UIABatteryMonitor(14280): notify battery changed. current level 100
07-21 19:15:08.118 D/        (  319): charger_monitor log_has_update will be set false
07-21 19:15:12.678 D/PowerSaveService( 7938): PowerSaveReceiver EXTRA_STATUS: status = 5, lastCharging = true
07-21 19:15:12.678 D/UIABatteryMonitor(14280): notify battery changed. current level 100
07-21 19:15:12.828 W/Watchdog_N( 7714): !@WatchDog_3019;
07-21 19:15:13.118 D/        (  319): charger_monitor log_has_update will be set false
07-21 19:15:14.828 D/WorkerThreadMonitor( 8827): Kill MSF check result[ senderSize:0,sendInterval:167706,receiveInterval=17679,addCmdCount=562
07-21 19:15:17.678 D/PowerSaveService( 7938): PowerSaveReceiver EXTRA_STATUS: status = 5, lastCharging = true
07-21 19:15:17.678 D/UIABatteryMonitor(14280): notify battery changed. current level 100
07-21 19:15:18.118 D/        (  319): charger_monitor log_has_update will be set false
07-21 19:15:22.678 D/PowerSaveService( 7938): PowerSaveReceiver EXTRA_STATUS: status = 5, lastCharging = true
07-21 19:15:22.678 D/UIABatteryMonitor(14280): notify battery changed. current level 100
07-21 19:15:23.118 D/        (  319): charger_monitor log_has_update will be set false
07-21 19:15:28.118 D/        (  319): charger_monitor log_has_update will be set false
07-21 19:15:32.678 D/PowerSaveService( 7938): PowerSaveReceiver EXTRA_STATUS: status = 5, lastCharging = true
07-21 19:15:32.678 D/UIABatteryMonitor(14280): notify battery changed. current level 100
07-21 19:15:33.078 E/SQLiteLog(19334): (1) no such table: msg_sync_log
07-21 19:15:33.118 D/        (  319): charger_monitor log_has_update will be set false
07-21 19:15:37.678 D/PowerSaveService( 7938): PowerSaveReceiver EXTRA_STATUS: status = 5, lastCharging = true
07-21 19:15:37.678 D/UIABatteryMonitor(14280): notify battery changed. current level 100
07-21 19:15:38.128 D/        (  319): charger_monitor log_has_update will be set false
07-21 19:15:42.678 D/PowerSaveService( 7938): PowerSaveReceiver EXTRA_STATUS: status = 5, lastCharging = true
07-21 19:15:42.678 D/UIABatteryMonitor(14280): notify battery changed. current level 100
07-21 19:15:42.838 W/Watchdog_N( 7714): !@WatchDog_3020;
07-21 19:15:43.128 D/        (  319): charger_monitor log_has_update will be set false
07-21 19:15:47.678 D/PowerSaveService( 7938): PowerSaveReceiver EXTRA_STATUS: status = 5, lastCharging = true
07-21 19:15:47.678 D/UIABatteryMonitor(14280): notify battery changed. current level 100
07-21 19:15:48.128 D/        (  319): charger_monitor log_has_update will be set false
07-21 19:15:52.678 D/UIABatteryMonitor(14280): notify battery changed. current level 100
07-21 19:15:52.678 D/PowerSaveService( 7938): PowerSaveReceiver EXTRA_STATUS: status = 5, lastCharging = true
07-21 19:15:53.128 D/        (  319): charger_monitor log_has_update will be set false
07-21 19:15:58.128 D/        (  319): charger_monitor log_has_update will be set false
07-21 19:15:59.988 V/AlarmManager( 7714): Triggering alarm #0: Alarm{8a52419 type 3 when 115705265 android android.intent.action.TIME_TICK}
07-21 19:16:03.128 D/        (  319): charger_monitor log_has_update will be set false
07-21 19:16:03.168 E/SQLiteLog(19334): (1) no such table: msg_sync_log
07-21 19:16:07.678 D/PowerSaveService( 7938): PowerSaveReceiver EXTRA_STATUS: status = 5, lastCharging = true
07-21 19:16:07.678 D/UIABatteryMonitor(14280): notify battery changed. current level 100
07-21 19:16:08.128 D/        (  319): charger_monitor log_has_update will be set false
07-21 19:16:12.838 W/Watchdog_N( 7714): !@WatchDog_3021;
07-21 19:16:13.128 D/        (  319): charger_monitor log_has_update will be set false
07-21 19:16:14.828 D/WorkerThreadMonitor( 8827): Kill MSF check result[ senderSize:0,sendInterval:227708,receiveInterval=17681,addCmdCount=562
07-21 19:16:18.128 D/        (  319): charger_monitor log_has_update will be set false
07-21 19:16:23.128 D/        (  319): charger_monitor log_has_update will be set false
07-21 19:16:28.128 D/        (  319): charger_monitor log_has_update will be set false
07-21 19:16:32.228 D/AndroidRuntime(21443): >>>>>> START com.android.internal.os.RuntimeInit uid 10264 <<<<<<
07-21 19:16:32.228 D/AndroidRuntime(21443): CheckJNI is OFF
07-21 19:16:32.498 E/jniPro  (21443): protecteyesinit, dlopen dlhandle is null
07-21 19:16:32.518 D/AndroidRuntime(21443): Calling main entry com.android.commands.am.Am
07-21 19:16:32.528 D/AndroidRuntime(21443): Shutting down VM
07-21 19:16:32.738 F/libc    (21443): Fatal signal 11 (SIGSEGV), code 1, fault addr 0x20031952fc in tid 21459 (Binder_2)
07-21 19:16:32.738 W/        (  310): handle_request(10) debug_value = false;
07-21 19:16:32.788 E/DEBUG   (  310): unexpected waitpid response: n=21459, status=00000000
07-21 19:16:32.788 E/DEBUG   (  310): tid exited before attach completed: tid 21459
07-21 19:16:32.788 W/        (  310): wait_for_sigstope = -1
07-21 19:16:32.788 W/        (  310): send SIGCONT to process, request.pid:21443
07-21 19:16:33.138 D/        (  319): charger_monitor log_has_update will be set false
07-21 19:16:33.198 E/SQLiteLog(19334): (1) no such table: msg_sync_log
07-21 19:16:37.688 D/PowerSaveService( 7938): PowerSaveReceiver EXTRA_STATUS: status = 5, lastCharging = true
07-21 19:16:37.688 D/UIABatteryMonitor(14280): notify battery changed. current level 100
07-21 19:16:38.138 D/        (  319): charger_monitor log_has_update will be set false
07-21 19:16:42.678 D/PowerSaveService( 7938): PowerSaveReceiver EXTRA_STATUS: status = 5, lastCharging = true
07-21 19:16:42.678 D/UIABatteryMonitor(14280): notify battery changed. current level 100
07-21 19:16:42.838 W/Watchdog_N( 7714): !@WatchDog_3022;
07-21 19:16:43.138 D/        (  319): charger_monitor log_has_update will be set false
07-21 19:16:47.678 D/PowerSaveService( 7938): PowerSaveReceiver EXTRA_STATUS: status = 5, lastCharging = true
07-21 19:16:47.678 D/UIABatteryMonitor(14280): notify battery changed. current level 100
07-21 19:16:48.138 D/        (  319): charger_monitor log_has_update will be set false
07-21 19:16:53.138 D/        (  319): charger_monitor log_has_update will be set false
07-21 19:16:57.138 V/AlarmManager( 7714): Triggering alarm #0: Alarm{3a62cde type 0 when 1532171817152 com.tencent.mobileqq com.tencent.mobileqq:MSF_900546663}
07-21 19:16:57.138 V/AlarmManager( 7714): Triggering alarm #1: Alarm{120eebf type 1 when 1532171695537 com.excelliance.dualaid com.excelliance.dualaid.action.RESET_TIME_ALARM}
07-21 19:16:57.138 V/AlarmManager( 7714): Triggering alarm #2: Alarm{2a7e098c type 1 when 1532171700944 com.excelliance.dualaid com.action.broadreceiver.schedulermanager}
07-21 19:16:57.238 D/SmtServService(17024): reset alarm
07-21 19:16:57.238 D/AirPushService(17024): resetPushAlarm
07-21 19:16:57.238 D/SmtServService(17024): gameCenterFirstStart = true
07-21 19:16:57.238 D/AirPushPreferences(17024): getAirPushTime
07-21 19:16:57.238 D/SmtServService(17024): hourDiff = 1.0338006
07-21 19:16:57.248 D/StatisticsManager(17024): Query time diff:1532171817258
07-21 19:16:57.248 D/StatisticsManager(17024): Query time diff:1532171817260
07-21 19:16:57.248 D/StatisticsManager(17024): Query time diff:1532171817261
07-21 19:16:57.248 D/StatisticsManager(17024): Query time diff:1532171817262
07-21 19:16:57.248 D/StatisticsManager(17024): Query time diff:1532171817263
07-21 19:16:57.258 D/StatisticsManager(17024): Query time diff:1532171817265
07-21 19:16:57.258 D/MSF.C.ConfigManager( 8827): send checkConfig uin=*7177 appid=537058032
07-21 19:16:57.258 D/MSF.C.NetConnTag( 8827): pa ok: 60269
07-21 19:16:57.258 D/MSF.C.NetConnTag( 8827): netSend ssoSeq:60269 uin:*7177 cmd:GTcxIAkuJnQZKj0kNj0CPz4 60353 3127acf
07-21 19:16:57.268 D/MSF.C.NetConnTag( 8827): pa ok: 60270
07-21 19:16:57.268 D/MSF.C.NetConnTag( 8827): netSend ssoSeq:60270 uin:*7177 cmd:CSw+MjM/Fj84NTk3P3YGNiMmPiAIPTQ 60482 3127acf
07-21 19:16:57.278 D/MSF.C.NetConnTag( 8827): netRecv ssoSeq:60269 uin:*7177 cmd:GTcxIAkuJnQZKj0kNj0CPz4 60381 cross:0
07-21 19:16:57.288 D/MSF.C.NetConnTag( 8827): netRecv ssoSeq:60270 uin:*7177 cmd:CSw+MjM/Fj84NTk3P3YGNiMmPiAIPTQ 60654 cross:0
07-21 19:16:57.288 I/MSF.C.ConfigManager( 8827): handleConfig before quic_enable=1
07-21 19:16:57.288 D/MSF.C.ConfigManager( 8827): parse quic_enable config error
07-21 19:16:57.298 D/MsfSdkUtils( 8827): writeServerConfig processName:com.tencent.mobileqq,configType:1,uin:1037287177
07-21 19:16:57.308 D/MSF.C.ConfigManager( 8827): StandbyMode whitelist not be found.
07-21 19:16:57.308 I/MSF.C.ConfigManager( 8827): handleConfig after quic_enable=1
07-21 19:16:57.398 D/MSF.C.SsoListManager( 8827): save http get wifisso for socket://101.227.160.23:443#00000:0:0:8:true:sh:tel;socket://123.151.10.164:443#00000:0:0:8:true:tj:tel;socket://14.215.138.28:8080#00000:0:0:8:true:sz:tel;socket://123.151.10.189:443#00000:0:0:8:true:tj:tel;socket://123.151.137.101:80#00000:0:0:8:true:tj:tel;socket://61.151.225.24:14000#00000:0:0:8:true:sh:tel;socket://101.227.169.214:443#00000:0:0:8:true:sh:tel;socket://msfwifi.3g.qq.com:8080#00000:0:0:8:false:others:others;socket://123.151.10.158:14000#00000:0:0:8:true:tj:tel;
07-21 19:16:57.398 D/MSF.C.SsoListManager( 8827): save http get wifiHttpsso for http://61.129.6.11:80#00000:0:0:8:false:sh:tel;http://123.151.139.59:80#00000:0:0:8:false:tj:tel;http://183.36.108.151:80#00000:0:0:8:false:sz:tel;http://123.151.139.59:80#00000:0:0:8:false:tj:tel;
07-21 19:16:58.138 D/        (  319): charger_monitor log_has_update will be set false
07-21 19:16:59.998 V/AlarmManager( 7714): Triggering alarm #0: Alarm{2cdae8d5 type 3 when 115765266 android android.intent.action.TIME_TICK}
07-21 19:17:02.688 D/PowerSaveService( 7938): PowerSaveReceiver EXTRA_STATUS: status = 5, lastCharging = true
07-21 19:17:02.688 D/UIABatteryMonitor(14280): notify battery changed. current level 100
07-21 19:17:03.138 D/        (  319): charger_monitor log_has_update will be set false
07-21 19:17:03.308 E/SQLiteLog(19334): (1) no such table: msg_sync_log
07-21 19:17:07.688 D/PowerSaveService( 7938): PowerSaveReceiver EXTRA_STATUS: status = 5, lastCharging = true
07-21 19:17:07.688 D/UIABatteryMonitor(14280): notify battery changed. current level 100
07-21 19:17:08.138 D/        (  319): charger_monitor log_has_update will be set false
07-21 19:17:12.678 D/UIABatteryMonitor(14280): notify battery changed. current level 100
07-21 19:17:12.678 D/PowerSaveService( 7938): PowerSaveReceiver EXTRA_STATUS: status = 5, lastCharging = true
07-21 19:17:12.838 W/Watchdog_N( 7714): !@WatchDog_3023;
07-21 19:17:13.138 D/        (  319): charger_monitor log_has_update will be set false
07-21 19:17:14.828 D/WorkerThreadMonitor( 8827): Kill MSF check result[ senderSize:0,sendInterval:17559,receiveInterval=17516,addCmdCount=564
07-21 19:17:17.678 D/PowerSaveService( 7938): PowerSaveReceiver EXTRA_STATUS: status = 5, lastCharging = true
07-21 19:17:17.678 D/UIABatteryMonitor(14280): notify battery changed. current level 100
07-21 19:17:18.138 D/        (  319): charger_monitor log_has_update will be set false
07-21 19:17:23.138 D/        (  319): charger_monitor log_has_update will be set false
07-21 19:17:28.138 D/        (  319): charger_monitor log_has_update will be set false
07-21 19:17:33.148 D/        (  319): charger_monitor log_has_update will be set false
07-21 19:17:33.408 E/SQLiteLog(19334): (1) no such table: msg_sync_log
07-21 19:17:38.148 D/        (  319): charger_monitor log_has_update will be set false
07-21 19:17:42.838 W/Watchdog_N( 7714): !@WatchDog_3024;
07-21 19:17:43.148 D/        (  319): charger_monitor log_has_update will be set false
07-21 19:17:47.678 D/PowerSaveService( 7938): PowerSaveReceiver EXTRA_STATUS: status = 5, lastCharging = true
07-21 19:17:47.678 D/UIABatteryMonitor(14280): notify battery changed. current level 100
07-21 19:17:48.148 D/        (  319): charger_monitor log_has_update will be set false
07-21 19:17:53.148 D/        (  319): charger_monitor log_has_update will be set false
07-21 19:17:55.518 D/z       (17024): 40:[0]
07-21 19:17:55.518 D/SmtServService(17024): to start com.tencent.mm
07-21 19:17:55.518 D/SmtServService(17024): run: true
07-21 19:17:55.518 D/SmtCntService(17164): onStartCommand, mCntSvcHelper = com.excelliance.kxqp.SmtCntService$a@d9e9885
07-21 19:17:55.518 D/SmtCntService(17164): onStartCommand startId = 7
07-21 19:17:55.518 D/z       (17024): 27:[0, Intent { act=android.net.conn.CONNECTIVITY_CHANGE }, [com.tencent.mm]]
07-21 19:17:57.108 D/MSF.C.NetConnTag( 8827): pa ok: 60271
07-21 19:17:57.108 D/MSF.C.NetConnTag( 8827): netSend ssoSeq:60271 uin:*7177 cmd:LDE5MTQ8KTM5N34TPywWMyczPDEVNikzJCYWJjM9Kz4DLTY7CD00 60499 3127acf
07-21 19:17:57.138 D/MSF.C.NetConnTag( 8827): netRecv ssoSeq:60271 uin:*7177 cmd:LDE5MTQ8KTM5N34TPywWMyczPDEVNikzJCYWJjM9Kz4DLTY7CD00 60799 cross:0
07-21 19:17:57.148 I/MSF.S.AppProcessManager( 8827): SendToApp process:com.tencent.mobileqq fromServiceMsg: FromServiceMsg msName:unknown ssoSeq:60271 serviceCmd:friendlist.GetSimpleOnlineFriendInfoReq appSeq:87 failCode:1000 cost=8 needBoot=false
07-21 19:17:58.148 D/        (  319): charger_monitor log_has_update will be set false
07-21 19:17:59.998 V/AlarmManager( 7714): Triggering alarm #0: Alarm{35e438ea type 3 when 115825266 android android.intent.action.TIME_TICK}
07-21 19:18:02.678 D/PowerSaveService( 7938): PowerSaveReceiver EXTRA_STATUS: status = 5, lastCharging = true
07-21 19:18:02.678 D/UIABatteryMonitor(14280): notify battery changed. current level 100
07-21 19:18:03.148 D/        (  319): charger_monitor log_has_update will be set false
07-21 19:18:03.508 E/SQLiteLog(19334): (1) no such table: msg_sync_log
07-21 19:18:07.678 D/UIABatteryMonitor(14280): notify battery changed. current level 100
07-21 19:18:07.678 D/PowerSaveService( 7938): PowerSaveReceiver EXTRA_STATUS: status = 5, lastCharging = true
07-21 19:18:08.148 D/        (  319): charger_monitor log_has_update will be set false
07-21 19:18:12.688 D/PowerSaveService( 7938): PowerSaveReceiver EXTRA_STATUS: status = 5, lastCharging = true
07-21 19:18:12.688 D/UIABatteryMonitor(14280): notify battery changed. current level 100
07-21 19:18:12.838 W/Watchdog_N( 7714): !@WatchDog_3025;
07-21 19:18:13.148 D/        (  319): charger_monitor log_has_update will be set false
07-21 19:18:14.838 D/WorkerThreadMonitor( 8827): Kill MSF check result[ senderSize:0,sendInterval:17723,receiveInterval=17687,addCmdCount=565
07-21 19:18:17.688 D/PowerSaveService( 7938): PowerSaveReceiver EXTRA_STATUS: status = 5, lastCharging = true
07-21 19:18:17.688 D/UIABatteryMonitor(14280): notify battery changed. current level 100
07-21 19:18:18.148 D/        (  319): charger_monitor log_has_update will be set false
07-21 19:18:23.148 D/        (  319): charger_monitor log_has_update will be set false
07-21 19:18:28.148 D/        (  319): charger_monitor log_has_update will be set false
07-21 19:18:28.728 D/ReadInJoyUtils(19334): failed to construct recent base java.lang.NullPointerException: Attempt to invoke virtual method 'android.support.v4.app.FragmentManager android.support.v4.app.FragmentActivity.getSupportFragmentManager()' on a null object reference
07-21 19:18:28.728 D/MSF.C.NetConnTag( 8827): pa ok: 60272
07-21 19:18:28.728 D/MSF.C.NetConnTag( 8827): netSend ssoSeq:60272 uin:*7177 cmd:BSo0NgkuJnR6O2hkOw 60692 3127acf
07-21 19:18:28.818 D/MSF.C.NetConnTag( 8827): netRecv ssoSeq:60272 uin:*7177 cmd:BSo0NgkuJnR6O2hkOw 60408 cross:0
07-21 19:18:28.818 I/MSF.S.AppProcessManager( 8827): SendToApp process:com.tencent.mobileqq fromServiceMsg: FromServiceMsg msName:unknown ssoSeq:60272 serviceCmd:OidbSvc.0x80a appSeq:88 failCode:1000 cost=4 needBoot=false
07-21 19:18:33.158 D/        (  319): charger_monitor log_has_update will be set false
07-21 19:18:33.528 E/SQLiteLog(19334): (1) no such table: msg_sync_log
07-21 19:18:38.158 D/        (  319): charger_monitor log_has_update will be set false
07-21 19:18:42.678 D/PowerSaveService( 7938): PowerSaveReceiver EXTRA_STATUS: status = 5, lastCharging = true
07-21 19:18:42.678 D/UIABatteryMonitor(14280): notify battery changed. current level 100
07-21 19:18:42.838 W/Watchdog_N( 7714): !@WatchDog_3026;
07-21 19:18:43.158 D/        (  319): charger_monitor log_has_update will be set false
07-21 19:18:47.678 D/UIABatteryMonitor(14280): notify battery changed. current level 100
07-21 19:18:47.678 D/PowerSaveService( 7938): PowerSaveReceiver EXTRA_STATUS: status = 5, lastCharging = true
07-21 19:18:48.158 D/        (  319): charger_monitor log_has_update will be set false
07-21 19:18:53.148 D/        (  319): charger_monitor log_has_update will be set false
07-21 19:18:58.158 D/        (  319): charger_monitor log_has_update will be set false
07-21 19:18:59.998 V/AlarmManager( 7714): Triggering alarm #0: Alarm{2a7fb7db type 3 when 115885266 android android.intent.action.TIME_TICK}
07-21 19:19:02.678 D/PowerSaveService( 7938): PowerSaveReceiver EXTRA_STATUS: status = 5, lastCharging = true
07-21 19:19:02.678 D/UIABatteryMonitor(14280): notify battery changed. current level 100
07-21 19:19:03.158 D/        (  319): charger_monitor log_has_update will be set false
07-21 19:19:03.628 E/SQLiteLog(19334): (1) no such table: msg_sync_log
07-21 19:19:07.678 D/PowerSaveService( 7938): PowerSaveReceiver EXTRA_STATUS: status = 5, lastCharging = true
07-21 19:19:07.688 D/UIABatteryMonitor(14280): notify battery changed. current level 100
07-21 19:19:08.158 D/        (  319): charger_monitor log_has_update will be set false
07-21 19:19:12.678 D/UIABatteryMonitor(14280): notify battery changed. current level 100
07-21 19:19:12.678 D/PowerSaveService( 7938): PowerSaveReceiver EXTRA_STATUS: status = 5, lastCharging = true
07-21 19:19:12.838 W/Watchdog_N( 7714): !@WatchDog_3027;
07-21 19:19:13.158 D/        (  319): charger_monitor log_has_update will be set false
07-21 19:19:14.828 D/WorkerThreadMonitor( 8827): Kill MSF check result[ senderSize:0,sendInterval:46104,receiveInterval=16019,addCmdCount=566
07-21 19:19:17.678 D/PowerSaveService( 7938): PowerSaveReceiver EXTRA_STATUS: status = 5, lastCharging = true
07-21 19:19:17.678 D/UIABatteryMonitor(14280): notify battery changed. current level 100
07-21 19:19:18.158 D/        (  319): charger_monitor log_has_update will be set false
07-21 19:19:23.158 D/        (  319): charger_monitor log_has_update will be set false
07-21 19:19:28.158 D/        (  319): charger_monitor log_has_update will be set false
07-21 19:19:33.158 D/        (  319): charger_monitor log_has_update will be set false
07-21 19:19:33.688 E/SQLiteLog(19334): (1) no such table: msg_sync_log
07-21 19:19:38.168 D/        (  319): charger_monitor log_has_update will be set false
07-21 19:19:42.848 W/Watchdog_N( 7714): !@WatchDog_3028;
07-21 19:19:43.168 D/        (  319): charger_monitor log_has_update will be set false
07-21 19:19:48.168 D/        (  319): charger_monitor log_has_update will be set false
07-21 19:19:53.168 D/        (  319): charger_monitor log_has_update will be set false
07-21 19:19:58.168 D/        (  319): charger_monitor log_has_update will be set false
07-21 19:19:59.998 V/AlarmManager( 7714): Triggering alarm #0: Alarm{10c83278 type 3 when 115945266 android android.intent.action.TIME_TICK}
07-21 19:20:03.168 D/        (  319): charger_monitor log_has_update will be set false
07-21 19:20:03.728 E/SQLiteLog(19334): (1) no such table: msg_sync_log
07-21 19:20:08.168 D/        (  319): charger_monitor log_has_update will be set false
07-21 19:20:12.838 W/Watchdog_N( 7714): !@WatchDog_3029;
07-21 19:20:13.168 D/        (  319): charger_monitor log_has_update will be set false
07-21 19:20:14.838 D/WorkerThreadMonitor( 8827): Kill MSF check result[ senderSize:0,sendInterval:106105,receiveInterval=16021,addCmdCount=566
07-21 19:20:18.168 D/        (  319): charger_monitor log_has_update will be set false
07-21 19:20:23.168 D/        (  319): charger_monitor log_has_update will be set false
07-21 19:20:28.168 D/        (  319): charger_monitor log_has_update will be set false
07-21 19:20:33.168 D/        (  319): charger_monitor log_has_update will be set false
07-21 19:20:33.838 E/SQLiteLog(19334): (1) no such table: msg_sync_log
07-21 19:20:37.678 D/PowerSaveService( 7938): PowerSaveReceiver EXTRA_STATUS: status = 5, lastCharging = true
07-21 19:20:37.678 D/UIABatteryMonitor(14280): notify battery changed. current level 100
07-21 19:20:38.168 D/        (  319): charger_monitor log_has_update will be set false
07-21 19:20:42.678 D/PowerSaveService( 7938): PowerSaveReceiver EXTRA_STATUS: status = 5, lastCharging = true
07-21 19:20:42.678 D/UIABatteryMonitor(14280): notify battery changed. current level 100
07-21 19:20:42.848 W/Watchdog_N( 7714): !@WatchDog_3030;
07-21 19:20:43.178 D/        (  319): charger_monitor log_has_update will be set false
07-21 19:20:48.178 D/        (  319): charger_monitor log_has_update will be set false
07-21 19:20:51.608 V/AlarmManager( 7714): Triggering alarm #0: Alarm{256e3d51 type 3 when 115996883 android android.intent.action.ALARM_WAKEUP_CHECK}
07-21 19:20:53.168 D/        (  319): charger_monitor log_has_update will be set false
07-21 19:20:58.178 D/        (  319): charger_monitor log_has_update will be set false
07-21 19:20:59.998 V/AlarmManager( 7714): Triggering alarm #0: Alarm{444f9b6 type 3 when 116005265 android android.intent.action.TIME_TICK}
07-21 19:21:03.178 D/        (  319): charger_monitor log_has_update will be set false
07-21 19:21:03.938 E/SQLiteLog(19334): (1) no such table: msg_sync_log
07-21 19:21:08.178 D/        (  319): charger_monitor log_has_update will be set false
07-21 19:21:12.848 W/Watchdog_N( 7714): !@WatchDog_3031;
07-21 19:21:13.178 D/        (  319): charger_monitor log_has_update will be set false