07-21 18:14:36.858 I/ActivityManager( 7714): Killing 16427:com.excelliance.dualaid/u0a264 (adj 0): stop com.excelliance.dualaid
07-21 18:14:36.858 I/libprocessgroup( 7714): Killing pid 16459 in uid 10264 as part of process group 16427
07-21 18:14:36.858 I/libprocessgroup( 7714): Killing pid 16459 in uid 10264 as part of process group 16427
07-21 18:14:36.858 I/libprocessgroup( 7714): Killing pid 16459 in uid 10264 as part of process group 16427
07-21 18:14:36.858 I/libprocessgroup( 7714): Killing pid 16459 in uid 10264 as part of process group 16427
07-21 18:14:36.858 I/libprocessgroup( 7714): Killing pid 16459 in uid 10264 as part of process group 16427
07-21 18:14:36.858 I/libprocessgroup( 7714): Killing pid 16459 in uid 10264 as part of process group 16427
07-21 18:14:36.858 I/libprocessgroup( 7714): Killing pid 16459 in uid 10264 as part of process group 16427
07-21 18:14:36.868 I/libprocessgroup( 7714): Killing pid 16459 in uid 10264 as part of process group 16427
07-21 18:14:36.878 I/libprocessgroup( 7714): Killing pid 16459 in uid 10264 as part of process group 16427
07-21 18:14:36.908 I/libprocessgroup( 7714): Killing pid 16459 in uid 10264 as part of process group 16427
07-21 18:14:36.958 I/libprocessgroup( 7714): Killing pid 16459 in uid 10264 as part of process group 16427
07-21 18:14:37.058 W/ActivityManager( 7714): Scheduling restart of crashed service com.excelliance.dualaid/com.excelliance.kxqp.SmtServService in 5260ms
07-21 18:14:37.068 I/ActivityManager( 7714):   Force stopping service ServiceRecord{1975c66c u0 com.excelliance.dualaid/com.excelliance.kxqp.SmtServService}
07-21 18:14:37.068 D/ActivityManager( 7714): resumeTopActivityLocked: set keepResume to true.
07-21 18:14:37.078 W/ActivityManager( 7714): Spurious death for ProcessRecord{78d4f22 16395:com.excelliance.dualaid:olle/u0a264}, curProc for 16395: null
07-21 18:14:37.078 W/ActivityManager( 7714): Spurious death for ProcessRecord{1b933db3 16427:com.excelliance.dualaid/u0a264}, curProc for 16427: null
07-21 18:14:37.118 V/WindowManager( 7714): Changing focus from null to Window{1b98542a u0 com.oppo.launcher/com.oppo.launcher.Launcher} Callers=com.android.server.wm.WindowManagerService.relayoutWindow:3527 com.android.server.wm.Session.relayout:197 android.view.IWindowSession$Stub.onTransact:273 com.android.server.wm.Session.onTransact:130 
07-21 18:14:37.138 W/InputMethodManagerService( 7714): Got RemoteException sending setActive(false) notification to pid 16395 uid 10264
07-21 18:14:37.158 I/ActivityManager( 7714): Start proc 16504:com.oppo.weather.locationservice/u0a63 for service com.oppo.weather.locationservice/.GetLocationService
07-21 18:14:37.248 I/ActivityManager( 7714): Start proc 16535:com.oppo.weather.locationservice:remote/u0a63 for service com.oppo.weather.locationservice/com.baidu.location.f
07-21 18:14:37.448 W/BroadcastQueue( 7714): Permission Denial: broadcasting Intent { act=com.oppo.weather.action.auto_get_location flg=0x10 (has extras) } from com.oppo.weather.locationservice (pid=16504, uid=10063) is not exported from uid 10008 due to receiver com.android.mms/com.ted.sdk.mms.LocationReceiver
07-21 18:14:37.458 V/Process (16535): killProcess [16535] Callers=com.baidu.location.f.bU:-1 com.baidu.location.f.do:-1 com.baidu.location.f$a.handleMessage:-1 android.os.Handler.dispatchMessage:102 
07-21 18:14:37.538 I/ActivityManager( 7714): Process com.oppo.weather.locationservice (pid 16504) has died
07-21 18:14:37.548 D/ActivityManager( 7714): cleanUpApplicationRecordLocked:goodbye proc com.oppo.weather.locationservice
07-21 18:14:37.548 I/ActivityManager( 7714): Process com.oppo.weather.locationservice:remote (pid 16535) has died
07-21 18:14:37.548 D/ActivityManager( 7714): cleanUpApplicationRecordLocked:goodbye proc com.oppo.weather.locationservice:remote
07-21 18:14:39.568 W/BroadcastQueue( 7714): Skipping deliver [background] BroadcastRecord{16fcaee8 u-1 android.net.conn.CONNECTIVITY_CHANGE} to ReceiverList{36515901 16575 (unknown name)/2000/u-1 remote:40ee3da}: process crashing
07-21 18:14:39.578 I/ActivityManager( 7714): START u0 {act=android.intent.action.MAIN cat=[android.intent.category.LAUNCHER] flg=0x10200000 cmp=com.excelliance.dualaid/com.excelliance.kxqp.ui.HelloActivity} from uid 2000 and from pid 16575 on display 0
07-21 18:14:39.578 V/WindowManager( 7714): addAppToken: AppWindowToken{161d194 token=Token{1f6631e7 ActivityRecord{18763a6 u0 com.excelliance.dualaid/com.excelliance.kxqp.ui.HelloActivity t390}}} to stack=1 task=390 at 0
07-21 18:14:39.598 D/ImmersiveModeConfirmation( 7714): loadSetting() mCurrentUserId=0 resetForPanic=false
07-21 18:14:39.598 D/ImmersiveModeConfirmation( 7714): Loaded mConfirmed=true
07-21 18:14:39.598 D/PolicyControl( 7714): reloadFromSetting()
07-21 18:14:39.598 D/PolicyControl( 7714): setFilters: null
07-21 18:14:39.598 D/PolicyControl( 7714): immersiveStatusFilter: null
07-21 18:14:39.598 D/PolicyControl( 7714): immersiveNavigationFilter: null
07-21 18:14:39.598 D/PolicyControl( 7714): immersivePreconfirmationsFilter: null
07-21 18:14:39.608 I/ActivityManager( 7714): Start proc 16597:com.excelliance.dualaid:olle/u0a264 for activity com.excelliance.dualaid/com.excelliance.kxqp.ui.HelloActivity
07-21 18:14:39.618 D/ImmersiveModeConfirmation( 7714): loadSetting() mCurrentUserId=0 resetForPanic=false
07-21 18:14:39.618 D/ImmersiveModeConfirmation( 7714): Loaded mConfirmed=true
07-21 18:14:39.618 D/PolicyControl( 7714): reloadFromSetting()
07-21 18:14:39.618 D/PolicyControl( 7714): setFilters: null
07-21 18:14:39.618 D/PolicyControl( 7714): immersiveStatusFilter: null
07-21 18:14:39.618 D/PolicyControl( 7714): immersiveNavigationFilter: null
07-21 18:14:39.618 D/PolicyControl( 7714): immersivePreconfirmationsFilter: null
07-21 18:14:39.698 I/ActivityManager( 7714): START u0 {pkg=com.excelliance.dualaid cmp=com.excelliance.dualaid/com.excelliance.kxqp.swipe.NavActivity2 (has extras)} from uid 10264 and from pid 16597 on display 0
07-21 18:14:39.698 V/WindowManager( 7714): addAppToken: AppWindowToken{90dbf2c token=Token{3c2d76df ActivityRecord{2fad417e u0 com.excelliance.dualaid/com.excelliance.kxqp.swipe.NavActivity2 t390}}} to stack=1 task=390 at 1
07-21 18:14:39.728 I/ActivityManager( 7714): Start proc 16628:com.excelliance.dualaid/u0a264 for service com.excelliance.dualaid/com.excelliance.kxqp.SmtServService
07-21 18:14:39.758 V/WindowManager( 7714): Changing focus from Window{1b98542a u0 com.oppo.launcher/com.oppo.launcher.Launcher EXITING} to null Callers=com.android.server.wm.WindowManagerService.relayoutWindow:3527 com.android.server.wm.Session.relayout:197 android.view.IWindowSession$Stub.onTransact:273 com.android.server.wm.Session.onTransact:130 
07-21 18:14:39.778 W/InputMethodManagerService( 7714): Starting input on non-focused client com.android.internal.view.IInputMethodClient$Stub$Proxy@3fdff4ee (uid=10042 pid=8664)
07-21 18:14:39.798 V/WindowManager( 7714): Based on layer: Adding window Window{3838f6ad u0 com.excelliance.dualaid/com.excelliance.kxqp.swipe.NavActivity2} at 6 of 13
07-21 18:14:39.978 V/WindowManager( 7714): Changing focus from null to Window{3838f6ad u0 com.excelliance.dualaid/com.excelliance.kxqp.swipe.NavActivity2} Callers=com.android.server.wm.WindowManagerService.relayoutWindow:3527 com.android.server.wm.Session.relayout:197 android.view.IWindowSession$Stub.onTransact:273 com.android.server.wm.Session.onTransact:130 
07-21 18:14:40.078 W/InputMethodManagerService( 7714): Starting input on non-focused client com.android.internal.view.IInputMethodClient$Stub$Proxy@3fdff4ee (uid=10042 pid=8664)
07-21 18:14:41.988 I/ActivityManager( 7714): Force stopping com.excelliance.dualaid appid=10264 user=0: clear data
07-21 18:14:41.988 I/ActivityManager( 7714): Killing 16597:com.excelliance.dualaid:olle/u0a264 (adj 0): stop com.excelliance.dualaid
07-21 18:14:42.158 I/WindowState( 7714): WIN DEATH: Window{3838f6ad u0 com.excelliance.dualaid/com.excelliance.kxqp.swipe.NavActivity2}
07-21 18:14:42.168 V/WindowManager( 7714): Changing focus from Window{3838f6ad u0 com.excelliance.dualaid/com.excelliance.kxqp.swipe.NavActivity2} to null Callers=com.android.server.wm.WindowManagerService.removeWindowLocked:2904 com.android.server.wm.WindowManagerService.removeWindowLocked:2813 com.android.server.wm.WindowState$DeathRecipient.binderDied:1291 android.os.BinderProxy.sendDeathNotice:551 
07-21 18:14:42.198 W/ActivityManager( 7714): Force removing ActivityRecord{2fad417e u0 com.excelliance.dualaid/com.excelliance.kxqp.swipe.NavActivity2 t390}: app died, no saved state
07-21 18:14:42.198 I/ActivityManager( 7714): Killing 16628:com.excelliance.dualaid/u0a264 (adj 0): stop com.excelliance.dualaid
07-21 18:14:42.198 I/libprocessgroup( 7714): Killing pid 16660 in uid 10264 as part of process group 16628
07-21 18:14:42.198 I/libprocessgroup( 7714): Killing pid 16660 in uid 10264 as part of process group 16628
07-21 18:14:42.198 I/libprocessgroup( 7714): Killing pid 16660 in uid 10264 as part of process group 16628
07-21 18:14:42.198 I/libprocessgroup( 7714): Killing pid 16660 in uid 10264 as part of process group 16628
07-21 18:14:42.198 I/libprocessgroup( 7714): Killing pid 16660 in uid 10264 as part of process group 16628
07-21 18:14:42.198 I/libprocessgroup( 7714): Killing pid 16660 in uid 10264 as part of process group 16628
07-21 18:14:42.208 I/libprocessgroup( 7714): Killing pid 16660 in uid 10264 as part of process group 16628
07-21 18:14:42.208 I/libprocessgroup( 7714): Killing pid 16660 in uid 10264 as part of process group 16628
07-21 18:14:42.228 I/libprocessgroup( 7714): Killing pid 16660 in uid 10264 as part of process group 16628
07-21 18:14:42.248 I/libprocessgroup( 7714): Killing pid 16660 in uid 10264 as part of process group 16628
07-21 18:14:42.298 W/ActivityManager( 7714): Scheduling restart of crashed service com.excelliance.dualaid/com.excelliance.kxqp.SmtServService in 5074ms
07-21 18:14:42.308 I/ActivityManager( 7714):   Force stopping service ServiceRecord{2157f78a u0 com.excelliance.dualaid/com.excelliance.kxqp.SmtServService}
07-21 18:14:42.308 D/ActivityManager( 7714): resumeTopActivityLocked: set keepResume to true.
07-21 18:14:42.348 W/ActivityManager( 7714): Spurious death for ProcessRecord{1cd9c148 16628:com.excelliance.dualaid/u0a264}, curProc for 16628: null
07-21 18:14:42.348 W/ActivityManager( 7714): Spurious death for ProcessRecord{274b6be1 16597:com.excelliance.dualaid:olle/u0a264}, curProc for 16597: null
07-21 18:14:42.368 V/WindowManager( 7714): Changing focus from null to Window{1b98542a u0 com.oppo.launcher/com.oppo.launcher.Launcher} Callers=com.android.server.wm.WindowManagerService.relayoutWindow:3527 com.android.server.wm.Session.relayout:197 android.view.IWindowSession$Stub.onTransact:273 com.android.server.wm.Session.onTransact:130 
07-21 18:14:42.378 W/ProcessCpuTracker( 7714): Skipping unknown process pid 16682
07-21 18:14:42.388 W/InputMethodManagerService( 7714): Got RemoteException sending setActive(false) notification to pid 16597 uid 10264
07-21 18:14:42.408 I/ActivityManager( 7714): Start proc 16704:com.oppo.weather.locationservice/u0a63 for service com.oppo.weather.locationservice/.GetLocationService
07-21 18:14:42.488 I/ActivityManager( 7714): Start proc 16735:com.oppo.weather.locationservice:remote/u0a63 for service com.oppo.weather.locationservice/com.baidu.location.f
07-21 18:14:42.698 W/BroadcastQueue( 7714): Permission Denial: broadcasting Intent { act=com.oppo.weather.action.auto_get_location flg=0x10 (has extras) } from com.oppo.weather.locationservice (pid=16704, uid=10063) is not exported from uid 10008 due to receiver com.android.mms/com.ted.sdk.mms.LocationReceiver
07-21 18:14:42.708 V/Process (16735): killProcess [16735] Callers=com.baidu.location.f.bU:-1 com.baidu.location.f.do:-1 com.baidu.location.f$a.handleMessage:-1 android.os.Handler.dispatchMessage:102 
07-21 18:14:42.758 I/ActivityManager( 7714): Process com.oppo.weather.locationservice:remote (pid 16735) has died
07-21 18:14:42.758 D/ActivityManager( 7714): cleanUpApplicationRecordLocked:goodbye proc com.oppo.weather.locationservice:remote
07-21 18:14:42.788 I/ActivityManager( 7714): Process com.oppo.weather.locationservice (pid 16704) has died
07-21 18:14:42.788 D/ActivityManager( 7714): cleanUpApplicationRecordLocked:goodbye proc com.oppo.weather.locationservice
07-21 18:14:44.788 W/BroadcastQueue( 7714): Skipping deliver [background] BroadcastRecord{3ef83a8 u-1 android.net.conn.CONNECTIVITY_CHANGE} to ReceiverList{23086ec1 16772 (unknown name)/2000/u-1 remote:34b8fa9a}: process crashing
07-21 18:14:44.798 I/ActivityManager( 7714): START u0 {act=android.intent.action.MAIN cat=[android.intent.category.LAUNCHER] flg=0x10200000 cmp=com.excelliance.dualaid/com.excelliance.kxqp.ui.HelloActivity} from uid 2000 and from pid 16772 on display 0
07-21 18:14:44.798 V/WindowManager( 7714): addAppToken: AppWindowToken{318d3254 token=Token{1d139da7 ActivityRecord{269c2666 u0 com.excelliance.dualaid/com.excelliance.kxqp.ui.HelloActivity t391}}} to stack=1 task=391 at 0
07-21 18:14:44.818 D/ImmersiveModeConfirmation( 7714): loadSetting() mCurrentUserId=0 resetForPanic=false
07-21 18:14:44.818 D/ImmersiveModeConfirmation( 7714): Loaded mConfirmed=true
07-21 18:14:44.818 D/PolicyControl( 7714): reloadFromSetting()
07-21 18:14:44.818 D/PolicyControl( 7714): setFilters: null
07-21 18:14:44.818 D/PolicyControl( 7714): immersiveStatusFilter: null
07-21 18:14:44.818 D/PolicyControl( 7714): immersiveNavigationFilter: null
07-21 18:14:44.818 D/PolicyControl( 7714): immersivePreconfirmationsFilter: null
07-21 18:14:44.838 I/ActivityManager( 7714): Start proc 16794:com.excelliance.dualaid:olle/u0a264 for activity com.excelliance.dualaid/com.excelliance.kxqp.ui.HelloActivity
07-21 18:14:44.848 D/ImmersiveModeConfirmation( 7714): loadSetting() mCurrentUserId=0 resetForPanic=false
07-21 18:14:44.848 D/ImmersiveModeConfirmation( 7714): Loaded mConfirmed=true
07-21 18:14:44.848 D/PolicyControl( 7714): reloadFromSetting()
07-21 18:14:44.848 D/PolicyControl( 7714): setFilters: null
07-21 18:14:44.848 D/PolicyControl( 7714): immersiveStatusFilter: null
07-21 18:14:44.848 D/PolicyControl( 7714): immersiveNavigationFilter: null
07-21 18:14:44.848 D/PolicyControl( 7714): immersivePreconfirmationsFilter: null
07-21 18:14:44.938 I/ActivityManager( 7714): START u0 {pkg=com.excelliance.dualaid cmp=com.excelliance.dualaid/com.excelliance.kxqp.swipe.NavActivity2 (has extras)} from uid 10264 and from pid 16794 on display 0
07-21 18:14:44.948 V/WindowManager( 7714): addAppToken: AppWindowToken{dac77ec token=Token{5249a9f ActivityRecord{2cbf9c3e u0 com.excelliance.dualaid/com.excelliance.kxqp.swipe.NavActivity2 t391}}} to stack=1 task=391 at 1
07-21 18:14:44.968 I/ActivityManager( 7714): Start proc 16825:com.excelliance.dualaid/u0a264 for service com.excelliance.dualaid/com.excelliance.kxqp.SmtServService
07-21 18:14:44.988 V/WindowManager( 7714): Changing focus from Window{1b98542a u0 com.oppo.launcher/com.oppo.launcher.Launcher EXITING} to null Callers=com.android.server.wm.WindowManagerService.relayoutWindow:3527 com.android.server.wm.Session.relayout:197 android.view.IWindowSession$Stub.onTransact:273 com.android.server.wm.Session.onTransact:130 
07-21 18:14:44.998 W/InputMethodManagerService( 7714): Starting input on non-focused client com.android.internal.view.IInputMethodClient$Stub$Proxy@3fdff4ee (uid=10042 pid=8664)
07-21 18:14:45.028 V/WindowManager( 7714): Based on layer: Adding window Window{2c9b986d u0 com.excelliance.dualaid/com.excelliance.kxqp.swipe.NavActivity2} at 6 of 13
07-21 18:14:45.208 V/WindowManager( 7714): Changing focus from null to Window{2c9b986d u0 com.excelliance.dualaid/com.excelliance.kxqp.swipe.NavActivity2} Callers=com.android.server.wm.WindowManagerService.relayoutWindow:3527 com.android.server.wm.Session.relayout:197 android.view.IWindowSession$Stub.onTransact:273 com.android.server.wm.Session.onTransact:130 
07-21 18:14:45.298 W/InputMethodManagerService( 7714): Starting input on non-focused client com.android.internal.view.IInputMethodClient$Stub$Proxy@3fdff4ee (uid=10042 pid=8664)
07-21 18:14:47.238 I/ActivityManager( 7714): Force stopping com.excelliance.dualaid appid=10264 user=0: clear data
07-21 18:14:47.238 I/ActivityManager( 7714): Killing 16794:com.excelliance.dualaid:olle/u0a264 (adj 0): stop com.excelliance.dualaid
07-21 18:14:47.388 I/WindowState( 7714): WIN DEATH: Window{2c9b986d u0 com.excelliance.dualaid/com.excelliance.kxqp.swipe.NavActivity2}
07-21 18:14:47.388 V/WindowManager( 7714): Changing focus from Window{2c9b986d u0 com.excelliance.dualaid/com.excelliance.kxqp.swipe.NavActivity2} to null Callers=com.android.server.wm.WindowManagerService.removeWindowLocked:2904 com.android.server.wm.WindowManagerService.removeWindowLocked:2813 com.android.server.wm.WindowState$DeathRecipient.binderDied:1291 android.os.BinderProxy.sendDeathNotice:551 
07-21 18:14:47.448 W/ActivityManager( 7714): Force removing ActivityRecord{2cbf9c3e u0 com.excelliance.dualaid/com.excelliance.kxqp.swipe.NavActivity2 t391}: app died, no saved state
07-21 18:14:47.448 I/ActivityManager( 7714): Killing 16825:com.excelliance.dualaid/u0a264 (adj 0): stop com.excelliance.dualaid
07-21 18:14:47.448 I/libprocessgroup( 7714): Killing pid 16859 in uid 10264 as part of process group 16825
07-21 18:14:47.448 I/libprocessgroup( 7714): Killing pid 16859 in uid 10264 as part of process group 16825
07-21 18:14:47.448 I/libprocessgroup( 7714): Killing pid 16859 in uid 10264 as part of process group 16825
07-21 18:14:47.458 I/libprocessgroup( 7714): Killing pid 16859 in uid 10264 as part of process group 16825
07-21 18:14:47.458 I/libprocessgroup( 7714): Killing pid 16859 in uid 10264 as part of process group 16825
07-21 18:14:47.458 I/libprocessgroup( 7714): Killing pid 16859 in uid 10264 as part of process group 16825
07-21 18:14:47.458 I/libprocessgroup( 7714): Killing pid 16859 in uid 10264 as part of process group 16825
07-21 18:14:47.468 I/libprocessgroup( 7714): Killing pid 16859 in uid 10264 as part of process group 16825
07-21 18:14:47.478 I/libprocessgroup( 7714): Killing pid 16859 in uid 10264 as part of process group 16825
07-21 18:14:47.508 I/libprocessgroup( 7714): Killing pid 16859 in uid 10264 as part of process group 16825
07-21 18:14:47.558 I/libprocessgroup( 7714): Killing pid 16859 in uid 10264 as part of process group 16825
07-21 18:14:47.598 W/ProcessCpuTracker( 7714): Skipping unknown process pid 16859
07-21 18:14:47.658 W/ActivityManager( 7714): Scheduling restart of crashed service com.excelliance.dualaid/com.excelliance.kxqp.SmtServService in 5348ms
07-21 18:14:47.668 I/ActivityManager( 7714):   Force stopping service ServiceRecord{b8127b5 u0 com.excelliance.dualaid/com.excelliance.kxqp.SmtServService}
07-21 18:14:47.668 D/ActivityManager( 7714): resumeTopActivityLocked: set keepResume to true.
07-21 18:14:47.668 W/ActivityManager( 7714): Spurious death for ProcessRecord{8592d33 16794:com.excelliance.dualaid:olle/u0a264}, curProc for 16794: null
07-21 18:14:47.668 W/ActivityManager( 7714): Spurious death for ProcessRecord{222ff8f0 16825:com.excelliance.dualaid/u0a264}, curProc for 16825: null
07-21 18:14:47.728 V/WindowManager( 7714): Changing focus from null to Window{1b98542a u0 com.oppo.launcher/com.oppo.launcher.Launcher} Callers=com.android.server.wm.WindowManagerService.relayoutWindow:3527 com.android.server.wm.Session.relayout:197 android.view.IWindowSession$Stub.onTransact:273 com.android.server.wm.Session.onTransact:130 
07-21 18:14:47.738 W/InputMethodManagerService( 7714): Got RemoteException sending setActive(false) notification to pid 16794 uid 10264
07-21 18:14:47.758 I/ActivityManager( 7714): Start proc 16905:com.oppo.weather.locationservice/u0a63 for service com.oppo.weather.locationservice/.GetLocationService
07-21 18:14:47.838 I/ActivityManager( 7714): Start proc 16936:com.oppo.weather.locationservice:remote/u0a63 for service com.oppo.weather.locationservice/com.baidu.location.f
07-21 18:14:48.048 W/BroadcastQueue( 7714): Permission Denial: broadcasting Intent { act=com.oppo.weather.action.auto_get_location flg=0x10 (has extras) } from com.oppo.weather.locationservice (pid=16905, uid=10063) is not exported from uid 10008 due to receiver com.android.mms/com.ted.sdk.mms.LocationReceiver
07-21 18:14:48.068 V/Process (16936): killProcess [16936] Callers=com.baidu.location.f.bU:-1 com.baidu.location.f.do:-1 com.baidu.location.f$a.handleMessage:-1 android.os.Handler.dispatchMessage:102 
07-21 18:14:48.128 I/ActivityManager( 7714): Process com.oppo.weather.locationservice:remote (pid 16936) has died
07-21 18:14:48.128 D/ActivityManager( 7714): cleanUpApplicationRecordLocked:goodbye proc com.oppo.weather.locationservice:remote
07-21 18:14:48.158 I/ActivityManager( 7714): Process com.oppo.weather.locationservice (pid 16905) has died
07-21 18:14:48.158 D/ActivityManager( 7714): cleanUpApplicationRecordLocked:goodbye proc com.oppo.weather.locationservice
07-21 18:14:50.188 W/BroadcastQueue( 7714): Skipping deliver [background] BroadcastRecord{a251868 u-1 android.net.conn.CONNECTIVITY_CHANGE} to ReceiverList{27ab4481 16972 (unknown name)/2000/u-1 remote:28b7d15a}: process crashing
07-21 18:14:50.198 I/ActivityManager( 7714): START u0 {act=android.intent.action.MAIN cat=[android.intent.category.LAUNCHER] flg=0x10200000 cmp=com.excelliance.dualaid/com.excelliance.kxqp.ui.HelloActivity} from uid 2000 and from pid 16972 on display 0
07-21 18:14:50.208 V/WindowManager( 7714): addAppToken: AppWindowToken{2c675314 token=Token{3bf2c967 ActivityRecord{f91a926 u0 com.excelliance.dualaid/com.excelliance.kxqp.ui.HelloActivity t392}}} to stack=1 task=392 at 0
07-21 18:14:50.218 D/ImmersiveModeConfirmation( 7714): loadSetting() mCurrentUserId=0 resetForPanic=false
07-21 18:14:50.218 D/ImmersiveModeConfirmation( 7714): Loaded mConfirmed=true
07-21 18:14:50.218 D/PolicyControl( 7714): reloadFromSetting()
07-21 18:14:50.218 D/PolicyControl( 7714): setFilters: null
07-21 18:14:50.218 D/PolicyControl( 7714): immersiveStatusFilter: null
07-21 18:14:50.218 D/PolicyControl( 7714): immersiveNavigationFilter: null
07-21 18:14:50.218 D/PolicyControl( 7714): immersivePreconfirmationsFilter: null
07-21 18:14:50.248 I/ActivityManager( 7714): Start proc 16993:com.excelliance.dualaid:olle/u0a264 for activity com.excelliance.dualaid/com.excelliance.kxqp.ui.HelloActivity
07-21 18:14:50.268 D/ImmersiveModeConfirmation( 7714): loadSetting() mCurrentUserId=0 resetForPanic=false
07-21 18:14:50.268 D/ImmersiveModeConfirmation( 7714): Loaded mConfirmed=true
07-21 18:14:50.268 D/PolicyControl( 7714): reloadFromSetting()
07-21 18:14:50.268 D/PolicyControl( 7714): setFilters: null
07-21 18:14:50.268 D/PolicyControl( 7714): immersiveStatusFilter: null
07-21 18:14:50.268 D/PolicyControl( 7714): immersiveNavigationFilter: null
07-21 18:14:50.268 D/PolicyControl( 7714): immersivePreconfirmationsFilter: null
07-21 18:14:50.348 I/ActivityManager( 7714): START u0 {pkg=com.excelliance.dualaid cmp=com.excelliance.dualaid/com.excelliance.kxqp.swipe.NavActivity2 (has extras)} from uid 10264 and from pid 16993 on display 0
07-21 18:14:50.358 V/WindowManager( 7714): addAppToken: AppWindowToken{2c11f0ac token=Token{2bc57e5f ActivityRecord{310ab6fe u0 com.excelliance.dualaid/com.excelliance.kxqp.swipe.NavActivity2 t392}}} to stack=1 task=392 at 1
07-21 18:14:50.398 I/ActivityManager( 7714): Start proc 17024:com.excelliance.dualaid/u0a264 for service com.excelliance.dualaid/com.excelliance.kxqp.SmtServService
07-21 18:14:50.418 V/WindowManager( 7714): Changing focus from Window{1b98542a u0 com.oppo.launcher/com.oppo.launcher.Launcher EXITING} to null Callers=com.android.server.wm.WindowManagerService.relayoutWindow:3527 com.android.server.wm.Session.relayout:197 android.view.IWindowSession$Stub.onTransact:273 com.android.server.wm.Session.onTransact:130 
07-21 18:14:50.448 W/InputMethodManagerService( 7714): Starting input on non-focused client com.android.internal.view.IInputMethodClient$Stub$Proxy@3fdff4ee (uid=10042 pid=8664)
07-21 18:14:50.468 V/WindowManager( 7714): Based on layer: Adding window Window{1555fa2d u0 com.excelliance.dualaid/com.excelliance.kxqp.swipe.NavActivity2} at 6 of 13
07-21 18:14:50.648 V/WindowManager( 7714): Changing focus from null to Window{1555fa2d u0 com.excelliance.dualaid/com.excelliance.kxqp.swipe.NavActivity2} Callers=com.android.server.wm.WindowManagerService.relayoutWindow:3527 com.android.server.wm.Session.relayout:197 android.view.IWindowSession$Stub.onTransact:273 com.android.server.wm.Session.onTransact:130 
07-21 18:14:50.708 W/InputMethodManagerService( 7714): Starting input on non-focused client com.android.internal.view.IInputMethodClient$Stub$Proxy@3fdff4ee (uid=10042 pid=8664)
07-21 18:14:55.868 I/ActivityManager( 7714): Start proc 17119:com.excelliance.dualaid:lbcore/u0a264 for content provider com.excelliance.dualaid/com.excelliance.kxqp.platform.PluginManagerProvider
07-21 18:14:56.168 D/ActivityThread(17119): Loading provider com.excelliance.dualaid:com.excelliance.kxqp.platform.PluginManagerProvider: com.excelliance.kxqp.platform.PluginManagerProvider
07-21 18:14:56.308 V/NotificationService( 7714): notifications are disabled by AppOps for com.excelliance.dualaid
07-21 18:14:56.308 E/NotificationService( 7714): Suppressing notification from package com.excelliance.dualaid by user request, and Notification.FLAG = 64, and when = 1532168096313
07-21 18:14:56.328 V/NotificationService( 7714): notifications are disabled by AppOps for com.excelliance.dualaid
07-21 18:14:56.328 E/NotificationService( 7714): Suppressing notification from package com.excelliance.dualaid by user request, and Notification.FLAG = 64, and when = 1532168096332
07-21 18:14:56.328 D/ActivityManager( 7714): ServiceRecord{3c5c4ae0 u0 com.excelliance.dualaid/com.excelliance.kxqp.platform.TrampolineService}(foregroundId=268435456) not foreground anymore
07-21 18:14:58.538 I/ActivityManager( 7714): Start proc 17164:com.excelliance.dualaid:smtcnt/u0a264 for service com.excelliance.dualaid/com.excelliance.kxqp.SmtCntService
07-21 18:14:58.858 V/NotificationService( 7714): notifications are disabled by AppOps for com.excelliance.dualaid
07-21 18:14:58.858 E/NotificationService( 7714): Suppressing notification from package com.excelliance.dualaid by user request, and Notification.FLAG = 64, and when = 1532168098860
07-21 18:14:58.858 V/NotificationService( 7714): notifications are disabled by AppOps for com.excelliance.dualaid
07-21 18:14:58.858 E/NotificationService( 7714): Suppressing notification from package com.excelliance.dualaid by user request, and Notification.FLAG = 64, and when = 1532168098865
07-21 18:14:59.988 V/AlarmManager( 7714): Triggering alarm #0: Alarm{2bb3b8d3 type 3 when 112045266 android android.intent.action.TIME_TICK}
07-21 18:15:00.678 V/AlarmManager( 7714): Triggering alarm #0: Alarm{24082c10 type 1 when 1532168095678 com.excelliance.dualaid com.action.broadreceiver.schedulermanager}
07-21 18:15:00.678 V/AlarmManager( 7714): Triggering alarm #0: Alarm{3947d309 type 1 when 1532168095683 com.excelliance.dualaid com.action.broadreceiver.schedulermanager}
07-21 18:15:59.988 V/AlarmManager( 7714): Triggering alarm #0: Alarm{7d7c90e type 3 when 112105266 android android.intent.action.TIME_TICK}
07-21 18:16:59.998 V/AlarmManager( 7714): Triggering alarm #0: Alarm{312bf93c type 3 when 112165266 android android.intent.action.TIME_TICK}
07-21 18:17:07.418 V/AlarmManager( 7714): Triggering alarm #0: Alarm{161196c5 type 0 when 1532168227426 com.tencent.mobileqq com.tencent.mobileqq:MSF_900546663}
07-21 18:17:07.418 V/AlarmManager( 7714): Triggering alarm #1: Alarm{22cb681a type 1 when 1532168185685 com.excelliance.dualaid com.excelliance.lyl.ACTION_UPLOAD_DATA}
07-21 18:17:59.998 V/AlarmManager( 7714): Triggering alarm #0: Alarm{286f6f4b type 3 when 112225266 android android.intent.action.TIME_TICK}
07-21 18:18:37.458 V/AlarmManager( 7714): Triggering alarm #0: Alarm{a5d6d28 type 1 when 1532168317468 com.excelliance.dualaid com.excelliance.lyl.ACTION_UPLOAD_DATA}
07-21 18:18:59.988 V/AlarmManager( 7714): Triggering alarm #0: Alarm{35f9da41 type 3 when 112285266 android android.intent.action.TIME_TICK}
07-21 18:19:22.728 W/ProcessCpuTracker(18313): Skipping unknown process pid 17474
07-21 18:19:59.998 V/AlarmManager( 7714): Triggering alarm #0: Alarm{2b27ebe6 type 3 when 112345265 android android.intent.action.TIME_TICK}
07-21 18:20:07.558 V/AlarmManager( 7714): Triggering alarm #0: Alarm{23c3b527 type 1 when 1532168407573 com.excelliance.dualaid com.excelliance.lyl.ACTION_UPLOAD_DATA}
07-21 18:20:59.998 V/AlarmManager( 7714): Triggering alarm #0: Alarm{1eb033d4 type 3 when 112405266 android android.intent.action.TIME_TICK}
07-21 18:21:00.098 I/ProcessStatsService( 7714): Prepared write state in 6ms
07-21 18:21:00.118 I/ProcessStatsService( 7714): Pruning old procstats: /data/system/procstats/state-2018-07-21-15-19-00.bin
07-21 18:21:37.468 V/AlarmManager( 7714): Triggering alarm #0: Alarm{2ac8d97d type 0 when 1532168497476 com.tencent.mobileqq com.tencent.mobileqq:MSF_900546663}
07-21 18:21:59.988 V/AlarmManager( 7714): Triggering alarm #0: Alarm{1d76e072 type 3 when 112465266 android android.intent.action.TIME_TICK}
07-21 18:22:59.998 V/AlarmManager( 7714): Triggering alarm #0: Alarm{e2c7cc3 type 3 when 112525266 android android.intent.action.TIME_TICK}
07-21 18:23:59.988 V/AlarmManager( 7714): Triggering alarm #0: Alarm{18c6b940 type 3 when 112585266 android android.intent.action.TIME_TICK}
07-21 18:24:44.308 W/ProcessCpuTracker(18313): Skipping unknown process pid 17782
07-21 18:24:49.348 W/ProcessCpuTracker(18313): Skipping unknown process pid 17790
07-21 18:24:59.998 V/AlarmManager( 7714): Triggering alarm #0: Alarm{2e20e66e type 3 when 112645266 android android.intent.action.TIME_TICK}
07-21 18:25:24.528 W/ProcessCpuTracker(18313): Skipping unknown process pid 18192
07-21 18:25:29.558 W/ProcessCpuTracker(18313): Skipping unknown process pid 18295
07-21 18:25:39.638 W/ProcessCpuTracker(18313): Skipping unknown process pid 18371
07-21 18:25:48.808 V/AlarmManager( 7714): Triggering alarm #0: Alarm{114bd10f type 3 when 112694080 android android.content.jobscheduler.JOB_DEADLINE_EXPIRED}
07-21 18:25:48.838 V/AlarmManager( 7714): Triggering alarm #0: Alarm{3ef69f88 type 3 when 112694100 android android.content.jobscheduler.JOB_DELAY_EXPIRED}
07-21 18:25:49.668 W/PackageParser(18534): Unknown element under <manifest>: meta-data at /data/app/com.github.uiautomator-1/base.apk Binary XML file line #47
07-21 18:25:49.698 W/PackageParser(18534): No actions in intent filter at /system/app/HolidayMode/HolidayMode.apk Binary XML file line #36
07-21 18:25:49.708 W/PackageParser(18534): No actions in intent filter at /system/app/OppoOperationManual/OppoOperationManual.apk Binary XML file line #57
07-21 18:25:49.728 W/PackageParser(18534): No actions in intent filter at /system/app/SogouIME/SogouIME.apk Binary XML file line #291
07-21 18:25:49.728 W/PackageParser(18534): No actions in intent filter at /system/app/SogouIME/SogouIME.apk Binary XML file line #723
07-21 18:25:49.758 W/PackageParser(18534): Unknown element under <application>: Fragment at /system/app/Clock/Clock.apk Binary XML file line #83
07-21 18:25:49.758 W/PackageParser(18534): Unknown element under <application>: Fragment at /system/app/Clock/Clock.apk Binary XML file line #130
07-21 18:25:49.758 W/PackageParser(18534): Unknown element under <application>: Fragment at /system/app/Clock/Clock.apk Binary XML file line #315
07-21 18:25:49.758 W/PackageParser(18534): Unknown element under <application>: Fragment at /system/app/Clock/Clock.apk Binary XML file line #331
07-21 18:25:49.798 I/PackageParser(18534): com.qualcomm.interfacepermissions: compat added android.permission.WRITE_EXTERNAL_STORAGE android.permission.READ_PHONE_STATE
07-21 18:25:49.888 I/PackageParser(18534): com.android.defcontainer: compat added android.permission.READ_PHONE_STATE
07-21 18:25:50.108 W/PackageParser(18534): No actions in intent filter at /system/priv-app/Contacts/Contacts.apk Binary XML file line #501
07-21 18:25:50.108 W/PackageParser(18534): No actions in intent filter at /system/priv-app/Contacts/Contacts.apk Binary XML file line #652
07-21 18:25:50.108 W/PackageParser(18534): No actions in intent filter at /system/priv-app/Contacts/Contacts.apk Binary XML file line #700
07-21 18:25:50.108 W/PackageParser(18534): No actions in intent filter at /system/priv-app/Contacts/Contacts.apk Binary XML file line #710
07-21 18:25:50.108 W/PackageParser(18534): No actions in intent filter at /system/priv-app/Contacts/Contacts.apk Binary XML file line #719
07-21 18:25:50.118 W/PackageParser(18534): No actions in intent filter at /system/priv-app/Contacts/Contacts.apk Binary XML file line #928
07-21 18:25:50.118 W/PackageParser(18534): No actions in intent filter at /system/priv-app/Contacts/Contacts.apk Binary XML file line #984
07-21 18:25:50.118 W/PackageParser(18534): No actions in intent filter at /system/priv-app/Contacts/Contacts.apk Binary XML file line #1059
07-21 18:25:50.118 W/PackageParser(18534): No actions in intent filter at /system/priv-app/Contacts/Contacts.apk Binary XML file line #1075
07-21 18:25:50.118 W/PackageParser(18534): No actions in intent filter at /system/priv-app/Contacts/Contacts.apk Binary XML file line #1087
07-21 18:25:50.168 W/PackageParser(18534): Problem in package /system/app/Calendar/Calendar.apk:
07-21 18:25:50.168 W/PackageParser(18534): Unknown element under <activity>: data at /system/app/Calendar/Calendar.apk Binary XML file line #162
07-21 18:25:50.428 W/PackageParser(18534): No actions in intent filter at /system/app/FileManager/FileManager.apk Binary XML file line #73
07-21 18:25:50.428 W/PackageParser(18534): No actions in intent filter at /system/app/FileManager/FileManager.apk Binary XML file line #82
07-21 18:25:50.428 W/PackageParser(18534): No actions in intent filter at /system/app/FileManager/FileManager.apk Binary XML file line #131
07-21 18:25:50.438 W/PackageParser(18534): No actions in intent filter at /system/app/FileManager/FileManager.apk Binary XML file line #260
07-21 18:25:50.438 W/PackageParser(18534): No actions in intent filter at /system/app/FileManager/FileManager.apk Binary XML file line #325
07-21 18:25:50.448 I/PackageParser(18534): com.qualcomm.qcom_qmi: compat added android.permission.WRITE_EXTERNAL_STORAGE android.permission.READ_PHONE_STATE
07-21 18:25:50.638 W/PackageParser(18534): No actions in intent filter at /data/app/com.tencent.mobileqq-1/base.apk Binary XML file line #1890
07-21 18:25:50.808 I/PackageParser(18534): com.android.managedprovisioning: compat added android.permission.WRITE_EXTERNAL_STORAGE android.permission.READ_PHONE_STATE
07-21 18:25:51.168 W/PackageParser(18534): Unknown element under <manifest>: permissions at /system/app/OppoPhoneActivation/OppoPhoneActivation.apk Binary XML file line #19
07-21 18:25:51.178 W/PackageParser(18534): No actions in intent filter at /system/app/OppoPhoneActivation/OppoPhoneActivation.apk Binary XML file line #51
07-21 18:25:51.208 I/PackageParser(18534): com.android.providers.userdictionary: compat added android.permission.WRITE_EXTERNAL_STORAGE android.permission.READ_PHONE_STATE
07-21 18:25:59.988 V/AlarmManager( 7714): Triggering alarm #0: Alarm{1ecd8d21 type 3 when 112705266 android android.intent.action.TIME_TICK}
07-21 18:26:07.588 V/AlarmManager( 7714): Triggering alarm #0: Alarm{70b5546 type 0 when 1532168767603 com.tencent.mobileqq com.tencent.mobileqq:MSF_900546663}
07-21 18:26:59.988 V/AlarmManager( 7714): Triggering alarm #0: Alarm{2df2d307 type 3 when 112765266 android android.intent.action.TIME_TICK}
07-21 18:27:48.848 V/AlarmManager( 7714): Triggering alarm #0: Alarm{b1a2c34 type 2 when 112814115 android com.android.server.task.controllers.BatteryController.ACTION_CHARGING_STABLE}
07-21 18:27:59.988 V/AlarmManager( 7714): Triggering alarm #0: Alarm{1809bf59 type 3 when 112825265 android android.intent.action.TIME_TICK}
07-21 18:28:59.998 V/AlarmManager( 7714): Triggering alarm #0: Alarm{c49c71e type 3 when 112885266 android android.intent.action.TIME_TICK}
07-21 18:29:59.998 V/AlarmManager( 7714): Triggering alarm #0: Alarm{15491bff type 3 when 112945266 android android.intent.action.TIME_TICK}
07-21 18:30:23.008 V/AlarmManager( 7714): Triggering alarm #0: Alarm{3ce2cdcc type 2 when 112934241 android com.android.server.task.controllers.BatteryController.ACTION_CHARGING_STABLE}
07-21 18:30:37.638 V/AlarmManager( 7714): Triggering alarm #0: Alarm{3f0df815 type 0 when 1532169037652 com.tencent.mobileqq com.tencent.mobileqq:MSF_900546663}
07-21 18:30:54.028 V/AlarmManager( 7714): Triggering alarm #0: Alarm{fc7372a type 0 when 1532169054034 android action_keep_alive_after_send_end}
07-21 18:30:59.998 V/AlarmManager( 7714): Triggering alarm #0: Alarm{3f1d791b type 3 when 113005266 android android.intent.action.TIME_TICK}
07-21 18:31:33.468 I/UsageStatsService( 7714): User[0] Flushing usage stats to disk
07-21 18:31:59.998 V/AlarmManager( 7714): Triggering alarm #0: Alarm{2054fab8 type 3 when 113065265 android android.intent.action.TIME_TICK}
07-21 18:32:59.998 V/AlarmManager( 7714): Triggering alarm #0: Alarm{ae30091 type 3 when 113125266 android android.intent.action.TIME_TICK}
07-21 18:33:59.988 V/AlarmManager( 7714): Triggering alarm #0: Alarm{df99bf6 type 3 when 113185265 android android.intent.action.TIME_TICK}
07-21 18:34:52.998 V/AlarmManager( 7714): Triggering alarm #0: Alarm{17108bf7 type 0 when 1532169293009 android com.tencent.tmsdk.HeartBeatPlot.ACTION_HEARTBEAT_PLOT_ALARM_CYCLE}
07-21 18:34:59.998 V/AlarmManager( 7714): Triggering alarm #0: Alarm{14bb0a64 type 3 when 113245266 android android.intent.action.TIME_TICK}
07-21 18:35:45.668 V/AlarmManager( 7714): Triggering alarm #0: Alarm{3e2614cd type 0 when 1532169307711 com.tencent.mobileqq com.tencent.mobileqq:MSF_900546663}
07-21 18:35:45.668 V/AlarmManager( 7714): Triggering alarm #1: Alarm{341b8182 type 0 when 1532169345678 android action_keep_alive_close}
07-21 18:35:59.998 V/AlarmManager( 7714): Triggering alarm #0: Alarm{3db7f093 type 3 when 113305266 android android.intent.action.TIME_TICK}
07-21 18:36:47.738 W/ProcessCpuTracker(18313): Skipping unknown process pid 19269
07-21 18:36:57.798 W/ProcessCpuTracker(18313): Skipping unknown process pid 19277
07-21 18:36:59.998 V/AlarmManager( 7714): Triggering alarm #0: Alarm{375068d0 type 3 when 113365266 android android.intent.action.TIME_TICK}
07-21 18:37:54.828 I/ActivityManager( 7714): Start proc 19334:com.tencent.mobileqq/u0a84 for broadcast com.tencent.mobileqq/mqq.app.QQBroadcastReceiver
07-21 18:37:55.678 D/ActivityManager( 7714): ServiceRecord{2481268c u0 com.tencent.mobileqq/.app.CoreService$KernelService}(foregroundId=537058032) not foreground anymore
07-21 18:37:56.588 E/ActivityThread(19334): Failed to find provider info for com.android.badge
07-21 18:37:56.668 E/ActivityThread(19334): Failed to find provider info for com.android.badge
07-21 18:37:59.988 V/AlarmManager( 7714): Triggering alarm #0: Alarm{1c8e4377 type 3 when 113425266 android android.intent.action.TIME_TICK}
07-21 18:38:59.998 V/AlarmManager( 7714): Triggering alarm #0: Alarm{2403f02 type 3 when 113485266 android android.intent.action.TIME_TICK}
07-21 18:39:59.998 V/AlarmManager( 7714): Triggering alarm #0: Alarm{619a013 type 3 when 113545266 android android.intent.action.TIME_TICK}
07-21 18:40:48.828 V/AlarmManager( 7714): Triggering alarm #0: Alarm{9612250 type 0 when 1532169615731 com.tencent.mobileqq com.tencent.mobileqq:MSF_900546663}
07-21 18:40:48.828 V/AlarmManager( 7714): Triggering alarm #1: Alarm{30b02c49 type 3 when 113315568 android com.android.server.action.NETWORK_STATS_POLL}
07-21 18:40:48.828 V/AlarmManager( 7714): Triggering alarm #2: Alarm{31f7494e type 3 when 113330747 com.nearme.statistics.rom com.nearme.statistics.savedata.ation}
07-21 18:40:48.828 V/AlarmManager( 7714): Triggering alarm #3: Alarm{1ef42a6f type 3 when 113594100 android android.content.jobscheduler.JOB_DELAY_EXPIRED}
07-21 18:40:59.988 V/AlarmManager( 7714): Triggering alarm #0: Alarm{1fc64405 type 3 when 113605266 android android.intent.action.TIME_TICK}
07-21 18:41:38.848 I/ActivityManager( 7714): START u0 {flg=0x10000000 cmp=com.kingroot.kinguser/.activitys.SuNotifyActivity} from uid 0 and from pid 20091 on display 0
07-21 18:41:59.998 V/AlarmManager( 7714): Triggering alarm #0: Alarm{1102ac5a type 3 when 113665266 android android.intent.action.TIME_TICK}
07-21 18:42:34.198 V/AlarmManager( 7714): Triggering alarm #0: Alarm{3642fe8b type 0 when 1532169754212 com.tencent.mobileqq com.tencent.mobileqq:MSF_900546663}
07-21 18:42:59.048 I/ActivityManager( 7714): Start proc 20177:com.tencent.mobileqq:TMAssistantDownloadSDKService/u0a84 for service com.tencent.mobileqq/com.tencent.tmdownloader.TMAssistantDownloadService
07-21 18:42:59.988 V/AlarmManager( 7714): Triggering alarm #0: Alarm{8858329 type 3 when 113725266 android android.intent.action.TIME_TICK}
07-21 18:43:10.138 V/Process (20177): killProcess [20177] Callers=com.tencent.tmdownloader.TMAssistantDownloadService.onDestroy:190 android.app.ActivityThread.handleStopService:3131 android.app.ActivityThread.access$2400:163 android.app.ActivityThread$H.handleMessage:1564 
07-21 18:43:10.288 I/ActivityManager( 7714): Process com.tencent.mobileqq:TMAssistantDownloadSDKService (pid 20177) has died
07-21 18:43:10.288 D/ActivityManager( 7714): cleanUpApplicationRecordLocked:goodbye proc com.tencent.mobileqq:TMAssistantDownloadSDKService
07-21 18:43:59.998 V/AlarmManager( 7714): Triggering alarm #0: Alarm{1b6afde0 type 3 when 113785266 android android.intent.action.TIME_TICK}
07-21 18:44:44.408 I/DisplayPowerController( 7714): useProximityForceSuspend = false
07-21 18:44:44.998 I/DisplayPowerController( 7714): useProximityForceSuspend = false
07-21 18:44:45.028 I/DisplayPowerController( 7714): useProximityForceSuspend = false
07-21 18:44:51.398 I/PowerManagerService( 7714): Going to sleep due to screen timeout (uid 1000)...
07-21 18:44:51.398 D/PowerManagerNotifier( 7714): sendScreenStatusToIme, isScreenOn:false
07-21 18:44:51.398 D/InputMethodManagerService( 7714): notifyScreenStatus, isScreenOn:false
07-21 18:44:51.408 I/PowerManagerService( 7714): Sleeping (uid 1000)...
07-21 18:44:51.408 I/DisplayPowerController( 7714): useProximityForceSuspend = false
07-21 18:44:51.408 D/InputMethodManagerService( 7714): MSG_NOTIFY_SCREEN_STATUS, msg.arg1:0
07-21 18:44:51.408 D/InputMethodManagerService( 7714): MSG_NOTIFY_SCREEN_STATUS:ACTION_SCREEN_OFF --> updateActive
07-21 18:44:51.408 D/InputMethodManagerService( 7714): updateActiveFromNotify send MSG_SET_ACTIVE active:false, to client:ClientState{33a36b62 uid 10264 pid 16993}
07-21 18:44:51.628 I/DisplayPowerController( 7714): useProximityForceSuspend = false
07-21 18:44:51.658 I/DisplayPowerController( 7714): useProximityForceSuspend = false
07-21 18:44:51.658 I/DisplayManagerService( 7714): Display device changed: DisplayDeviceInfo{"": uniqueId="local:0", 1080 x 1920, 60.0 fps, supportedRefreshRates [60.0], density 480, 403.411 x 403.041 dpi, appVsyncOff 0, presDeadline 17666667, touch INTERNAL, rotation 0, type BUILT_IN, state OFF, FLAG_DEFAULT_DISPLAY, FLAG_ROTATES_WITH_CONTENT, FLAG_SECURE, FLAG_SUPPORTS_PROTECTED_BUFFERS}
07-21 18:44:51.658 V/ActivityManager( 7714): Display changed displayId=0
07-21 18:44:51.878 I/ActivityManager( 7714): Start proc 20373:com.oppo.market:dcs/u0a33 for service com.oppo.market/com.oppo.statistics.upload.UploadService
07-21 18:44:51.958 I/DisplayPowerController( 7714): useProximityForceSuspend = false
--------- beginning of main
07-21 18:44:52.138 D/ConscryptConstants(18313): SSL Version: TLSv1.2
07-21 18:44:52.138 I/NativeCrypto-jni(18313): ssl=0xab72ece0 NativeCrypto_SSL_get_current_cipher
07-21 18:44:52.138 I/NativeCrypto-jni(18313): ssl=0xab72ece0 NativeCrypto_SSL_get_current_cipher => TLS_ECDHE_RSA_WITH_AES_128_GCM_SHA256
07-21 18:44:52.138 I/NativeCrypto-jni(18313): ssl=0xab72ece0 NativeCrypto_SSL_get_version
07-21 18:44:52.138 I/NativeCrypto-jni(18313): ssl=0xab72ece0 NativeCrypto_SSL_get_version => TLSv1.2
07-21 18:44:52.138 I/NativeCrypto-jni(18313): ssl=0xab72daf8 NativeCrypto_getApplicationProtocol
07-21 18:44:52.138 I/NativeCrypto-jni(18313): ssl=0xab72ece0 NativeCrypto_getApplicationProtocol
07-21 18:44:52.138 D/ConscryptConstants(18313): Openssl write: 1083
07-21 18:44:52.138 I/NativeCrypto-jni(18313): ssl=0xab72daf8 NativeCrypto_SSL_write fd=0x7eeb0eb0 shc=0x7eeb0eb4 b=0x7eeb0eb8 offset=0 len=1083 write_timeout_millis=0
07-21 18:44:52.138 I/NativeCrypto-jni(18313): ssl=0xab72daf8 sslWrite buf=0xab730b00 len=1083 write_timeout_millis=0
07-21 18:44:52.138 I/NativeCrypto-jni(18313): ssl=0xab72daf8 sslWrite appData=0xab728f50
07-21 18:44:52.138 I/NativeCrypto-jni(18313): ssl=0xab72daf8 sslWrite SSL_write len=1083
07-21 18:44:52.138 I/NativeCrypto-jni(18313): ssl=0xab72daf8 sslWrite SSL_write result=1083 sslError=0
07-21 18:44:52.138 I/NativeCrypto-jni(18313): ssl=0xab72daf8 sslWrite data: 1024:
07-21 18:44:52.138 I/NativeCrypto-jni(18313): POST /soporcollect/appevent/v1/event HTTP/1.1
07-21 18:44:52.138 I/NativeCrypto-jni(18313): stat: 7016
07-21 18:44:52.138 I/NativeCrypto-jni(18313): sign: 3adf22c391b381d91ce2ffde868aa4aa
07-21 18:44:52.138 I/NativeCrypto-jni(18313): ch: 2101
07-21 18:44:52.138 I/NativeCrypto-jni(18313): pid: 001
07-21 18:44:52.138 I/NativeCrypto-jni(18313): locale: zh-CN;CN
07-21 18:44:52.138 I/NativeCrypto-jni(18313): appid: OPPO#001#CN
07-21 18:44:52.138 I/NativeCrypto-jni(18313): ct: 1532169891969
07-21 18:44:52.138 I/NativeCrypto-jni(18313): nw: 1
07-21 18:44:52.138 I/NativeCrypto-jni(18313): rsq: 13440
07-21 18:44:52.138 I/NativeCrypto-jni(18313): oak: cdb09c43063ea6bb
07-21 18:44:52.138 I/NativeCrypto-jni(18313): User-Agent: OPPO%2FOPPO+R7sm%2F22%2F5.1.1%2FV2.1%2F2%2F2101%2F6002
07-21 18:44:52.138 I/NativeCrypto-jni(18313): t: 1532169891943
07-21 18:44:52.138 I/NativeCrypto-jni(18313): appversion: 6.0.0
07-21 18:44:52.138 I/NativeCrypto-jni(18313): id: 860270034674273
07-21 18:44:52.138 I/NativeCrypto-jni(18313): sg: 3773bf79d20aaa06865e9e23be5b7eec
07-21 18:44:52.138 I/NativeCrypto-jni(18313): ocs: OPPO%2FOPPO+R7sm%2F22%2F5.1.1%2FV2.1%2F2%2FR7sm_11_160713%2F6002
07-21 18:44:52.138 I/NativeCrypto-jni(18313): Accept: application/x-protostuff; charset=UTF-8
07-21 18:44:52.138 I/NativeCrypto-jni(18313): Content-Encoding: gzip
07-21 18:44:52.138 I/NativeCrypto-jni(18313): Content-Type: application/x-protostuff; charset=UTF-8
07-21 18:44:52.138 I/NativeCrypto-jni(18313): Content-Length: 400
07-21 18:44:52.138 I/NativeCrypto-jni(18313): Host: epoch.cdo.oppomobile.com
07-21 18:44:52.138 I/NativeCrypto-jni(18313): Connection: Keep-Alive
07-21 18:44:52.138 I/NativeCrypto-jni(18313): Accept-Encoding: gzip
07-21 18:44:52.138 I/NativeCrypto-jni(18313): 
07-21 18:44:52.138 I/NativeCrypto-jni(18313): 
07-21 18:44:52.138 I/NativeCrypto-jni(18313): ssl=0xab72daf8 sslWrite data: 59:
07-21 18:44:52.138 I/NativeCrypto-jni(18313): tz#r)056s[>=ZaPAc,Kn{U
07-21 18:44:52.138 I/NativeCrypto-jni(18313): ssl=0xab72daf8 sslWrite => count=1083
07-21 18:44:52.138 D/ConscryptConstants(18313): Openssl read: 8192
07-21 18:44:52.138 I/NativeCrypto-jni(18313): ssl=0xab72daf8 NativeCrypto_SSL_read fd=0x7eeb0e10 shc=0x7eeb0e14 b=0x7eeb0e18 offset=0 len=8192 read_timeout_millis=30000
07-21 18:44:52.138 I/NativeCrypto-jni(18313): ssl=0xab72daf8 sslRead buf=0xab739f58 len=8192
07-21 18:44:52.138 I/NativeCrypto-jni(18313): ssl=0xab72daf8 sslRead appData=0xab728f50
07-21 18:44:52.138 I/NativeCrypto-jni(18313): ssl=0xab72daf8 sslRead SSL_read result=-1 sslError=2
07-21 18:44:52.138 I/NativeCrypto-jni(18313): sslSelect type=READ fd=74 appData=0xab728f50 timeout_millis=30000
07-21 18:44:52.138 D/ConscryptConstants(18313): Openssl write: 1069
07-21 18:44:52.138 I/NativeCrypto-jni(18313): ssl=0xab72ece0 NativeCrypto_SSL_write fd=0x7e488eb0 shc=0x7e488eb4 b=0x7e488eb8 offset=0 len=1069 write_timeout_millis=0
07-21 18:44:52.138 I/NativeCrypto-jni(18313): ssl=0xab72ece0 sslWrite buf=0xab730b00 len=1069 write_timeout_millis=0
07-21 18:44:52.138 I/NativeCrypto-jni(18313): ssl=0xab72ece0 sslWrite appData=0xab72d2e8
07-21 18:44:52.138 I/NativeCrypto-jni(18313): ssl=0xab72ece0 sslWrite SSL_write len=1069
07-21 18:44:52.138 I/NativeCrypto-jni(18313): ssl=0xab72ece0 sslWrite SSL_write result=1069 sslError=0
07-21 18:44:52.138 I/NativeCrypto-jni(18313): ssl=0xab72ece0 sslWrite data: 1024:
07-21 18:44:52.138 I/NativeCrypto-jni(18313): POST /soporcollect/appevent/v1/event HTTP/1.1
07-21 18:44:52.138 I/NativeCrypto-jni(18313): stat: 7016
07-21 18:44:52.138 I/NativeCrypto-jni(18313): sign: ef2d91122aa479ca68cae38a6e4c0279
07-21 18:44:52.138 I/NativeCrypto-jni(18313): ch: 2101
07-21 18:44:52.138 I/NativeCrypto-jni(18313): pid: 001
07-21 18:44:52.138 I/NativeCrypto-jni(18313): locale: zh-CN;CN
07-21 18:44:52.138 I/NativeCrypto-jni(18313): appid: OPPO#001#CN
07-21 18:44:52.138 I/NativeCrypto-jni(18313): ct: 1532169891965
07-21 18:44:52.138 I/NativeCrypto-jni(18313): nw: 1
07-21 18:44:52.138 I/NativeCrypto-jni(18313): rsq: 13439
07-21 18:44:52.138 I/NativeCrypto-jni(18313): oak: cdb09c43063ea6bb
07-21 18:44:52.138 I/NativeCrypto-jni(18313): User-Agent: OPPO%2FOPPO+R7sm%2F22%2F5.1.1%2FV2.1%2F2%2F2101%2F6002
07-21 18:44:52.138 I/NativeCrypto-jni(18313): t: 1532169891954
07-21 18:44:52.138 I/NativeCrypto-jni(18313): appversion: 6.0.0
