07-21 18:44:52.138 I/NativeCrypto-jni(18313): id: 860270034674273
07-21 18:44:52.138 I/NativeCrypto-jni(18313): sg: 048b0f2e87d3d13ecc83c5a30ac6a22f76cd3724
07-21 18:44:52.138 I/NativeCrypto-jni(18313): ocs: OPPO%2FOPPO+R7sm%2F22%2F5.1.1%2FV2.1%2F2%2FR7sm_11_160713%2F6002
07-21 18:44:52.138 I/NativeCrypto-jni(18313): Accept: application/x-protostuff; charset=UTF-8
07-21 18:44:52.138 I/NativeCrypto-jni(18313): Content-Encoding: gzip
07-21 18:44:52.138 I/NativeCrypto-jni(18313): Content-Type: application/x-protostuff; charset=UTF-8
07-21 18:44:52.138 I/NativeCrypto-jni(18313): Content-Length: 378
07-21 18:44:52.138 I/NativeCrypto-jni(18313): Host: epoch.cdo.oppomobile.com
07-21 18:44:52.138 I/NativeCrypto-jni(18313): Connection: Keep-Alive
07-21 18:44:52.138 I/NativeCrypto-jni(18313): Accept-Encoding: gzip
07-21 18:44:52.138 I/NativeCrypto-jni(18313): 
07-21 18:44:52.138 I/NativeCrypto-jni(18313): 
07-21 18:44:52.138 I/NativeCrypto-jni(18313): ssl=0xab72ece0 sslWrite data: 45:
07-21 18:44:52.138 I/NativeCrypto-jni(18313): T]~c6GA]}&_ez
07-21 18:44:52.138 I/NativeCrypto-jni(18313): ssl=0xab72ece0 sslWrite => count=1069
07-21 18:44:52.138 D/ConscryptConstants(18313): Openssl read: 8192
07-21 18:44:52.138 I/NativeCrypto-jni(18313): ssl=0xab72ece0 NativeCrypto_SSL_read fd=0x7e488e10 shc=0x7e488e14 b=0x7e488e18 offset=0 len=8192 read_timeout_millis=30000
07-21 18:44:52.138 I/NativeCrypto-jni(18313): ssl=0xab72ece0 sslRead buf=0xab743930 len=8192
07-21 18:44:52.138 I/NativeCrypto-jni(18313): ssl=0xab72ece0 sslRead appData=0xab72d2e8
07-21 18:44:52.138 I/NativeCrypto-jni(18313): ssl=0xab72ece0 sslRead SSL_read result=-1 sslError=2
07-21 18:44:52.138 I/NativeCrypto-jni(18313): sslSelect type=READ fd=75 appData=0xab72d2e8 timeout_millis=30000
07-21 18:44:52.168 I/NativeCrypto-jni(18313): sslSelect READ fd=74 appData=0xab728f50 timeout_millis=30000 => 1
07-21 18:44:52.168 I/NativeCrypto-jni(18313): ssl=0xab72daf8 sslRead SSL_read result=243 sslError=0
07-21 18:44:52.168 I/NativeCrypto-jni(18313): ssl=0xab72daf8 sslRead data: 243:
07-21 18:44:52.168 I/NativeCrypto-jni(18313): HTTP/1.1 200 OK
07-21 18:44:52.168 I/NativeCrypto-jni(18313): Server: nginx
07-21 18:44:52.168 I/NativeCrypto-jni(18313): Date: Tue, 21 Aug 2018 10:44:52 GMT
07-21 18:44:52.168 I/NativeCrypto-jni(18313): Content-Type: application/x-protostuff;charset=UTF-8
07-21 18:44:52.168 I/NativeCrypto-jni(18313): Transfer-Encoding: chunked
07-21 18:44:52.168 I/NativeCrypto-jni(18313): Connection: keep-alive
07-21 18:44:52.168 I/NativeCrypto-jni(18313): x-ocip: 61.152.234.130
07-21 18:44:52.168 I/NativeCrypto-jni(18313): X-Server-ID: bj3540
07-21 18:44:52.168 I/NativeCrypto-jni(18313): 
07-21 18:44:52.168 I/NativeCrypto-jni(18313): b
07-21 18:44:52.168 I/NativeCrypto-jni(18313): 
07-21 18:44:52.168 I/NativeCrypto-jni(18313): 0
07-21 18:44:52.168 I/NativeCrypto-jni(18313): 
07-21 18:44:52.168 I/NativeCrypto-jni(18313): ssl=0xab72daf8 NativeCrypto_SSL_read => 243
07-21 18:44:52.168 I/NativeCrypto-jni(18313): sslSelect READ fd=75 appData=0xab72d2e8 timeout_millis=30000 => 1
07-21 18:44:52.168 I/NativeCrypto-jni(18313): ssl=0xab72ece0 sslRead SSL_read result=243 sslError=0
07-21 18:44:52.168 I/NativeCrypto-jni(18313): ssl=0xab72ece0 sslRead data: 243:
07-21 18:44:52.168 I/NativeCrypto-jni(18313): HTTP/1.1 200 OK
07-21 18:44:52.168 I/NativeCrypto-jni(18313): Server: nginx
07-21 18:44:52.168 I/NativeCrypto-jni(18313): Date: Tue, 21 Aug 2018 10:44:51 GMT
07-21 18:44:52.168 I/NativeCrypto-jni(18313): Content-Type: application/x-protostuff;charset=UTF-8
07-21 18:44:52.168 I/NativeCrypto-jni(18313): Transfer-Encoding: chunked
07-21 18:44:52.168 I/NativeCrypto-jni(18313): Connection: keep-alive
07-21 18:44:52.168 I/NativeCrypto-jni(18313): x-ocip: 61.152.234.130
07-21 18:44:52.168 I/NativeCrypto-jni(18313): X-Server-ID: bj3540
07-21 18:44:52.168 I/NativeCrypto-jni(18313): 
07-21 18:44:52.168 I/NativeCrypto-jni(18313): b
07-21 18:44:52.168 I/NativeCrypto-jni(18313): 
07-21 18:44:52.168 I/NativeCrypto-jni(18313): 0
07-21 18:44:52.168 I/NativeCrypto-jni(18313): 
07-21 18:44:52.168 I/NativeCrypto-jni(18313): ssl=0xab72ece0 NativeCrypto_SSL_read => 243
07-21 18:44:52.278 I/MSM-irqbalance(  660): Decided to move IRQ131 from CPU7 to CPU5
07-21 18:44:52.828 D/        (  319): charger_monitor log_has_update will be set false
07-21 18:44:54.988 D/skia    ( 7714): SkPNGImageEncoder::doEncode bitmap.width() = 576 ,bitmap.height() = 1024
07-21 18:44:56.618 E/art     (17119): Invalid capacity given to EnsureLocalCapacity: 592
07-21 18:44:57.298 I/MSM-irqbalance(  660): Decided to move IRQ174 from CPU7 to CPU5
07-21 18:44:57.668 E/resmon  ( 7869): [370: StackTraceElement.run] waiting for ScreenOn
07-21 18:44:57.688 D/PowerSaveService( 7938): PowerSaveReceiver EXTRA_STATUS: status = 5, lastCharging = true
07-21 18:44:57.688 D/UIABatteryMonitor(14280): notify battery changed. current level 100
07-21 18:44:57.828 E/SQLiteLog(19334): (1) no such table: msg_sync_log
07-21 18:44:57.828 D/        (  319): charger_monitor log_has_update will be set false
07-21 18:44:59.998 V/AlarmManager( 7714): Triggering alarm #0: Alarm{296fbf37 type 3 when 113845266 android android.intent.action.TIME_TICK}
07-21 18:45:02.828 D/        (  319): charger_monitor log_has_update will be set false
07-21 18:45:06.878 I/ActivityManager( 7714): Waited long enough for: ServiceRecord{2773f85b u0 com.oppo.market/com.oppo.statistics.upload.UploadService}
07-21 18:45:07.688 D/PowerSaveService( 7938): PowerSaveReceiver EXTRA_STATUS: status = 5, lastCharging = true
07-21 18:45:07.688 D/UIABatteryMonitor(14280): notify battery changed. current level 100
07-21 18:45:07.828 D/        (  319): charger_monitor log_has_update will be set false
07-21 18:45:12.778 W/Watchdog_N( 7714): !@WatchDog_2959;
07-21 18:45:12.828 D/        (  319): charger_monitor log_has_update will be set false
07-21 18:45:14.768 D/WorkerThreadMonitor( 8827): Kill MSF check result[ senderSize:0,sendInterval:23143,receiveInterval=23092,addCmdCount=553
07-21 18:45:17.828 D/        (  319): charger_monitor log_has_update will be set false
07-21 18:45:22.688 D/PowerSaveService( 7938): PowerSaveReceiver EXTRA_STATUS: status = 5, lastCharging = true
07-21 18:45:22.688 D/UIABatteryMonitor(14280): notify battery changed. current level 100
07-21 18:45:22.828 D/        (  319): charger_monitor log_has_update will be set false
07-21 18:45:27.828 D/        (  319): charger_monitor log_has_update will be set false
07-21 18:45:27.828 E/SQLiteLog(19334): (1) no such table: msg_sync_log
07-21 18:45:32.838 D/        (  319): charger_monitor log_has_update will be set false
07-21 18:45:37.838 D/        (  319): charger_monitor log_has_update will be set false
07-21 18:45:42.788 W/Watchdog_N( 7714): !@WatchDog_2960;
07-21 18:45:42.838 D/        (  319): charger_monitor log_has_update will be set false
07-21 18:45:47.688 D/PowerSaveService( 7938): PowerSaveReceiver EXTRA_STATUS: status = 5, lastCharging = true
07-21 18:45:47.688 D/UIABatteryMonitor(14280): notify battery changed. current level 100
07-21 18:45:47.838 D/        (  319): charger_monitor log_has_update will be set false
07-21 18:45:48.688 D/MSF.C.NetConnTag( 8827): preDetectTimeoutMsg cmd:GSI2MRk9Ky4vMQMiKHYGFw4cFhUZHXccCwAVCxwUBB0VERUF, ssoSeq:60255
07-21 18:45:48.688 D/MSF.C.NetConnTag( 8827): pa ok: 60257
07-21 18:45:48.688 D/MSF.C.NetConnTag( 8827): netSend ssoSeq:60257 uin:0 cmd:AiYxJi46IDs+bRE4My4g 60399 3127acf
07-21 18:45:48.718 D/MSF.C.NetConnTag( 8827): netRecv ssoSeq:60257 uin:0 cmd:AiYxJi46IDs+bRE4My4g 60323 cross:0
07-21 18:45:51.638 D/MSF.C.LogManager( 8827): clean and compress log
07-21 18:45:51.638 D/MSF.C.LogManager( 8827): compress log com.tencent.mobileqq_MSF.18.07.21.15.log
07-21 18:45:51.668 D/MSF.C.LogManager( 8827): compress log com.tencent.mobileqq_MSF.18.07.21.16.log
07-21 18:45:51.688 D/MSF.C.LogManager( 8827): compress log com.tencent.mobileqq.18.07.21.16.log
07-21 18:45:51.708 D/MSF.C.LogManager( 8827): compress log com.tencent.mobileqq_MSF.18.07.21.17.log
07-21 18:45:51.708 D/MSF.C.LogManager( 8827): compress log com.tencent.mobileqq.18.07.21.17.log
07-21 18:45:51.718 D/MSF.C.LogManager( 8827): compress log com.tencent.mobileqq_MSF.18.07.21.14.log
07-21 18:45:52.838 D/        (  319): charger_monitor log_has_update will be set false
07-21 18:45:53.448 W/Settings( 8827): Setting airplane_mode_on has moved from android.provider.Settings.System to android.provider.Settings.Global, returning read-only value.
07-21 18:45:57.838 E/SQLiteLog(19334): (1) no such table: msg_sync_log
07-21 18:45:57.838 D/        (  319): charger_monitor log_has_update will be set false
07-21 18:45:58.628 D/MSF.C.NetConnTag( 8827): netRecv ssoSeq:60255 uin:*7177 cmd:GSI2MRk9Ky4vMQMiKHYGFw4cFhUZHXccCwAVCxwUBB0VERUF costTime:159950 SignalStrengths wifi:31 gsm:19 cdma:-120 net:2 code:1002 failMsg:wait serverResp timeout
07-21 18:45:58.628 D/MSF.C.NetConnTag( 8827): found timeout msg check time: timenow = 1532169958638 firstSendHeartBeatTime = 1532169948689 ConfigManager.getHeartBeatTimeInterval() = 60000
07-21 18:45:58.628 I/MSF.S.AppProcessManager( 8827): SendToApp process:com.tencent.mobileqq fromServiceMsg: FromServiceMsg msName:unknown ssoSeq:60255 serviceCmd:SafeCenterSvr.CMD_FACE2FACE_FLAG_REQ appSeq:81 failCode:1002 cost=2 needBoot=false
07-21 18:45:58.628 D/MSF.C.NetConnTag( 8827): netRecv ssoSeq:60199 uin:*7177 cmd:GSI2MRk9Ky4vMQMiKHYGFw4cFhUZHXccCwAVCxwUBB0VERUF costTime:480000 SignalStrengths wifi:31 gsm:19 cdma:-120 net:2 code:1002 failMsg:wait serverResp timeout
07-21 18:45:58.628 D/MSF.C.NetConnTag( 8827): found timeout msg check time: timenow = 1532169958642 firstSendHeartBeatTime = 1532169948689 ConfigManager.getHeartBeatTimeInterval() = 60000
07-21 18:45:58.638 I/MSF.S.AppProcessManager( 8827): SendToApp process:com.tencent.mobileqq fromServiceMsg: FromServiceMsg msName:unknown ssoSeq:60199 serviceCmd:SafeCenterSvr.CMD_FACE2FACE_FLAG_REQ appSeq:36 failCode:1002 cost=3 needBoot=false
07-21 18:45:58.688 D/MSF.C.NetConnTag( 8827): netRecv ssoSeq:60252 uin:*7177 cmd:GSI2MRk9Ky4vMQMiKHYGFw4cFhUZHXccCwAVCxwUBB0VERUF costTime:319975 SignalStrengths wifi:31 gsm:19 cdma:-120 net:2 code:1002 failMsg:wait serverResp timeout
07-21 18:45:58.688 I/MSF.S.AppProcessManager( 8827): SendToApp PUSH process:com.tencent.mobileqq fromServiceMsg: FromServiceMsg msName:onConnWeakNet ssoSeq:-1 serviceCmd:cmd_connWeakNet appSeq:60258 failCode:1000 cost=2 needBoot=false
07-21 18:45:58.688 D/MSF.C.NetConnTag( 8827): found timeout msg check time: timenow = 1532169958697 firstSendHeartBeatTime = 1532169948689 ConfigManager.getHeartBeatTimeInterval() = 60000
07-21 18:45:58.688 I/FileTransferHandler<FileAssistant>(19334): handleResistTerrorist: resp is timeout[1002]
07-21 18:45:58.688 I/MSF.S.AppProcessManager( 8827): SendToApp process:com.tencent.mobileqq fromServiceMsg: FromServiceMsg msName:unknown ssoSeq:60252 serviceCmd:SafeCenterSvr.CMD_FACE2FACE_FLAG_REQ appSeq:79 failCode:1002 cost=2 needBoot=false
07-21 18:45:59.998 V/AlarmManager( 7714): Triggering alarm #0: Alarm{c615ca4 type 3 when 113905266 android android.intent.action.TIME_TICK}
07-21 18:46:02.678 D/UIABatteryMonitor(14280): notify battery changed. current level 100
07-21 18:46:02.678 D/PowerSaveService( 7938): PowerSaveReceiver EXTRA_STATUS: status = 5, lastCharging = true
07-21 18:46:02.838 D/        (  319): charger_monitor log_has_update will be set false
07-21 18:46:03.448 W/Settings( 8827): Setting airplane_mode_on has moved from android.provider.Settings.System to android.provider.Settings.Global, returning read-only value.
07-21 18:46:03.448 W/Settings( 8827): Setting airplane_mode_on has moved from android.provider.Settings.System to android.provider.Settings.Global, returning read-only value.
07-21 18:46:03.448 W/Settings( 8827): Setting airplane_mode_on has moved from android.provider.Settings.System to android.provider.Settings.Global, returning read-only value.
07-21 18:46:07.688 D/PowerSaveService( 7938): PowerSaveReceiver EXTRA_STATUS: status = 5, lastCharging = true
07-21 18:46:07.688 D/UIABatteryMonitor(14280): notify battery changed. current level 100
07-21 18:46:07.848 D/        (  319): charger_monitor log_has_update will be set false
07-21 18:46:12.788 W/Watchdog_N( 7714): !@WatchDog_2961;
07-21 18:46:12.838 D/        (  319): charger_monitor log_has_update will be set false
07-21 18:46:14.768 D/WorkerThreadMonitor( 8827): Kill MSF check result[ senderSize:0,sendInterval:26090,receiveInterval=26059,addCmdCount=554
07-21 18:46:17.678 D/UIABatteryMonitor(14280): notify battery changed. current level 100
07-21 18:46:17.678 D/PowerSaveService( 7938): PowerSaveReceiver EXTRA_STATUS: status = 5, lastCharging = true
07-21 18:46:17.838 D/        (  319): charger_monitor log_has_update will be set false
07-21 18:46:22.688 D/PowerSaveService( 7938): PowerSaveReceiver EXTRA_STATUS: status = 5, lastCharging = true
07-21 18:46:22.688 D/UIABatteryMonitor(14280): notify battery changed. current level 100
07-21 18:46:22.838 D/        (  319): charger_monitor log_has_update will be set false
07-21 18:46:27.688 D/PowerSaveService( 7938): PowerSaveReceiver EXTRA_STATUS: status = 5, lastCharging = true
07-21 18:46:27.688 D/UIABatteryMonitor(14280): notify battery changed. current level 100
07-21 18:46:27.848 D/        (  319): charger_monitor log_has_update will be set false
07-21 18:46:27.938 E/SQLiteLog(19334): (1) no such table: msg_sync_log
07-21 18:46:32.848 D/        (  319): charger_monitor log_has_update will be set false
07-21 18:46:37.848 D/        (  319): charger_monitor log_has_update will be set false
07-21 18:46:42.788 W/Watchdog_N( 7714): !@WatchDog_2962;
07-21 18:46:42.848 D/        (  319): charger_monitor log_has_update will be set false
07-21 18:46:47.848 D/        (  319): charger_monitor log_has_update will be set false
07-21 18:46:52.848 D/        (  319): charger_monitor log_has_update will be set false
07-21 18:46:57.848 D/        (  319): charger_monitor log_has_update will be set false
07-21 18:46:57.948 E/SQLiteLog(19334): (1) no such table: msg_sync_log
07-21 18:46:59.998 V/AlarmManager( 7714): Triggering alarm #0: Alarm{3a869a0d type 3 when 113965265 android android.intent.action.TIME_TICK}
07-21 18:47:02.678 D/PowerSaveService( 7938): PowerSaveReceiver EXTRA_STATUS: status = 5, lastCharging = true
07-21 18:47:02.688 D/UIABatteryMonitor(14280): notify battery changed. current level 100
07-21 18:47:02.848 D/        (  319): charger_monitor log_has_update will be set false
07-21 18:47:07.858 D/        (  319): charger_monitor log_has_update will be set false
07-21 18:47:12.788 W/Watchdog_N( 7714): !@WatchDog_2963;
07-21 18:47:12.858 D/        (  319): charger_monitor log_has_update will be set false
07-21 18:47:14.778 D/WorkerThreadMonitor( 8827): Kill MSF check result[ senderSize:0,sendInterval:86094,receiveInterval=26070,addCmdCount=554
07-21 18:47:17.858 D/        (  319): charger_monitor log_has_update will be set false
07-21 18:47:22.858 D/        (  319): charger_monitor log_has_update will be set false
07-21 18:47:27.678 D/PowerSaveService( 7938): PowerSaveReceiver EXTRA_STATUS: status = 5, lastCharging = true
07-21 18:47:27.678 D/UIABatteryMonitor(14280): notify battery changed. current level 100
07-21 18:47:27.848 D/        (  319): charger_monitor log_has_update will be set false
07-21 18:47:28.048 E/SQLiteLog(19334): (1) no such table: msg_sync_log
07-21 18:47:32.678 D/PowerSaveService( 7938): PowerSaveReceiver EXTRA_STATUS: status = 5, lastCharging = true
07-21 18:47:32.678 D/UIABatteryMonitor(14280): notify battery changed. current level 100
07-21 18:47:32.848 D/        (  319): charger_monitor log_has_update will be set false
07-21 18:47:37.858 D/        (  319): charger_monitor log_has_update will be set false
07-21 18:47:42.688 D/PowerSaveService( 7938): PowerSaveReceiver EXTRA_STATUS: status = 5, lastCharging = true
07-21 18:47:42.688 D/UIABatteryMonitor(14280): notify battery changed. current level 100
07-21 18:47:42.788 W/Watchdog_N( 7714): !@WatchDog_2964;
07-21 18:47:42.858 D/        (  319): charger_monitor log_has_update will be set false
07-21 18:47:47.858 D/        (  319): charger_monitor log_has_update will be set false
07-21 18:47:51.508 V/AlarmManager( 7714): Triggering alarm #0: Alarm{214dbdc2 type 0 when 1532170024262 com.tencent.mobileqq com.tencent.mobileqq:MSF_900546663}
07-21 18:47:51.508 V/AlarmManager( 7714): Triggering alarm #1: Alarm{23f717d3 type 0 when 1532170071518 com.coloros.appmanager com.oppo.android.service.ACSTART}
07-21 18:47:51.588 D/OppoAutoClearService( 7263):  [add] 12 [sort] 6 [launchCount] 6 [packageName] com.excelliance.dualaid
07-21 18:47:51.588 D/OppoAutoClearService( 7263):  [add] 10 [sort] 5 [launchCount] 5 [packageName] com.oppo.launcher
07-21 18:47:51.588 D/OppoAutoClearService( 7263):  [add] 8 [sort] 4 [launchCount] 4 [packageName] com.github.uiautomator
07-21 18:47:51.588 D/OppoAutoClearService( 7263):  [add] 6 [sort] 3 [launchCount] 3 [packageName] com.android.settings
07-21 18:47:52.678 D/PowerSaveService( 7938): PowerSaveReceiver EXTRA_STATUS: status = 5, lastCharging = true
07-21 18:47:52.678 D/UIABatteryMonitor(14280): notify battery changed. current level 100
07-21 18:47:52.858 D/        (  319): charger_monitor log_has_update will be set false
07-21 18:47:55.518 D/z       (17024): 40:[0]
07-21 18:47:55.518 D/SmtServService(17024): to start com.tencent.mm
07-21 18:47:55.518 D/SmtServService(17024): run: true
07-21 18:47:55.518 D/SmtCntService(17164): onStartCommand, mCntSvcHelper = com.excelliance.kxqp.SmtCntService$a@d9e9885
07-21 18:47:55.518 D/SmtCntService(17164): onStartCommand startId = 4
07-21 18:47:55.518 D/z       (17024): 27:[0, Intent { act=android.net.conn.CONNECTIVITY_CHANGE }, [com.tencent.mm]]
07-21 18:47:56.548 W/ProcessCpuTracker( 7714): Skipping unknown process pid 20472
07-21 18:47:56.748 D/OppoAutoClearService( 7263):  add perceptible pacakage: com.sohu.inputmethod.sogouoem
07-21 18:47:56.748 D/OppoAutoClearService( 7263):  add perceptible pacakage: com.android.providers.media
07-21 18:47:56.748 D/OppoAutoClearService( 7263):  add perceptible pacakage: com.android.providers.downloads
07-21 18:47:56.758 D/ANR_LOG ( 7263): >>>Message Blocked in Main Thread for 5224 ms <<<
07-21 18:47:56.758 D/ANR_LOG ( 7263): >>>History msg List is:
07-21 18:47:56.758 D/ANR_LOG ( 7263): History msg <1> { when=-5s224ms what=115 target=android.app.ActivityThread$H }, cost = 5224 ms
07-21 18:47:56.758 D/ANR_LOG ( 7263): History msg <2> { when=-2ms what=140 target=android.app.ActivityThread$H arg1=5 }, cost = 0 ms
07-21 18:47:56.758 D/ANR_LOG ( 7263): History msg <3> { when=-3ms what=140 target=android.app.ActivityThread$H arg1=5 }, cost = 2 ms
07-21 18:47:56.758 D/ANR_LOG ( 7263): History msg <4> { when=-1ms what=140 target=android.app.ActivityThread$H arg1=5 }, cost = 0 ms
07-21 18:47:56.758 D/ANR_LOG ( 7263): History msg <5> { when=0 what=140 target=android.app.ActivityThread$H arg1=5 }, cost = 0 ms
07-21 18:47:56.758 D/ANR_LOG ( 7263): History msg <6> { when=-2ms what=140 target=android.app.ActivityThread$H arg1=5 }, cost = 0 ms
07-21 18:47:56.758 D/ANR_LOG ( 7263): History msg <7> { when=-3ms what=140 target=android.app.ActivityThread$H arg1=5 }, cost = 0 ms
07-21 18:47:56.758 D/ANR_LOG ( 7263): History msg <8> { when=-1ms what=140 target=android.app.ActivityThread$H arg1=5 }, cost = 0 ms
07-21 18:47:56.758 D/ANR_LOG ( 7263): History msg <9> { when=-3ms what=140 target=android.app.ActivityThread$H arg1=5 }, cost = 0 ms
07-21 18:47:56.758 D/ANR_LOG ( 7263): History msg <10> { when=-3ms what=140 target=android.app.ActivityThread$H arg1=5 }, cost = 0 ms
07-21 18:47:56.758 D/ANR_LOG ( 7263): >>>Current msg List in com.coloros.oppomorningsystem is:
07-21 18:47:56.758 D/ANR_LOG ( 7263): Current msg <1>  = { when=-21ms what=131 target=android.app.ActivityThread$H obj=android.app.ActivityThread$ProviderRefCount@18413a61 }
07-21 18:47:56.758 D/ANR_LOG ( 7263): Current msg <2>  = { when=+9s776ms what=0 target=android.app.ActivityThread$H callback=android.os.PowerManager$WakeLock$1 }
07-21 18:47:56.758 D/ANR_LOG ( 7263): >>>MSG DUMP OVER<<<
07-21 18:47:56.758 D/SettingsApplication( 7669): =====setClearRunningAppServiceRunning=====  true
07-21 18:47:56.758 D/ClearRunningAppService( 7669): onStartCommand action: oppo.intent.action.REQUEST_APP_CLEAN_RUNNING
07-21 18:47:56.758 I/ClearRunningAppService( 7669): onStartCommand, mIsShowCleanFinishToast:false
07-21 18:47:56.758 I/ClearRunningAppService( 7669): onStartCommand, isLearningClearing:true
07-21 18:47:56.788 E/ClearRunningAppService( 7669): onStartCommand RunningAppProcessInfo runningAppProcessInfo.processName = com.excelliance.dualaid:olle
07-21 18:47:56.788 E/ClearRunningAppService( 7669): onStartCommand RunningAppProcessInfo runningAppProcessInfo.pid = 16993
07-21 18:47:56.788 E/ClearRunningAppService( 7669): onStartCommand runningAppProcessInfo.pkgList packageName = com.excelliance.dualaid
07-21 18:47:56.788 E/ClearRunningAppService( 7669): onStartCommand isDelete = false
07-21 18:47:56.788 E/ClearRunningAppService( 7669): onStartCommand RunningAppProcessInfo runningAppProcessInfo.processName = com.android.settings
07-21 18:47:56.788 E/ClearRunningAppService( 7669): onStartCommand RunningAppProcessInfo runningAppProcessInfo.pid = 7669
07-21 18:47:56.788 E/ClearRunningAppService( 7669): onStartCommand runningAppProcessInfo.pkgList packageName = com.android.settings
07-21 18:47:56.788 E/ClearRunningAppService( 7669): onStartCommand isDelete = false
07-21 18:47:56.788 E/ClearRunningAppService( 7669): onStartCommand RunningAppProcessInfo runningAppProcessInfo.processName = com.oppo.market:dcs
07-21 18:47:56.788 E/ClearRunningAppService( 7669): onStartCommand RunningAppProcessInfo runningAppProcessInfo.pid = 20373
07-21 18:47:56.788 E/ClearRunningAppService( 7669): onStartCommand runningAppProcessInfo.pkgList packageName = com.oppo.market
07-21 18:47:56.798 E/ClearRunningAppService( 7669): getLocks start
07-21 18:47:56.818 E/ClearRunningAppService( 7669): onStartCommand isDelete = true
07-21 18:47:56.818 D/ClearRunningAppService( 7669): forceStopPackage: [com.oppo.market]
07-21 18:47:56.818 D/ActivityManager( 7714): for debug: forceStopPackage[pkg:com.oppo.market,userId:0], caller[pid:7669,uid:1000]
07-21 18:47:56.818 I/ActivityManager( 7714): Force stopping com.oppo.market appid=10033 user=0: from pid 7669
07-21 18:47:56.818 I/ActivityManager( 7714): Killing 20373:com.oppo.market:dcs/u0a33 (adj 5): stop com.oppo.market
07-21 18:47:56.888 D/MSF.C.NetConnTag( 8827): pa ok: 60259
07-21 18:47:56.888 D/MSF.C.NetConnTag( 8827): netSend ssoSeq:60259 uin:*7177 cmd:LDE5MTQ8KTM5N34TPywWMyczPDEVNikzJCYWJjM9Kz4DLTY7CD00 60487 3127acf
07-21 18:47:56.918 W/ActivityManager( 7714): Scheduling restart of crashed service com.oppo.market/com.oppo.statistics.upload.UploadService in 1000ms
07-21 18:47:56.918 I/ActivityManager( 7714): Killing 18313:com.oppo.market/u0a33 (adj 13): stop com.oppo.market
07-21 18:47:56.928 D/MSF.C.NetConnTag( 8827): netRecv ssoSeq:60259 uin:*7177 cmd:LDE5MTQ8KTM5N34TPywWMyczPDEVNikzJCYWJjM9Kz4DLTY7CD00 60787 cross:0
07-21 18:47:56.938 I/MSF.S.AppProcessManager( 8827): SendToApp process:com.tencent.mobileqq fromServiceMsg: FromServiceMsg msName:unknown ssoSeq:60259 serviceCmd:friendlist.GetSimpleOnlineFriendInfoReq appSeq:83 failCode:1000 cost=5 needBoot=false
07-21 18:47:57.038 E/ClearRunningAppService( 7669): onStartCommand RunningAppProcessInfo runningAppProcessInfo.processName = com.tencent.mobileqq
07-21 18:47:57.038 E/ClearRunningAppService( 7669): onStartCommand RunningAppProcessInfo runningAppProcessInfo.pid = 19334
07-21 18:47:57.038 E/ClearRunningAppService( 7669): onStartCommand runningAppProcessInfo.pkgList packageName = com.tencent.mobileqq
07-21 18:47:57.038 E/ClearRunningAppService( 7669): onStartCommand isDelete = false
07-21 18:47:57.038 E/ClearRunningAppService( 7669): onStartCommand RunningAppProcessInfo runningAppProcessInfo.processName = com.nearme.statistics.rom
07-21 18:47:57.038 E/ClearRunningAppService( 7669): onStartCommand RunningAppProcessInfo runningAppProcessInfo.pid = 7617
07-21 18:47:57.038 E/ClearRunningAppService( 7669): onStartCommand runningAppProcessInfo.pkgList packageName = com.nearme.statistics.rom
07-21 18:47:57.038 E/ClearRunningAppService( 7669): onStartCommand isDelete = false
07-21 18:47:57.038 E/ClearRunningAppService( 7669): onStartCommand RunningAppProcessInfo runningAppProcessInfo.processName = com.excelliance.dualaid
07-21 18:47:57.038 E/ClearRunningAppService( 7669): onStartCommand RunningAppProcessInfo runningAppProcessInfo.pid = 17024
07-21 18:47:57.038 W/ActivityManager( 7714): Scheduling restart of crashed service com.oppo.market/a.a.a.zd in 1000ms
07-21 18:47:57.038 I/ActivityManager( 7714):   Force stopping service ServiceRecord{1da413dc u0 com.oppo.market/a.a.a.zd}
07-21 18:47:57.038 W/ActivityManager( 7714): Spurious death for ProcessRecord{320fca09 20373:com.oppo.market:dcs/u0a33}, curProc for 20373: null
07-21 18:47:57.038 W/ActivityManager( 7714): Spurious death for ProcessRecord{2c3df40e 18313:com.oppo.market/u0a33}, curProc for 18313: null
07-21 18:47:57.048 E/ClearRunningAppService( 7669): onStartCommand runningAppProcessInfo.pkgList packageName = com.excelliance.dualaid
07-21 18:47:57.048 E/ClearRunningAppService( 7669): onStartCommand isDelete = false
07-21 18:47:57.048 E/ClearRunningAppService( 7669): onStartCommand RunningAppProcessInfo runningAppProcessInfo.processName = com.excelliance.dualaid:lbcore
07-21 18:47:57.048 E/ClearRunningAppService( 7669): onStartCommand RunningAppProcessInfo runningAppProcessInfo.pid = 17119
07-21 18:47:57.048 E/ClearRunningAppService( 7669): onStartCommand runningAppProcessInfo.pkgList packageName = com.excelliance.dualaid
07-21 18:47:57.048 E/ClearRunningAppService( 7669): onStartCommand isDelete = false
07-21 18:47:57.048 E/ClearRunningAppService( 7669): onStartCommand RunningAppProcessInfo runningAppProcessInfo.processName = com.excelliance.dualaid:smtcnt
07-21 18:47:57.048 E/ClearRunningAppService( 7669): onStartCommand RunningAppProcessInfo runningAppProcessInfo.pid = 17164
07-21 18:47:57.048 E/ClearRunningAppService( 7669): onStartCommand runningAppProcessInfo.pkgList packageName = com.excelliance.dualaid
07-21 18:47:57.048 E/ClearRunningAppService( 7669): onStartCommand isDelete = false
07-21 18:47:57.048 E/ClearRunningAppService( 7669): onStartCommand RunningAppProcessInfo runningAppProcessInfo.processName = com.android.documentsui
07-21 18:47:57.048 E/ClearRunningAppService( 7669): onStartCommand RunningAppProcessInfo runningAppProcessInfo.pid = 16276
07-21 18:47:57.048 E/ClearRunningAppService( 7669): onStartCommand runningAppProcessInfo.pkgList packageName = com.android.documentsui
07-21 18:47:57.058 E/ClearRunningAppService( 7669): getLocks start
07-21 18:47:57.058 E/ClearRunningAppService( 7669): onStartCommand isDelete = true
07-21 18:47:57.058 D/ClearRunningAppService( 7669): forceStopPackage: [com.android.documentsui]
07-21 18:47:57.058 D/ActivityManager( 7714): for debug: forceStopPackage[pkg:com.android.documentsui,userId:0], caller[pid:7669,uid:1000]
07-21 18:47:57.058 I/ActivityManager( 7714): Force stopping com.android.documentsui appid=10029 user=0: from pid 7669
07-21 18:47:57.058 I/ActivityManager( 7714): Killing 16276:com.android.documentsui/u0a29 (adj 11): stop com.android.documentsui
07-21 18:47:57.278 E/ClearRunningAppService( 7669): onStartCommand RunningAppProcessInfo runningAppProcessInfo.processName = com.github.uiautomator
07-21 18:47:57.278 E/ClearRunningAppService( 7669): onStartCommand RunningAppProcessInfo runningAppProcessInfo.pid = 14280
07-21 18:47:57.278 E/ClearRunningAppService( 7669): onStartCommand runningAppProcessInfo.pkgList packageName = com.github.uiautomator
07-21 18:47:57.278 E/ClearRunningAppService( 7669): onStartCommand isDelete = false
07-21 18:47:57.278 E/ClearRunningAppService( 7669): onStartCommand RunningAppProcessInfo runningAppProcessInfo.processName = com.android.calendar
07-21 18:47:57.278 E/ClearRunningAppService( 7669): onStartCommand RunningAppProcessInfo runningAppProcessInfo.pid = 11412
07-21 18:47:57.278 W/ActivityManager( 7714): Spurious death for ProcessRecord{7915e2f 16276:com.android.documentsui/u0a29}, curProc for 16276: null
07-21 18:47:57.288 E/ClearRunningAppService( 7669): onStartCommand runningAppProcessInfo.pkgList packageName = com.android.calendar
07-21 18:47:57.288 E/ClearRunningAppService( 7669): getLocks start
07-21 18:47:57.298 E/ClearRunningAppService( 7669): onStartCommand isDelete = true
07-21 18:47:57.298 D/ClearRunningAppService( 7669): forceStopPackage: [com.android.calendar]
07-21 18:47:57.298 D/ActivityManager( 7714): for debug: forceStopPackage[pkg:com.android.calendar,userId:0], caller[pid:7669,uid:1000]
07-21 18:47:57.298 I/ActivityManager( 7714): Force stopping com.android.calendar appid=10021 user=0: from pid 7669
07-21 18:47:57.298 I/ActivityManager( 7714): Killing 11412:com.android.calendar/u0a21 (adj 13): stop com.android.calendar
07-21 18:47:57.408 E/ClearRunningAppService( 7669): onStartCommand RunningAppProcessInfo runningAppProcessInfo.processName = com.oppo.market
07-21 18:47:57.408 E/ClearRunningAppService( 7669): onStartCommand RunningAppProcessInfo runningAppProcessInfo.pid = 18313
07-21 18:47:57.408 W/ActivityManager( 7714): Spurious death for ProcessRecord{af19c3c 11412:com.android.calendar/u0a21}, curProc for 11412: null
07-21 18:47:57.418 E/ClearRunningAppService( 7669): onStartCommand runningAppProcessInfo.pkgList packageName = com.oppo.market
07-21 18:47:57.418 E/ClearRunningAppService( 7669): getLocks start
07-21 18:47:57.428 E/ClearRunningAppService( 7669): onStartCommand isDelete = true
07-21 18:47:57.428 D/ClearRunningAppService( 7669): forceStopPackage: [com.oppo.market]
07-21 18:47:57.428 E/ClearRunningAppService( 7669): onStartCommand RunningAppProcessInfo runningAppProcessInfo.processName = com.android.browser:mcs
07-21 18:47:57.428 E/ClearRunningAppService( 7669): onStartCommand RunningAppProcessInfo runningAppProcessInfo.pid = 14103
07-21 18:47:57.428 E/ClearRunningAppService( 7669): onStartCommand runningAppProcessInfo.pkgList packageName = com.android.browser
07-21 18:47:57.428 D/ActivityManager( 7714): for debug: forceStopPackage[pkg:com.oppo.market,userId:0], caller[pid:7669,uid:1000]
07-21 18:47:57.428 I/ActivityManager( 7714): Force stopping com.oppo.market appid=10033 user=0: from pid 7669
07-21 18:47:57.438 E/ClearRunningAppService( 7669): getLocks start
07-21 18:47:57.448 E/ClearRunningAppService( 7669): onStartCommand isDelete = true
07-21 18:47:57.448 D/ClearRunningAppService( 7669): forceStopPackage: [com.android.browser]
07-21 18:47:57.448 D/ActivityManager( 7714): for debug: forceStopPackage[pkg:com.android.browser,userId:0], caller[pid:7669,uid:1000]
07-21 18:47:57.448 I/ActivityManager( 7714): Force stopping com.android.browser appid=10018 user=0: from pid 7669
07-21 18:47:57.448 I/ActivityManager( 7714): Killing 14103:com.android.browser:mcs/u0a18 (adj 15): stop com.android.browser
07-21 18:47:57.668 E/ClearRunningAppService( 7669): onStartCommand RunningAppProcessInfo runningAppProcessInfo.processName = com.nearme.gamecenter:mcs
07-21 18:47:57.668 E/ClearRunningAppService( 7669): onStartCommand RunningAppProcessInfo runningAppProcessInfo.pid = 14074
07-21 18:47:57.668 E/ClearRunningAppService( 7669): onStartCommand runningAppProcessInfo.pkgList packageName = com.nearme.gamecenter
07-21 18:47:57.668 W/ActivityManager( 7714): Spurious death for ProcessRecord{18e1fdc5 14103:com.android.browser:mcs/u0a18}, curProc for 14103: null
07-21 18:47:57.678 E/ClearRunningAppService( 7669): getLocks start
07-21 18:47:57.678 D/UIABatteryMonitor(14280): notify battery changed. current level 100
07-21 18:47:57.678 D/PowerSaveService( 7938): PowerSaveReceiver EXTRA_STATUS: status = 5, lastCharging = true
07-21 18:47:57.688 E/ClearRunningAppService( 7669): onStartCommand isDelete = true
07-21 18:47:57.688 D/ClearRunningAppService( 7669): forceStopPackage: [com.nearme.gamecenter]
07-21 18:47:57.688 D/ActivityManager( 7714): for debug: forceStopPackage[pkg:com.nearme.gamecenter,userId:0], caller[pid:7669,uid:1000]
07-21 18:47:57.688 I/ActivityManager( 7714): Force stopping com.nearme.gamecenter appid=10033 user=0: from pid 7669
07-21 18:47:57.688 I/ActivityManager( 7714): Killing 14074:com.nearme.gamecenter:mcs/u0a33 (adj 15): stop com.nearme.gamecenter
07-21 18:47:57.798 E/ClearRunningAppService( 7669): onStartCommand RunningAppProcessInfo runningAppProcessInfo.processName = com.oppo.usercenter:mcs
07-21 18:47:57.798 E/ClearRunningAppService( 7669): onStartCommand RunningAppProcessInfo runningAppProcessInfo.pid = 14047
07-21 18:47:57.798 E/ClearRunningAppService( 7669): onStartCommand runningAppProcessInfo.pkgList packageName = com.oppo.usercenter
07-21 18:47:57.798 W/ActivityManager( 7714): Spurious death for ProcessRecord{3ee9431a 14074:com.nearme.gamecenter:mcs/u0a33}, curProc for 14074: null
07-21 18:47:57.808 E/ClearRunningAppService( 7669): getLocks start
07-21 18:47:57.808 E/ClearRunningAppService( 7669): onStartCommand isDelete = true
07-21 18:47:57.808 D/ClearRunningAppService( 7669): forceStopPackage: [com.oppo.usercenter]
07-21 18:47:57.808 D/ActivityManager( 7714): for debug: forceStopPackage[pkg:com.oppo.usercenter,userId:0], caller[pid:7669,uid:1000]
07-21 18:47:57.808 I/ActivityManager( 7714): Force stopping com.oppo.usercenter appid=10043 user=0: from pid 7669
07-21 18:47:57.808 I/ActivityManager( 7714): Killing 18350:com.oppo.usercenter/u0a43 (adj 15): stop com.oppo.usercenter
07-21 18:47:57.858 D/        (  319): charger_monitor log_has_update will be set false
07-21 18:47:57.918 I/ActivityManager( 7714): Killing 14047:com.oppo.usercenter:mcs/u0a43 (adj 15): stop com.oppo.usercenter
07-21 18:47:58.138 E/ClearRunningAppService( 7669): onStartCommand RunningAppProcessInfo runningAppProcessInfo.processName = com.oppo.yellowpage
07-21 18:47:58.138 E/ClearRunningAppService( 7669): onStartCommand RunningAppProcessInfo runningAppProcessInfo.pid = 13849
07-21 18:47:58.138 E/ClearRunningAppService( 7669): onStartCommand runningAppProcessInfo.pkgList packageName = com.oppo.yellowpage
07-21 18:47:58.138 E/ClearRunningAppService( 7669): getLocks start
07-21 18:47:58.138 W/ActivityManager( 7714): Spurious death for ProcessRecord{1bdfae4b 18350:com.oppo.usercenter/u0a43}, curProc for 18350: null
07-21 18:47:58.138 W/ActivityManager( 7714): Spurious death for ProcessRecord{1e5a4028 14047:com.oppo.usercenter:mcs/u0a43}, curProc for 14047: null
07-21 18:47:58.148 E/SQLiteLog(19334): (1) no such table: msg_sync_log
07-21 18:47:58.148 E/ClearRunningAppService( 7669): onStartCommand isDelete = true
07-21 18:47:58.148 D/ClearRunningAppService( 7669): forceStopPackage: [com.oppo.yellowpage]
07-21 18:47:58.148 D/ActivityManager( 7714): for debug: forceStopPackage[pkg:com.oppo.yellowpage,userId:0], caller[pid:7669,uid:1000]
07-21 18:47:58.148 I/ActivityManager( 7714): Force stopping com.oppo.yellowpage appid=10033 user=0: from pid 7669
07-21 18:47:58.158 I/ActivityManager( 7714): Killing 13849:com.oppo.yellowpage/u0a33 (adj 15): stop com.oppo.yellowpage
07-21 18:47:58.258 W/ActivityManager( 7714): Scheduling restart of crashed service com.oppo.yellowpage/com.yulore.superyellowpage.service.IntelligentCacheService in 1000ms
07-21 18:47:58.258 I/ActivityManager( 7714):   Force stopping service ServiceRecord{355209de u0 com.oppo.yellowpage/com.yulore.superyellowpage.service.IntelligentCacheService}
07-21 18:47:58.268 E/ClearRunningAppService( 7669): onStartCommand RunningAppProcessInfo runningAppProcessInfo.processName = com.oppo.alarmclock
07-21 18:47:58.268 E/ClearRunningAppService( 7669): onStartCommand RunningAppProcessInfo runningAppProcessInfo.pid = 7310
07-21 18:47:58.268 W/ActivityManager( 7714): Spurious death for ProcessRecord{32e9b141 13849:com.oppo.yellowpage/u0a33}, curProc for 13849: null
07-21 18:47:58.278 E/ClearRunningAppService( 7669): onStartCommand runningAppProcessInfo.pkgList packageName = com.oppo.alarmclock
07-21 18:47:58.278 E/ClearRunningAppService( 7669): getLocks start
07-21 18:47:58.288 E/ClearRunningAppService( 7669): onStartCommand isDelete = true
07-21 18:47:58.288 D/ClearRunningAppService( 7669): forceStopPackage: [com.oppo.alarmclock]
07-21 18:47:58.288 D/ActivityManager( 7714): for debug: forceStopPackage[pkg:com.oppo.alarmclock,userId:0], caller[pid:7669,uid:1000]
07-21 18:47:58.288 I/ActivityManager( 7714): Force stopping com.oppo.alarmclock appid=10025 user=0: from pid 7669
07-21 18:47:58.288 I/ActivityManager( 7714): Killing 7310:com.oppo.alarmclock/u0a25 (adj 15): stop com.oppo.alarmclock
07-21 18:47:58.338 W/ActivityManager( 7714): Scheduling restart of crashed service com.oppo.alarmclock/.Timer.TimerService in 1000ms
07-21 18:47:58.338 I/ActivityManager( 7714):   Force stopping service ServiceRecord{ce0f5fb u0 com.oppo.alarmclock/.Timer.TimerService}
07-21 18:47:58.348 E/ClearRunningAppService( 7669): onStartCommand RunningAppProcessInfo runningAppProcessInfo.processName = com.android.dialer
07-21 18:47:58.348 E/ClearRunningAppService( 7669): onStartCommand RunningAppProcessInfo runningAppProcessInfo.pid = 7288
07-21 18:47:58.348 E/ClearRunningAppService( 7669): onStartCommand runningAppProcessInfo.pkgList packageName = com.android.dialer
07-21 18:47:58.348 E/ClearRunningAppService( 7669): getLocks start
07-21 18:47:58.348 W/ActivityManager( 7714): Spurious death for ProcessRecord{3ac876e6 7310:com.oppo.alarmclock/u0a25}, curProc for 7310: null
07-21 18:47:58.368 E/ClearRunningAppService( 7669): onStartCommand isDelete = true
07-21 18:47:58.368 D/ClearRunningAppService( 7669): forceStopPackage: [com.android.dialer]
07-21 18:47:58.368 D/ActivityManager( 7714): for debug: forceStopPackage[pkg:com.android.dialer,userId:0], caller[pid:7669,uid:1000]
07-21 18:47:58.368 I/ActivityManager( 7714): Force stopping com.android.dialer appid=10004 user=0: from pid 7669
07-21 18:47:58.368 I/ActivityManager( 7714): Killing 7288:com.android.dialer/u0a4 (adj 1): stop com.android.dialer
07-21 18:47:58.428 I/appmanager( 7826): onServiceDisconnected name == ComponentInfo{com.android.dialer/com.android.dialer.ColorAppServicesManagerClient} serviceInfo.mShouldStart = true
07-21 18:47:58.428 W/ActivityManager( 7714): Scheduling restart of crashed service com.android.dialer/.ColorAppServicesManagerClient in 1000ms
07-21 18:47:58.438 I/ActivityManager( 7714):   Force stopping service ServiceRecord{1ff131f5 u0 com.android.dialer/.ColorAppServicesManagerClient}
07-21 18:47:58.438 W/ActivityManager( 7714): Spurious death for ProcessRecord{3778e427 7288:com.android.dialer/u0a4}, curProc for 7288: null
07-21 18:47:58.938 D/appmanager( 7826): ----- nStartMode = 1
07-21 18:47:58.968 I/appmanager( 7826): bindService mPackageName = com.android.dialer
07-21 18:47:58.968 I/ActivityManager( 7714): Start proc 20478:com.android.dialer/u0a4 for service com.android.dialer/.ColorAppServicesManagerClient
07-21 18:47:58.978 I/art     (  730): Explicit concurrent mark sweep GC freed 707(30KB) AllocSpace objects, 0(0B) LOS objects, 98% free, 124KB/8MB, paused 307us total 17.494ms
07-21 18:47:59.008 I/art     (  730): Explicit concurrent mark sweep GC freed 7(240B) AllocSpace objects, 0(0B) LOS objects, 98% free, 124KB/8MB, paused 528us total 22.171ms
07-21 18:47:59.018 I/art     (  730): Explicit concurrent mark sweep GC freed 5(160B) AllocSpace objects, 0(0B) LOS objects, 98% free, 124KB/8MB, paused 301us total 14.798ms
07-21 18:47:59.028 I/appmanager( 7826): onServiceConnected + &&&&&&nameComponentInfo{com.android.dialer/com.android.dialer.ColorAppServicesManagerClient}
07-21 18:47:59.378 E/getLostRam( 7669): saveCleanTime size = 4
07-21 18:47:59.378 E/getLostRam( 7669): saveCleanTime size == 3
07-21 18:47:59.378 E/ClearRunningAppService( 7669): CLEAE_ALL_RUNNING_FINISH
07-21 18:47:59.378 D/WifiDisplayController( 7714): FORCE_CLOSE_ALL_PROCESS isAutoClean = true
07-21 18:47:59.418 D/SettingsApplication( 7669): =====setClearRunningAppServiceRunning=====  false
07-21 18:47:59.418 I/ActivityManager( 7714): Start proc 20501:com.oppo.alarmclock/u0a25 for broadcast com.oppo.alarmclock/.Timer.TimerAlertReceiver
07-21 18:47:59.458 W/ResourcesManager(20501): Asset path '/system/framework/android.test.runner.jar' does not exist or contains no resources.
07-21 18:47:59.488 D/OppoAbnormalAppManager( 7714): Now Begin Monitor App StartInfo's Time == 114024766
07-21 18:47:59.488 I/LogMsg  (20501): false mtk 
07-21 18:47:59.488 I/ActivityManager( 7714): Start proc 20524:com.oppo.speechassist/u0a60 for broadcast com.oppo.speechassist/.DaemonService$ScreenStateReciver
07-21 18:47:59.498 I/SpeechPhoneStateListener(20501): registerphoneStateListener for simId= -1
07-21 18:47:59.998 V/AlarmManager( 7714): Triggering alarm #0: Alarm{1196e235 type 3 when 114025266 android android.intent.action.TIME_TICK}
07-21 18:48:02.298 I/MSM-irqbalance(  660): Decided to move IRQ215 from CPU7 to CPU4
07-21 18:48:02.678 D/PowerSaveService( 7938): PowerSaveReceiver EXTRA_STATUS: status = 5, lastCharging = true
07-21 18:48:02.678 D/UIABatteryMonitor(14280): notify battery changed. current level 100
07-21 18:48:02.858 D/        (  319): charger_monitor log_has_update will be set false
07-21 18:48:07.678 D/PowerSaveService( 7938): PowerSaveReceiver EXTRA_STATUS: status = 5, lastCharging = true
07-21 18:48:07.678 D/UIABatteryMonitor(14280): notify battery changed. current level 100
07-21 18:48:07.858 D/        (  319): charger_monitor log_has_update will be set false
07-21 18:48:12.678 D/UIABatteryMonitor(14280): notify battery changed. current level 100
07-21 18:48:12.678 D/PowerSaveService( 7938): PowerSaveReceiver EXTRA_STATUS: status = 5, lastCharging = true
07-21 18:48:12.788 W/Watchdog_N( 7714): !@WatchDog_2965;
07-21 18:48:12.858 D/        (  319): charger_monitor log_has_update will be set false
07-21 18:48:14.538 I/ActivityManager( 7714): Waited long enough for: ServiceRecord{2c24779 u0 com.oppo.alarmclock/.Timer.TimerService}
07-21 18:48:14.778 D/WorkerThreadMonitor( 8827): Kill MSF check result[ senderSize:0,sendInterval:17885,receiveInterval=17844,addCmdCount=555
07-21 18:48:17.868 D/        (  319): charger_monitor log_has_update will be set false
07-21 18:48:22.868 D/        (  319): charger_monitor log_has_update will be set false
07-21 18:48:27.858 D/        (  319): charger_monitor log_has_update will be set false
07-21 18:48:28.198 E/SQLiteLog(19334): (1) no such table: msg_sync_log
07-21 18:48:32.868 D/        (  319): charger_monitor log_has_update will be set false
07-21 18:48:37.678 D/PowerSaveService( 7938): PowerSaveReceiver EXTRA_STATUS: status = 5, lastCharging = true
07-21 18:48:37.678 D/UIABatteryMonitor(14280): notify battery changed. current level 100
07-21 18:48:37.858 D/        (  319): charger_monitor log_has_update will be set false
07-21 18:48:42.788 W/Watchdog_N( 7714): !@WatchDog_2966;
07-21 18:48:42.868 D/        (  319): charger_monitor log_has_update will be set false
07-21 18:48:47.868 D/        (  319): charger_monitor log_has_update will be set false
07-21 18:48:52.868 D/        (  319): charger_monitor log_has_update will be set false
07-21 18:48:57.678 D/PowerSaveService( 7938): PowerSaveReceiver EXTRA_STATUS: status = 5, lastCharging = true
07-21 18:48:57.688 D/UIABatteryMonitor(14280): notify battery changed. current level 100
07-21 18:48:57.868 D/        (  319): charger_monitor log_has_update will be set false
07-21 18:48:58.298 E/SQLiteLog(19334): (1) no such table: msg_sync_log
07-21 18:48:59.998 V/AlarmManager( 7714): Triggering alarm #0: Alarm{2028a6ca type 3 when 114085266 android android.intent.action.TIME_TICK}
07-21 18:49:02.678 D/UIABatteryMonitor(14280): notify battery changed. current level 100
07-21 18:49:02.678 D/PowerSaveService( 7938): PowerSaveReceiver EXTRA_STATUS: status = 5, lastCharging = true
07-21 18:49:02.868 D/        (  319): charger_monitor log_has_update will be set false
07-21 18:49:07.688 D/UIABatteryMonitor(14280): notify battery changed. current level 100
07-21 18:49:07.688 D/PowerSaveService( 7938): PowerSaveReceiver EXTRA_STATUS: status = 5, lastCharging = true
07-21 18:49:07.868 D/        (  319): charger_monitor log_has_update will be set false
07-21 18:49:12.788 W/Watchdog_N( 7714): !@WatchDog_2967;
07-21 18:49:12.868 D/        (  319): charger_monitor log_has_update will be set false
07-21 18:49:14.788 D/WorkerThreadMonitor( 8827): Kill MSF check result[ senderSize:0,sendInterval:77889,receiveInterval=17856,addCmdCount=555
07-21 18:49:17.868 D/        (  319): charger_monitor log_has_update will be set false
07-21 18:49:22.678 D/PowerSaveService( 7938): PowerSaveReceiver EXTRA_STATUS: status = 5, lastCharging = true
07-21 18:49:22.678 D/UIABatteryMonitor(14280): notify battery changed. current level 100
07-21 18:49:22.868 D/        (  319): charger_monitor log_has_update will be set false
07-21 18:49:27.878 D/        (  319): charger_monitor log_has_update will be set false
07-21 18:49:28.398 E/SQLiteLog(19334): (1) no such table: msg_sync_log
07-21 18:49:32.678 D/PowerSaveService( 7938): PowerSaveReceiver EXTRA_STATUS: status = 5, lastCharging = true
07-21 18:49:32.678 D/UIABatteryMonitor(14280): notify battery changed. current level 100
07-21 18:49:32.868 D/        (  319): charger_monitor log_has_update will be set false
07-21 18:49:37.678 D/PowerSaveService( 7938): PowerSaveReceiver EXTRA_STATUS: status = 5, lastCharging = true
07-21 18:49:37.678 D/UIABatteryMonitor(14280): notify battery changed. current level 100
07-21 18:49:37.878 D/        (  319): charger_monitor log_has_update will be set false
07-21 18:49:42.678 D/UIABatteryMonitor(14280): notify battery changed. current level 100
07-21 18:49:42.678 D/PowerSaveService( 7938): PowerSaveReceiver EXTRA_STATUS: status = 5, lastCharging = true
07-21 18:49:42.798 W/Watchdog_N( 7714): !@WatchDog_2968;
07-21 18:49:42.878 D/        (  319): charger_monitor log_has_update will be set false
07-21 18:49:47.878 D/        (  319): charger_monitor log_has_update will be set false
07-21 18:49:52.878 D/        (  319): charger_monitor log_has_update will be set false
07-21 18:49:56.458 D/GuardManager( 8827): onEvent:4, 720000, 0
07-21 18:49:57.678 D/UIABatteryMonitor(14280): notify battery changed. current level 100
07-21 18:49:57.678 D/PowerSaveService( 7938): PowerSaveReceiver EXTRA_STATUS: status = 5, lastCharging = true
07-21 18:49:57.878 D/        (  319): charger_monitor log_has_update will be set false
07-21 18:49:58.478 W/Settings( 8827): Setting airplane_mode_on has moved from android.provider.Settings.System to android.provider.Settings.Global, returning read-only value.
07-21 18:49:58.498 E/SQLiteLog(19334): (1) no such table: msg_sync_log
07-21 18:49:59.988 V/AlarmManager( 7714): Triggering alarm #0: Alarm{1e5cc03b type 3 when 114145266 android android.intent.action.TIME_TICK}
07-21 18:50:02.678 D/UIABatteryMonitor(14280): notify battery changed. current level 100
07-21 18:50:02.678 D/PowerSaveService( 7938): PowerSaveReceiver EXTRA_STATUS: status = 5, lastCharging = true
07-21 18:50:02.878 D/        (  319): charger_monitor log_has_update will be set false
07-21 18:50:07.878 D/        (  319): charger_monitor log_has_update will be set false
07-21 18:50:12.798 W/Watchdog_N( 7714): !@WatchDog_2969;
07-21 18:50:12.878 D/        (  319): charger_monitor log_has_update will be set false
07-21 18:50:14.778 D/WorkerThreadMonitor( 8827): Kill MSF check result[ senderSize:0,sendInterval:137891,receiveInterval=17858,addCmdCount=555
07-21 18:50:17.878 D/        (  319): charger_monitor log_has_update will be set false
07-21 18:50:22.878 D/        (  319): charger_monitor log_has_update will be set false
07-21 18:50:27.878 D/        (  319): charger_monitor log_has_update will be set false
07-21 18:50:28.598 E/SQLiteLog(19334): (1) no such table: msg_sync_log
07-21 18:50:28.698 V/AlarmManager( 7714): Triggering alarm #0: Alarm{18b20358 type 0 when 1532170228707 com.tencent.mobileqq com.tencent.mobileqq:MSF_900546663}
07-21 18:50:32.678 D/UIABatteryMonitor(14280): notify battery changed. current level 100
07-21 18:50:32.678 D/PowerSaveService( 7938): PowerSaveReceiver EXTRA_STATUS: status = 5, lastCharging = true
07-21 18:50:32.878 D/        (  319): charger_monitor log_has_update will be set false
07-21 18:50:37.688 D/PowerSaveService( 7938): PowerSaveReceiver EXTRA_STATUS: status = 5, lastCharging = true
07-21 18:50:37.688 D/UIABatteryMonitor(14280): notify battery changed. current level 100
07-21 18:50:37.878 D/        (  319): charger_monitor log_has_update will be set false
07-21 18:50:42.678 D/PowerSaveService( 7938): PowerSaveReceiver EXTRA_STATUS: status = 5, lastCharging = true
07-21 18:50:42.678 D/UIABatteryMonitor(14280): notify battery changed. current level 100
07-21 18:50:42.798 W/Watchdog_N( 7714): !@WatchDog_2970;
07-21 18:50:42.888 D/        (  319): charger_monitor log_has_update will be set false
07-21 18:50:47.888 D/        (  319): charger_monitor log_has_update will be set false
07-21 18:50:52.888 D/        (  319): charger_monitor log_has_update will be set false
07-21 18:50:57.888 D/        (  319): charger_monitor log_has_update will be set false
07-21 18:50:58.708 E/SQLiteLog(19334): (1) no such table: msg_sync_log
