07-21 18:06:29.838 V/WindowManager( 7714): Changing focus from Window{12aafd46 u0 com.excelliance.dualaid/com.excelliance.kxqp.ui.MainActivity} to null Callers=com.android.server.wm.WindowManagerService.removeWindowLocked:2904 com.android.server.wm.WindowManagerService.removeWindowLocked:2813 com.android.server.wm.WindowState$DeathRecipient.binderDied:1291 android.os.BinderProxy.sendDeathNotice:551 
07-21 18:06:29.878 I/ActivityManager( 7714): Killing 10353:com.excelliance.dualaid:lebian/u0a264 (adj 5): depends on provider com.excelliance.dualaid/com.excelliance.kxqp.platform.PluginManagerProvider in dying proc com.excelliance.dualaid:lbcore
07-21 18:06:29.878 I/ActivityManager( 7714): Killing 10474:com.excelliance.dualaid:smtcnt/u0a264 (adj 1): depends on provider com.excelliance.dualaid/com.excelliance.kxqp.platform.PluginManagerProvider in dying proc com.excelliance.dualaid:lbcore
07-21 18:06:29.878 W/ActivityManager( 7714): Service crashed 0 times, stopping: ServiceRecord{1f9da8fb u0 com.excelliance.dualaid/com.android.ggapsvc.LBService}this is not core appcom.excelliance.dualaid:lebian
07-21 18:06:29.878 W/ActivityManager( 7714): Scheduling restart of crashed service com.excelliance.dualaid/com.excelliance.kxqp.SmtCntService in 10894ms
07-21 18:06:29.878 I/ActivityManager( 7714): Killing 10124:com.excelliance.dualaid:olle/u0a264 (adj 9): stop com.excelliance.dualaid
07-21 18:06:29.988 W/ActivityManager( 7714): Scheduling restart of crashed service com.excelliance.dualaid/com.excelliance.kxqp.FloatWindowService in 10788ms
07-21 18:06:29.988 W/ActivityManager( 7714): Scheduling restart of crashed service com.excelliance.dualaid/com.qq.e.comm.DownloadService in 20788ms
07-21 18:06:29.988 W/ActivityManager( 7714): Scheduling restart of crashed service com.excelliance.dualaid/com.excelliance.kxqp.SmtServService in 20788ms
07-21 18:06:29.988 W/ActivityManager( 7714): Force removing ActivityRecord{115bdb0d u0 com.excelliance.dualaid/com.excelliance.kxqp.ui.MainActivity t375}: app died, no saved state
07-21 18:06:29.988 I/ActivityManager( 7714):   Force stopping service ServiceRecord{8ee237a u0 com.excelliance.dualaid/com.excelliance.kxqp.SmtServService}
07-21 18:06:29.988 I/ActivityManager( 7714):   Force stopping service ServiceRecord{1cdce6da u0 com.excelliance.dualaid/com.excelliance.kxqp.platform.TrampolineService}
07-21 18:06:29.988 I/ActivityManager( 7714):   Force stopping service ServiceRecord{31d52140 u0 com.excelliance.dualaid/com.excelliance.kxqp.FloatWindowService}
07-21 18:06:29.988 D/ActivityManager( 7714): resumeTopActivityLocked: set keepResume to true.
07-21 18:06:30.008 W/ActivityManager( 7714): Spurious death for ProcessRecord{5b4592e 10271:com.excelliance.dualaid:lbcore/u0a264}, curProc for 10271: null
07-21 18:06:30.008 W/ActivityManager( 7714): Spurious death for ProcessRecord{2f8210e2 10474:com.excelliance.dualaid:smtcnt/u0a264}, curProc for 10474: null
07-21 18:06:30.008 W/ActivityManager( 7714): Spurious death for ProcessRecord{88a2ccf 10353:com.excelliance.dualaid:lebian/u0a264}, curProc for 10353: null
07-21 18:06:30.008 W/ActivityManager( 7714): Spurious death for ProcessRecord{35c0ddf 10156:com.excelliance.dualaid/u0a264}, curProc for 10156: null
07-21 18:06:30.008 W/ActivityManager( 7714): Spurious death for ProcessRecord{3396565c 10124:com.excelliance.dualaid:olle/u0a264}, curProc for 10124: null
07-21 18:06:30.028 V/WindowManager( 7714): Changing focus from null to Window{1b98542a u0 com.oppo.launcher/com.oppo.launcher.Launcher} Callers=com.android.server.wm.WindowManagerService.relayoutWindow:3527 com.android.server.wm.Session.relayout:197 android.view.IWindowSession$Stub.onTransact:273 com.android.server.wm.Session.onTransact:130 
07-21 18:06:30.048 W/InputMethodManagerService( 7714): Got RemoteException sending setActive(false) notification to pid 10156 uid 10264
07-21 18:06:30.068 I/ActivityManager( 7714): Start proc 10532:com.oppo.weather.locationservice/u0a63 for service com.oppo.weather.locationservice/.GetLocationService
07-21 18:06:30.168 I/ActivityManager( 7714): Start proc 10563:com.oppo.weather.locationservice:remote/u0a63 for service com.oppo.weather.locationservice/com.baidu.location.f
07-21 18:06:30.388 W/BroadcastQueue( 7714): Permission Denial: broadcasting Intent { act=com.oppo.weather.action.auto_get_location flg=0x10 (has extras) } from com.oppo.weather.locationservice (pid=10532, uid=10063) is not exported from uid 10008 due to receiver com.android.mms/com.ted.sdk.mms.LocationReceiver
07-21 18:06:30.408 V/Process (10563): killProcess [10563] Callers=com.baidu.location.f.bU:-1 com.baidu.location.f.do:-1 com.baidu.location.f$a.handleMessage:-1 android.os.Handler.dispatchMessage:102 
07-21 18:06:30.508 I/ActivityManager( 7714): Process com.oppo.weather.locationservice (pid 10532) has died
07-21 18:06:30.508 D/ActivityManager( 7714): cleanUpApplicationRecordLocked:goodbye proc com.oppo.weather.locationservice
07-21 18:06:30.518 I/ActivityManager( 7714): Process com.oppo.weather.locationservice:remote (pid 10563) has died
07-21 18:06:30.518 D/ActivityManager( 7714): cleanUpApplicationRecordLocked:goodbye proc com.oppo.weather.locationservice:remote
07-21 18:06:31.658 W/BroadcastQueue( 7714): Skipping deliver [background] BroadcastRecord{9171245 u-1 android.net.conn.CONNECTIVITY_CHANGE} to ReceiverList{cc1fd9a 10600 (unknown name)/2000/u-1 remote:2f7e3eaf}: process crashing
07-21 18:06:31.668 I/ActivityManager( 7714): START u0 {act=android.intent.action.MAIN cat=[android.intent.category.LAUNCHER] flg=0x10200000 cmp=com.excelliance.dualaid/com.excelliance.kxqp.ui.HelloActivity} from uid 2000 and from pid 10600 on display 0
07-21 18:06:31.668 V/WindowManager( 7714): addAppToken: AppWindowToken{369b8dc1 token=Token{316fbea8 ActivityRecord{8fa16cb u0 com.excelliance.dualaid/com.excelliance.kxqp.ui.HelloActivity t376}}} to stack=1 task=376 at 0
07-21 18:06:31.688 D/ImmersiveModeConfirmation( 7714): loadSetting() mCurrentUserId=0 resetForPanic=false
07-21 18:06:31.688 D/ImmersiveModeConfirmation( 7714): Loaded mConfirmed=true
07-21 18:06:31.688 D/PolicyControl( 7714): reloadFromSetting()
07-21 18:06:31.688 D/PolicyControl( 7714): setFilters: null
07-21 18:06:31.688 D/PolicyControl( 7714): immersiveStatusFilter: null
07-21 18:06:31.688 D/PolicyControl( 7714): immersiveNavigationFilter: null
07-21 18:06:31.688 D/PolicyControl( 7714): immersivePreconfirmationsFilter: null
07-21 18:06:31.708 I/ActivityManager( 7714): Start proc 10619:com.excelliance.dualaid:olle/u0a264 for activity com.excelliance.dualaid/com.excelliance.kxqp.ui.HelloActivity
07-21 18:06:31.718 D/ImmersiveModeConfirmation( 7714): loadSetting() mCurrentUserId=0 resetForPanic=false
07-21 18:06:31.718 D/ImmersiveModeConfirmation( 7714): Loaded mConfirmed=true
07-21 18:06:31.718 D/PolicyControl( 7714): reloadFromSetting()
07-21 18:06:31.718 D/PolicyControl( 7714): setFilters: null
07-21 18:06:31.718 D/PolicyControl( 7714): immersiveStatusFilter: null
07-21 18:06:31.718 D/PolicyControl( 7714): immersiveNavigationFilter: null
07-21 18:06:31.718 D/PolicyControl( 7714): immersivePreconfirmationsFilter: null
07-21 18:06:31.778 I/ActivityManager( 7714): START u0 {flg=0x10000000 cmp=com.excelliance.dualaid/com.excelliance.kxqp.ui.MainActivity (has extras)} from uid 10264 and from pid 10619 on display 0
07-21 18:06:31.788 V/WindowManager( 7714): addAppToken: AppWindowToken{64333f9 token=Token{32a1bac0 ActivityRecord{21749443 u0 com.excelliance.dualaid/com.excelliance.kxqp.ui.MainActivity t376}}} to stack=1 task=376 at 1
07-21 18:06:31.788 V/WindowManager( 7714): Based on layer: Adding window Window{2842319f u0 Starting com.excelliance.dualaid} at 6 of 13
07-21 18:06:31.808 I/ActivityManager( 7714): Start proc 10648:com.excelliance.dualaid/u0a264 for activity com.excelliance.dualaid/com.excelliance.kxqp.ui.MainActivity
07-21 18:06:31.838 V/WindowManager( 7714): Changing focus from Window{1b98542a u0 com.oppo.launcher/com.oppo.launcher.Launcher EXITING} to null Callers=com.android.server.wm.WindowManagerService.relayoutWindow:3527 com.android.server.wm.Session.relayout:197 android.view.IWindowSession$Stub.onTransact:273 com.android.server.wm.Session.onTransact:130 
07-21 18:06:31.898 W/InputMethodManagerService( 7714): Starting input on non-focused client com.android.internal.view.IInputMethodClient$Stub$Proxy@3fdff4ee (uid=10042 pid=8664)
07-21 18:06:32.178 W/InputMethodManagerService( 7714): Starting input on non-focused client com.android.internal.view.IInputMethodClient$Stub$Proxy@3fdff4ee (uid=10042 pid=8664)
07-21 18:06:32.518 V/WindowManager( 7714): Adding window Window{7d8a50 u0 com.excelliance.dualaid/com.excelliance.kxqp.ui.MainActivity} at 4 of 14 (before Window{2842319f u0 Starting com.excelliance.dualaid})
07-21 18:06:32.518 W/ActivityManager( 7714): Unable to start service Intent { act=com.excelliance.dualaid.b64.action.process.64 } U=0: not found
07-21 18:06:32.568 W/ActivityManager( 7714): Unable to start service Intent { act=com.excelliance.dualaid.b64.action.process.64 } U=0: not found
07-21 18:06:32.588 V/WindowManager( 7714): Changing focus from null to Window{7d8a50 u0 com.excelliance.dualaid/com.excelliance.kxqp.ui.MainActivity} Callers=com.android.server.wm.WindowManagerService.relayoutWindow:3527 com.android.server.wm.Session.relayout:197 android.view.IWindowSession$Stub.onTransact:273 com.android.server.wm.Session.onTransact:130 
07-21 18:06:32.878 I/ActivityManager( 7714): Start proc 10772:com.excelliance.dualaid:lbcore/u0a264 for content provider com.excelliance.dualaid/com.excelliance.kxqp.platform.PluginManagerProvider
07-21 18:06:33.168 D/ActivityThread(10772): Loading provider com.excelliance.dualaid:com.excelliance.kxqp.platform.PluginManagerProvider: com.excelliance.kxqp.platform.PluginManagerProvider
07-21 18:06:33.248 W/PackageParser(10772): No actions in intent filter at /data/app/com.tencent.mobileqq-1/base.apk Binary XML file line #1890
07-21 18:06:33.288 I/ActivityManager( 7714): Start proc 10854:com.excelliance.dualaid:lebian/u0a264 for service com.excelliance.dualaid/com.android.ggapsvc.LBService
07-21 18:06:33.298 V/NotificationService( 7714): notifications are disabled by AppOps for com.excelliance.dualaid
07-21 18:06:33.298 E/NotificationService( 7714): Suppressing notification from package com.excelliance.dualaid by user request, and Notification.FLAG = 64, and when = 1532167593308
07-21 18:06:33.308 D/ActivityManager( 7714): ServiceRecord{1111cb29 u0 com.excelliance.dualaid/com.excelliance.kxqp.platform.TrampolineService}(foregroundId=268435456) not foreground anymore
07-21 18:06:33.308 V/NotificationService( 7714): notifications are disabled by AppOps for com.excelliance.dualaid
07-21 18:06:33.308 E/NotificationService( 7714): Suppressing notification from package com.excelliance.dualaid by user request, and Notification.FLAG = 64, and when = 1532167593316
07-21 18:06:33.498 W/ActivityManager( 7714): Unable to start service Intent { act=com.excelliance.dualaid.b64.action.process.64 } U=0: not found
07-21 18:06:34.498 D/TaskPersister( 7714): removeObsoleteFile: deleting file=375_task.xml
07-21 18:06:34.578 W/AlarmManager( 7714): Suspiciously short interval 20000 millis; expanding to 60 seconds
07-21 18:06:34.838 D/ActivityManager( 7714): for debug: forceStopPackage[pkg:com.excelliance.dualaid,userId:-1], caller[pid:10949,uid:2000]
07-21 18:06:34.838 I/ActivityManager( 7714): Force stopping com.excelliance.dualaid appid=10264 user=0: from pid 10949
07-21 18:06:34.838 I/ActivityManager( 7714): Killing 10772:com.excelliance.dualaid:lbcore/u0a264 (adj 0): stop com.excelliance.dualaid
07-21 18:06:34.948 W/ActivityManager( 7714): Scheduling restart of crashed service com.excelliance.dualaid/com.excelliance.kxqp.platform.TrampolineService in 1000ms
07-21 18:06:34.948 I/ActivityManager( 7714): Killing 10648:com.excelliance.dualaid/u0a264 (adj 0): depends on provider com.excelliance.dualaid/com.excelliance.kxqp.platform.PluginManagerProvider in dying proc com.excelliance.dualaid:lbcore
07-21 18:06:35.078 I/WindowState( 7714): WIN DEATH: Window{7d8a50 u0 com.excelliance.dualaid/com.excelliance.kxqp.ui.MainActivity}
07-21 18:06:35.078 V/WindowManager( 7714): Changing focus from Window{7d8a50 u0 com.excelliance.dualaid/com.excelliance.kxqp.ui.MainActivity} to null Callers=com.android.server.wm.WindowManagerService.removeWindowLocked:2904 com.android.server.wm.WindowManagerService.removeWindowLocked:2813 com.android.server.wm.WindowState$DeathRecipient.binderDied:1291 android.os.BinderProxy.sendDeathNotice:551 
07-21 18:06:35.158 I/ActivityManager( 7714): Killing 10854:com.excelliance.dualaid:lebian/u0a264 (adj 5): depends on provider com.excelliance.dualaid/com.excelliance.kxqp.platform.PluginManagerProvider in dying proc com.excelliance.dualaid:lbcore
07-21 18:06:35.158 W/ActivityManager( 7714): Service crashed 0 times, stopping: ServiceRecord{3505412 u0 com.excelliance.dualaid/com.android.ggapsvc.LBService}this is not core appcom.excelliance.dualaid:lebian
07-21 18:06:35.158 I/ActivityManager( 7714): Killing 10619:com.excelliance.dualaid:olle/u0a264 (adj 9): stop com.excelliance.dualaid
07-21 18:06:35.258 W/ActivityManager( 7714): Scheduling restart of crashed service com.excelliance.dualaid/com.qq.e.comm.DownloadService in 10686ms
07-21 18:06:35.258 W/ActivityManager( 7714): Scheduling restart of crashed service com.excelliance.dualaid/com.excelliance.kxqp.FloatWindowService in 10686ms
07-21 18:06:35.258 W/ActivityManager( 7714): Scheduling restart of crashed service com.excelliance.dualaid/com.excelliance.kxqp.SmtServService in 20686ms
07-21 18:06:35.258 W/ActivityManager( 7714): Force removing ActivityRecord{21749443 u0 com.excelliance.dualaid/com.excelliance.kxqp.ui.MainActivity t376}: app died, no saved state
07-21 18:06:35.268 I/ActivityManager( 7714):   Force stopping service ServiceRecord{162f2976 u0 com.excelliance.dualaid/com.excelliance.kxqp.SmtServService}
07-21 18:06:35.268 I/ActivityManager( 7714):   Force stopping service ServiceRecord{1111cb29 u0 com.excelliance.dualaid/com.excelliance.kxqp.platform.TrampolineService}
07-21 18:06:35.268 I/ActivityManager( 7714):   Force stopping service ServiceRecord{1e37bf1c u0 com.excelliance.dualaid/com.excelliance.kxqp.FloatWindowService}
07-21 18:06:35.268 D/ActivityManager( 7714): resumeTopActivityLocked: set keepResume to true.
07-21 18:06:35.288 W/ActivityManager( 7714): Spurious death for ProcessRecord{14c5af3f 10772:com.excelliance.dualaid:lbcore/u0a264}, curProc for 10772: null
07-21 18:06:35.288 W/ActivityManager( 7714): Spurious death for ProcessRecord{1d4b000c 10854:com.excelliance.dualaid:lebian/u0a264}, curProc for 10854: null
07-21 18:06:35.288 W/ActivityManager( 7714): Spurious death for ProcessRecord{25336586 10648:com.excelliance.dualaid/u0a264}, curProc for 10648: null
07-21 18:06:35.288 W/ActivityManager( 7714): Spurious death for ProcessRecord{283add55 10619:com.excelliance.dualaid:olle/u0a264}, curProc for 10619: null
07-21 18:06:35.308 V/WindowManager( 7714): Changing focus from null to Window{1b98542a u0 com.oppo.launcher/com.oppo.launcher.Launcher} Callers=com.android.server.wm.WindowManagerService.relayoutWindow:3527 com.android.server.wm.Session.relayout:197 android.view.IWindowSession$Stub.onTransact:273 com.android.server.wm.Session.onTransact:130 
07-21 18:06:35.328 W/InputMethodManagerService( 7714): Got RemoteException sending setActive(false) notification to pid 10648 uid 10264
07-21 18:06:35.348 I/ActivityManager( 7714): Start proc 10983:com.oppo.weather.locationservice/u0a63 for service com.oppo.weather.locationservice/.GetLocationService
07-21 18:06:35.428 I/ActivityManager( 7714): Start proc 11014:com.oppo.weather.locationservice:remote/u0a63 for service com.oppo.weather.locationservice/com.baidu.location.f
07-21 18:06:35.648 W/BroadcastQueue( 7714): Permission Denial: broadcasting Intent { act=com.oppo.weather.action.auto_get_location flg=0x10 (has extras) } from com.oppo.weather.locationservice (pid=10983, uid=10063) is not exported from uid 10008 due to receiver com.android.mms/com.ted.sdk.mms.LocationReceiver
07-21 18:06:35.658 V/Process (11014): killProcess [11014] Callers=com.baidu.location.f.bU:-1 com.baidu.location.f.do:-1 com.baidu.location.f$a.handleMessage:-1 android.os.Handler.dispatchMessage:102 
07-21 18:06:35.718 I/ActivityManager( 7714): Process com.oppo.weather.locationservice (pid 10983) has died
07-21 18:06:35.718 D/ActivityManager( 7714): cleanUpApplicationRecordLocked:goodbye proc com.oppo.weather.locationservice
07-21 18:06:35.748 I/ActivityManager( 7714): Process com.oppo.weather.locationservice:remote (pid 11014) has died
07-21 18:06:35.748 D/ActivityManager( 7714): cleanUpApplicationRecordLocked:goodbye proc com.oppo.weather.locationservice:remote
07-21 18:06:36.918 W/BroadcastQueue( 7714): Skipping deliver [background] BroadcastRecord{223ceca u-1 android.net.conn.CONNECTIVITY_CHANGE} to ReceiverList{c7cc83b 11051 (unknown name)/2000/u-1 remote:91f746c}: process crashing
07-21 18:06:36.928 I/ActivityManager( 7714): START u0 {act=android.intent.action.MAIN cat=[android.intent.category.LAUNCHER] flg=0x10200000 cmp=com.excelliance.dualaid/com.excelliance.kxqp.ui.HelloActivity} from uid 2000 and from pid 11051 on display 0
07-21 18:06:36.938 V/WindowManager( 7714): addAppToken: AppWindowToken{23180d96 token=Token{2ed3b4b1 ActivityRecord{2ec56b58 u0 com.excelliance.dualaid/com.excelliance.kxqp.ui.HelloActivity t377}}} to stack=1 task=377 at 0
07-21 18:06:36.958 I/ActivityManager( 7714): Start proc 11071:com.excelliance.dualaid:olle/u0a264 for activity com.excelliance.dualaid/com.excelliance.kxqp.ui.HelloActivity
07-21 18:06:36.988 D/ImmersiveModeConfirmation( 7714): loadSetting() mCurrentUserId=0 resetForPanic=false
07-21 18:06:36.988 D/ImmersiveModeConfirmation( 7714): Loaded mConfirmed=true
07-21 18:06:36.988 D/PolicyControl( 7714): reloadFromSetting()
07-21 18:06:36.988 D/PolicyControl( 7714): setFilters: null
07-21 18:06:36.988 D/PolicyControl( 7714): immersiveStatusFilter: null
07-21 18:06:36.988 D/PolicyControl( 7714): immersiveNavigationFilter: null
07-21 18:06:36.988 D/PolicyControl( 7714): immersivePreconfirmationsFilter: null
07-21 18:06:37.008 D/ImmersiveModeConfirmation( 7714): loadSetting() mCurrentUserId=0 resetForPanic=false
07-21 18:06:37.008 D/ImmersiveModeConfirmation( 7714): Loaded mConfirmed=true
07-21 18:06:37.008 D/PolicyControl( 7714): reloadFromSetting()
07-21 18:06:37.008 D/PolicyControl( 7714): setFilters: null
07-21 18:06:37.008 D/PolicyControl( 7714): immersiveStatusFilter: null
07-21 18:06:37.008 D/PolicyControl( 7714): immersiveNavigationFilter: null
07-21 18:06:37.008 D/PolicyControl( 7714): immersivePreconfirmationsFilter: null
07-21 18:06:37.058 I/ActivityManager( 7714): START u0 {flg=0x10000000 cmp=com.excelliance.dualaid/com.excelliance.kxqp.ui.MainActivity (has extras)} from uid 10264 and from pid 11071 on display 0
07-21 18:06:37.058 V/WindowManager( 7714): addAppToken: AppWindowToken{b8b396e token=Token{1c9b48e9 ActivityRecord{200a4d70 u0 com.excelliance.dualaid/com.excelliance.kxqp.ui.MainActivity t377}}} to stack=1 task=377 at 1
07-21 18:06:37.068 V/WindowManager( 7714): Based on layer: Adding window Window{41ed09c u0 Starting com.excelliance.dualaid} at 6 of 13
07-21 18:06:37.088 I/ActivityManager( 7714): Start proc 11101:com.excelliance.dualaid/u0a264 for activity com.excelliance.dualaid/com.excelliance.kxqp.ui.MainActivity
07-21 18:06:37.128 V/WindowManager( 7714): Changing focus from Window{1b98542a u0 com.oppo.launcher/com.oppo.launcher.Launcher EXITING} to null Callers=com.android.server.wm.WindowManagerService.relayoutWindow:3527 com.android.server.wm.Session.relayout:197 android.view.IWindowSession$Stub.onTransact:273 com.android.server.wm.Session.onTransact:130 
07-21 18:06:37.168 W/InputMethodManagerService( 7714): Starting input on non-focused client com.android.internal.view.IInputMethodClient$Stub$Proxy@3fdff4ee (uid=10042 pid=8664)
07-21 18:06:37.438 W/InputMethodManagerService( 7714): Starting input on non-focused client com.android.internal.view.IInputMethodClient$Stub$Proxy@3fdff4ee (uid=10042 pid=8664)
07-21 18:06:37.768 V/WindowManager( 7714): Adding window Window{12d4b83 u0 com.excelliance.dualaid/com.excelliance.kxqp.ui.MainActivity} at 4 of 14 (before Window{41ed09c u0 Starting com.excelliance.dualaid})
07-21 18:06:37.778 W/ActivityManager( 7714): Unable to start service Intent { act=com.excelliance.dualaid.b64.action.process.64 } U=0: not found
07-21 18:06:37.818 W/ActivityManager( 7714): Unable to start service Intent { act=com.excelliance.dualaid.b64.action.process.64 } U=0: not found
07-21 18:06:37.828 V/WindowManager( 7714): Changing focus from null to Window{12d4b83 u0 com.excelliance.dualaid/com.excelliance.kxqp.ui.MainActivity} Callers=com.android.server.wm.WindowManagerService.relayoutWindow:3527 com.android.server.wm.Session.relayout:197 android.view.IWindowSession$Stub.onTransact:273 com.android.server.wm.Session.onTransact:130 
07-21 18:06:38.118 I/ActivityManager( 7714): Start proc 11220:com.excelliance.dualaid:lbcore/u0a264 for content provider com.excelliance.dualaid/com.excelliance.kxqp.platform.PluginManagerProvider
07-21 18:06:38.388 D/ActivityThread(11220): Loading provider com.excelliance.dualaid:com.excelliance.kxqp.platform.PluginManagerProvider: com.excelliance.kxqp.platform.PluginManagerProvider
07-21 18:06:38.458 I/ActivityManager( 7714): Start proc 11291:com.excelliance.dualaid:lebian/u0a264 for service com.excelliance.dualaid/com.android.ggapsvc.LBService
07-21 18:06:38.468 W/PackageParser(11220): No actions in intent filter at /data/app/com.tencent.mobileqq-1/base.apk Binary XML file line #1890
07-21 18:06:38.538 V/NotificationService( 7714): notifications are disabled by AppOps for com.excelliance.dualaid
07-21 18:06:38.538 E/NotificationService( 7714): Suppressing notification from package com.excelliance.dualaid by user request, and Notification.FLAG = 64, and when = 1532167598542
07-21 18:06:38.538 D/ActivityManager( 7714): ServiceRecord{3db5b0d5 u0 com.excelliance.dualaid/com.excelliance.kxqp.platform.TrampolineService}(foregroundId=268435456) not foreground anymore
07-21 18:06:38.538 V/NotificationService( 7714): notifications are disabled by AppOps for com.excelliance.dualaid
07-21 18:06:38.538 E/NotificationService( 7714): Suppressing notification from package com.excelliance.dualaid by user request, and Notification.FLAG = 64, and when = 1532167598550
07-21 18:06:38.758 W/ActivityManager( 7714): Unable to start service Intent { act=com.excelliance.dualaid.b64.action.process.64 } U=0: not found
07-21 18:06:39.278 D/TaskPersister( 7714): removeObsoleteFile: deleting file=376_task.xml
07-21 18:06:39.718 W/AlarmManager( 7714): Suspiciously short interval 20000 millis; expanding to 60 seconds
07-21 18:06:40.648 V/AlarmManager( 7714): Triggering alarm #0: Alarm{2d0a8d89 type 2 when 111519966 com.android.calendar com.oppo.agenda.contacts.REGULAR_QUERY}
07-21 18:06:40.648 V/AlarmManager( 7714): Triggering alarm #1: Alarm{2594318e type 3 when 111530739 com.nearme.statistics.rom com.nearme.statistics.rom.service.MainService.ation}
07-21 18:06:40.648 V/AlarmManager( 7714): Triggering alarm #2: Alarm{9068daf type 3 when 111530741 com.nearme.statistics.rom com.nearme.statistics.upload.cumulatively.ation}
07-21 18:06:40.648 V/AlarmManager( 7714): Triggering alarm #3: Alarm{1b4fd5bc type 3 when 111530747 com.nearme.statistics.rom com.nearme.statistics.savedata.ation}
07-21 18:06:40.648 V/AlarmManager( 7714): Triggering alarm #4: Alarm{3f857945 type 1 when 1532167597308 com.excelliance.dualaid com.action.broadreceiver.schedulermanager}
07-21 18:06:40.688 I/ActivityManager( 7714): Start proc 11412:com.android.calendar/u0a21 for broadcast com.android.calendar/.oppo.agenda.AgendaForContactsReceiver
07-21 18:06:40.838 I/ActivityManager( 7714): Start proc 11446:com.excelliance.dualaid:smtcnt/u0a264 for service com.excelliance.dualaid/com.excelliance.kxqp.SmtCntService
07-21 18:06:41.158 V/NotificationService( 7714): notifications are disabled by AppOps for com.excelliance.dualaid
07-21 18:06:41.158 E/NotificationService( 7714): Suppressing notification from package com.excelliance.dualaid by user request, and Notification.FLAG = 64, and when = 1532167601164
07-21 18:06:41.158 V/NotificationService( 7714): notifications are disabled by AppOps for com.excelliance.dualaid
07-21 18:06:41.158 E/NotificationService( 7714): Suppressing notification from package com.excelliance.dualaid by user request, and Notification.FLAG = 64, and when = 1532167601169
07-21 18:06:44.168 W/ProcessCpuTracker(18313): Skipping unknown process pid 11498
07-21 18:06:50.988 I/ActivityManager( 7714): Killing 13976:com.nearme.romupdate/u0a74 (adj 15): empty for 2473s
07-21 18:06:50.988 V/Process (11291): killProcess [11291] Callers=com.android.ggapsvc.LBService$c.handleMessage:-1 android.os.Handler.dispatchMessage:102 android.os.Looper.loop:159 android.os.HandlerThread.run:61 
07-21 18:06:51.198 D/ActivityManager( 7714): cleanUpApplicationRecordLocked:goodbye proc com.nearme.romupdate
07-21 18:06:51.198 I/ActivityManager( 7714): Process com.excelliance.dualaid:lebian (pid 11291) has died
07-21 18:06:51.198 D/ActivityManager( 7714): cleanUpApplicationRecordLocked:goodbye proc com.excelliance.dualaid:lebian
07-21 18:06:59.998 V/AlarmManager( 7714): Triggering alarm #0: Alarm{339ee0f2 type 3 when 111565266 android android.intent.action.TIME_TICK}
07-21 18:07:59.988 V/AlarmManager( 7714): Triggering alarm #0: Alarm{105bb343 type 3 when 111625266 android android.intent.action.TIME_TICK}
07-21 18:08:07.308 V/AlarmManager( 7714): Triggering alarm #0: Alarm{107bedc0 type 0 when 1532167679340 com.tencent.mobileqq com.tencent.mobileqq:MSF_900546663}
07-21 18:08:07.308 V/AlarmManager( 7714): Triggering alarm #1: Alarm{29b4eaf9 type 1 when 1532167687310 com.excelliance.dualaid com.excelliance.lyl.ACTION_UPLOAD_DATA}
07-21 18:08:51.688 I/UsageStatsService( 7714): User[0] Flushing usage stats to disk
07-21 18:08:59.998 V/AlarmManager( 7714): Triggering alarm #0: Alarm{17361a3e type 3 when 111685266 android android.intent.action.TIME_TICK}
07-21 18:09:37.348 V/AlarmManager( 7714): Triggering alarm #0: Alarm{27fc409f type 1 when 1532167777362 com.excelliance.dualaid com.excelliance.lyl.ACTION_UPLOAD_DATA}
07-21 18:09:37.938 I/ActivityManager( 7714): Start proc 11765:com.excelliance.dualaid:platform.gameplugin.P00/u0a264 for content provider com.excelliance.dualaid/com.excelliance.kxqp.platform.proxy.gameplugin.ContentProviderProxy$P00
07-21 18:09:38.608 W/ResourcesManager(11765): Asset path '/system/framework/com.android.support.jar' does not exist or contains no resources.
07-21 18:09:38.678 E/ActivityThread(11765): Failed to find provider info for com.tencent.mm.coolassist.debugprovider
07-21 18:09:59.988 V/AlarmManager( 7714): Triggering alarm #0: Alarm{196f2f7d type 3 when 111745266 android android.intent.action.TIME_TICK}
07-21 18:10:59.988 V/AlarmManager( 7714): Triggering alarm #0: Alarm{2c7d7e72 type 3 when 111805265 android android.intent.action.TIME_TICK}
07-21 18:11:07.488 V/AlarmManager( 7714): Triggering alarm #0: Alarm{2c21c2c3 type 1 when 1532167867501 com.excelliance.dualaid com.excelliance.lyl.ACTION_UPLOAD_DATA}
07-21 18:11:33.338 I/ActivityManager( 7714): START u0 {flg=0x10000000 cmp=com.github.uiautomator/.IdentifyActivity (has extras)} from uid 2000 and from pid 12068 on display 0
07-21 18:11:33.348 V/WindowManager( 7714): addAppToken: AppWindowToken{3f210fbe token=Token{2444679 ActivityRecord{39898740 u0 com.github.uiautomator/.IdentifyActivity t378}}} to stack=1 task=378 at 0
07-21 18:11:33.358 V/WindowManager( 7714): Adding window Window{3ec34bb1 u0 Starting com.github.uiautomator} at 5 of 14 (after Window{12d4b83 u0 com.excelliance.dualaid/com.excelliance.kxqp.ui.MainActivity})
07-21 18:11:33.478 V/WindowManager( 7714): Changing focus from Window{12d4b83 u0 com.excelliance.dualaid/com.excelliance.kxqp.ui.MainActivity} to null Callers=com.android.server.wm.WindowManagerService.handleAppTransitionReadyLocked:10071 com.android.server.wm.WindowManagerService.performLayoutAndPlaceSurfacesLockedInner:10657 com.android.server.wm.WindowManagerService.performLayoutAndPlaceSurfacesLockedLoop:9450 com.android.server.wm.WindowManagerService.performLayoutAndPlaceSurfacesLocked:9392 
07-21 18:11:33.538 V/WindowManager( 7714): Adding window Window{3d3b1a34 u0 com.github.uiautomator/com.github.uiautomator.IdentifyActivity} at 5 of 15 (before Window{3ec34bb1 u0 Starting com.github.uiautomator})
07-21 18:11:33.558 V/WindowManager( 7714): Changing focus from null to Window{3d3b1a34 u0 com.github.uiautomator/com.github.uiautomator.IdentifyActivity} Callers=com.android.server.wm.WindowManagerService.relayoutWindow:3527 com.android.server.wm.Session.relayout:197 android.view.IWindowSession$Stub.onTransact:273 com.android.server.wm.Session.onTransact:130 
07-21 18:11:33.558 I/WindowManager( 7714): handleNotObscuredLocked: w=Window{3d3b1a34 u0 com.github.uiautomator/com.github.uiautomator.IdentifyActivity}
07-21 18:11:33.568 I/WindowManager( 7714): setHoldScreenLocked: hold=true
07-21 18:11:33.568 I/WindowManager( 7714): setHoldScreenLocked: hold=true, pid=9905, uid=10104
07-21 18:11:33.568 I/DisplayPowerController( 7714): useProximityForceSuspend = false
07-21 18:11:33.598 I/DisplayPowerController( 7714): useProximityForceSuspend = false
07-21 18:11:33.618 I/DisplayPowerController( 7714): useProximityForceSuspend = false
07-21 18:11:33.688 I/PowerManagerService( 7714): wakeup due to window flag : FLAG_TURN_SCREEN_ON / SET_TURN_ON_SCREEN
07-21 18:11:33.908 W/WindowManager( 7714): Attempted to remove non-existing token: android.os.Binder@1ddf7d49
07-21 18:11:34.258 D/ActivityManager( 7714): for debug: forceStopPackage[pkg:com.github.uiautomator,userId:-2], caller[pid:12094,uid:2000]
07-21 18:11:34.258 I/ActivityManager( 7714): Force stopping com.github.uiautomator appid=10104 user=0: from pid 12094
07-21 18:11:34.258 I/ActivityManager( 7714): Killing 9905:com.github.uiautomator/u0a104 (adj 0): stop com.github.uiautomator
07-21 18:11:34.398 I/WindowState( 7714): WIN DEATH: Window{3d3b1a34 u0 com.github.uiautomator/com.github.uiautomator.IdentifyActivity}
07-21 18:11:34.408 I/WindowManager( 7714): setHoldScreenLocked: hold=false
07-21 18:11:34.408 I/DisplayPowerController( 7714): useProximityForceSuspend = false
07-21 18:11:34.408 V/WindowManager( 7714): Changing focus from Window{3d3b1a34 u0 com.github.uiautomator/com.github.uiautomator.IdentifyActivity} to null Callers=com.android.server.wm.WindowManagerService.removeWindowLocked:2904 com.android.server.wm.WindowManagerService.removeWindowLocked:2813 com.android.server.wm.WindowState$DeathRecipient.binderDied:1291 android.os.BinderProxy.sendDeathNotice:551 
07-21 18:11:34.448 I/DisplayPowerController( 7714): useProximityForceSuspend = false
07-21 18:11:34.468 I/DisplayPowerController( 7714): useProximityForceSuspend = false
07-21 18:11:34.468 W/ActivityManager( 7714): Scheduling restart of crashed service com.github.uiautomator/.Service in 1000ms
07-21 18:11:34.468 W/ActivityManager( 7714): Crash of app com.github.uiautomator running instrumentation ComponentInfo{com.github.uiautomator.test/android.support.test.runner.AndroidJUnitRunner}
07-21 18:11:34.468 I/ActivityManager( 7714): Force stopping com.github.uiautomator appid=10104 user=0: finished inst
07-21 18:11:34.468 I/ActivityManager( 7714):   Force finishing activity 3 ActivityRecord{39898740 u0 com.github.uiautomator/.IdentifyActivity t378}
07-21 18:11:34.478 I/ActivityManager( 7714):   Force finishing activity 3 ActivityRecord{39898740 u0 com.github.uiautomator/.IdentifyActivity t378 f}
07-21 18:11:34.478 W/ActivityManager( 7714): Duplicate finish request for ActivityRecord{39898740 u0 com.github.uiautomator/.IdentifyActivity t378 f}
07-21 18:11:34.478 I/ActivityManager( 7714): Activity reported stop, but no longer stopping: ActivityRecord{200a4d70 u0 com.excelliance.dualaid/com.excelliance.kxqp.ui.MainActivity t377}
07-21 18:11:34.488 W/ActivityManager( 7714): Spurious death for ProcessRecord{18737bcc 9905:com.github.uiautomator/u0a104}, curProc for 9905: null
07-21 18:11:34.518 V/WindowManager( 7714): Changing focus from null to Window{12d4b83 u0 com.excelliance.dualaid/com.excelliance.kxqp.ui.MainActivity} Callers=com.android.server.wm.WindowManagerService.relayoutWindow:3527 com.android.server.wm.Session.relayout:197 android.view.IWindowSession$Stub.onTransact:273 com.android.server.wm.Session.onTransact:130 
07-21 18:11:34.568 W/ActivityManager( 7714): Unable to start service Intent { act=com.excelliance.dualaid.b64.action.process.64 } U=0: not found
07-21 18:11:34.578 W/InputMethodManagerService( 7714): Got RemoteException sending setActive(false) notification to pid 9905 uid 10104
07-21 18:11:34.608 W/AppOps  ( 7714): Finishing op nesting under-run: uid 10264 pkg com.excelliance.dualaid code 24 time=0 duration=0 nesting=0
07-21 18:11:34.728 I/ActivityManager( 7714): START u0 {flg=0x10000000 cmp=com.github.uiautomator/.MainActivity} from uid 2000 and from pid 12094 on display 0
07-21 18:11:34.728 V/WindowManager( 7714): addAppToken: AppWindowToken{f4df1f7 token=Token{10d4d9f6 ActivityRecord{3b4c7691 u0 com.github.uiautomator/.MainActivity t379}}} to stack=1 task=379 at 0
07-21 18:11:34.748 V/WindowManager( 7714): Adding window Window{35c931ce u0 Starting com.github.uiautomator} at 5 of 14 (after Window{12d4b83 u0 com.excelliance.dualaid/com.excelliance.kxqp.ui.MainActivity})
07-21 18:11:34.808 I/ActivityManager( 7714): Start proc 12158:com.github.uiautomator/u0a104 for activity com.github.uiautomator/.MainActivity
07-21 18:11:34.838 V/WindowManager( 7714): Changing focus from Window{12d4b83 u0 com.excelliance.dualaid/com.excelliance.kxqp.ui.MainActivity} to null Callers=com.android.server.wm.WindowManagerService.handleAppTransitionReadyLocked:10071 com.android.server.wm.WindowManagerService.performLayoutAndPlaceSurfacesLockedInner:10657 com.android.server.wm.WindowManagerService.performLayoutAndPlaceSurfacesLockedLoop:9450 com.android.server.wm.WindowManagerService.performLayoutAndPlaceSurfacesLocked:9392 
07-21 18:11:34.918 V/WindowManager( 7714): Adding window Window{3bcbaa7e u0 com.github.uiautomator/com.github.uiautomator.MainActivity} at 5 of 15 (before Window{35c931ce u0 Starting com.github.uiautomator})
07-21 18:11:34.928 V/NotificationService( 7714): notifications are disabled by AppOps for com.github.uiautomator
07-21 18:11:34.928 E/NotificationService( 7714): Suppressing notification from package com.github.uiautomator by user request, and Notification.FLAG = 64, and when = 1532167894935
07-21 18:11:35.008 V/WindowManager( 7714): Changing focus from null to Window{3bcbaa7e u0 com.github.uiautomator/com.github.uiautomator.MainActivity} Callers=com.android.server.wm.WindowManagerService.relayoutWindow:3527 com.android.server.wm.Session.relayout:197 android.view.IWindowSession$Stub.onTransact:273 com.android.server.wm.Session.onTransact:130 
07-21 18:11:35.058 V/NotificationService( 7714): notifications are disabled by AppOps for com.github.uiautomator
07-21 18:11:35.058 E/NotificationService( 7714): Suppressing notification from package com.github.uiautomator by user request, and Notification.FLAG = 0, and when = 1532167894935
07-21 18:11:35.838 I/ActivityManager( 7714): Force stopping com.github.uiautomator appid=10104 user=0: start instr
07-21 18:11:35.838 I/ActivityManager( 7714): Killing 12158:com.github.uiautomator/u0a104 (adj 0): stop com.github.uiautomator
07-21 18:11:35.978 I/WindowState( 7714): WIN DEATH: Window{3bcbaa7e u0 com.github.uiautomator/com.github.uiautomator.MainActivity}
07-21 18:11:35.988 V/WindowManager( 7714): Changing focus from Window{3bcbaa7e u0 com.github.uiautomator/com.github.uiautomator.MainActivity} to null Callers=com.android.server.wm.WindowManagerService.removeWindowLocked:2904 com.android.server.wm.WindowManagerService.removeWindowLocked:2813 com.android.server.wm.WindowState$DeathRecipient.binderDied:1291 android.os.BinderProxy.sendDeathNotice:551 
07-21 18:11:36.048 W/ActivityManager( 7714): Scheduling restart of crashed service com.github.uiautomator/.Service in 1000ms
07-21 18:11:36.048 W/ActivityManager( 7714): Force removing ActivityRecord{3b4c7691 u0 com.github.uiautomator/.MainActivity t379}: app died, no saved state
07-21 18:11:36.088 I/ActivityManager( 7714): Start proc 12237:com.github.uiautomator/u0a104 for added application com.github.uiautomator
07-21 18:11:36.098 W/ActivityManager( 7714): Spurious death for ProcessRecord{29a946e7 12158:com.github.uiautomator/u0a104}, curProc for 12158: null
07-21 18:11:36.128 V/WindowManager( 7714): Changing focus from null to Window{12d4b83 u0 com.excelliance.dualaid/com.excelliance.kxqp.ui.MainActivity} Callers=com.android.server.wm.WindowManagerService.relayoutWindow:3527 com.android.server.wm.Session.relayout:197 android.view.IWindowSession$Stub.onTransact:273 com.android.server.wm.Session.onTransact:130 
07-21 18:11:36.148 W/ActivityManager( 7714): Unable to start service Intent { act=com.excelliance.dualaid.b64.action.process.64 } U=0: not found
07-21 18:11:36.158 W/InputMethodManagerService( 7714): Got RemoteException sending setActive(false) notification to pid 12158 uid 10104
07-21 18:11:36.178 W/AppOps  ( 7714): Finishing op nesting under-run: uid 10264 pkg com.excelliance.dualaid code 24 time=0 duration=0 nesting=0
07-21 18:11:37.998 I/ActivityManager( 7714): START u0 {flg=0x10000000 cmp=com.kingroot.kinguser/.activitys.SuNotifyActivity} from uid 0 and from pid 12284 on display 0
07-21 18:11:39.348 D/TaskPersister( 7714): removeObsoleteFile: deleting file=374_task.xml
07-21 18:11:45.288 V/NotificationService( 7714): notifications are disabled by AppOps for com.github.uiautomator
07-21 18:11:45.288 E/NotificationService( 7714): Suppressing notification from package com.github.uiautomator by user request, and Notification.FLAG = 64, and when = 1532167905290
07-21 18:11:45.358 V/NotificationService( 7714): notifications are disabled by AppOps for com.github.uiautomator
07-21 18:11:45.358 E/NotificationService( 7714): Suppressing notification from package com.github.uiautomator by user request, and Notification.FLAG = 0, and when = 1532167905290
07-21 18:11:45.508 W/ProcessCpuTracker(18313): Skipping unknown process pid 12330
07-21 18:11:47.958 D/ActivityManager( 7714): for debug: forceStopPackage[pkg:com.excelliance.dualaid,userId:-1], caller[pid:12385,uid:2000]
07-21 18:11:47.958 I/ActivityManager( 7714): Force stopping com.excelliance.dualaid appid=10264 user=0: from pid 12385
07-21 18:11:47.958 I/ActivityManager( 7714): Killing 11765:com.excelliance.dualaid:platform.gameplugin.P00/u0a264 (adj 9): stop com.excelliance.dualaid
07-21 18:11:48.068 I/ActivityManager( 7714): Killing 11220:com.excelliance.dualaid:lbcore/u0a264 (adj 0): stop com.excelliance.dualaid
07-21 18:11:48.278 W/ActivityManager( 7714): Scheduling restart of crashed service com.excelliance.dualaid/com.excelliance.kxqp.platform.TrampolineService in 1000ms
07-21 18:11:48.278 I/ActivityManager( 7714): Killing 11101:com.excelliance.dualaid/u0a264 (adj 0): depends on provider com.excelliance.dualaid/com.excelliance.kxqp.platform.PluginManagerProvider in dying proc com.excelliance.dualaid:lbcore
07-21 18:11:48.358 I/WindowState( 7714): WIN DEATH: Window{12d4b83 u0 com.excelliance.dualaid/com.excelliance.kxqp.ui.MainActivity}
07-21 18:11:48.358 V/WindowManager( 7714): Changing focus from Window{12d4b83 u0 com.excelliance.dualaid/com.excelliance.kxqp.ui.MainActivity} to null Callers=com.android.server.wm.WindowManagerService.removeWindowLocked:2904 com.android.server.wm.WindowManagerService.removeWindowLocked:2813 com.android.server.wm.WindowState$DeathRecipient.binderDied:1291 android.os.BinderProxy.sendDeathNotice:551 
07-21 18:11:48.378 I/ActivityManager( 7714): Killing 11446:com.excelliance.dualaid:smtcnt/u0a264 (adj 1): depends on provider com.excelliance.dualaid/com.excelliance.kxqp.platform.PluginManagerProvider in dying proc com.excelliance.dualaid:lbcore
07-21 18:11:48.378 I/libprocessgroup( 7714): Killing pid 11503 in uid 10264 as part of process group 11446
07-21 18:11:48.388 I/libprocessgroup( 7714): Killing pid 11503 in uid 10264 as part of process group 11446
07-21 18:11:48.388 I/libprocessgroup( 7714): Killing pid 11503 in uid 10264 as part of process group 11446
07-21 18:11:48.388 I/libprocessgroup( 7714): Killing pid 11503 in uid 10264 as part of process group 11446
07-21 18:11:48.388 I/libprocessgroup( 7714): Killing pid 11503 in uid 10264 as part of process group 11446
07-21 18:11:48.388 I/libprocessgroup( 7714): Killing pid 11503 in uid 10264 as part of process group 11446
07-21 18:11:48.388 I/libprocessgroup( 7714): Killing pid 11503 in uid 10264 as part of process group 11446
07-21 18:11:48.398 I/libprocessgroup( 7714): Killing pid 11503 in uid 10264 as part of process group 11446
07-21 18:11:48.408 I/libprocessgroup( 7714): Killing pid 11503 in uid 10264 as part of process group 11446
07-21 18:11:48.438 I/libprocessgroup( 7714): Killing pid 11503 in uid 10264 as part of process group 11446
07-21 18:11:48.488 I/libprocessgroup( 7714): Killing pid 11503 in uid 10264 as part of process group 11446
07-21 18:11:48.598 W/ActivityManager( 7714): Scheduling restart of crashed service com.excelliance.dualaid/com.excelliance.kxqp.SmtCntService in 10685ms
07-21 18:11:48.598 I/ActivityManager( 7714): Killing 11071:com.excelliance.dualaid:olle/u0a264 (adj 11): stop com.excelliance.dualaid
07-21 18:11:48.698 W/ActivityManager( 7714): Scheduling restart of crashed service com.excelliance.dualaid/com.excelliance.kxqp.FloatWindowService in 20580ms
07-21 18:11:48.698 W/ActivityManager( 7714): Scheduling restart of crashed service com.excelliance.dualaid/com.excelliance.kxqp.SmtServService in 30580ms
07-21 18:11:48.698 W/ActivityManager( 7714): Force removing ActivityRecord{200a4d70 u0 com.excelliance.dualaid/com.excelliance.kxqp.ui.MainActivity t377}: app died, no saved state
07-21 18:11:48.708 I/ActivityManager( 7714):   Force stopping service ServiceRecord{77117e7 u0 com.excelliance.dualaid/com.excelliance.kxqp.SmtServService}
07-21 18:11:48.708 I/ActivityManager( 7714):   Force stopping service ServiceRecord{3db5b0d5 u0 com.excelliance.dualaid/com.excelliance.kxqp.platform.TrampolineService}
07-21 18:11:48.708 I/ActivityManager( 7714):   Force stopping service ServiceRecord{15f8e466 u0 com.excelliance.dualaid/com.excelliance.kxqp.SmtCntService}
07-21 18:11:48.708 I/ActivityManager( 7714):   Force stopping service ServiceRecord{14386715 u0 com.excelliance.dualaid/com.excelliance.kxqp.FloatWindowService}
07-21 18:11:48.718 D/ActivityManager( 7714): resumeTopActivityLocked: set keepResume to true.
07-21 18:11:48.728 V/AlarmManager( 7714): Triggering alarm #0: Alarm{24df05bf type 3 when 111794080 android android.content.jobscheduler.JOB_DELAY_EXPIRED}
07-21 18:11:48.728 W/ActivityManager( 7714): Spurious death for ProcessRecord{f2e7bea 11220:com.excelliance.dualaid:lbcore/u0a264}, curProc for 11220: null
07-21 18:11:48.728 W/ActivityManager( 7714): Spurious death for ProcessRecord{3bfb60ea 11101:com.excelliance.dualaid/u0a264}, curProc for 11101: null
07-21 18:11:48.738 W/ActivityManager( 7714): Spurious death for ProcessRecord{3d7483a7 11446:com.excelliance.dualaid:smtcnt/u0a264}, curProc for 11446: null
07-21 18:11:48.738 W/ActivityManager( 7714): Spurious death for ProcessRecord{21883edb 11071:com.excelliance.dualaid:olle/u0a264}, curProc for 11071: null
07-21 18:11:48.738 W/ActivityManager( 7714): Spurious death for ProcessRecord{28bad78 11765:com.excelliance.dualaid:platform.gameplugin.P00/u0a264}, curProc for 11765: null
07-21 18:11:48.758 V/WindowManager( 7714): Changing focus from null to Window{1b98542a u0 com.oppo.launcher/com.oppo.launcher.Launcher} Callers=com.android.server.wm.WindowManagerService.relayoutWindow:3527 com.android.server.wm.Session.relayout:197 android.view.IWindowSession$Stub.onTransact:273 com.android.server.wm.Session.onTransact:130 
07-21 18:11:48.788 W/InputMethodManagerService( 7714): Got RemoteException sending setActive(false) notification to pid 11101 uid 10264
07-21 18:11:48.828 I/ActivityManager( 7714): Start proc 12409:com.oppo.weather.locationservice/u0a63 for service com.oppo.weather.locationservice/.GetLocationService
07-21 18:11:48.958 I/ActivityManager( 7714): Start proc 12440:com.oppo.weather.locationservice:remote/u0a63 for service com.oppo.weather.locationservice/com.baidu.location.f
07-21 18:11:49.348 W/BroadcastQueue( 7714): Permission Denial: broadcasting Intent { act=com.oppo.weather.action.auto_get_location flg=0x10 (has extras) } from com.oppo.weather.locationservice (pid=12409, uid=10063) is not exported from uid 10008 due to receiver com.android.mms/com.ted.sdk.mms.LocationReceiver
07-21 18:11:49.368 V/Process (12440): killProcess [12440] Callers=com.baidu.location.f.bU:-1 com.baidu.location.f.do:-1 com.baidu.location.f$a.handleMessage:-1 android.os.Handler.dispatchMessage:102 
07-21 18:11:49.508 I/ActivityManager( 7714): Process com.oppo.weather.locationservice:remote (pid 12440) has died
07-21 18:11:49.508 D/ActivityManager( 7714): cleanUpApplicationRecordLocked:goodbye proc com.oppo.weather.locationservice:remote
07-21 18:11:49.518 I/ActivityManager( 7714): Process com.oppo.weather.locationservice (pid 12409) has died
07-21 18:11:49.518 D/ActivityManager( 7714): cleanUpApplicationRecordLocked:goodbye proc com.oppo.weather.locationservice
07-21 18:11:50.358 W/BroadcastQueue( 7714): Skipping deliver [background] BroadcastRecord{16e19731 u-1 android.net.conn.CONNECTIVITY_CHANGE} to ReceiverList{1b047e16 12476 (unknown name)/2000/u-1 remote:231646bb}: process crashing
07-21 18:11:50.368 I/ActivityManager( 7714): START u0 {act=android.intent.action.MAIN cat=[android.intent.category.LAUNCHER] flg=0x10200000 cmp=com.excelliance.dualaid/com.excelliance.kxqp.ui.HelloActivity} from uid 2000 and from pid 12476 on display 0
07-21 18:11:50.368 V/WindowManager( 7714): addAppToken: AppWindowToken{1e87756d token=Token{12790984 ActivityRecord{3a589397 u0 com.excelliance.dualaid/com.excelliance.kxqp.ui.HelloActivity t380}}} to stack=1 task=380 at 0
07-21 18:11:50.388 D/ImmersiveModeConfirmation( 7714): loadSetting() mCurrentUserId=0 resetForPanic=false
07-21 18:11:50.388 D/ImmersiveModeConfirmation( 7714): Loaded mConfirmed=true
07-21 18:11:50.388 D/PolicyControl( 7714): reloadFromSetting()
07-21 18:11:50.388 D/PolicyControl( 7714): setFilters: null
07-21 18:11:50.388 D/PolicyControl( 7714): immersiveStatusFilter: null
07-21 18:11:50.388 D/PolicyControl( 7714): immersiveNavigationFilter: null
07-21 18:11:50.388 D/PolicyControl( 7714): immersivePreconfirmationsFilter: null
07-21 18:11:50.398 I/ActivityManager( 7714): Start proc 12495:com.excelliance.dualaid:olle/u0a264 for activity com.excelliance.dualaid/com.excelliance.kxqp.ui.HelloActivity
07-21 18:11:50.408 D/ImmersiveModeConfirmation( 7714): loadSetting() mCurrentUserId=0 resetForPanic=false
07-21 18:11:50.408 D/ImmersiveModeConfirmation( 7714): Loaded mConfirmed=true
07-21 18:11:50.408 D/PolicyControl( 7714): reloadFromSetting()
07-21 18:11:50.408 D/PolicyControl( 7714): setFilters: null
07-21 18:11:50.408 D/PolicyControl( 7714): immersiveStatusFilter: null
07-21 18:11:50.408 D/PolicyControl( 7714): immersiveNavigationFilter: null
07-21 18:11:50.408 D/PolicyControl( 7714): immersivePreconfirmationsFilter: null
07-21 18:11:50.468 I/ActivityManager( 7714): START u0 {flg=0x10000000 cmp=com.excelliance.dualaid/com.excelliance.kxqp.ui.MainActivity (has extras)} from uid 10264 and from pid 12495 on display 0
07-21 18:11:50.478 V/WindowManager( 7714): addAppToken: AppWindowToken{3df6e525 token=Token{10f6051c ActivityRecord{3d745e8f u0 com.excelliance.dualaid/com.excelliance.kxqp.ui.MainActivity t380}}} to stack=1 task=380 at 1
07-21 18:11:50.478 V/WindowManager( 7714): Based on layer: Adding window Window{f6254ab u0 Starting com.excelliance.dualaid} at 6 of 13
07-21 18:11:50.498 I/ActivityManager( 7714): Start proc 12526:com.excelliance.dualaid/u0a264 for activity com.excelliance.dualaid/com.excelliance.kxqp.ui.MainActivity
07-21 18:11:50.528 V/WindowManager( 7714): Changing focus from Window{1b98542a u0 com.oppo.launcher/com.oppo.launcher.Launcher EXITING} to null Callers=com.android.server.wm.WindowManagerService.relayoutWindow:3527 com.android.server.wm.Session.relayout:197 android.view.IWindowSession$Stub.onTransact:273 com.android.server.wm.Session.onTransact:130 
07-21 18:11:50.588 W/InputMethodManagerService( 7714): Starting input on non-focused client com.android.internal.view.IInputMethodClient$Stub$Proxy@3fdff4ee (uid=10042 pid=8664)
07-21 18:11:50.878 W/InputMethodManagerService( 7714): Starting input on non-focused client com.android.internal.view.IInputMethodClient$Stub$Proxy@3fdff4ee (uid=10042 pid=8664)
07-21 18:11:51.158 V/WindowManager( 7714): Adding window Window{34a68d80 u0 com.excelliance.dualaid/com.excelliance.kxqp.ui.MainActivity} at 4 of 14 (before Window{f6254ab u0 Starting com.excelliance.dualaid})
07-21 18:11:51.168 W/ActivityManager( 7714): Unable to start service Intent { act=com.excelliance.dualaid.b64.action.process.64 } U=0: not found
07-21 18:11:51.208 W/ActivityManager( 7714): Unable to start service Intent { act=com.excelliance.dualaid.b64.action.process.64 } U=0: not found
