06-15 11:23:39.141 D/DownloadService(30368): publishProgress entered progress:40
06-15 11:23:39.142 D/DownloadService(30368): publishProgress entered progress:41
06-15 11:23:39.144 D/DownloadService(30368): publishProgress entered progress:42
06-15 11:23:39.144 D/DownloadService(30368): publishProgress entered progress:21
06-15 11:23:39.146 D/DownloadService(30368): publishProgress entered progress:23
06-15 11:23:39.146 D/DownloadService(30368): publishProgress entered progress:98
06-15 11:23:39.147 D/DownloadService(30368): publishProgress entered progress:43
06-15 11:23:39.147 V/GameUtil(30368): saveVersionToFileByKey  xml_key :pp  result:2
06-15 11:23:39.149 V/GameUtil(30368): saveVersionToFileByKey  xml_key :jrtt  result:10
06-15 11:23:39.149 D/DownloadService(30368): publishProgress entered progress:13
06-15 11:23:39.149 D/DownloadService(30368): publishProgress entered progress:25
06-15 11:23:39.149 D/DownloadService(30368): publishProgress entered progress:44
06-15 11:23:39.150 D/DownloadService(30368): publishProgress entered progress:99
06-15 11:23:39.150 D/DownloadService(30368): publishProgress entered progress:14
06-15 11:23:39.150 D/DownloadService(30368): publishProgress entered progress:100
06-15 11:23:39.154 D/DownloadService(30368): publishProgress entered progress:45
06-15 11:23:39.157 D/DownloadService(30368): publishProgress entered progress:27
06-15 11:23:39.157 D/DownloadService(30368): publishProgress entered progress:15
06-15 11:23:39.157 D/DownloadService(30368): publishProgress entered progress:22
06-15 11:23:39.159 D/DownloadService(30368): publishProgress entered progress:29
06-15 11:23:39.159 D/DownloadService(30368): publishProgress entered progress:23
06-15 11:23:39.159 D/DownloadService(30368): publishProgress entered progress:16
06-15 11:23:39.159 D/DownloadService(30368): publishProgress entered progress:46
06-15 11:23:39.160 D/DownloadService(30368): publishProgress entered progress:31
06-15 11:23:39.160 D/DownloadService(30368): publishProgress entered progress:47
06-15 11:23:39.161 D/DownloadService(30368): publishProgress entered progress:24
06-15 11:23:39.161 D/DownloadService(30368): publishProgress entered progress:17
06-15 11:23:39.162 D/DownloadService(30368): publishProgress entered progress:48
06-15 11:23:39.163 D/DownloadService(30368): publishProgress entered progress:32
06-15 11:23:39.163 D/DownloadService(30368): publishProgress entered progress:18
06-15 11:23:39.163 D/DownloadService(30368): publishProgress entered progress:25
06-15 11:23:39.165 D/DownloadService(30368): publishProgress entered progress:49
06-15 11:23:39.165 D/DownloadService(30368): publishProgress entered progress:34
06-15 11:23:39.165 D/DownloadService(30368): publishProgress entered progress:19
06-15 11:23:39.168 D/DownloadService(30368): publishProgress entered progress:20
06-15 11:23:39.168 D/DownloadService(30368): publishProgress entered progress:50
06-15 11:23:39.168 D/DownloadService(30368): publishProgress entered progress:36
06-15 11:23:39.169 D/DownloadService(30368): publishProgress entered progress:26
06-15 11:23:39.174 D/DownloadService(30368): publishProgress entered progress:27
06-15 11:23:39.175 D/DownloadService(30368): publishProgress entered progress:21
06-15 11:23:39.175 D/DownloadService(30368): publishProgress entered progress:28
06-15 11:23:39.175 D/DownloadService(30368): publishProgress entered progress:38
06-15 11:23:39.175 D/DownloadService(30368): publishProgress entered progress:51
06-15 11:23:39.177 D/DownloadService(30368): publishProgress entered progress:40
06-15 11:23:39.178 D/DownloadService(30368): publishProgress entered progress:29
06-15 11:23:39.178 D/DownloadService(30368): publishProgress entered progress:52
06-15 11:23:39.178 D/DownloadService(30368): publishProgress entered progress:22
06-15 11:23:39.180 D/DownloadService(30368): publishProgress entered progress:30
06-15 11:23:39.180 D/LBService(30368): remove o=com.excelliance.kxqp.e$1, busyCount=11
06-15 11:23:39.180 V/DownloadService(30368): unzipDir:gdtnew
06-15 11:23:39.180 D/LBService(30368): remove o=com.excelliance.kxqp.e$1, busyCount=10
06-15 11:23:39.181 D/DownloadService(30368): publishProgress entered progress:31
06-15 11:23:39.181 V/DownloadService(30368): unzipDir:xf
06-15 11:23:39.181 D/DownloadService(30368): publishProgress entered progress:41
06-15 11:23:39.182 D/DownloadService(30368): publishProgress entered progress:5
06-15 11:23:39.183 D/DownloadService(30368): publishProgress entered progress:32
06-15 11:23:39.183 D/DownloadService(30368): publishProgress entered progress:10
06-15 11:23:39.183 D/DownloadService(30368): publishProgress entered progress:43
06-15 11:23:39.184 D/DownloadService(30368): publishProgress entered progress:33
06-15 11:23:39.184 D/DownloadService(30368): publishProgress entered progress:45
06-15 11:23:39.185 D/DownloadService(30368): publishProgress entered progress:15
06-15 11:23:39.185 D/DownloadService(30368): publishProgress entered progress:47
06-15 11:23:39.186 D/DownloadService(30368): publishProgress entered progress:49
06-15 11:23:39.186 D/DownloadService(30368): publishProgress entered progress:23
06-15 11:23:39.188 D/DownloadService(30368): publishProgress entered progress:34
06-15 11:23:39.190 D/DownloadService(30368): publishProgress entered progress:53
06-15 11:23:39.192 D/DownloadService(30368): publishProgress entered progress:54
06-15 11:23:39.192 D/DownloadService(30368): publishProgress entered progress:20
06-15 11:23:39.192 D/DownloadService(30368): publishProgress entered progress:24
06-15 11:23:39.192 D/DownloadService(30368): publishProgress entered progress:51
06-15 11:23:39.193 D/DownloadService(30368): publishProgress entered progress:35
06-15 11:23:39.194 D/DownloadService(30368): publishProgress entered progress:25
06-15 11:23:39.194 D/DownloadService(30368): publishProgress entered progress:52
06-15 11:23:39.194 D/DownloadService(30368): publishProgress entered progress:55
06-15 11:23:39.195 D/DownloadService(30368): publishProgress entered progress:25
06-15 11:23:39.196 D/DownloadService(30368): publishProgress entered progress:56
06-15 11:23:39.196 D/DownloadService(30368): publishProgress entered progress:31
06-15 11:23:39.196 D/DownloadService(30368): publishProgress entered progress:54
06-15 11:23:39.196 D/DownloadService(30368): publishProgress entered progress:36
06-15 11:23:39.197 D/DownloadService(30368): publishProgress entered progress:37
06-15 11:23:39.197 D/DownloadService(30368): publishProgress entered progress:57
06-15 11:23:39.197 D/DownloadService(30368): publishProgress entered progress:56
06-15 11:23:39.198 D/DownloadService(30368): publishProgress entered progress:26
06-15 11:23:39.198 D/DownloadService(30368): publishProgress entered progress:58
06-15 11:23:39.199 D/DownloadService(30368): publishProgress entered progress:58
06-15 11:23:39.199 D/DownloadService(30368): publishProgress entered progress:59
06-15 11:23:39.200 D/DownloadService(30368): publishProgress entered progress:36
06-15 11:23:39.200 D/DownloadService(30368): publishProgress entered progress:38
06-15 11:23:39.200 D/DownloadService(30368): publishProgress entered progress:27
06-15 11:23:39.200 D/DownloadService(30368): publishProgress entered progress:60
06-15 11:23:39.202 D/DownloadService(30368): publishProgress entered progress:41
06-15 11:23:39.202 D/DownloadService(30368): publishProgress entered progress:61
06-15 11:23:39.202 D/DownloadService(30368): publishProgress entered progress:39
06-15 11:23:39.202 D/DownloadService(30368): publishProgress entered progress:28
06-15 11:23:39.203 V/GameUtil(30368): saveVersionToFileByKey  xml_key :gdtnew  result:26
06-15 11:23:39.204 D/DownloadService(30368): publishProgress entered progress:29
06-15 11:23:39.204 D/DownloadService(30368): publishProgress entered progress:46
06-15 11:23:39.204 D/DownloadService(30368): publishProgress entered progress:62
06-15 11:23:39.205 D/DownloadService(30368): publishProgress entered progress:63
06-15 11:23:39.208 D/DownloadService(30368): publishProgress entered progress:40
06-15 11:23:39.208 V/GameUtil(30368): saveVersionToFileByKey  xml_key :xf  result:4
06-15 11:23:39.210 D/DownloadService(30368): publishProgress entered progress:64
06-15 11:23:39.210 D/DownloadService(30368): publishProgress entered progress:41
06-15 11:23:39.210 D/DownloadService(30368): publishProgress entered progress:30
06-15 11:23:39.210 D/DownloadService(30368): publishProgress entered progress:51
06-15 11:23:39.212 D/DownloadService(30368): publishProgress entered progress:65
06-15 11:23:39.212 D/DownloadService(30368): publishProgress entered progress:42
06-15 11:23:39.214 D/DownloadService(30368): publishProgress entered progress:66
06-15 11:23:39.214 D/DownloadService(30368): publishProgress entered progress:31
06-15 11:23:39.217 D/DownloadService(30368): publishProgress entered progress:56
06-15 11:23:39.218 D/DownloadService(30368): publishProgress entered progress:32
06-15 11:23:39.218 D/DownloadService(30368): publishProgress entered progress:67
06-15 11:23:39.219 D/DownloadService(30368): publishProgress entered progress:62
06-15 11:23:39.224 D/DownloadService(30368): publishProgress entered progress:68
06-15 11:23:39.225 D/DownloadService(30368): publishProgress entered progress:84
06-15 11:23:39.225 D/DownloadService(30368): publishProgress entered progress:33
06-15 11:23:39.225 D/DownloadService(30368): publishProgress entered progress:67
06-15 11:23:39.221 D/DownloadService(30368): publishProgress entered progress:43
06-15 11:23:39.226 D/DownloadService(30368): publishProgress entered progress:72
06-15 11:23:39.226 D/DownloadService(30368): publishProgress entered progress:85
06-15 11:23:39.227 D/DownloadService(30368): publishProgress entered progress:69
06-15 11:23:39.227 D/DownloadService(30368): publishProgress entered progress:34
06-15 11:23:39.228 D/DownloadService(30368): publishProgress entered progress:77
06-15 11:23:39.228 D/DownloadService(30368): publishProgress entered progress:86
06-15 11:23:39.229 D/DownloadService(30368): publishProgress entered progress:70
06-15 11:23:39.231 D/DownloadService(30368): publishProgress entered progress:44
06-15 11:23:39.231 D/DownloadService(30368): publishProgress entered progress:35
06-15 11:23:39.231 D/DownloadService(30368): publishProgress entered progress:82
06-15 11:23:39.232 D/DownloadService(30368): publishProgress entered progress:71
06-15 11:23:39.232 D/DownloadService(30368): publishProgress entered progress:87
06-15 11:23:39.234 D/DownloadService(30368): publishProgress entered progress:36
06-15 11:23:39.235 D/DownloadService(30368): publishProgress entered progress:45
06-15 11:23:39.235 D/DownloadService(30368): publishProgress entered progress:72
06-15 11:23:39.235 D/DownloadService(30368): publishProgress entered progress:88
06-15 11:23:39.237 D/DownloadService(30368): publishProgress entered progress:46
06-15 11:23:39.238 D/DownloadService(30368): publishProgress entered progress:37
06-15 11:23:39.238 D/DownloadService(30368): publishProgress entered progress:73
06-15 11:23:39.239 D/DownloadService(30368): publishProgress entered progress:47
06-15 11:23:39.239 D/DownloadService(30368): publishProgress entered progress:89
06-15 11:23:39.239 D/DownloadService(30368): publishProgress entered progress:38
06-15 11:23:39.239 D/DownloadService(30368): publishProgress entered progress:74
06-15 11:23:39.240 D/DownloadService(30368): publishProgress entered progress:48
06-15 11:23:39.241 D/DownloadService(30368): publishProgress entered progress:90
06-15 11:23:39.241 D/DownloadService(30368): publishProgress entered progress:75
06-15 11:23:39.242 D/DownloadService(30368): publishProgress entered progress:60
06-15 11:23:39.242 D/DownloadService(30368): publishProgress entered progress:76
06-15 11:23:39.243 D/DownloadService(30368): publishProgress entered progress:39
06-15 11:23:39.243 D/DownloadService(30368): publishProgress entered progress:77
06-15 11:23:39.245 D/DownloadService(30368): publishProgress entered progress:78
06-15 11:23:39.246 D/DownloadService(30368): publishProgress entered progress:62
06-15 11:23:39.246 D/LBService(30368): remove o=com.excelliance.kxqp.e$1, busyCount=9
06-15 11:23:39.247 D/DownloadService(30368): publishProgress entered progress:79
06-15 11:23:39.247 D/LBService(30368): remove o=com.excelliance.kxqp.e$1, busyCount=8
06-15 11:23:39.248 D/DownloadService(30368): publishProgress entered progress:91
06-15 11:23:39.248 D/DownloadService(30368): publishProgress entered progress:63
06-15 11:23:39.248 D/DownloadService(30368): publishProgress entered progress:80
06-15 11:23:39.249 D/DownloadService(30368): publishProgress entered progress:40
06-15 11:23:39.250 D/DownloadService(30368): publishProgress entered progress:81
06-15 11:23:39.250 D/DownloadService(30368): publishProgress entered progress:65
06-15 11:23:39.251 D/DownloadService(30368): publishProgress entered progress:41
06-15 11:23:39.251 D/DownloadService(30368): publishProgress entered progress:67
06-15 11:23:39.253 D/DownloadService(30368): publishProgress entered progress:82
06-15 11:23:39.253 D/DownloadService(30368): publishProgress entered progress:49
06-15 11:23:39.254 D/DownloadService(30368): publishProgress entered progress:92
06-15 11:23:39.257 D/DownloadService(30368): publishProgress entered progress:83
06-15 11:23:39.258 D/DownloadService(30368): publishProgress entered progress:42
06-15 11:23:39.258 D/DownloadService(30368): publishProgress entered progress:50
06-15 11:23:39.258 D/DownloadService(30368): publishProgress entered progress:69
06-15 11:23:39.259 D/DownloadService(30368): publishProgress entered progress:84
06-15 11:23:39.259 D/DownloadService(30368): publishProgress entered progress:43
06-15 11:23:39.259 D/DownloadService(30368): publishProgress entered progress:71
06-15 11:23:39.260 D/DownloadService(30368): publishProgress entered progress:93
06-15 11:23:39.260 D/DownloadService(30368): publishProgress entered progress:85
06-15 11:23:39.261 D/DownloadService(30368): publishProgress entered progress:72
06-15 11:23:39.261 D/DownloadService(30368): publishProgress entered progress:51
06-15 11:23:39.261 D/DownloadService(30368): publishProgress entered progress:44
06-15 11:23:39.261 D/DownloadService(30368): publishProgress entered progress:86
06-15 11:23:39.262 D/DownloadService(30368): publishProgress entered progress:87
06-15 11:23:39.262 D/DownloadService(30368): publishProgress entered progress:52
06-15 11:23:39.262 D/DownloadService(30368): publishProgress entered progress:74
06-15 11:23:39.263 D/DownloadService(30368): publishProgress entered progress:45
06-15 11:23:39.264 D/DownloadService(30368): publishProgress entered progress:88
06-15 11:23:39.265 D/DownloadService(30368): publishProgress entered progress:76
06-15 11:23:39.265 D/DownloadService(30368): publishProgress entered progress:89
06-15 11:23:39.265 D/DownloadService(30368): publishProgress entered progress:53
06-15 11:23:39.266 D/DownloadService(30368): publishProgress entered progress:46
06-15 11:23:39.267 D/DownloadService(30368): publishProgress entered progress:78
06-15 11:23:39.268 D/DownloadService(30368): publishProgress entered progress:94
06-15 11:23:39.271 D/DownloadService(30368): publishProgress entered progress:90
06-15 11:23:39.272 D/DownloadService(30368): publishProgress entered progress:47
06-15 11:23:39.272 D/DownloadService(30368): publishProgress entered progress:54
06-15 11:23:39.275 D/DownloadService(30368): publishProgress entered progress:55
06-15 11:23:39.275 D/DownloadService(30368): publishProgress entered progress:91
06-15 11:23:39.275 D/DownloadService(30368): publishProgress entered progress:95
06-15 11:23:39.276 D/DownloadService(30368): publishProgress entered progress:48
06-15 11:23:39.276 D/DownloadService(30368): publishProgress entered progress:80
06-15 11:23:39.277 D/DownloadService(30368): publishProgress entered progress:92
06-15 11:23:39.278 D/DownloadService(30368): publishProgress entered progress:56
06-15 11:23:39.278 D/DownloadService(30368): publishProgress entered progress:82
06-15 11:23:39.280 D/DownloadService(30368): publishProgress entered progress:83
06-15 11:23:39.280 D/DownloadService(30368): publishProgress entered progress:93
06-15 11:23:39.280 D/DownloadService(30368): publishProgress entered progress:49
06-15 11:23:39.283 D/DownloadService(30368): publishProgress entered progress:85
06-15 11:23:39.283 D/DownloadService(30368): publishProgress entered progress:94
06-15 11:23:39.285 D/DownloadService(30368): publishProgress entered progress:50
06-15 11:23:39.289 D/DownloadService(30368): publishProgress entered progress:57
06-15 11:23:39.289 D/DownloadService(30368): publishProgress entered progress:7
06-15 11:23:39.290 D/DownloadService(30368): publishProgress entered progress:58
06-15 11:23:39.290 D/DownloadService(30368): publishProgress entered progress:87
06-15 11:23:39.293 D/DownloadService(30368): publishProgress entered progress:96
06-15 11:23:39.293 D/DownloadService(30368): publishProgress entered progress:51
06-15 11:23:39.294 D/DownloadService(30368): publishProgress entered progress:95
06-15 11:23:39.294 I/appium  (28403): Skipping invisible child: android.view.accessibility.AccessibilityNodeInfo@8001229e; boundsInParent: Rect(0, 0 - 1080, 54); boundsInScreen: Rect(0, 0 - 1080, 54); packageName: com.excelliance.dualaid; className: android.view.View; text: null; error: null; maxTextLength: -1; contentDescription: null; viewIdResName: com.excelliance.dualaid:id/custom_status_bar; checkable: false; checked: false; focusable: false; focused: false; selected: false; clickable: false; longClickable: false; contextClickable: false; enabled: true; password: false; scrollable: false; actions: [AccessibilityAction: ACTION_SELECT - null, AccessibilityAction: ACTION_CLEAR_SELECTION - null, AccessibilityAction: ACTION_ACCESSIBILITY_FOCUS - null, AccessibilityAction: ACTION_SHOW_ON_SCREEN - null]
06-15 11:23:39.297 D/DownloadService(30368): publishProgress entered progress:52
06-15 11:23:39.297 D/DownloadService(30368): publishProgress entered progress:15
06-15 11:23:39.298 D/DownloadService(30368): publishProgress entered progress:59
06-15 11:23:39.299 D/DownloadService(30368): publishProgress entered progress:89
06-15 11:23:39.299 D/DownloadService(30368): publishProgress entered progress:53
06-15 11:23:39.299 D/DownloadService(30368): publishProgress entered progress:60
06-15 11:23:39.301 D/DownloadService(30368): publishProgress entered progress:91
06-15 11:23:39.304 D/DownloadService(30368): publishProgress entered progress:22
06-15 11:23:39.305 D/DownloadService(30368): publishProgress entered progress:93
06-15 11:23:39.305 D/DownloadService(30368): publishProgress entered progress:61
06-15 11:23:39.306 D/DownloadService(30368): publishProgress entered progress:96
06-15 11:23:39.306 D/DownloadService(30368): publishProgress entered progress:54
06-15 11:23:39.307 D/DownloadService(30368): publishProgress entered progress:30
06-15 11:23:39.309 D/DownloadService(30368): publishProgress entered progress:94
06-15 11:23:39.309 D/DownloadService(30368): publishProgress entered progress:62
06-15 11:23:39.310 D/DownloadService(30368): publishProgress entered progress:37
06-15 11:23:39.311 D/DownloadService(30368): publishProgress entered progress:45
06-15 11:23:39.313 D/DownloadService(30368): publishProgress entered progress:53
06-15 11:23:39.313 D/DownloadService(30368): publishProgress entered progress:55
06-15 11:23:39.313 D/DownloadService(30368): publishProgress entered progress:97
06-15 11:23:39.313 D/DownloadService(30368): publishProgress entered progress:63
06-15 11:23:39.315 D/DownloadService(30368): publishProgress entered progress:96
06-15 11:23:39.317 D/DownloadService(30368): publishProgress entered progress:64
06-15 11:23:39.317 D/DownloadService(30368): publishProgress entered progress:98
06-15 11:23:39.317 D/DownloadService(30368): publishProgress entered progress:56
06-15 11:23:39.317 I/appium  (28403): Skipping invisible child: android.view.accessibility.AccessibilityNodeInfo@8001bc87; boundsInParent: Rect(0, 0 - 0, 0); boundsInScreen: Rect(180, 1259 - 180, 1259); packageName: com.excelliance.dualaid; className: android.widget.LinearLayout; text: null; error: null; maxTextLength: -1; contentDescription: null; viewIdResName: null; checkable: false; checked: false; focusable: false; focused: false; selected: false; clickable: false; longClickable: false; contextClickable: false; enabled: true; password: false; scrollable: false; actions: [AccessibilityAction: ACTION_SELECT - null, AccessibilityAction: ACTION_CLEAR_SELECTION - null, AccessibilityAction: ACTION_ACCESSIBILITY_FOCUS - null, AccessibilityAction: ACTION_SHOW_ON_SCREEN - null]
06-15 11:23:39.318 D/DownloadService(30368): publishProgress entered progress:65
06-15 11:23:39.319 D/DownloadService(30368): publishProgress entered progress:99
06-15 11:23:39.320 D/DownloadService(30368): publishProgress entered progress:60
06-15 11:23:39.321 D/DownloadService(30368): publishProgress entered progress:100
06-15 11:23:39.321 D/DownloadService(30368): publishProgress entered progress:57
06-15 11:23:39.322 D/DownloadService(30368): publishProgress entered progress:66
06-15 11:23:39.323 D/DownloadService(30368): publishProgress entered progress:58
06-15 11:23:39.324 D/DownloadService(30368): publishProgress entered progress:68
06-15 11:23:39.325 D/DownloadService(30368): publishProgress entered progress:75
06-15 11:23:39.325 D/DownloadService(30368): publishProgress entered progress:59
06-15 11:23:39.327 D/DownloadService(30368): publishProgress entered progress:60
06-15 11:23:39.329 D/DownloadService(30368): publishProgress entered progress:61
06-15 11:23:39.329 D/DownloadService(30368): publishProgress entered progress:67
06-15 11:23:39.331 D/DownloadService(30368): publishProgress entered progress:68
06-15 11:23:39.331 D/DownloadService(30368): publishProgress entered progress:62
06-15 11:23:39.332 I/appium  (28403): Skipping invisible child: android.view.accessibility.AccessibilityNodeInfo@80016db2; boundsInParent: Rect(0, 0 - 1080, 0); boundsInScreen: Rect(0, 1708 - 1080, 1708); packageName: com.excelliance.dualaid; className: android.widget.LinearLayout; text: null; error: null; maxTextLength: -1; contentDescription: null; viewIdResName: com.excelliance.dualaid:id/layout_container; checkable: false; checked: false; focusable: false; focused: false; selected: false; clickable: false; longClickable: false; contextClickable: false; enabled: true; password: false; scrollable: false; actions: [AccessibilityAction: ACTION_SELECT - null, AccessibilityAction: ACTION_CLEAR_SELECTION - null, AccessibilityAction: ACTION_ACCESSIBILITY_FOCUS - null, AccessibilityAction: ACTION_SHOW_ON_SCREEN - null]
06-15 11:23:39.332 I/appium  (28403): Skipping invisible child: android.view.accessibility.AccessibilityNodeInfo@80015eae; boundsInParent: Rect(0, 0 - 1080, 0); boundsInScreen: Rect(0, 1708 - 1080, 1708); packageName: com.excelliance.dualaid; className: android.widget.FrameLayout; text: null; error: null; maxTextLength: -1; contentDescription: null; viewIdResName: com.excelliance.dualaid:id/fl_off_standard_position; checkable: false; checked: false; focusable: false; focused: false; selected: false; clickable: false; longClickable: false; contextClickable: false; enabled: true; password: false; scrollable: false; actions: [AccessibilityAction: ACTION_SELECT - null, AccessibilityAction: ACTION_CLEAR_SELECTION - null, AccessibilityAction: ACTION_ACCESSIBILITY_FOCUS - null, AccessibilityAction: ACTION_SHOW_ON_SCREEN - null]
06-15 11:23:39.332 I/appium  (28403): Skipping invisible child: android.view.accessibility.AccessibilityNodeInfo@80014faa; boundsInParent: Rect(0, 0 - 1080, 0); boundsInScreen: Rect(0, 1920 - 1080, 1920); packageName: com.excelliance.dualaid; className: android.widget.FrameLayout; text: null; error: null; maxTextLength: -1; contentDescription: null; viewIdResName: com.excelliance.dualaid:id/fl_stream_new; checkable: false; checked: false; focusable: false; focused: false; selected: false; clickable: false; longClickable: false; contextClickable: false; enabled: true; password: false; scrollable: false; actions: [AccessibilityAction: ACTION_SELECT - null, AccessibilityAction: ACTION_CLEAR_SELECTION - null, AccessibilityAction: ACTION_ACCESSIBILITY_FOCUS - null, AccessibilityAction: ACTION_SHOW_ON_SCREEN - null]
06-15 11:23:39.333 V/DownloadService(30368): unzipDir:yc
06-15 11:23:39.333 D/DownloadService(30368): publishProgress entered progress:83
06-15 11:23:39.337 D/DownloadService(30368): publishProgress entered progress:98
06-15 11:23:39.338 D/DownloadService(30368): publishProgress entered progress:91
06-15 11:23:39.339 D/DownloadService(30368): publishProgress entered progress:69
06-15 11:23:39.340 D/DownloadService(30368): publishProgress entered progress:100
06-15 11:23:39.340 D/DownloadService(30368): publishProgress entered progress:70
06-15 11:23:39.340 D/DownloadService(30368): publishProgress entered progress:98
06-15 11:23:39.340 D/DownloadService(30368): publishProgress entered progress:63
06-15 11:23:39.342 D/DownloadService(30368): publishProgress entered progress:100
06-15 11:23:39.342 D/DownloadService(30368): publishProgress entered progress:71
06-15 11:23:39.343 D/DownloadService(30368): publishProgress entered progress:64
06-15 11:23:39.343 D/DownloadService(30368): publishProgress entered progress:72
06-15 11:23:39.343 D/DownloadService(30368): publishProgress entered progress:65
06-15 11:23:39.345 D/DownloadService(30368): publishProgress entered progress:73
06-15 11:23:39.348 D/DownloadService(30368): publishProgress entered progress:66
06-15 11:23:39.348 I/appium  (28403): Skipping invisible child: android.view.accessibility.AccessibilityNodeInfo@80012a20; boundsInParent: Rect(0, 0 - 1080, 0); boundsInScreen: Rect(0, 222 - 1080, 222); packageName: com.excelliance.dualaid; className: android.view.View; text: null; error: null; maxTextLength: -1; contentDescription: null; viewIdResName: com.excelliance.dualaid:id/view_bottom; checkable: false; checked: false; focusable: false; focused: false; selected: false; clickable: false; longClickable: false; contextClickable: false; enabled: true; password: false; scrollable: false; actions: [AccessibilityAction: ACTION_SELECT - null, AccessibilityAction: ACTION_CLEAR_SELECTION - null, AccessibilityAction: ACTION_ACCESSIBILITY_FOCUS - null, AccessibilityAction: ACTION_SHOW_ON_SCREEN - null]
06-15 11:23:39.349 D/DownloadService(30368): publishProgress entered progress:74
06-15 11:23:39.356 D/TrafficStatsHelper( 6003): ifaceNames[0]:lo
06-15 11:23:39.356 D/TrafficStatsHelper( 6003): ifaceNames[1]:tun0
06-15 11:23:39.356 D/TrafficStatsHelper( 6003): ifaceNames[2]:wlan0
06-15 11:23:39.356 D/TrafficStatsHelper( 6003): ifaceNames[3]:dummy0
06-15 11:23:39.356 D/TrafficStatsHelper( 6003): ifaceNames[4]:rmnet_data0
06-15 11:23:39.356 D/DownloadService(30368): publishProgress entered progress:67
06-15 11:23:39.358 D/TrafficStatsHelper( 6003): transmitted_validWifiData.get(0) = wlan0
06-15 11:23:39.359 D/DownloadService(30368): publishProgress entered progress:68
06-15 11:23:39.360 D/DownloadService(30368): publishProgress entered progress:69
06-15 11:23:39.362 D/DownloadService(30368): publishProgress entered progress:75
06-15 11:23:39.365 D/DownloadService(30368): publishProgress entered progress:76
06-15 11:23:39.367 D/DownloadService(30368): publishProgress entered progress:77
06-15 11:23:39.370 D/DownloadService(30368): publishProgress entered progress:70
06-15 11:23:39.374 D/DownloadService(30368): publishProgress entered progress:78
06-15 11:23:39.376 D/DownloadService(30368): publishProgress entered progress:79
06-15 11:23:39.377 V/DownloadService(30368): unzipDir:lm
06-15 11:23:39.377 D/DownloadService(30368): publishProgress entered progress:80
06-15 11:23:39.378 D/DownloadService(30368): publishProgress entered progress:71
06-15 11:23:39.378 I/appium  (28403): Fetch time: 89ms
06-15 11:23:39.379 D/DownloadService(30368): publishProgress entered progress:81
06-15 11:23:39.379 D/DownloadService(30368): publishProgress entered progress:72
06-15 11:23:39.381 D/DownloadService(30368): publishProgress entered progress:82
06-15 11:23:39.382 V/DownloadService(30368): unzipDir:wx
06-15 11:23:39.383 D/DownloadService(30368): publishProgress entered progress:83
06-15 11:23:39.385 D/DownloadService(30368): publishProgress entered progress:97
06-15 11:23:39.386 D/DownloadService(30368): publishProgress entered progress:73
06-15 11:23:39.387 V/GameUtil(30368): saveVersionToFileByKey  xml_key :yc  result:3
06-15 11:23:39.388 D/DownloadService(30368): publishProgress entered progress:98
06-15 11:23:39.388 D/DownloadService(30368): publishProgress entered progress:74
06-15 11:23:39.388 D/DownloadService(30368): publishProgress entered progress:84
06-15 11:23:39.390 D/DownloadService(30368): publishProgress entered progress:99
06-15 11:23:39.390 D/DownloadService(30368): publishProgress entered progress:75
06-15 11:23:39.392 V/GameUtil(30368): saveVersionToFileByKey  xml_key :lm  result:2
06-15 11:23:39.394 D/DownloadService(30368): publishProgress entered progress:76
06-15 11:23:39.394 D/DownloadService(30368): publishProgress entered progress:85
06-15 11:23:39.395 D/DownloadService(30368): publishProgress entered progress:77
06-15 11:23:39.396 D/DownloadService(30368): publishProgress entered progress:86
06-15 11:23:39.397 D/DownloadService(30368): publishProgress entered progress:78
06-15 11:23:39.398 D/DownloadService(30368): publishProgress entered progress:87
06-15 11:23:39.398 D/DownloadService(30368): publishProgress entered progress:100
06-15 11:23:39.399 D/DownloadService(30368): publishProgress entered progress:88
06-15 11:23:39.400 D/DownloadService(30368): publishProgress entered progress:79
06-15 11:23:39.401 D/DownloadService(30368): publishProgress entered progress:89
06-15 11:23:39.402 W/X509TrustManager(30368): checkServerTrusted: SignatureException:null
06-15 11:23:39.402 D/DownloadService(30368): publishProgress entered progress:80
06-15 11:23:39.403 W/X509TrustManager(30368): checkServerTrusted: SignatureException:error:04000070:RSA routines:OPENSSL_internal:DATA_TOO_LARGE_FOR_MODULUS
06-15 11:23:39.403 D/DownloadService(30368): publishProgress entered progress:90
06-15 11:23:39.405 D/DownloadService(30368): publishProgress entered progress:81
06-15 11:23:39.407 D/DownloadService(30368): publishProgress entered progress:91
06-15 11:23:39.407 D/DownloadService(30368): publishProgress entered progress:82
06-15 11:23:39.408 I/appium  (28403): AppiumResponse: {"sessionId":"50a3d129-e1c4-4754-9f20-b516f7b4ab53","status":0,"value":"<?xml version=\"1.0\" encoding=\"UTF-8\"?><hierarchy rotation=\"0\"><android.widget.FrameLayout index=\"0\" text=\"\" class=\"android.widget.FrameLayout\" package=\"com.excelliance.dualaid\" content-desc=\"\" checkable=\"false\" checked=\"false\" clickable=\"false\" enabled=\"true\" focusable=\"false\" focused=\"false\" scrollable=\"false\" long-clickable=\"false\" password=\"false\" selected=\"false\" bounds=\"[0,0][1080,1920]\" resource-id=\"\" instance=\"0\"><android.widget.LinearLayout index=\"0\" text=\"\" class=\"android.widget.LinearLayout\" package=\"com.excelliance.dualaid\" content-desc=\"\" checkable=\"false\" checked=\"false\" clickable=\"false\" enabled=\"true\" focusable=\"false\" focused=\"false\" scrollable=\"false\" long-clickable=\"false\" password=\"false\" selected=\"false\" bounds=\"[0,0][1080,1920]\" resource-id=\"\" instance=\"0\"><android.widget.FrameLayout index=\"0\" text=\"\" class=\"android.widget.FrameLayout\" package=\"com.excelliance.dualaid\" content-desc=\"\" checkable=\"false\" checked=\"false\" clickable=\"false\" enabled=\"true\" focusable=\"false\" focused=\"false\" scrollable=\"false\" long-clickable=\"false\" password=\"false\" selected=\"false\" bounds=\"[0,0][1080,1920]\" resource-id=\"android:id\/content\" instance=\"1\"><android.widget.FrameLayout index=\"0\" text=\"\" class=\"android.widget.FrameLayout\" package=\"com.excelliance.dualaid\" content-desc=\"\" checkable=\"false\" checked=\"false\" clickable=\"false\" enabled=\"true\" focusable=\"false\" focused=\"false\" scrollable=\"false\" long-clickable=\"false\" password=\"false\" selected=\"false\" bounds=\"[0,0][1080,1920]\" resource-id=\"com.excelliance.dualaid:id\/mainactivity\" instance=\"2\"><android.widget.FrameLayout index=\"0\" text=\"\" class=\"android.widget.FrameLayout\" package=\"com.excelliance.dualaid\" content-desc=\"\" checkable=\"false\" checked=\"false\" clickable=\"false\" enabled=\"true\" focusable=\"false\" focused=\"false\" scrollable=\"false\" long-clickable=\"false\" password=\"false\" selected=\"false\" bounds=\"[0,0][1080,1920]\" resource-id=\"\" instance=\"3\"><android.widget.RelativeLayout index=\"0\" text=\"\" class=\"android.widget.RelativeLayout\" package=\"com.excelliance.dualaid\" content-desc=\"\" checkable=\"false\" checked=\"false\" clickable=\"true\" enabled=\"true\" focusable=\"false\" focused=\"false\" scrollable=\"false\" long-clickable=\"false\" password=\"false\" selected=\"false\" bounds=\"[0,0][1080,1920]\" resource-id=\"com.excelliance.dualaid:id\/full_layout\" instance=\"0\"><android.widget.ScrollView index=\"1\" text=\"\" class=\"android.widget.ScrollView\" package=\"com.excelliance.dualaid\" content-desc=\"\" checkable=\"false\" checked=\"false\" clickable=\"false\" enabled=\"true\" focusable=\"true\" focused=\"false\" scrollable=\"false\" long-clickable=\"false\" password=\"false\" selected=\"false\" bounds=\"[0,54][1080,1920]\" resource-id=\"com.excelliance.dualaid:id\/main_scroller\" instance=\"0\"><android.widget.RelativeLayout index=\"0\" text=\"\" class=\"android.widget.RelativeLayout\" package=\"com.excelliance.dualaid\" content-desc=\"\" checkable=\"false\" checked=\"false\" clickable=\"false\" enabled=\"true\" focusable=\"false\" focused=\"false\" scrollable=\"false\" long-clickable=\"false\" password=\"false\" selected=\"false\" bounds=\"[0,54][1080,1920]\" resource-id=\"com.excelliance.dualaid:id\/rl_mainScroll\" instance=\"1\"><android.view.View index=\"0\" text=\"\" class=\"android.view.View\" package=\"com.excelliance.dualaid\" content-desc=\"\" checkable=\"false\" checked=\"false\" clickable=\"false\" enabled=\"true\" focusable=\"false\" focused=\"false\" scrollable=\"false\" long-clickable=\"false\" password=\"false\" selected=\"false\" bounds=\"[0,54][1080,222]\" resource-id=\"com.excelliance.dualaid:id\/view_placeholder\" instance=\"0\"\/><android.widget.LinearLayout index=\"1\" text=\"\" class=\"android.widget.LinearLayout\" package=\"co
06-15 11:23:39.409 D/DownloadService(30368): publishProgress entered progress:92
06-15 11:23:39.409 D/DownloadService(30368): publishProgress entered progress:83
06-15 11:23:39.411 D/DownloadService(30368): publishProgress entered progress:93
06-15 11:23:39.413 D/DownloadService(30368): publishProgress entered progress:94
06-15 11:23:39.415 D/DownloadService(30368): publishProgress entered progress:95
06-15 11:23:39.415 D/DownloadService(30368): publishProgress entered progress:84
06-15 11:23:39.417 D/DownloadService(30368): publishProgress entered progress:96
06-15 11:23:39.418 D/DownloadService(30368): publishProgress entered progress:85
06-15 11:23:39.421 D/DownloadService(30368): publishProgress entered progress:88
06-15 11:23:39.421 D/DownloadService(30368): publishProgress entered progress:86
06-15 11:23:39.424 D/DownloadService(30368): publishProgress entered progress:97
06-15 11:23:39.425 D/DownloadService(30368): publishProgress entered progress:93
06-15 11:23:39.426 D/LBService(30368): remove o=com.excelliance.kxqp.e$1, busyCount=7
06-15 11:23:39.427 D/DownloadService(30368): publishProgress entered progress:98
06-15 11:23:39.427 D/LBService(30368): remove o=com.excelliance.kxqp.e$1, busyCount=6
06-15 11:23:39.428 D/DownloadService(30368): publishProgress entered progress:87
06-15 11:23:39.428 D/DownloadService(30368): publishProgress entered progress:100
06-15 11:23:39.429 D/DownloadService(30368): publishProgress entered progress:88
06-15 11:23:39.429 D/DownloadService(30368): publishProgress entered progress:98
06-15 11:23:39.430 D/DownloadService(30368): publishProgress entered progress:89
06-15 11:23:39.430 D/DownloadService(30368): publishProgress entered progress:99
06-15 11:23:39.432 D/DownloadService(30368): publishProgress entered progress:90
06-15 11:23:39.432 D/DownloadService(30368): publishProgress entered progress:100
06-15 11:23:39.433 D/DownloadService(30368): publishProgress entered progress:91
06-15 11:23:39.435 E/OpenGLRenderer(29994): hwui_debug::CanvasContext createSurface sur=0x0, isValid =0
06-15 11:23:39.437 E/OpenGLRenderer(29994): hwui_debug::CanvasContext createSurface sur=0x0, isValid =0
06-15 11:23:39.439 E/OpenGLRenderer(29994): hwui_debug::CanvasContext createSurface sur=0x0, isValid =0
06-15 11:23:39.439 D/DownloadService(30368): publishProgress entered progress:92
06-15 11:23:39.439 V/GameUtil(30368): saveVersionToFileByKey  xml_key :wx  result:2
06-15 11:23:39.441 D/DownloadService(30368): publishProgress entered progress:93
06-15 11:23:39.444 V/DownloadService(30368): unzipDir:av
06-15 11:23:39.444 V/DownloadService(30368): unzipDir:clib
06-15 11:23:39.444 V/DownloadService(30368): unzipDir:yz
06-15 11:23:39.458 I/appium  (28403): channel read invoked!
06-15 11:23:39.458 D/DownloadService(30368): publishProgress entered progress:94
06-15 11:23:39.458 I/appium  (28403): channel read: GET /wd/hub/session/50a3d129-e1c4-4754-9f20-b516f7b4ab53/source
06-15 11:23:39.460 D/LBService(30368): remove o=com.excelliance.kxqp.e$1, busyCount=5
06-15 11:23:39.460 D/DownloadService(30368): publishProgress entered progress:95
06-15 11:23:39.462 D/DownloadService(30368): publishProgress entered progress:96
06-15 11:23:39.464 V/GameUtil(30368): saveVersionToFileByKey  xml_key :clib  result:1
06-15 11:23:39.466 D/DownloadService(30368): publishProgress entered progress:97
06-15 11:23:39.468 D/DownloadService(30368): publishProgress entered progress:98
06-15 11:23:39.470 D/VersionManager(30368): xml=<?xml version="1.0" encoding="utf-8"?><upinfo><info tp="oppo_r9_launch_res" source="http://cdn.multiopen.cn/dynamicsdk/oppo_r9_launch/2/338361d5e4087c0309516fa5b9425b01.zip" vcode="2" vsize="107294" vmd5="338361d5e4087c0309516fa5b9425b01" flag="1"/><info tp="oppo_r9_notification_res" source="http://cdn.multiopen.cn/dynamicsdk/oppo_r9_notification/1/190d4c4a1f48e7c98ab7c11973b3a066.zip" vcode="1" vsize="157635" vmd5="190d4c4a1f48e7c98ab7c11973b3a066" flag="1"/></upinfo>
06-15 11:23:39.471 D/VersionManager(30368): queryUpdateInfo flag=1, source=http://cdn.multiopen.cn/dynamicsdk/oppo_r9_launch/2/338361d5e4087c0309516fa5b9425b01.zip, vcode=2, vsize=107294, vmd5=338361d5e4087c0309516fa5b9425b01, type=oppo_r9_launch_res
06-15 11:23:39.471 D/VersionManager(30368): queryUpdateInfo flag=1, source=http://cdn.multiopen.cn/dynamicsdk/oppo_r9_notification/1/190d4c4a1f48e7c98ab7c11973b3a066.zip, vcode=1, vsize=157635, vmd5=190d4c4a1f48e7c98ab7c11973b3a066, type=oppo_r9_notification_res
06-15 11:23:39.473 V/GameUtil(30368): saveVersionToFileByKey  xml_key :av  result:1
06-15 11:23:39.473 V/GameUtil(30368): saveVersionToFileByKey  xml_key :yz  result:2
06-15 11:23:39.476 D/DownloadService(30368): publishProgress entered progress:99
06-15 11:23:39.479 D/DownloadService(30368): publishProgress entered progress:100
06-15 11:23:39.487 V/DownloadService(30368): unzipDir:bd
06-15 11:23:39.502 V/DownloadComponentService(30368): updateInfoListResources:2
06-15 11:23:39.502 D/DownloadComponentService(30368): check update updateInfo.type:oppo_r9_launch_res
06-15 11:23:39.510 D/DownloadComponentService(30368): check update updateInfo.type:oppo_r9_notification_res
06-15 11:23:39.510 D/LBService(30368): add o=com.android.ggapsvc.LBService, busyCount=6
06-15 11:23:39.510 D/LBService(30368): onStartCommand action=com.excelliance.dualaid.action.download
06-15 11:23:39.511 D/LBService(30368): remove o=com.excelliance.kxqp.e$1, busyCount=5
06-15 11:23:39.512 D/LBService(30368): add o=com.android.ggapsvc.LBService, busyCount=6
06-15 11:23:39.512 D/LBService(30368): remove o=com.excelliance.kxqp.e$1, busyCount=5
06-15 11:23:39.512 D/LBService(30368): remove o=com.android.ggapsvc.LBService, busyCount=4
06-15 11:23:39.512 D/DownloadService(30368): url:http://cdn.multiopen.cn/dynamicsdk/oppo_r9_launch/2/338361d5e4087c0309516fa5b9425b01.zip fileName:338361d5e4087c0309516fa5b9425b01.zip  dir:/storage/emulated/0/.com.excelliance.dualaid/apk
06-15 11:23:39.512 D/DownloadService(30368): put into downloadMap 338361d5e4087c0309516fa5b9425b01.zip
06-15 11:23:39.515 D/LBService(30368): remove o=com.android.ggapsvc.LBService, busyCount=3
06-15 11:23:39.515 V/GameUtil(30368): saveVersionToFileByKey  xml_key :bd  result:17
06-15 11:23:39.515 D/LBService(30368): add o=com.excelliance.kxqp.e$1, busyCount=4
06-15 11:23:39.518 D/LBService(30368): remove o=com.excelliance.kxqp.e$1, busyCount=3
06-15 11:23:39.518 D/LBService(30368): add o=com.android.ggapsvc.LBService, busyCount=4
06-15 11:23:39.518 D/LBService(30368): onStartCommand action=com.excelliance.dualaid.action.download
06-15 11:23:39.521 D/LBService(30368): add o=com.android.ggapsvc.LBService, busyCount=5
06-15 11:23:39.521 D/LBService(30368): remove o=com.android.ggapsvc.LBService, busyCount=4
06-15 11:23:39.524 D/DownloadService(30368): url:http://cdn.multiopen.cn/dynamicsdk/oppo_r9_notification/1/190d4c4a1f48e7c98ab7c11973b3a066.zip fileName:190d4c4a1f48e7c98ab7c11973b3a066.zip  dir:/storage/emulated/0/.com.excelliance.dualaid/apk
06-15 11:23:39.524 D/DownloadService(30368): put into downloadMap 190d4c4a1f48e7c98ab7c11973b3a066.zip
06-15 11:23:39.525 D/LBService(30368): remove o=com.android.ggapsvc.LBService, busyCount=3
06-15 11:23:39.525 D/LBService(30368): add o=com.excelliance.kxqp.e$1, busyCount=4
06-15 11:23:39.545 D/libc-netbsd(30368): [getaddrinfo]:  hostname=cdn.multiopen.cn;  servname=(null);  app_pid=30368;  app_uid=11060;  ai_flags=1024;  ai_family=0; ai_socktype=1 from prox result 0
06-15 11:23:39.550 D/LBService(30368): remove o=com.excelliance.kxqp.e$1, busyCount=3
06-15 11:23:39.601 D/LBService(30368): remove o=com.excelliance.kxqp.e$1, busyCount=2
06-15 11:23:39.622 V/InitialData(30368): capitalize:Pay
06-15 11:23:39.622 V/GameUtil(30368): getCurrentVersionByKey : pay	current_pay_version	PayVersion
06-15 11:23:39.624 V/GameUtil(30368): getCurrentVersionByKey  pay:1
06-15 11:23:39.670 D/VersionManager(30368): imeis = 866015035972513,866015035972505
06-15 11:23:39.677 D/LBService(30368): remove o=com.excelliance.kxqp.e$1, busyCount=1
06-15 11:23:39.682 D/VersionManager(30368): urlhttps://mto.multiopen.cn/functionswitch.php?sdkver=2009&vc=466&vn=4.0.6&compver=54302&mainver=231200&chid=10022&subchid=1&uid=16063842&aid=bfebcd01f03479d5&im=866015035972513&type=2&payver=1&imeis=866015035972513,866015035972505&issl=1
06-15 11:23:39.683 D/VersionManager(30368): httpsRequest getURL = https://mto.multiopen.cn/functionswitch.php?sdkver=2009&vc=466&vn=4.0.6&compver=54302&mainver=231200&chid=10022&subchid=1&uid=16063842&aid=bfebcd01f03479d5&im=866015035972513&type=2&payver=1&imeis=866015035972513,866015035972505&issl=1
06-15 11:23:39.734 W/X509TrustManager(30368): checkServerTrusted: SignatureException:null
06-15 11:23:39.735 W/X509TrustManager(30368): checkServerTrusted: SignatureException:error:04000070:RSA routines:OPENSSL_internal:DATA_TOO_LARGE_FOR_MODULUS
06-15 11:23:39.800 D/VersionManager(30368): result:_{"alipay":{"status":1,"flag":"1"},"special":{"status":1,"flag":0}}
06-15 11:23:39.813 D/VersionManager(30368): status:1  flag:1
06-15 11:23:39.826 D/VersionManager(30368): special status = 1
06-15 11:23:39.826 D/VersionManager(30368): special flag = 0
06-15 11:23:39.826 D/VersionManager(30368): flag = 0
06-15 11:23:39.924 D/VersionManager(30368): chid=10022subchid=1
06-15 11:23:39.924 V/InitialData(30368): capitalize:Umengtj
06-15 11:23:39.924 V/GameUtil(30368): getCurrentVersionByKey : umengtj	current_umengtj_version	UmengtjVersion
06-15 11:23:39.930 V/GameUtil(30368): saveVersionToFileByKey  xml_key :umengtj  result:1
06-15 11:23:39.939 V/GameUtil(30368): getCurrentVersionByKey  umengtj:1
06-15 11:23:39.939 V/VersionManager(30368): verJson source:{"umengtj":"1"}
06-15 11:23:39.940 V/VersionManager(30368): verJson encode:{"umengtj":"1"}
06-15 11:23:39.940 V/VersionManager(30368): ver :eyJ1bWVuZ3RqIjoiMSJ9%0A
06-15 11:23:39.940 D/VersionManager(30368): thirdServerUrl:_https://mto.multiopen.cn/sdkswitchinfo.php?sdkver=2009&vc=466&vn=4.0.6&compver=54302&mainver=231200&chid=10022&subchid=1&uid=16063842&ver=eyJ1bWVuZ3RqIjoiMSJ9%0A&issl=1
06-15 11:23:39.940 D/VersionManager(30368): httpsRequest getURL = https://mto.multiopen.cn/sdkswitchinfo.php?sdkver=2009&vc=466&vn=4.0.6&compver=54302&mainver=231200&chid=10022&subchid=1&uid=16063842&ver=eyJ1bWVuZ3RqIjoiMSJ9%0A&issl=1
06-15 11:23:39.983 W/X509TrustManager(30368): checkServerTrusted: SignatureException:null
06-15 11:23:39.983 W/X509TrustManager(30368): checkServerTrusted: SignatureException:error:04000070:RSA routines:OPENSSL_internal:DATA_TOO_LARGE_FOR_MODULUS
06-15 11:23:40.035 D/VersionManager(30368): thridResult:_{"umengtj":{"status":1,"switch":0}}
06-15 11:23:40.035 D/VersionManager(30368): thridResult:_{"umengtj":{"status":1,"switch":0}}
06-15 11:23:40.041 D/        (  677): power_monitor upthreshold 0, downthreshold 0 , temp1 388, temp2 372
06-15 11:23:40.050 D/VersionManager(30368): queryUpdateThirdInfo downurl=, ver=0, size=0, md5=, umengtj_switch=0
06-15 11:23:40.052 D/VersionManager(30368): thirdJarInfo:_0
06-15 11:23:40.052 D/DownloadComponentService(30368): thirdUpdateInfos:0
06-15 11:23:40.052 D/DownloadComponentService(30368): pendingMap.size=0, downloadMap.size = 0
06-15 11:23:40.055 D/DownloadComponentService(30368): cancelAlarm
06-15 11:23:40.060 D/LBService(30368): remove o=com.excelliance.kxqp.d$2, busyCount=0
06-15 11:23:40.243 D/AppShortcutGridAdapter(30019): ANIM_CALLBACK
06-15 11:23:40.249 D/MainFragment(30019): onReceive: --------------type:2
06-15 11:23:40.252 D/PayUtil (30019): sp is empty
06-15 11:23:40.266 D/PayUtil (30019): 
06-15 11:23:40.269 D/PayUtil (30019): sRid = 
06-15 11:23:40.280 D/PlatSdk (30019): current = 0
06-15 11:23:40.280 E/MainFragment(30019): refreshRecommfalse
06-15 11:23:40.281 D/y       (30019): 20:null
06-15 11:23:40.282 D/y       (30019): 31:[0, Intent { act=android.intent.action.SEND typ=*/* }, */*, 131072]
06-15 11:23:40.290 D/VersionManager(30019): getAllProviderApps appList.size = 2
06-15 11:23:40.298 D/AppShortcutGridAdapter(30019): addList()  CID = 3
06-15 11:23:40.298 D/AppShortcutGridAdapter(30019): addList()  CID = 0
06-15 11:23:40.299 D/GridviewContainerLayout(30019): refreshAllView = true, size = 0
06-15 11:23:40.299 I/Choreographer(30019): Skipped 2 frames!  The application may be doing too much work on its main thread.
06-15 11:23:40.299 D/y       (30019): 65:[]
06-15 11:23:40.299 V/AppShortcutGridAdapter(30019):   parmInt:0 paramViewnull, type = 0
06-15 11:23:40.332 V/AppShortcutGridAdapter(30019):   parmInt:0 paramViewandroid.widget.LinearLayout{42af1e V.E...... ......I. 0,0-0,0 #7f0c00ed app:id/root}, type = 0
06-15 11:23:40.327 W/m.android.phone( 2606): type=1400 audit(0.0:414628): avc: denied { read } for name="u:object_r:oppo_prop:s0" dev="tmpfs" ino=19750 scontext=u:r:radio:s0 tcontext=u:object_r:oppo_prop:s0 tclass=file permissive=0
06-15 11:23:40.344 V/AppShortcutGridAdapter(30019):   parmInt:1 paramViewnull, type = 1
06-15 11:23:40.346 E/libc    ( 2606): Access denied finding property "oppo.hide.navigationbar"
06-15 11:23:40.355 V/AppShortcutGridAdapter(30019):   parmInt:2 paramViewnull, type = 1
06-15 11:23:40.366 V/AppShortcutGridAdapter(30019):   parmInt:3 paramViewnull, type = 9
06-15 11:23:40.366 D/AppShortcutGridAdapter(30019): type TYPE_DATA_MOVE
06-15 11:23:40.378 D/MainFragment(30019): size = 1
06-15 11:23:40.378 D/MainFragment(30019): useViewPositionId = 0
06-15 11:23:40.379 D/MainFragment(30019): childView = android.widget.LinearLayout{42af1e V.E...... ......ID 0,0-360,360 #7f0c00ed app:id/root}, chilCount = 4, firstVisiblePosition = 0 , count = 4
06-15 11:23:40.379 D/MainFragment(30019): childView = android.widget.LinearLayout{42af1e V.E...... ......ID 0,0-360,360 #7f0c00ed app:id/root}
06-15 11:23:40.379 D/MainFragment(30019): appInfoList = 1
06-15 11:23:40.379 D/MainFragment(30019): appInfoList1 = false
06-15 11:23:40.379 D/MainFragment(30019): bt_add width = 360 , height = 360
06-15 11:23:40.394 D/MainFragment(30019): behavior = 4
06-15 11:23:40.394 D/MainFragment(30019): BEHAVIOR_ADD_RECOM
06-15 11:23:40.404 D/PayUtil (30019): sRid = 
06-15 11:23:40.406 D/PayUtil (30019): sRid = 
06-15 11:23:40.408 D/PayUtil (30019): sRid = 
06-15 11:23:40.409 D/PayUtil (30019): sRid = 
06-15 11:23:40.416 D/PlatSdk (30019): current = 0
06-15 11:23:40.419 D/GameUtil(30019): start ...
06-15 11:23:40.420 D/GameUtil(30019): shortcutStatus enter
06-15 11:23:40.421 D/y       (30019): 20:null
06-15 11:23:40.422 D/VersionManager(30019): getAllProviderApps appList.size = 2
06-15 11:23:40.423 D/y       (30019): 31:[0, Intent { act=android.intent.action.SEND typ=*/* }, */*, 131072]
06-15 11:23:40.461 W/Parcel  ( 1685): **** enforceInterface() expected 'com.android.internal.telephony.ITelephonyRegistry' but read ''
06-15 11:23:40.461 W/Parcel  ( 1685): **** enforceInterface() expected 'android.app.INotificationManager' but read ''
06-15 11:23:40.462 W/Parcel  ( 1685): **** enforceInterface() expected 'android.net.IConnectivityManager' but read ''
06-15 11:23:40.462 W/Parcel  ( 1685): **** enforceInterface() expected 'android.app.IActivityManager' but read ''
06-15 11:23:40.462 W/Parcel  ( 1685): **** enforceInterface() expected 'android.bluetooth.IBluetooth' but read ''
