06-15 11:23:29.909 V/WindowManager( 1685): reevaluateVisibility focusApp:AppWindowToken{a439214 token=Token{8aca467 ActivityRecord{3ee1026 u0 com.excelliance.dualaid/com.excelliance.kxqp.ui.HelloActivity t21026}}}
06-15 11:23:29.944 V/WindowManager( 1685): reevaluateVisibility focusApp:AppWindowToken{a439214 token=Token{8aca467 ActivityRecord{3ee1026 u0 com.excelliance.dualaid/com.excelliance.kxqp.ui.HelloActivity t21026}}}
06-15 11:23:29.944 I/OppoConvertIcon(29994): maskBitmap -- mIconBackground == null
06-15 11:23:29.944 V/WindowManager( 1685): reevaluateVisibility focusApp:AppWindowToken{a439214 token=Token{8aca467 ActivityRecord{3ee1026 u0 com.excelliance.dualaid/com.excelliance.kxqp.ui.HelloActivity t21026}}}
06-15 11:23:29.947 V/WindowManager( 1685): reevaluateVisibility focusApp:AppWindowToken{a439214 token=Token{8aca467 ActivityRecord{3ee1026 u0 com.excelliance.dualaid/com.excelliance.kxqp.ui.HelloActivity t21026}}}
06-15 11:23:30.144 I/OppoConvertIcon(29994): maskBitmap -- mIconBackground == null
06-15 11:23:30.174 I/OppoConvertIcon(29994): maskBitmap -- mIconBackground == null
06-15 11:23:30.229 I/OppoConvertIcon(29994): maskBitmap -- mIconBackground == null
06-15 11:23:30.312 I/OppoConvertIcon(29994): maskBitmap -- mIconBackground == null
06-15 11:23:30.353 I/OppoConvertIcon(29994): maskBitmap -- mIconBackground == null
06-15 11:23:30.401 I/OppoConvertIcon(29994): maskBitmap -- mIconBackground == null
06-15 11:23:30.430 I/OppoConvertIcon(29994): maskBitmap -- mIconBackground == null
06-15 11:23:30.488 I/OppoConvertIcon(29994): maskBitmap -- mIconBackground == null
06-15 11:23:30.522 I/OppoConvertIcon(29994): maskBitmap -- mIconBackground == null
06-15 11:23:30.571 W/Watchdog_N( 1685): !@WatchDog_22344;
06-15 11:23:30.588 I/OppoConvertIcon(29994): maskBitmap -- mIconBackground == null
06-15 11:23:30.631 I/OppoConvertIcon(29994): maskBitmap -- mIconBackground == null
06-15 11:23:30.675 I/OppoConvertIcon(29994): maskBitmap -- mIconBackground == null
06-15 11:23:30.731 I/OppoConvertIcon(29994): maskBitmap -- mIconBackground == null
06-15 11:23:30.879 I/OppoConvertIcon(29994): maskBitmap -- mIconBackground == null
06-15 11:23:30.918 I/OppoConvertIcon(29994): maskBitmap -- mIconBackground == null
06-15 11:23:30.981 I/OppoConvertIcon(29994): maskBitmap -- mIconBackground == null
06-15 11:23:31.019 I/OppoConvertIcon(29994): maskBitmap -- mIconBackground == null
06-15 11:23:31.109 I/OppoConvertIcon(29994): maskBitmap -- mIconBackground == null
06-15 11:23:31.154 I/OppoConvertIcon(29994): maskBitmap -- mIconBackground == null
06-15 11:23:31.198 I/OppoConvertIcon(29994): maskBitmap -- mIconBackground == null
06-15 11:23:31.227 V/AddGameData(29994): Manufacturer:OPPO
06-15 11:23:31.352 D/TrafficStatsHelper( 6003): ifaceNames[0]:lo
06-15 11:23:31.352 D/TrafficStatsHelper( 6003): ifaceNames[1]:tun0
06-15 11:23:31.352 D/TrafficStatsHelper( 6003): ifaceNames[2]:wlan0
06-15 11:23:31.352 D/TrafficStatsHelper( 6003): ifaceNames[3]:dummy0
06-15 11:23:31.352 D/TrafficStatsHelper( 6003): ifaceNames[4]:rmnet_data0
06-15 11:23:31.353 D/TrafficStatsHelper( 6003): transmitted_validWifiData.get(0) = wlan0
06-15 11:23:32.024 I/appium  (28403): AppiumResponse: {"sessionId":"50a3d129-e1c4-4754-9f20-b516f7b4ab53","status":0,"value":{"ELEMENT":"9f15591a-d8a6-4596-b222-c5c5a470626e"}}
06-15 11:23:32.065 I/appium  (28403): channel read invoked!
06-15 11:23:32.065 I/appium  (28403): channel read: GET /wd/hub/session/50a3d129-e1c4-4754-9f20-b516f7b4ab53/source
06-15 11:23:32.131 I/appium  (28403): Skipping invisible child: android.view.accessibility.AccessibilityNodeInfo@80018075; boundsInParent: Rect(0, 0 - 1080, 186); boundsInScreen: Rect(0, 1920 - 1080, 1920); packageName: com.excelliance.dualaid; className: android.view.View; text: null; error: null; maxTextLength: -1; contentDescription: null; viewIdResName: com.excelliance.dualaid:id/first_start_ok_after; checkable: false; checked: false; focusable: false; focused: false; selected: false; clickable: false; longClickable: false; contextClickable: false; enabled: true; password: false; scrollable: false; actions: [AccessibilityAction: ACTION_SELECT - null, AccessibilityAction: ACTION_CLEAR_SELECTION - null, AccessibilityAction: ACTION_ACCESSIBILITY_FOCUS - null, AccessibilityAction: ACTION_SHOW_ON_SCREEN - null]
06-15 11:23:32.132 I/appium  (28403): Skipping invisible child: android.view.accessibility.AccessibilityNodeInfo@800187f7; boundsInParent: Rect(0, 0 - 1080, 54); boundsInScreen: Rect(0, 0 - 1080, 54); packageName: com.excelliance.dualaid; className: android.view.View; text: null; error: null; maxTextLength: -1; contentDescription: null; viewIdResName: null; checkable: false; checked: false; focusable: false; focused: false; selected: false; clickable: false; longClickable: false; contextClickable: false; enabled: true; password: false; scrollable: false; actions: [AccessibilityAction: ACTION_SELECT - null, AccessibilityAction: ACTION_CLEAR_SELECTION - null, AccessibilityAction: ACTION_ACCESSIBILITY_FOCUS - null, AccessibilityAction: ACTION_SHOW_ON_SCREEN - null]
06-15 11:23:32.132 I/appium  (28403): Fetch time: 43ms
06-15 11:23:32.175 I/appium  (28403): AppiumResponse: {"sessionId":"50a3d129-e1c4-4754-9f20-b516f7b4ab53","status":0,"value":"<?xml version=\"1.0\" encoding=\"UTF-8\"?><hierarchy rotation=\"0\"><android.widget.FrameLayout index=\"0\" text=\"\" class=\"android.widget.FrameLayout\" package=\"com.excelliance.dualaid\" content-desc=\"\" checkable=\"false\" checked=\"false\" clickable=\"false\" enabled=\"true\" focusable=\"false\" focused=\"false\" scrollable=\"false\" long-clickable=\"false\" password=\"false\" selected=\"false\" bounds=\"[0,0][1080,1920]\" resource-id=\"\" instance=\"0\"><android.widget.LinearLayout index=\"0\" text=\"\" class=\"android.widget.LinearLayout\" package=\"com.excelliance.dualaid\" content-desc=\"\" checkable=\"false\" checked=\"false\" clickable=\"false\" enabled=\"true\" focusable=\"false\" focused=\"false\" scrollable=\"false\" long-clickable=\"false\" password=\"false\" selected=\"false\" bounds=\"[0,0][1080,1920]\" resource-id=\"\" instance=\"0\"><android.widget.FrameLayout index=\"0\" text=\"\" class=\"android.widget.FrameLayout\" package=\"com.excelliance.dualaid\" content-desc=\"\" checkable=\"false\" checked=\"false\" clickable=\"false\" enabled=\"true\" focusable=\"false\" focused=\"false\" scrollable=\"false\" long-clickable=\"false\" password=\"false\" selected=\"false\" bounds=\"[0,54][1080,1920]\" resource-id=\"android:id\/content\" instance=\"1\"><android.widget.LinearLayout index=\"0\" text=\"\" class=\"android.widget.LinearLayout\" package=\"com.excelliance.dualaid\" content-desc=\"\" checkable=\"false\" checked=\"false\" clickable=\"false\" enabled=\"true\" focusable=\"false\" focused=\"false\" scrollable=\"false\" long-clickable=\"false\" password=\"false\" selected=\"false\" bounds=\"[0,54][1080,1920]\" resource-id=\"\" instance=\"1\"><android.widget.RelativeLayout index=\"0\" text=\"\" class=\"android.widget.RelativeLayout\" package=\"com.excelliance.dualaid\" content-desc=\"\" checkable=\"false\" checked=\"false\" clickable=\"false\" enabled=\"true\" focusable=\"false\" focused=\"false\" scrollable=\"false\" long-clickable=\"false\" password=\"false\" selected=\"false\" bounds=\"[0,54][1080,222]\" resource-id=\"com.excelliance.dualaid:id\/top\" instance=\"0\"><android.widget.TextView index=\"0\" text=\"\/\" class=\"android.widget.TextView\" package=\"com.excelliance.dualaid\" content-desc=\"\" checkable=\"false\" checked=\"false\" clickable=\"true\" enabled=\"true\" focusable=\"false\" focused=\"false\" scrollable=\"false\" long-clickable=\"false\" password=\"false\" selected=\"false\" bounds=\"[36,93][221,183]\" resource-id=\"com.excelliance.dualaid:id\/tv_login_in\" instance=\"0\"\/><android.widget.TextView index=\"1\" text=\"\" class=\"android.widget.TextView\" package=\"com.excelliance.dualaid\" content-desc=\"\" checkable=\"false\" checked=\"false\" clickable=\"false\" enabled=\"true\" focusable=\"false\" focused=\"false\" scrollable=\"false\" long-clickable=\"false\" password=\"false\" selected=\"false\" bounds=\"[420,97][660,178]\" resource-id=\"com.excelliance.dualaid:id\/first_tv_back\" instance=\"1\"\/><android.widget.TextView index=\"2\" text=\"\" class=\"android.widget.TextView\" package=\"com.excelliance.dualaid\" content-desc=\"\" checkable=\"false\" checked=\"false\" clickable=\"true\" enabled=\"true\" focusable=\"false\" focused=\"false\" scrollable=\"false\" long-clickable=\"false\" password=\"false\" selected=\"false\" bounds=\"[960,93][1044,183]\" resource-id=\"com.excelliance.dualaid:id\/jump_to\" instance=\"2\"\/><\/android.widget.RelativeLayout><android.widget.RelativeLayout index=\"1\" text=\"\" class=\"android.widget.RelativeLayout\" package=\"com.excelliance.dualaid\" content-desc=\"\" checkable=\"false\" checked=\"false\" clickable=\"false\" enabled=\"true\" focusable=\"false\" focused=\"false\" scrollable=\"false\" long-clickable=\"false\" password=\"false\" selected=\"false\" bounds=\"[0,222][1080,436]\" resource-id=\"com.excelliance.dualaid:id\/rl_note\" instance=\"1\"><android.widget.ImageView index=\"0\" text=\"\" 
06-15 11:23:32.239 I/appium  (28403): channel read invoked!
06-15 11:23:32.239 I/appium  (28403): channel read: POST /wd/hub/session/50a3d129-e1c4-4754-9f20-b516f7b4ab53/element
06-15 11:23:32.240 I/appium  (28403): Find element command
06-15 11:23:32.241 D/appium  (28403): payload: {"strategy":"id","selector":"com.excelliance.dualaid:id/jump_to","context":"","multiple":false}
06-15 11:23:32.241 I/appium  (28403): find element command using 'id' with selector 'com.excelliance.dualaid:id/jump_to'.
06-15 11:23:32.263 I/appium  (28403): AppiumResponse: {"sessionId":"50a3d129-e1c4-4754-9f20-b516f7b4ab53","status":0,"value":{"ELEMENT":"984a8c23-c723-451d-8a47-edfd0c24116f"}}
06-15 11:23:32.295 I/appium  (28403): channel read invoked!
06-15 11:23:32.296 I/appium  (28403): channel read: GET /wd/hub/session/50a3d129-e1c4-4754-9f20-b516f7b4ab53/source
06-15 11:23:32.361 I/appium  (28403): Skipping invisible child: android.view.accessibility.AccessibilityNodeInfo@80018075; boundsInParent: Rect(0, 0 - 1080, 186); boundsInScreen: Rect(0, 1920 - 1080, 1920); packageName: com.excelliance.dualaid; className: android.view.View; text: null; error: null; maxTextLength: -1; contentDescription: null; viewIdResName: com.excelliance.dualaid:id/first_start_ok_after; checkable: false; checked: false; focusable: false; focused: false; selected: false; clickable: false; longClickable: false; contextClickable: false; enabled: true; password: false; scrollable: false; actions: [AccessibilityAction: ACTION_SELECT - null, AccessibilityAction: ACTION_CLEAR_SELECTION - null, AccessibilityAction: ACTION_ACCESSIBILITY_FOCUS - null, AccessibilityAction: ACTION_SHOW_ON_SCREEN - null]
06-15 11:23:32.362 I/appium  (28403): Skipping invisible child: android.view.accessibility.AccessibilityNodeInfo@800187f7; boundsInParent: Rect(0, 0 - 1080, 54); boundsInScreen: Rect(0, 0 - 1080, 54); packageName: com.excelliance.dualaid; className: android.view.View; text: null; error: null; maxTextLength: -1; contentDescription: null; viewIdResName: null; checkable: false; checked: false; focusable: false; focused: false; selected: false; clickable: false; longClickable: false; contextClickable: false; enabled: true; password: false; scrollable: false; actions: [AccessibilityAction: ACTION_SELECT - null, AccessibilityAction: ACTION_CLEAR_SELECTION - null, AccessibilityAction: ACTION_ACCESSIBILITY_FOCUS - null, AccessibilityAction: ACTION_SHOW_ON_SCREEN - null]
06-15 11:23:32.362 I/appium  (28403): Fetch time: 42ms
06-15 11:23:32.406 I/appium  (28403): AppiumResponse: {"sessionId":"50a3d129-e1c4-4754-9f20-b516f7b4ab53","status":0,"value":"<?xml version=\"1.0\" encoding=\"UTF-8\"?><hierarchy rotation=\"0\"><android.widget.FrameLayout index=\"0\" text=\"\" class=\"android.widget.FrameLayout\" package=\"com.excelliance.dualaid\" content-desc=\"\" checkable=\"false\" checked=\"false\" clickable=\"false\" enabled=\"true\" focusable=\"false\" focused=\"false\" scrollable=\"false\" long-clickable=\"false\" password=\"false\" selected=\"false\" bounds=\"[0,0][1080,1920]\" resource-id=\"\" instance=\"0\"><android.widget.LinearLayout index=\"0\" text=\"\" class=\"android.widget.LinearLayout\" package=\"com.excelliance.dualaid\" content-desc=\"\" checkable=\"false\" checked=\"false\" clickable=\"false\" enabled=\"true\" focusable=\"false\" focused=\"false\" scrollable=\"false\" long-clickable=\"false\" password=\"false\" selected=\"false\" bounds=\"[0,0][1080,1920]\" resource-id=\"\" instance=\"0\"><android.widget.FrameLayout index=\"0\" text=\"\" class=\"android.widget.FrameLayout\" package=\"com.excelliance.dualaid\" content-desc=\"\" checkable=\"false\" checked=\"false\" clickable=\"false\" enabled=\"true\" focusable=\"false\" focused=\"false\" scrollable=\"false\" long-clickable=\"false\" password=\"false\" selected=\"false\" bounds=\"[0,54][1080,1920]\" resource-id=\"android:id\/content\" instance=\"1\"><android.widget.LinearLayout index=\"0\" text=\"\" class=\"android.widget.LinearLayout\" package=\"com.excelliance.dualaid\" content-desc=\"\" checkable=\"false\" checked=\"false\" clickable=\"false\" enabled=\"true\" focusable=\"false\" focused=\"false\" scrollable=\"false\" long-clickable=\"false\" password=\"false\" selected=\"false\" bounds=\"[0,54][1080,1920]\" resource-id=\"\" instance=\"1\"><android.widget.RelativeLayout index=\"0\" text=\"\" class=\"android.widget.RelativeLayout\" package=\"com.excelliance.dualaid\" content-desc=\"\" checkable=\"false\" checked=\"false\" clickable=\"false\" enabled=\"true\" focusable=\"false\" focused=\"false\" scrollable=\"false\" long-clickable=\"false\" password=\"false\" selected=\"false\" bounds=\"[0,54][1080,222]\" resource-id=\"com.excelliance.dualaid:id\/top\" instance=\"0\"><android.widget.TextView index=\"0\" text=\"\/\" class=\"android.widget.TextView\" package=\"com.excelliance.dualaid\" content-desc=\"\" checkable=\"false\" checked=\"false\" clickable=\"true\" enabled=\"true\" focusable=\"false\" focused=\"false\" scrollable=\"false\" long-clickable=\"false\" password=\"false\" selected=\"false\" bounds=\"[36,93][221,183]\" resource-id=\"com.excelliance.dualaid:id\/tv_login_in\" instance=\"0\"\/><android.widget.TextView index=\"1\" text=\"\" class=\"android.widget.TextView\" package=\"com.excelliance.dualaid\" content-desc=\"\" checkable=\"false\" checked=\"false\" clickable=\"false\" enabled=\"true\" focusable=\"false\" focused=\"false\" scrollable=\"false\" long-clickable=\"false\" password=\"false\" selected=\"false\" bounds=\"[420,97][660,178]\" resource-id=\"com.excelliance.dualaid:id\/first_tv_back\" instance=\"1\"\/><android.widget.TextView index=\"2\" text=\"\" class=\"android.widget.TextView\" package=\"com.excelliance.dualaid\" content-desc=\"\" checkable=\"false\" checked=\"false\" clickable=\"true\" enabled=\"true\" focusable=\"false\" focused=\"false\" scrollable=\"false\" long-clickable=\"false\" password=\"false\" selected=\"false\" bounds=\"[960,93][1044,183]\" resource-id=\"com.excelliance.dualaid:id\/jump_to\" instance=\"2\"\/><\/android.widget.RelativeLayout><android.widget.RelativeLayout index=\"1\" text=\"\" class=\"android.widget.RelativeLayout\" package=\"com.excelliance.dualaid\" content-desc=\"\" checkable=\"false\" checked=\"false\" clickable=\"false\" enabled=\"true\" focusable=\"false\" focused=\"false\" scrollable=\"false\" long-clickable=\"false\" password=\"false\" selected=\"false\" bounds=\"[0,222][1080,436]\" resource-id=\"com.excelliance.dualaid:id\/rl_note\" instance=\"1\"><android.widget.ImageView index=\"0\" text=\"\" 
06-15 11:23:32.455 I/appium  (28403): channel read invoked!
06-15 11:23:32.455 I/appium  (28403): channel read: POST /wd/hub/session/50a3d129-e1c4-4754-9f20-b516f7b4ab53/element/984a8c23-c723-451d-8a47-edfd0c24116f/click
06-15 11:23:32.456 D/appium  (28403): payload: {"element":"984a8c23-c723-451d-8a47-edfd0c24116f"}
06-15 11:23:32.456 I/appium  (28403): Click element command
06-15 11:23:32.465 D/ViewRootImpl(29994): swipeFromBottom mIgnoring === false downY 138 mStatusBarHeight 54
06-15 11:23:32.477 I/appium  (28403): AppiumResponse: {"sessionId":"50a3d129-e1c4-4754-9f20-b516f7b4ab53","status":0,"value":true}
06-15 11:23:32.503 V/ViewRootImpl(29994): enableLogLight: enable = false
06-15 11:23:32.510 V/WindowManager( 1685): Changing focus from Window{4d6fc0a u0 com.excelliance.dualaid/com.excelliance.kxqp.ui.HelloActivity} to Window{3f0ced6 u0 com.excelliance.dualaid/com.excelliance.kxqp.ui.HelloActivity}
06-15 11:23:32.512 W/WindowManager( 1685): Skip focus check for application before nougat.
06-15 11:23:32.521 I/appium  (28403): channel read invoked!
06-15 11:23:32.521 I/appium  (28403): channel read: GET /wd/hub/session/50a3d129-e1c4-4754-9f20-b516f7b4ab53/source
06-15 11:23:32.536 V/WindowManager( 1685): reevaluateVisibility focusApp:AppWindowToken{a439214 token=Token{8aca467 ActivityRecord{3ee1026 u0 com.excelliance.dualaid/com.excelliance.kxqp.ui.HelloActivity t21026}}}
06-15 11:23:32.540 V/WindowManager( 1685): reevaluateVisibility focusApp:AppWindowToken{a439214 token=Token{8aca467 ActivityRecord{3ee1026 u0 com.excelliance.dualaid/com.excelliance.kxqp.ui.HelloActivity t21026}}}
06-15 11:23:32.545 D/HelloActivity(29994): startMain>>>3
06-15 11:23:32.548 D/xx      (18534): onFinishInput: mIsInDockMode=false
06-15 11:23:32.552 E/ANDR-PERF-MPCTL(  587): invalid request, no optimizations performed
06-15 11:23:32.553 I/ActivityManager( 1685): START u0 {flg=0x10000000 cmp=com.excelliance.dualaid/com.excelliance.kxqp.ui.MainActivity (has extras)} from uid 11060 and from pid 29994 on display 0
06-15 11:23:32.553 D/xx      (18534): onStartInput: mIsInDockMode=false attribute==android.view.inputmethod.EditorInfo@bb7a94c restarting==false
06-15 11:23:32.555 E/ANDR-PERF-MPCTL(  587): Invalid profile no. 0, total profiles 0 only
06-15 11:23:32.556 D/ActivityTrigger( 1685): activityStartTrigger: Activity is Triggerred in full screen ApplicationInfo{6118ee2 com.excelliance.dualaid}
06-15 11:23:32.556 E/ActivityTrigger( 1685): activityStartTrigger: not whiteListedcom.excelliance.dualaid/com.excelliance.kxqp.ui.MainActivity/466
06-15 11:23:32.558 V/WindowManager( 1685): Changing focus from Window{3f0ced6 u0 com.excelliance.dualaid/com.excelliance.kxqp.ui.HelloActivity} to null
06-15 11:23:32.559 W/WindowManager( 1685): Skip focus check for application before nougat.
06-15 11:23:32.562 E/TaskPersister( 1685): File error accessing recents directory (directory doesn't exist?).
06-15 11:23:32.565 I/Choreographer(29994): Skipped 1 frames!  The application may be doing too much work on its main thread.
06-15 11:23:32.573 V/WindowManager( 1685): reevaluateVisibility focusApp:AppWindowToken{6a98d2d token=Token{d79a844 ActivityRecord{c117557 u0 com.excelliance.dualaid/com.excelliance.kxqp.ui.MainActivity t21026}}}
06-15 11:23:32.575 I/Launcher.LauncherTraceUtil( 3319): writeLauncherStateToFile. The mStateTrace is null!
06-15 11:23:32.576 D/elsa    ( 1685): app is ProcessRecord{60bb6c6 30019:com.excelliance.dualaid/u0a1060}, isInBlackList is false, isNeedSetProcessGroup is true
06-15 11:23:32.577 D/elsa    ( 1685): app is ProcessRecord{8927154 29994:com.excelliance.dualaid:olle/u0a1060}, isInBlackList is false, isNeedSetProcessGroup is true
06-15 11:23:32.578 D/elsa    ( 1685): app is ProcessRecord{5532122 3319:com.oppo.launcher/u0a17}, isInBlackList is false, isNeedSetProcessGroup is true
06-15 11:23:32.582 E/OpenGLRenderer( 3319): hwui_debug::CanvasContext createSurface sur=0x0, isValid =0
06-15 11:23:32.587 V/WindowManager( 1685): reevaluateVisibility focusApp:AppWindowToken{6a98d2d token=Token{d79a844 ActivityRecord{c117557 u0 com.excelliance.dualaid/com.excelliance.kxqp.ui.MainActivity t21026}}}
06-15 11:23:32.590 V/WindowManager( 1685): reevaluateVisibility focusApp:AppWindowToken{6a98d2d token=Token{d79a844 ActivityRecord{c117557 u0 com.excelliance.dualaid/com.excelliance.kxqp.ui.MainActivity t21026}}}
06-15 11:23:32.592 E/test    (30019): hw notch screen flag api error
06-15 11:23:32.593 D/MainActivity(30019): startMode = true
06-15 11:23:32.593 D/MainActivity(30019): StreamAdStatistic  enter main
06-15 11:23:32.595 D/StatisticsManager(30019): Query time diff:1529033012595
06-15 11:23:32.633 V/WindowManager( 1685): reevaluateVisibility focusApp:AppWindowToken{6a98d2d token=Token{d79a844 ActivityRecord{c117557 u0 com.excelliance.dualaid/com.excelliance.kxqp.ui.MainActivity t21026}}}
06-15 11:23:32.648 D/y       (30019): 0:[]
06-15 11:23:32.648 D/y       (30019): 30:[0, 1]
06-15 11:23:32.649 D/StatisticsManager(30019): Query time diff:1529033012649
06-15 11:23:32.675 V/MainActivity(30019): mFirstStart:true
06-15 11:23:32.680 V/StatisticsBySpImpl(30019): init   isFirstCheck
06-15 11:23:32.687 E/StatisticsBySpImpl(30019): install new version, old version is 324, net is ok, upload now!
06-15 11:23:32.691 D/MainFragment(30019): sp1 time:-1  difftime:1529033012691  lasttime:0, context = com.excelliance.kxqp.ui.MainActivity@eb84bda
06-15 11:23:32.691 D/MainFragment(30019): sp1 time:-1  2 difftime:1529033012691  2 lasttime:0
06-15 11:23:32.697 D/MainFragment(30019): timeIsOk:false
06-15 11:23:32.697 D/MainFragment(30019): ad_baidu_flag:0
06-15 11:23:32.697 V/MainFragment(30019): defDisplayStyle:5
06-15 11:23:32.698 V/AdManager(30019): initShare InitFactory.b_total:0
06-15 11:23:32.703 D/MainFragment(30019): onCreateView
06-15 11:23:32.733 D/PayUtil (30019): sp is empty
06-15 11:23:32.737 D/PayUtil (30019): 
06-15 11:23:32.738 D/PayUtil (30019): sRid = 
06-15 11:23:32.745 D/PayUtil (30019): sRid = 
06-15 11:23:32.746 D/lyl     (30019): GridviewContainerLayout:createList:-2147483646
06-15 11:23:32.747 D/PayUtil (30019): sRid = 
06-15 11:23:32.748 D/PlatSdk (30019): max:0
06-15 11:23:32.752 D/PlatSdk (30019): max:0
06-15 11:23:32.752 D/PlatSdk (30019): current = 0
06-15 11:23:32.774 D/MainFragment(30019): onActivityCreated
06-15 11:23:32.776 D/MainFragment(30019): initial
06-15 11:23:32.777 E/ViewUtils(30019): setBgDrawable: view==null:top
06-15 11:23:32.780 E/ViewUtils(30019): setBgColor: view==null:streamMainGap
06-15 11:23:32.780 E/ViewUtils(30019): setTextColor: view==null:tv_news
06-15 11:23:32.781 E/ViewUtils(30019): setBgColor: view==null:tv_news_left
06-15 11:23:32.781 E/ViewUtils(30019): setBgColor: view==null:tv_news_right
06-15 11:23:32.791 D/MainFragment(30019): iv_iconId:_2131493019
06-15 11:23:32.792 D/PayUtil (30019): sRid = 
06-15 11:23:32.793 D/PayUtil (30019): sRid = 
06-15 11:23:32.794 D/PayUtil (30019): no pay dex...
06-15 11:23:32.801 D/PayUtil (30019): sRid = 
06-15 11:23:32.802 D/PayUtil (30019): no pay dex...
06-15 11:23:32.803 V/AdManager(30019): clSharebanner.i:1
06-15 11:23:32.805 D/PayUtil (30019): sRid = 
06-15 11:23:32.807 D/PayUtil (30019): no pay dex...
06-15 11:23:32.816 D/AdManager(30019): initAdvNew
06-15 11:23:32.819 D/PayUtil (30019): sRid = 
06-15 11:23:32.821 D/PayUtil (30019): no pay dex...
06-15 11:23:32.822 D/PayUtil (30019): sRid = 
06-15 11:23:32.823 D/PayUtil (30019): no pay dex...
06-15 11:23:32.830 D/PayUtil (30019): sRid = 
06-15 11:23:32.835 D/PayUtil (30019): sRid = 
06-15 11:23:32.836 D/PayUtil (30019): no pay dex...
06-15 11:23:32.841 D/AppShortcutGridAdapter(30019): screen:1080 X 1920
06-15 11:23:32.841 D/PayUtil (30019): sRid = 
06-15 11:23:32.843 D/PayUtil (30019): no pay dex...
06-15 11:23:32.844 D/PayUtil (30019): sRid = 
06-15 11:23:32.845 D/PayUtil (30019): no pay dex...
06-15 11:23:32.846 D/PayUtil (30019): sRid = 
06-15 11:23:32.854 D/PlatSdk (30019): current = 0
06-15 11:23:32.855 D/GameUtil(30019): start ...
06-15 11:23:32.855 D/GameUtil(30019): end ...
06-15 11:23:32.880 I/OppoConvertIcon(30019): maskBitmap -- mIconBackground == null
06-15 11:23:32.895 I/OppoConvertIcon(30019): maskBitmap -- mIconBackground == null
06-15 11:23:32.911 I/OppoConvertIcon(30019): maskBitmap -- mIconBackground == null
06-15 11:23:32.928 I/OppoConvertIcon(30019): maskBitmap -- mIconBackground == null
06-15 11:23:32.942 I/OppoConvertIcon(30019): maskBitmap -- mIconBackground == null
06-15 11:23:32.957 I/OppoConvertIcon(30019): maskBitmap -- mIconBackground == null
06-15 11:23:32.997 I/OppoConvertIcon(30019): maskBitmap -- mIconBackground == null
06-15 11:23:33.016 I/OppoConvertIcon(30019): maskBitmap -- mIconBackground == null
06-15 11:23:33.030 I/OppoConvertIcon(30019): maskBitmap -- mIconBackground == null
06-15 11:23:33.057 I/OppoConvertIcon(30019): maskBitmap -- mIconBackground == null
06-15 11:23:33.070 I/OppoConvertIcon(30019): maskBitmap -- mIconBackground == null
06-15 11:23:33.071 E/TaskPersister( 1685): File error accessing recents directory (directory doesn't exist?).
06-15 11:23:33.109 I/OppoConvertIcon(30019): maskBitmap -- mIconBackground == null
06-15 11:23:33.125 I/OppoConvertIcon(30019): maskBitmap -- mIconBackground == null
06-15 11:23:33.148 E/QueryController(28403): Got null root node from accessibility - Retrying...
06-15 11:23:33.204 I/OppoConvertIcon(30019): maskBitmap -- mIconBackground == null
06-15 11:23:33.218 I/OppoConvertIcon(30019): maskBitmap -- mIconBackground == null
06-15 11:23:33.233 I/OppoConvertIcon(30019): maskBitmap -- mIconBackground == null
06-15 11:23:33.247 I/OppoConvertIcon(30019): maskBitmap -- mIconBackground == null
06-15 11:23:33.261 I/OppoConvertIcon(30019): maskBitmap -- mIconBackground == null
06-15 11:23:33.280 D/MainFragment(30019): rid = ,initStreamAd close = true
06-15 11:23:33.280 D/PayUtil (30019): sRid = 
06-15 11:23:33.282 D/PayUtil (30019): no pay dex...
06-15 11:23:33.283 V/ChannelManager(30019): initChannelDao
06-15 11:23:33.342 D/MainFragment(30019): pull ActivityIcon config is empty true
06-15 11:23:33.342 D/VersionManager(30019): pullActivityIconConfitg
06-15 11:23:33.343 D/VersionManager(30019): network = true
06-15 11:23:33.374 D/VersionManager(30019): activityIconUrl = https://folder.appota.cn/icon_activitynew.php?vc=466&vn=4.0.6&chid=10022&subchid=1&imei=866015035972513&imsi=460011700517873&lang=zh_CN&uid=16063842&isVip=false&type=20&pkg=com.excelliance.dualaid&api=25&release=7.1.1&newuser=1&abTest=0&issl=1, callBack = com.excelliance.kxqp.ui.k$45@a4aaaf2
06-15 11:23:33.375 E/MainFragment(30019): firstStart
06-15 11:23:33.377 E/test    (30019): hasNotchInScreen ClassNotFoundException
06-15 11:23:33.378 D/MainFragment(30019): statusHeight = 54
06-15 11:23:33.378 D/MainFragment(30019): clearFullScreen
06-15 11:23:33.382 D/MainFragment(30019): onStart
06-15 11:23:33.382 D/MainFragment(30019): STREAM_AD_LAST_LOCATION = 0, statusHeight = 54
06-15 11:23:33.382 D/MainFragment(30019): onStart STREAM_AD_LAST_LOCATION
06-15 11:23:33.386 D/KXQPApplication(30019): onActivityStarted: com.excelliance.kxqp.ui.MainActivity@eb84bda	
06-15 11:23:33.390 D/MainActivity(30019): onResume
06-15 11:23:33.390 D/MainActivity(30019): umengtj_switch:_0
06-15 11:23:33.390 D/MainActivity(30019): onResume Umengtj is false
06-15 11:23:33.391 D/MainFragment(30019): has_data_move = false, gridViewContainer = com.excelliance.kxqp.ui.multiple.GridviewContainerLayout{b0cb543 V.E...... ......I. 0,0-0,0 #7f0c0334 app:id/layout_container}
06-15 11:23:33.394 D/PayUtil (30019): sRid = 
06-15 11:23:33.396 D/MainFragment(30019): onResume
06-15 11:23:33.399 E/QueryController(28403): Got null root node from accessibility - Retrying...
06-15 11:23:33.416 D/MainFragment(30019): onResume1
06-15 11:23:33.416 V/MainFragment(30019): resume isFromCreate>>>true,needInterceptBackKey>>>false,isHomeKeyEvent>>>false
06-15 11:23:33.416 D/PlatSdk (30019): current = 0
06-15 11:23:33.417 D/y       (30019): 41:[0]
06-15 11:23:33.424 D/y       (30019): 20:null
06-15 11:23:33.424 V/ViewRootImpl(30019): enableLogLight: enable = false
06-15 11:23:33.446 D/StatisticsToServer(30019): enter::::{"vc":324,"vn":"2.6.2","chid":10022,"subchid":1,"uid":"16063842","mcnt":1}
06-15 11:23:33.446 E/StatisticsToServer(30019): url=https://mto.multiopen.cn/adstatis.php?cmd=101&data=eyJ2YyI6MzI0LCJ2biI6IjIuNi4yIiwiY2hpZCI6MTAwMjIsInN1YmNoaWQiOjEsInVpZCI6IjE2%0AMDYzODQyIiwibWNudCI6MX0%3D%0A
06-15 11:23:33.446 D/StatisticsToServer(30019): show::::[]
06-15 11:23:33.446 E/StatisticsToServer(30019): url=https://mto.multiopen.cn/adstatis.php?cmd=3&data=eyJ2YyI6MzI0LCJ2biI6IjIuNi4yIiwiY2hpZCI6MTAwMjIsInN1YmNoaWQiOjEsInVpZCI6IjE2%0AMDYzODQyIiwiZHQiOiJbXSJ9%0A
06-15 11:23:33.446 D/StatisticsToServer(30019): click::::[]
06-15 11:23:33.446 E/StatisticsToServer(30019): url=https://mto.multiopen.cn/adstatis.php?cmd=1&data=eyJ2YyI6MzI0LCJ2biI6IjIuNi4yIiwiY2hpZCI6MTAwMjIsInN1YmNoaWQiOjEsInVpZCI6IjE2%0AMDYzODQyIiwiZHQiOiJbXSJ9%0A
06-15 11:23:33.446 D/StatisticsToServer(30019): get::::[]
06-15 11:23:33.446 E/StatisticsToServer(30019): url=https://mto.multiopen.cn/adstatis.php?cmd=4&data=eyJ2YyI6MzI0LCJ2biI6IjIuNi4yIiwiY2hpZCI6MTAwMjIsInN1YmNoaWQiOjEsInVpZCI6IjE2%0AMDYzODQyIiwiZHQiOiJbXSJ9%0A
06-15 11:23:33.447 D/StatisticsToServer(30019): getSuccess::::[]
06-15 11:23:33.447 E/StatisticsToServer(30019): url=https://mto.multiopen.cn/adstatis.php?cmd=5&data=eyJ2YyI6MzI0LCJ2biI6IjIuNi4yIiwiY2hpZCI6MTAwMjIsInN1YmNoaWQiOjEsInVpZCI6IjE2%0AMDYzODQyIiwiZHQiOiJbXSJ9%0A
06-15 11:23:33.447 D/VersionManager(30019): httpsRequest getURL = https://mto.multiopen.cn/adstatis.php?cmd=101&data=eyJ2YyI6MzI0LCJ2biI6IjIuNi4yIiwiY2hpZCI6MTAwMjIsInN1YmNoaWQiOjEsInVpZCI6IjE2%0AMDYzODQyIiwibWNudCI6MX0%3D%0A
06-15 11:23:33.447 D/MainFragment(30019): handleMessage msg.what:20
06-15 11:23:33.448 D/PayUtil (30019): sRid = 
06-15 11:23:33.449 D/PayUtil (30019): no pay dex...
06-15 11:23:33.451 D/libc-netbsd(30019): [getaddrinfo]:  hostname=mto.multiopen.cn;  servname=(null);  app_pid=30019;  app_uid=11060;  ai_flags=1024;  ai_family=0; ai_socktype=1 from prox result 0
06-15 11:23:33.452 D/PayUtil (30019): sRid = 
06-15 11:23:33.453 V/WindowManager( 1685): reevaluateVisibility focusApp:AppWindowToken{6a98d2d token=Token{d79a844 ActivityRecord{c117557 u0 com.excelliance.dualaid/com.excelliance.kxqp.ui.MainActivity t21026}}}
06-15 11:23:33.454 D/PayUtil (30019): no pay dex...
06-15 11:23:33.455 D/MainFragment(30019): handleMessage final msg.what:20, take:8
06-15 11:23:33.455 D/MainFragment(30019): handleMessage msg.what:6
06-15 11:23:33.464 D/MainFragment(30019): handleMessage final msg.what:6, take:9
06-15 11:23:33.465 D/SmtServService(30019): onStartCommand: add class com.excelliance.kxqp.ui.MainActivity
06-15 11:23:33.466 D/MainFragment(30019): handleMessage msg.what:14
06-15 11:23:33.469 D/MainFragment(30019): handleMessage final msg.what:14, take:3
06-15 11:23:33.470 D/MainFragment(30019): handleMessage msg.what:46
06-15 11:23:33.470 D/MainFragment(30019): handleMessage final msg.what:46, take:0
06-15 11:23:33.470 I/Choreographer(30019): Skipped 2 frames!  The application may be doing too much work on its main thread.
06-15 11:23:33.474 D/libc-netbsd(30019): [getaddrinfo]:  hostname=folder.appota.cn;  servname=(null);  app_pid=30019;  app_uid=11060;  ai_flags=1024;  ai_family=0; ai_socktype=1 from prox result 0
06-15 11:23:33.483 V/WindowManager( 1685): Changing focus from null to Window{d207036 u0 com.excelliance.dualaid/com.excelliance.kxqp.ui.MainActivity}
06-15 11:23:33.497 W/X509TrustManager(30019): checkServerTrusted: SignatureException:null
06-15 11:23:33.497 W/X509TrustManager(30019): checkServerTrusted: SignatureException:error:04000070:RSA routines:OPENSSL_internal:DATA_TOO_LARGE_FOR_MODULUS
06-15 11:23:33.502 V/WindowManager( 1685): reevaluateVisibility focusApp:AppWindowToken{6a98d2d token=Token{d79a844 ActivityRecord{c117557 u0 com.excelliance.dualaid/com.excelliance.kxqp.ui.MainActivity t21026}}}
06-15 11:23:33.502 I/Adreno  (30019): QUALCOMM build                   : 21e2e72, Ia8660bee96
06-15 11:23:33.502 I/Adreno  (30019): Build Date                       : 11/14/17
06-15 11:23:33.502 I/Adreno  (30019): OpenGL ES Shader Compiler Version: XE031.14.00.04
06-15 11:23:33.502 I/Adreno  (30019): Local Branch                     : 
06-15 11:23:33.502 I/Adreno  (30019): Remote Branch                    : 
06-15 11:23:33.502 I/Adreno  (30019): Remote Branch                    : 
06-15 11:23:33.502 I/Adreno  (30019): Reconstruct Branch               : 
06-15 11:23:33.504 I/Adreno  (30019): PFP: 0x005ff087, ME: 0x005ff063
06-15 11:23:33.506 I/OpenGLRenderer(30019): Initialized EGL, version 1.4
06-15 11:23:33.506 D/OpenGLRenderer(30019): Swap behavior 1
06-15 11:23:33.507 W/X509TrustManager(30019): checkServerTrusted: SignatureException:null
06-15 11:23:33.508 W/X509TrustManager(30019): checkServerTrusted: SignatureException:error:04000070:RSA routines:OPENSSL_internal:DATA_TOO_LARGE_FOR_MODULUS
06-15 11:23:33.511 D/MainFragment(30019): handleMessage msg.what:36
06-15 11:23:33.511 D/MainFragment(30019): handleMessage final msg.what:36, take:0
06-15 11:23:33.511 D/MainFragment(30019): MSG_FETCH_ADS initFactory
06-15 11:23:33.511 V/AdManager(30019): InitFactory.b_total:0
06-15 11:23:33.512 D/MainFragment(30019): first_pop_dialog......false
06-15 11:23:33.512 V/AdManager(30019): integers_sp:[]
06-15 11:23:33.512 D/InitFactory(30019): getFactoryByType:_-1
06-15 11:23:33.512 V/FactoryData(30019): ads:null
06-15 11:23:33.512 D/InitFactory(30019): type:_-1
06-15 11:23:33.512 D/MainFragment(30019): MSG_FETCH_ADS initFactory final
06-15 11:23:33.512 D/PayUtil (30019): sRid = 
06-15 11:23:33.513 D/PayUtil (30019): sRid = 
06-15 11:23:33.514 D/PayUtil (30019): sRid = 
06-15 11:23:33.516 D/MainFragment(30019): openStreamFromMoreSetting = false
06-15 11:23:33.517 D/MainActivity(30019): isLoaded:false
06-15 11:23:33.519 E/Reflecting  getMessage(30019): com.alipay.sdk.app.PayTask 
06-15 11:23:33.519 E/Reflecting   getLocalizedMessage(30019): com.alipay.sdk.app.PayTask 
06-15 11:23:33.519 D/Reflecting(30019): com.alipay.sdk.app.PayTask
06-15 11:23:33.522 V/InitialData(30019): capitalize:Pay
06-15 11:23:33.522 V/GameUtil(30019): getCurrentVersionByKey : pay	current_pay_version	PayVersion
06-15 11:23:33.523 V/GameUtil(30019): saveVersionToFileByKey  xml_key :pay  result:1
06-15 11:23:33.524 V/AppShortcutGridAdapter(30019):   parmInt:0 paramViewnull, type = 1
06-15 11:23:33.533 V/AppShortcutGridAdapter(30019):   parmInt:0 paramViewandroid.widget.LinearLayout{c30e97b V.E...... ......I. 0,0-0,0 #7f0c00ed app:id/root}, type = 1
06-15 11:23:33.535 V/AppShortcutGridAdapter(30019):   parmInt:1 paramViewnull, type = 1
06-15 11:23:33.535 D/VersionManager(30019): httpsRequest getURL = https://mto.multiopen.cn/adstatis.php?cmd=3&data=eyJ2YyI6MzI0LCJ2biI6IjIuNi4yIiwiY2hpZCI6MTAwMjIsInN1YmNoaWQiOjEsInVpZCI6IjE2%0AMDYzODQyIiwiZHQiOiJbXSJ9%0A
06-15 11:23:33.537 V/GameUtil(30019): getCurrentVersionByKey  pay:1
06-15 11:23:33.538 V/InitialData(30019): capitalize:Pay
06-15 11:23:33.538 D/xx      (18534): onFinishInput: mIsInDockMode=false
06-15 11:23:33.538 D/lyl     (30019): file:pay.jar   pay.jar
06-15 11:23:33.538 D/lyl     (30019): file:pay.jar   pay.jar
06-15 11:23:33.540 D/xx      (18534): onStartInput: mIsInDockMode=false attribute==android.view.inputmethod.EditorInfo@5e35577 restarting==false
06-15 11:23:33.541 V/AppShortcutGridAdapter(30019):   parmInt:2 paramViewnull, type = 1
06-15 11:23:33.548 V/InitialData(30019): payVersion:1    pay_version:1    current_pay_version:1
06-15 11:23:33.548 D/InitialData(30019): identifing = pay, jarPath = /data/data/com.excelliance.dualaid/.platformcache/pay.jar
06-15 11:23:33.548 D/InitialData(30019): mClassLoader = dalvik.system.PathClassLoader[DexPathList[[zip file "/data/app/com.excelliance.dualaid-1/base.apk"],nativeLibraryDirectories=[/data/app/com.excelliance.dualaid-1/lib/arm, /system/fake-libs, /data/app/com.excelliance.dualaid-1/base.apk!/lib/armeabi, /system/lib, /vendor/lib]]]
06-15 11:23:33.548 D/InitialData(30019): HackUtil = class com.excelliance.kxqp.pay.util.HackUtil
06-15 11:23:33.550 D/MainFragment(30019): size = 0
06-15 11:23:33.551 W/art     (30019): oat_file_name = /data/data/com.excelliance.dualaid/.platformcache/pay.dex, b = 1
06-15 11:23:33.585 W/X509TrustManager(30019): checkServerTrusted: SignatureException:null
06-15 11:23:33.586 W/X509TrustManager(30019): checkServerTrusted: SignatureException:error:04000070:RSA routines:OPENSSL_internal:DATA_TOO_LARGE_FOR_MODULUS
06-15 11:23:33.590 I/dex2oat (30358): /system/bin/dex2oat --dex-file=/data/data/com.excelliance.dualaid/.platformcache/pay.jar --oat-fd=82 --oat-location=/data/data/com.excelliance.dualaid/.platformcache/pay.dex --compiler-filter=speed
06-15 11:23:33.599 I/Choreographer(30019): Skipped 1 frames!  The application may be doing too much work on its main thread.
06-15 11:23:33.601 V/AppShortcutGridAdapter(30019):   parmInt:0 paramViewnull, type = 1
06-15 11:23:33.608 V/AppShortcutGridAdapter(30019):   parmInt:0 paramViewandroid.widget.LinearLayout{b5c00d3 V.E...... ......I. 0,0-0,0 #7f0c00ed app:id/root}, type = 1
06-15 11:23:33.609 D/MainFragment(30019): size = 0
06-15 11:23:33.612 D/MainFragment(30019): success
06-15 11:23:33.612 D/MainFragment(30019): jsonObject = {"activityIcon":[{"iconId":"6","iconName":"","iconPath":"http:\/\/cdn.multiopen.cn\/origicon\/3rdicon\/iconredpacket\/6\/f1c3f636c8368dc7362e30d9348ed79a.png","type":"5","url":"","browserType":"1","index":null,"subType":null}]}
06-15 11:23:33.612 D/MainFragment(30019): appAdapter = com.excelliance.kxqp.platforms.AppShortcutGridAdapter@9d5b09
06-15 11:23:33.612 D/MainFragment(30019): activityArray = [{"iconId":"6","iconName":"","iconPath":"http:\/\/cdn.multiopen.cn\/origicon\/3rdicon\/iconredpacket\/6\/f1c3f636c8368dc7362e30d9348ed79a.png","type":"5","url":"","browserType":"1","index":null,"subType":null}]
06-15 11:23:33.612 D/MainFragment(30019): iconObject={"iconId":"6","iconName":"","iconPath":"http:\/\/cdn.multiopen.cn\/origicon\/3rdicon\/iconredpacket\/6\/f1c3f636c8368dc7362e30d9348ed79a.png","type":"5","url":"","browserType":"1","index":null,"subType":null}
06-15 11:23:33.612 D/MainFragment(30019): TYPE = 5
06-15 11:23:33.612 D/MainFragment(30019): activityList size = 0
06-15 11:23:33.617 D/MainFragment(30019): handleMessage msg.what:36
06-15 11:23:33.617 D/MainFragment(30019): MSG_FETCH_ADS fetBannerAd
06-15 11:23:33.617 V/AdManager(30019): htcbanners.size():0
06-15 11:23:33.617 E/OpenGLRenderer( 3319): hwui_debug::CanvasContext createSurface sur=0x0, isValid =0
06-15 11:23:33.618 D/PayUtil (30019): sRid = 
06-15 11:23:33.618 V/WindowManager( 1685): reevaluateVisibility focusApp:AppWindowToken{6a98d2d token=Token{d79a844 ActivityRecord{c117557 u0 com.excelliance.dualaid/com.excelliance.kxqp.ui.MainActivity t21026}}}
06-15 11:23:33.621 E/OpenGLRenderer(29994): hwui_debug::CanvasContext createSurface sur=0x0, isValid =0
06-15 11:23:33.623 I/ActivityManager( 1685): Displayed com.excelliance.dualaid/com.excelliance.kxqp.ui.MainActivity: +1s49ms
06-15 11:23:33.623 D/PayUtil (30019): no pay dex...
06-15 11:23:33.623 E/ANDR-PERF-RESOURCEQS(  587): Failed to reset optimization [3, 0]
06-15 11:23:33.625 V/AdManager(30019): fetBannerAd of banner
06-15 11:23:33.625 D/MainFragment(30019): MSG_FETCH_ADS fetCpuAd
06-15 11:23:33.625 D/VersionManager(30019): httpsRequest getURL = https://mto.multiopen.cn/adstatis.php?cmd=1&data=eyJ2YyI6MzI0LCJ2biI6IjIuNi4yIiwiY2hpZCI6MTAwMjIsInN1YmNoaWQiOjEsInVpZCI6IjE2%0AMDYzODQyIiwiZHQiOiJbXSJ9%0A
06-15 11:23:33.625 V/AdManager(30019): fetCpuAd
06-15 11:23:33.625 D/MainFragment(30019): MSG_FETCH_ADS final
06-15 11:23:33.625 D/MainFragment(30019): handleMessage final msg.what:36, take:8
06-15 11:23:33.625 D/MainFragment(30019): handleMessage msg.what:28
06-15 11:23:33.626 D/MainFragment(30019): handleMessage final msg.what:28, take:1
06-15 11:23:33.629 V/AppShortcutGridAdapter(30019):   parmInt:0 paramViewandroid.widget.LinearLayout{c30e97b V.E...... ......I. 0,0-360,360 #7f0c00ed app:id/root}, type = 1
06-15 11:23:33.631 V/AppShortcutGridAdapter(30019):   parmInt:1 paramViewandroid.widget.LinearLayout{651854f V.E...... ......I. 360,0-720,360 #7f0c00ed app:id/root}, type = 1
06-15 11:23:33.631 V/AppShortcutGridAdapter(30019):   parmInt:2 paramViewandroid.widget.LinearLayout{6f2cf47 V.E...... ......I. 720,0-1080,360 #7f0c00ed app:id/root}, type = 1
06-15 11:23:33.631 V/AppShortcutGridAdapter(30019):   parmInt:3 paramViewandroid.widget.LinearLayout{b5c00d3 V.E...... ......I. 0,0-0,0 #7f0c00ed app:id/root}, type = 9
06-15 11:23:33.631 D/AppShortcutGridAdapter(30019): type TYPE_DATA_MOVE
06-15 11:23:33.636 V/WindowManager( 1685): reevaluateVisibility focusApp:AppWindowToken{6a98d2d token=Token{d79a844 ActivityRecord{c117557 u0 com.excelliance.dualaid/com.excelliance.kxqp.ui.MainActivity t21026}}}
06-15 11:23:33.637 V/WindowManager( 1685): reevaluateVisibility focusApp:AppWindowToken{6a98d2d token=Token{d79a844 ActivityRecord{c117557 u0 com.excelliance.dualaid/com.excelliance.kxqp.ui.MainActivity t21026}}}
06-15 11:23:33.637 V/WindowManager( 1685): reevaluateVisibility focusApp:AppWindowToken{6a98d2d token=Token{d79a844 ActivityRecord{c117557 u0 com.excelliance.dualaid/com.excelliance.kxqp.ui.MainActivity t21026}}}
06-15 11:23:33.651 V/WindowManager( 1685): reevaluateVisibility focusApp:AppWindowToken{6a98d2d token=Token{d79a844 ActivityRecord{c117557 u0 com.excelliance.dualaid/com.excelliance.kxqp.ui.MainActivity t21026}}}
06-15 11:23:33.654 E/OpenGLRenderer(29994): hwui_debug::CanvasContext createSurface sur=0x0, isValid =0
06-15 11:23:33.655 D/MainFragment(30019): size = 0
06-15 11:23:33.658 W/X509TrustManager(30019): checkServerTrusted: SignatureException:null
06-15 11:23:33.659 W/X509TrustManager(30019): checkServerTrusted: SignatureException:error:04000070:RSA routines:OPENSSL_internal:DATA_TOO_LARGE_FOR_MODULUS
06-15 11:23:33.663 V/WindowManager( 1685): reevaluateVisibility focusApp:AppWindowToken{6a98d2d token=Token{d79a844 ActivityRecord{c117557 u0 com.excelliance.dualaid/com.excelliance.kxqp.ui.MainActivity t21026}}}
06-15 11:23:33.671 V/AppShortcutGridAdapter(30019):   parmInt:0 paramViewandroid.widget.LinearLayout{b5c00d3 V.E...... ......I. 0,0-0,0 #7f0c00ed app:id/root}, type = 1
06-15 11:23:33.678 D/MainFragment(30019): size = 0
06-15 11:23:33.692 D/VersionManager(30019): httpsRequest getURL = https://mto.multiopen.cn/adstatis.php?cmd=4&data=eyJ2YyI6MzI0LCJ2biI6IjIuNi4yIiwiY2hpZCI6MTAwMjIsInN1YmNoaWQiOjEsInVpZCI6IjE2%0AMDYzODQyIiwiZHQiOiJbXSJ9%0A
06-15 11:23:33.696 I/ActivityManager( 1685): Start proc 30368:com.excelliance.dualaid:lebian/u0a1060 for service com.excelliance.dualaid/com.android.ggapsvc.LBService
06-15 11:23:33.721 W/X509TrustManager(30019): checkServerTrusted: SignatureException:null
06-15 11:23:33.722 W/X509TrustManager(30019): checkServerTrusted: SignatureException:error:04000070:RSA routines:OPENSSL_internal:DATA_TOO_LARGE_FOR_MODULUS
06-15 11:23:33.752 D/VersionManager(30019): httpsRequest getURL = https://mto.multiopen.cn/adstatis.php?cmd=5&data=eyJ2YyI6MzI0LCJ2biI6IjIuNi4yIiwiY2hpZCI6MTAwMjIsInN1YmNoaWQiOjEsInVpZCI6IjE2%0AMDYzODQyIiwiZHQiOiJbXSJ9%0A
06-15 11:23:33.775 D/MainFragment(30019): handleMessage msg.what:49
06-15 11:23:33.775 D/MainFragment(30019): handleMessage final msg.what:49, take:0
06-15 11:23:33.786 D/PlatSdk (30019): current = 0
06-15 11:23:33.797 W/X509TrustManager(30019): checkServerTrusted: SignatureException:null
06-15 11:23:33.799 D/SPAESUtil(30019): v_p_no
06-15 11:23:33.799 W/X509TrustManager(30019): checkServerTrusted: SignatureException:error:04000070:RSA routines:OPENSSL_internal:DATA_TOO_LARGE_FOR_MODULUS
06-15 11:23:33.802 D/StatisticsManager(30019): Query time diff:1529033013802
06-15 11:23:33.884 D/launch-time-RU(30368): preload 24 classes cost 40ms
06-15 11:23:33.912 D/MainFragment(30019): handleMessage msg.what:29
06-15 11:23:33.916 I/appium  (28403): Skipping invisible child: android.view.accessibility.AccessibilityNodeInfo@8001139a; boundsInParent: Rect(0, 0 - 1080, 1920); boundsInScreen: Rect(0, 0 - 1080, 1920); packageName: com.excelliance.dualaid; className: android.widget.LinearLayout; text: null; error: null; maxTextLength: -1; contentDescription: null; viewIdResName: null; checkable: false; checked: false; focusable: false; focused: false; selected: false; clickable: false; longClickable: false; contextClickable: false; enabled: true; password: false; scrollable: false; actions: [AccessibilityAction: ACTION_SELECT - null, AccessibilityAction: ACTION_CLEAR_SELECTION - null, AccessibilityAction: ACTION_ACCESSIBILITY_FOCUS - null, AccessibilityAction: ACTION_SHOW_ON_SCREEN - null]
06-15 11:23:33.916 I/appium  (28403): Fetch time: 2ms
06-15 11:23:33.916 D/MainFragment(30019): checkFreeTimeOut:1529033013
06-15 11:23:33.922 I/appium  (28403): AppiumResponse: {"sessionId":"50a3d129-e1c4-4754-9f20-b516f7b4ab53","status":0,"value":"<?xml version=\"1.0\" encoding=\"UTF-8\"?><hierarchy rotation=\"0\"><android.widget.FrameLayout index=\"0\" text=\"\" class=\"android.widget.FrameLayout\" package=\"com.excelliance.dualaid\" content-desc=\"\" checkable=\"false\" checked=\"false\" clickable=\"false\" enabled=\"true\" focusable=\"false\" focused=\"false\" scrollable=\"false\" long-clickable=\"false\" password=\"false\" selected=\"false\" bounds=\"[0,0][1080,1920]\" resource-id=\"\" instance=\"0\"\/><\/hierarchy>"}
06-15 11:23:33.923 D/PayUtil (30019): sp is empty
06-15 11:23:33.928 D/PayUtil (30019): 
06-15 11:23:33.930 D/PayUtil (30019): sRid = 
06-15 11:23:33.931 D/MainFragment(30019): handleMessage final msg.what:29, take:19
06-15 11:23:33.953 I/dex2oat (30358): dex2oat took 363.160ms (threads: 4) arena alloc=3MB (3229128B) java alloc=347KB (355400B) native alloc=1645KB (1685336B) free=5MB (5654696B)
06-15 11:23:33.958 D/KXQPApplication(30368): run: initUserManager
06-15 11:23:33.960 D/CrashHandler(30368): CrashHandler
06-15 11:23:33.963 E/Reflecting  getMessage(30019): com.excelliance.packageplugin.PackagePluginCallbackImpl 
06-15 11:23:33.963 E/Reflecting   getLocalizedMessage(30019): com.excelliance.packageplugin.PackagePluginCallbackImpl 
06-15 11:23:33.963 D/Reflecting(30019): com.excelliance.packageplugin.PackagePluginCallbackImpl
06-15 11:23:33.966 V/InitialData(30019): capitalize:Plugin
06-15 11:23:33.966 V/GameUtil(30019): getCurrentVersionByKey : plugin	current_plugin_version	PluginVersion
06-15 11:23:33.967 V/GameUtil(30019): saveVersionToFileByKey  xml_key :plugin  result:0
06-15 11:23:33.973 V/GameUtil(30019): getCurrentVersionByKey  plugin:0
06-15 11:23:33.973 V/InitialData(30019): capitalize:Plugin
06-15 11:23:33.974 D/lyl     (30019): file:plugin.jar   pay.jar
06-15 11:23:33.974 E/InitialData(30019): plugin.jar not exist
06-15 11:23:33.974 V/InitialData(30019): pluginVersion:0    plugin_version:0    current_plugin_version:0
06-15 11:23:33.974 D/InitialData(30019): current not exits identifing = plugin, current_jar_version = 0
06-15 11:23:33.974 V/GameUtil(30019): saveVersionToFileByKey  xml_key :plugin  result:0
06-15 11:23:33.974 D/InitialData(30019): identifing = plugin, jarPath = /data/data/com.excelliance.dualaid/.platformcache/tmp/plugin/plugin.jar
06-15 11:23:33.978 I/appium  (28403): channel read invoked!
06-15 11:23:33.978 I/appium  (28403): channel read: POST /wd/hub/session/50a3d129-e1c4-4754-9f20-b516f7b4ab53/element
06-15 11:23:33.978 I/appium  (28403): Find element command
06-15 11:23:33.978 D/appium  (28403): payload: {"strategy":"id","selector":"com.excelliance.dualaid:id/tv_bt_add","context":"","multiple":false}
06-15 11:23:33.979 I/appium  (28403): find element command using 'id' with selector 'com.excelliance.dualaid:id/tv_bt_add'.
06-15 11:23:33.984 D/LBService(30368): add o=com.android.ggapsvc.LBService, busyCount=1
06-15 11:23:33.985 D/LBService(30368): onStartCommand action=com.excelliance.dualaid.action.downloadcomp
06-15 11:23:33.986 D/LBService(30368): add o=com.android.ggapsvc.LBService, busyCount=2
06-15 11:23:33.986 D/LBService(30368): remove o=com.android.ggapsvc.LBService, busyCount=1
06-15 11:23:33.989 D/DownloadComponentService(30368): gameId:null check:false gameLib:null url:null gameType:0  savePath:null dmd5:null autodl:false downloadGame:true alarmCheck:false owenShortcutfalse
06-15 11:23:33.990 D/LBService(30368): remove o=com.android.ggapsvc.LBService, busyCount=0
06-15 11:23:33.990 D/LBService(30368): add o=com.excelliance.kxqp.d$2, busyCount=1
06-15 11:23:33.990 D/elsa    ( 1685): app is ProcessRecord{f4f8a2f 30368:com.excelliance.dualaid:lebian/u0a1060}, isInBlackList is false, isNeedSetProcessGroup is true
06-15 11:23:34.014 D/PayUtil (30368): sp is empty
06-15 11:23:34.022 D/PayUtil (30368): 
06-15 11:23:34.040 V/WindowManager( 1685): reevaluateVisibility focusApp:AppWindowToken{6a98d2d token=Token{d79a844 ActivityRecord{c117557 u0 com.excelliance.dualaid/com.excelliance.kxqp.ui.MainActivity t21026}}}
06-15 11:23:34.115 D/VersionManager(30368): file exists /storage/emulated/0/.dygameres.apps/game_res/3rd/config/
06-15 11:23:34.127 D/VersionManager(30368): httpsRequest getURL = https://folder.appota.cn/newofflinead.php?vc=466&vn=4.0.6&chid=10022&subchid=1&imei=866015035972513&imsi=460011700517873&lang=zh_CN&uflag=3&uid=16063842&type=20&pkg=com.excelliance.dualaid&api=25&release=7.1.1&abi=armeabi-v7a&abi2=armeabi&abilist=arm64-v8a%2Carmeabi-v7a%2Carmeabi&abilist32=armeabi-v7a%2Carmeabi&abilist64=arm64-v8a&brand=OPPO&manufacturer=OPPO&model=OPPO%20R11&product=R11&tp=3&feature=1&newuser=1&issl=1
06-15 11:23:34.129 D/NetworkSecurityConfig(30368): No Network Security Config specified, using platform default
06-15 11:23:34.130 I/DpmTcmClient(30368): RegisterTcmMonitor from: com.android.okhttp.TcmIdleTimerMonitor
06-15 11:23:34.139 I/System.out(30368): Not need to boost!
06-15 11:23:34.142 D/MainFragment(30019): handleMessage msg.what:53
06-15 11:23:34.142 D/MainFragment(30019): MSG_INIT_OFF_STANDARD_POSITION
06-15 11:23:34.142 D/MainFragment(30019): handleMessage final msg.what:53, take:0
