--------- beginning of system
06-15 11:25:24.284 I/ActivityManager( 1685): Start proc 32517:com.excelliance.dualaid/u0a1061 for service com.excelliance.dualaid/com.excelliance.kxqp.SmtServService
06-15 11:25:24.373 V/WindowManager( 1685): reevaluateVisibility focusApp:AppWindowToken{37ee462 token=Token{fffb72d ActivityRecord{f063a44 u0 com.excelliance.dualaid/com.excelliance.kxqp.swipe.NavActivity2 t21032}}}
06-15 11:25:24.492 V/WindowManager( 1685): Changing focus from null to Window{1e2046b u0 com.excelliance.dualaid/com.excelliance.kxqp.swipe.NavActivity2}
06-15 11:25:24.500 V/WindowManager( 1685): reevaluateVisibility focusApp:AppWindowToken{37ee462 token=Token{fffb72d ActivityRecord{f063a44 u0 com.excelliance.dualaid/com.excelliance.kxqp.swipe.NavActivity2 t21032}}}
06-15 11:25:24.525 V/WindowManager( 1685): reevaluateVisibility focusApp:AppWindowToken{37ee462 token=Token{fffb72d ActivityRecord{f063a44 u0 com.excelliance.dualaid/com.excelliance.kxqp.swipe.NavActivity2 t21032}}}
06-15 11:25:24.525 V/WindowManager( 1685): reevaluateVisibility focusApp:AppWindowToken{37ee462 token=Token{fffb72d ActivityRecord{f063a44 u0 com.excelliance.dualaid/com.excelliance.kxqp.swipe.NavActivity2 t21032}}}
06-15 11:25:24.598 I/WindowManager( 1685): finishPostLayoutPolicyLw (statusbar != null ) true topIsFullscreen true top = Window{1e2046b u0 com.excelliance.dualaid/com.excelliance.kxqp.swipe.NavActivity2}
06-15 11:25:24.598 I/StatusBarManagerService( 1685):  topIsFullscreen fullscreen true
06-15 11:25:24.599 V/WindowManager( 1685): reevaluateVisibility focusApp:AppWindowToken{37ee462 token=Token{fffb72d ActivityRecord{f063a44 u0 com.excelliance.dualaid/com.excelliance.kxqp.swipe.NavActivity2 t21032}}}
06-15 11:25:24.601 V/WindowManager( 1685): reevaluateVisibility focusApp:AppWindowToken{37ee462 token=Token{fffb72d ActivityRecord{f063a44 u0 com.excelliance.dualaid/com.excelliance.kxqp.swipe.NavActivity2 t21032}}}
06-15 11:25:24.602 V/WindowManager( 1685): reevaluateVisibility focusApp:AppWindowToken{37ee462 token=Token{fffb72d ActivityRecord{f063a44 u0 com.excelliance.dualaid/com.excelliance.kxqp.swipe.NavActivity2 t21032}}}
06-15 11:25:24.603 D/ActivityManager( 1685): back_key destroy activity: com.excelliance.dualaid top activity: com.excelliance.dualaid
06-15 11:25:24.604 D/elsa    ( 1685): app is ProcessRecord{5532122 3319:com.oppo.launcher/u0a17}, isInBlackList is false, isNeedSetProcessGroup is true
06-15 11:25:24.613 V/WindowManager( 1685): reevaluateVisibility focusApp:AppWindowToken{37ee462 token=Token{fffb72d ActivityRecord{f063a44 u0 com.excelliance.dualaid/com.excelliance.kxqp.swipe.NavActivity2 t21032}}}
06-15 11:25:24.978 V/WindowManager( 1685): reevaluateVisibility focusApp:AppWindowToken{37ee462 token=Token{fffb72d ActivityRecord{f063a44 u0 com.excelliance.dualaid/com.excelliance.kxqp.swipe.NavActivity2 t21032}}}
06-15 11:25:25.947 I/ActivityManager( 1685): Force stopping com.excelliance.dualaid appid=11061 user=0: clear data
06-15 11:25:25.948 I/ActivityManager( 1685): Killing 32487:com.excelliance.dualaid:olle/u0a1061 (adj 0): stop com.excelliance.dualaid
06-15 11:25:25.948 D/ActivityManager( 1685): cleanUpApplicationRecord -- 32487
06-15 11:25:25.949 W/ActivityManager( 1685): Force removing ActivityRecord{f063a44 u0 com.excelliance.dualaid/com.excelliance.kxqp.swipe.NavActivity2 t21032}: app died, no saved state
06-15 11:25:25.950 V/WindowManager( 1685): Changing focus from Window{1e2046b u0 com.excelliance.dualaid/com.excelliance.kxqp.swipe.NavActivity2} to null
06-15 11:25:25.964 W/WindowManager( 1685): Skip focus check for application before nougat.
06-15 11:25:25.964 I/WindowManager( 1685): finishPostLayoutPolicyLw (statusbar != null ) true topIsFullscreen false top = null
06-15 11:25:25.964 I/StatusBarManagerService( 1685):  topIsFullscreen fullscreen false
06-15 11:25:25.990 D/elsa    ( 1685): app is ProcessRecord{5532122 3319:com.oppo.launcher/u0a17}, isInBlackList is false, isNeedSetProcessGroup is true
06-15 11:25:25.997 I/ActivityManager( 1685): Killing 32517:com.excelliance.dualaid/u0a1061 (adj 0): stop com.excelliance.dualaid
06-15 11:25:25.998 D/ActivityManager( 1685): cleanUpApplicationRecord -- 32517
06-15 11:25:25.999 I/ActivityManager( 1685):   Force stopping service ServiceRecord{24eb6b0 u0 com.excelliance.dualaid/com.excelliance.kxqp.SmtServService}
06-15 11:25:26.012 V/WindowManager( 1685): reevaluateVisibility focusApp:AppWindowToken{10b39e0 token=Token{b3e5b9d ActivityRecord{19ba247 u0 com.oppo.launcher/.Launcher t2604}}}
06-15 11:25:26.017 I/ActivityManager( 1685): Force stopping com.excelliance.dualaid appid=11061 user=-1: clearApplicationUserData
06-15 11:25:26.020 V/WindowManager( 1685): Changing focus from null to Window{1410897 u0 com.oppo.launcher/com.oppo.launcher.Launcher}
06-15 11:25:26.023 V/WindowManager( 1685): reevaluateVisibility focusApp:AppWindowToken{10b39e0 token=Token{b3e5b9d ActivityRecord{19ba247 u0 com.oppo.launcher/.Launcher t2604}}}
06-15 11:25:26.057 V/WindowManager( 1685): reevaluateVisibility focusApp:AppWindowToken{10b39e0 token=Token{b3e5b9d ActivityRecord{19ba247 u0 com.oppo.launcher/.Launcher t2604}}}
06-15 11:25:26.058 V/WindowManager( 1685): reevaluateVisibility focusApp:AppWindowToken{10b39e0 token=Token{b3e5b9d ActivityRecord{19ba247 u0 com.oppo.launcher/.Launcher t2604}}}
06-15 11:25:26.061 V/WindowManager( 1685): reevaluateVisibility focusApp:AppWindowToken{10b39e0 token=Token{b3e5b9d ActivityRecord{19ba247 u0 com.oppo.launcher/.Launcher t2604}}}
06-15 11:25:26.063 V/WindowManager( 1685): reevaluateVisibility focusApp:AppWindowToken{10b39e0 token=Token{b3e5b9d ActivityRecord{19ba247 u0 com.oppo.launcher/.Launcher t2604}}}
06-15 11:25:26.067 V/WindowManager( 1685): reevaluateVisibility focusApp:AppWindowToken{10b39e0 token=Token{b3e5b9d ActivityRecord{19ba247 u0 com.oppo.launcher/.Launcher t2604}}}
06-15 11:25:26.067 E/TaskPersister( 1685): File error accessing recents directory (directory doesn't exist?).
06-15 11:25:26.071 D/elsa    ( 1685): app is ProcessRecord{20b6023 20138:com.android.defcontainer/u0a5}, isInBlackList is false, isNeedSetProcessGroup is true
06-15 11:25:26.074 I/libprocessgroup( 1685): Killing pid 32557 in uid 11061 as part of process group 32517
06-15 11:25:26.077 V/WindowManager( 1685): reevaluateVisibility focusApp:AppWindowToken{10b39e0 token=Token{b3e5b9d ActivityRecord{19ba247 u0 com.oppo.launcher/.Launcher t2604}}}
06-15 11:25:26.083 I/libprocessgroup( 1685): Killing pid 32557 in uid 11061 as part of process group 32517
06-15 11:25:26.087 D/elsa    ( 1685): app is ProcessRecord{20b6023 20138:com.android.defcontainer/u0a5}, isInBlackList is false, isNeedSetProcessGroup is true
06-15 11:25:26.088 I/libprocessgroup( 1685): Killing pid 32557 in uid 11061 as part of process group 32517
06-15 11:25:26.094 I/libprocessgroup( 1685): Killing pid 32557 in uid 11061 as part of process group 32517
06-15 11:25:26.098 W/RemoteDisplayProvider( 1685): Ignoring remote display provider service because it does not have the CAPTURE_VIDEO_OUTPUT or CAPTURE_SECURE_VIDEO_OUTPUT permission: com.google.android.gms/com.google.android.gms.cast.media.CastRemoteDisplayProviderService
06-15 11:25:26.120 D/elsa    ( 1685): app is ProcessRecord{bffd3cd 20469:com.google.android.gms/u0a181}, isInBlackList is false, isNeedSetProcessGroup is true
06-15 11:25:26.122 D/elsa    ( 1685): app is ProcessRecord{bffd3cd 20469:com.google.android.gms/u0a181}, isInBlackList is false, isNeedSetProcessGroup is true
06-15 11:25:26.130 I/ActivityManager( 1685): Killing 31730:com.coloros.speechassist/u0a75 (adj 906): empty #17
06-15 11:25:26.141 D/ActivityManager( 1685): cleanUpApplicationRecord -- 31730
06-15 11:25:26.279 V/WindowManager( 1685): reevaluateVisibility focusApp:AppWindowToken{10b39e0 token=Token{b3e5b9d ActivityRecord{19ba247 u0 com.oppo.launcher/.Launcher t2604}}}
06-15 11:25:26.280 V/WindowManager( 1685): reevaluateVisibility focusApp:AppWindowToken{10b39e0 token=Token{b3e5b9d ActivityRecord{19ba247 u0 com.oppo.launcher/.Launcher t2604}}}
06-15 11:25:26.328 V/WindowManager( 1685): reevaluateVisibility focusApp:AppWindowToken{10b39e0 token=Token{b3e5b9d ActivityRecord{19ba247 u0 com.oppo.launcher/.Launcher t2604}}}
--------- beginning of main
06-15 11:25:27.367 D/TrafficStatsHelper( 6003): ifaceNames[0]:lo
06-15 11:25:27.367 D/TrafficStatsHelper( 6003): ifaceNames[1]:tun0
06-15 11:25:27.367 D/TrafficStatsHelper( 6003): ifaceNames[2]:wlan0
06-15 11:25:27.367 D/TrafficStatsHelper( 6003): ifaceNames[3]:dummy0
06-15 11:25:27.367 D/TrafficStatsHelper( 6003): ifaceNames[4]:rmnet_data0
06-15 11:25:27.367 D/TrafficStatsHelper( 6003): transmitted_validWifiData.get(0) = wlan0
06-15 11:25:27.654 D/AndroidRuntime(32724): >>>>>> START com.android.internal.os.RuntimeInit uid 2000 <<<<<<
06-15 11:25:27.657 D/AndroidRuntime(32724): CheckJNI is OFF
06-15 11:25:27.744 D/ICU     (32724): No timezone override file found: /data/misc/zoneinfo/current/icu/icu_tzdata.dat
06-15 11:25:27.761 I/Radio-JNI(32724): register_android_hardware_Radio DONE
06-15 11:25:27.776 D/AndroidRuntime(32724): Calling main entry com.android.commands.am.Am
06-15 11:25:27.780 E/ANDR-PERF-MPCTL(  587): invalid request, no optimizations performed
06-15 11:25:27.780 I/ActivityManager( 1685): START u0 {act=android.intent.action.MAIN cat=[android.intent.category.LAUNCHER] flg=0x10000000 cmp=com.excelliance.dualaid/com.excelliance.kxqp.ui.HelloActivity} from uid 2000 and from pid 32724 on display 0
06-15 11:25:27.784 D/ActivityTrigger( 1685): activityStartTrigger: Activity is Triggerred in full screen ApplicationInfo{c207ffe com.excelliance.dualaid}
06-15 11:25:27.784 E/ActivityTrigger( 1685): activityStartTrigger: not whiteListedcom.excelliance.dualaid/com.excelliance.kxqp.ui.HelloActivity/466
06-15 11:25:27.785 V/WindowManager( 1685): Changing focus from Window{1410897 u0 com.oppo.launcher/com.oppo.launcher.Launcher} to null
06-15 11:25:27.788 D/AndroidRuntime(32724): Shutting down VM
06-15 11:25:27.792 I/art     (32724): WaitForSignal ShouldHalt is true
06-15 11:25:27.793 I/art     (32724): SignalCatcher::Run ShouldHalt is true
06-15 11:25:27.801 I/ActivityManager( 1685): Start proc 32765:com.excelliance.dualaid:olle/u0a1061 for activity com.excelliance.dualaid/com.excelliance.kxqp.ui.HelloActivity
06-15 11:25:27.803 D/elsa    ( 1685): app is ProcessRecord{5532122 3319:com.oppo.launcher/u0a17}, isInBlackList is false, isNeedSetProcessGroup is true
06-15 11:25:27.814 D/elsa    ( 1685): app is ProcessRecord{e6ec1c3 32765:com.excelliance.dualaid:olle/u0a1061}, isInBlackList is false, isNeedSetProcessGroup is true
06-15 11:25:27.836 W/ContextImpl(32765): Failed to ensure /data/user/0/com.excelliance.dualaid/cache: chown failed: EPERM (Operation not permitted)
06-15 11:25:27.837 E/ContextImpl(32765): ensurePrivateDirExists xattr: user.inode_cache value :[B@9a2940d
06-15 11:25:27.837 W/ContextImpl(32765): Failed to ensure /data/user_de/0/com.excelliance.dualaid/code_cache: chown failed: EPERM (Operation not permitted)
06-15 11:25:27.837 E/ContextImpl(32765): ensurePrivateDirExists xattr: user.inode_code_cache value :[B@2632fc2
06-15 11:25:27.840 D/KXQPApplication(32765): run: initUserManager
06-15 11:25:27.841 D/CrashHandler(32765): CrashHandler
06-15 11:25:27.852 D/HelloActivity(32765): Memory:35697M
06-15 11:25:27.853 D/HelloActivity(32765): onCreate: true
06-15 11:25:27.855 D/HelloActivity(32765): is code boot
06-15 11:25:27.858 D/HelloActivity(32765): mIsNav = false
06-15 11:25:27.871 D/HelloActivity(32765): defDisplayStyle:5
06-15 11:25:27.879 D/HttpUtils(32765): getDownloadMode()
06-15 11:25:27.879 D/NetUtils(32765): init inited = true
06-15 11:25:27.880 D/HelloActivity(32765): enter Nav2
06-15 11:25:27.882 D/NetworkSecurityConfig(32765): No Network Security Config specified, using platform default
06-15 11:25:27.882 I/DpmTcmClient(32765): RegisterTcmMonitor from: com.android.okhttp.TcmIdleTimerMonitor
06-15 11:25:27.884 E/ANDR-PERF-MPCTL(  587): invalid request, no optimizations performed
06-15 11:25:27.884 I/ActivityManager( 1685): START u0 {pkg=com.excelliance.dualaid cmp=com.excelliance.dualaid/com.excelliance.kxqp.swipe.NavActivity2 (has extras)} from uid 11061 and from pid 32765 on display 0
06-15 11:25:27.885 I/System.out(32765): Not need to boost!
06-15 11:25:27.887 D/ActivityTrigger( 1685): activityStartTrigger: Activity is Triggerred in full screen ApplicationInfo{c207ffe com.excelliance.dualaid}
06-15 11:25:27.887 E/ActivityTrigger( 1685): activityStartTrigger: not whiteListedcom.excelliance.dualaid/com.excelliance.kxqp.swipe.NavActivity2/466
06-15 11:25:27.888 D/libc-netbsd(32765): [getaddrinfo]:  hostname=mto.multiopen.cn;  servname=(null);  app_pid=32765;  app_uid=11061;  ai_flags=1024;  ai_family=0; ai_socktype=1 from prox result 0
06-15 11:25:27.906 I/ActivityManager( 1685): Start proc 405:com.excelliance.dualaid/u0a1061 for service com.excelliance.dualaid/com.excelliance.kxqp.SmtServService
06-15 11:25:27.940 D/NavActivity2(32765): onCreate
06-15 11:25:27.942 W/X509TrustManager(32765): checkServerTrusted: SignatureException:null
06-15 11:25:27.943 W/X509TrustManager(32765): checkServerTrusted: SignatureException:error:04000070:RSA routines:OPENSSL_internal:DATA_TOO_LARGE_FOR_MODULUS
06-15 11:25:27.961 E/test    (32765): hw notch screen flag api error
06-15 11:25:27.967 E/test    (32765): hasNotchInScreen ClassNotFoundException
06-15 11:25:27.967 E/ViewUtils(32765): setBgColor: view==null:top
06-15 11:25:27.975 V/ViewRootImpl(32765): enableLogLight: enable = false
06-15 11:25:27.985 V/WindowManager( 1685): reevaluateVisibility focusApp:AppWindowToken{c46d835 token=Token{1309a6c ActivityRecord{271b71f u0 com.excelliance.dualaid/com.excelliance.kxqp.swipe.NavActivity2 t21033}}}
06-15 11:25:27.996 D/HttpUtils(32765): getResponseCode():200
06-15 11:25:27.997 D/WHEG    (32765): {"status":"0","controls":"","skip":"0"}
06-15 11:25:28.073 I/art     (  405): Compiler allocated 6MB to compile boolean com.excelliance.kxqp.KXQPApplication.b(int)
06-15 11:25:28.084 D/MainActivity(32765): instantiateItem: 2	android.widget.RelativeLayout{2e87191 V.E...... ......I. 0,0-0,0}
06-15 11:25:28.085 D/MainActivity(32765): initPage3: 
06-15 11:25:28.093 V/WindowManager( 1685): Changing focus from null to Window{460c322 u0 com.excelliance.dualaid/com.excelliance.kxqp.swipe.NavActivity2}
06-15 11:25:28.097 I/Adreno  (32765): QUALCOMM build                   : 21e2e72, Ia8660bee96
06-15 11:25:28.097 I/Adreno  (32765): Build Date                       : 11/14/17
06-15 11:25:28.097 I/Adreno  (32765): OpenGL ES Shader Compiler Version: XE031.14.00.04
06-15 11:25:28.097 I/Adreno  (32765): Local Branch                     : 
06-15 11:25:28.097 I/Adreno  (32765): Remote Branch                    : 
06-15 11:25:28.097 I/Adreno  (32765): Remote Branch                    : 
06-15 11:25:28.097 I/Adreno  (32765): Reconstruct Branch               : 
06-15 11:25:28.098 I/Adreno  (32765): PFP: 0x005ff087, ME: 0x005ff063
06-15 11:25:28.101 I/OpenGLRenderer(32765): Initialized EGL, version 1.4
06-15 11:25:28.101 D/OpenGLRenderer(32765): Swap behavior 1
06-15 11:25:28.105 D/MainActivity(32765): run: initPage3
06-15 11:25:28.106 V/WindowManager( 1685): reevaluateVisibility focusApp:AppWindowToken{c46d835 token=Token{1309a6c ActivityRecord{271b71f u0 com.excelliance.dualaid/com.excelliance.kxqp.swipe.NavActivity2 t21033}}}
06-15 11:25:28.120 V/WindowManager( 1685): reevaluateVisibility focusApp:AppWindowToken{c46d835 token=Token{1309a6c ActivityRecord{271b71f u0 com.excelliance.dualaid/com.excelliance.kxqp.swipe.NavActivity2 t21033}}}
06-15 11:25:28.121 V/WindowManager( 1685): reevaluateVisibility focusApp:AppWindowToken{c46d835 token=Token{1309a6c ActivityRecord{271b71f u0 com.excelliance.dualaid/com.excelliance.kxqp.swipe.NavActivity2 t21033}}}
06-15 11:25:28.131 I/art     (  405): Do partial code cache collection, code=16KB, data=30KB
06-15 11:25:28.131 I/art     (  405): After code cache collection, code=16KB, data=30KB
06-15 11:25:28.131 I/art     (  405): Increasing code cache capacity to 128KB
06-15 11:25:28.186 V/MainActivity(32765): onWindowFocusChanged: true
06-15 11:25:28.189 I/WindowManager( 1685): finishPostLayoutPolicyLw (statusbar != null ) true topIsFullscreen true top = Window{460c322 u0 com.excelliance.dualaid/com.excelliance.kxqp.swipe.NavActivity2}
06-15 11:25:28.189 I/StatusBarManagerService( 1685):  topIsFullscreen fullscreen true
06-15 11:25:28.190 V/WindowManager( 1685): reevaluateVisibility focusApp:AppWindowToken{c46d835 token=Token{1309a6c ActivityRecord{271b71f u0 com.excelliance.dualaid/com.excelliance.kxqp.swipe.NavActivity2 t21033}}}
06-15 11:25:28.191 I/art     (  405): Do partial code cache collection, code=16KB, data=30KB
06-15 11:25:28.192 I/art     (  405): After code cache collection, code=16KB, data=30KB
06-15 11:25:28.192 I/art     (  405): Increasing code cache capacity to 256KB
06-15 11:25:28.192 I/ActivityManager( 1685): Displayed com.excelliance.dualaid/com.excelliance.kxqp.swipe.NavActivity2: +280ms (total +402ms)
06-15 11:25:28.192 V/WindowManager( 1685): reevaluateVisibility focusApp:AppWindowToken{c46d835 token=Token{1309a6c ActivityRecord{271b71f u0 com.excelliance.dualaid/com.excelliance.kxqp.swipe.NavActivity2 t21033}}}
06-15 11:25:28.193 V/WindowManager( 1685): reevaluateVisibility focusApp:AppWindowToken{c46d835 token=Token{1309a6c ActivityRecord{271b71f u0 com.excelliance.dualaid/com.excelliance.kxqp.swipe.NavActivity2 t21033}}}
06-15 11:25:28.194 I/art     (  405): Compiler allocated 6MB to compile boolean com.excelliance.kxqp.KXQPApplication.b(int)
06-15 11:25:28.208 E/OpenGLRenderer( 3319): hwui_debug::CanvasContext createSurface sur=0x0, isValid =0
06-15 11:25:28.210 D/ActivityManager( 1685): back_key destroy activity: com.excelliance.dualaid top activity: com.excelliance.dualaid
06-15 11:25:28.211 D/xx      (18534): onFinishInput: mIsInDockMode=false
06-15 11:25:28.213 D/xx      (18534): onStartInput: mIsInDockMode=false attribute==android.view.inputmethod.EditorInfo@9058503 restarting==false
06-15 11:25:28.213 V/WindowManager( 1685): reevaluateVisibility focusApp:AppWindowToken{c46d835 token=Token{1309a6c ActivityRecord{271b71f u0 com.excelliance.dualaid/com.excelliance.kxqp.swipe.NavActivity2 t21033}}}
06-15 11:25:28.216 D/elsa    ( 1685): app is ProcessRecord{5532122 3319:com.oppo.launcher/u0a17}, isInBlackList is false, isNeedSetProcessGroup is true
06-15 11:25:28.217 I/Launcher.LauncherTraceUtil( 3319): writeLauncherStateToFile. The mStateTrace is null!
06-15 11:25:28.250 I/art     (  405): Compiler allocated 6MB to compile boolean com.excelliance.kxqp.KXQPApplication.b(int)
06-15 11:25:28.294 W/art     (  405): oat_file_name = /data/user/0/com.excelliance.dualaid/.platformcache/main.dex, b = 1
06-15 11:25:28.322 I/dex2oat (  574): /system/bin/dex2oat --dex-file=/data/user/0/com.excelliance.dualaid/.platformcache/main.jar --oat-fd=44 --oat-location=/data/user/0/com.excelliance.dualaid/.platformcache/main.dex --compiler-filter=speed
06-15 11:25:28.569 V/WindowManager( 1685): reevaluateVisibility focusApp:AppWindowToken{c46d835 token=Token{1309a6c ActivityRecord{271b71f u0 com.excelliance.dualaid/com.excelliance.kxqp.swipe.NavActivity2 t21033}}}
06-15 11:25:29.379 W/dex2oat (  574): Compilation of java.util.List com.excelliance.kxqp.VersionManager.a(int, int, int, boolean) took 148.426ms
