--------- beginning of main
06-15 11:25:31.828 D/AndroidRuntime(  822): >>>>>> START com.android.internal.os.RuntimeInit uid 2000 <<<<<<
06-15 11:25:31.830 D/AndroidRuntime(  822): CheckJNI is OFF
06-15 11:25:31.914 D/ICU     (  822): No timezone override file found: /data/misc/zoneinfo/current/icu/icu_tzdata.dat
06-15 11:25:31.931 I/Radio-JNI(  822): register_android_hardware_Radio DONE
06-15 11:25:31.947 D/AndroidRuntime(  822): Calling main entry com.android.commands.am.Am
06-15 11:25:31.950 E/ANDR-PERF-MPCTL(  587): invalid request, no optimizations performed
--------- beginning of system
06-15 11:25:31.951 I/ActivityManager( 1685): START u0 {act=android.intent.action.MAIN cat=[android.intent.category.LAUNCHER] flg=0x10000000 cmp=com.excelliance.dualaid/com.excelliance.kxqp.ui.HelloActivity} from uid 2000 and from pid 822 on display 0
06-15 11:25:31.954 D/ActivityTrigger( 1685): activityStartTrigger: Activity is Triggerred in full screen ApplicationInfo{c207ffe com.excelliance.dualaid}
06-15 11:25:31.954 E/ActivityTrigger( 1685): activityStartTrigger: not whiteListedcom.excelliance.dualaid/com.excelliance.kxqp.ui.HelloActivity/466
06-15 11:25:31.955 V/WindowManager( 1685): Changing focus from Window{1410897 u0 com.oppo.launcher/com.oppo.launcher.Launcher} to null
06-15 11:25:31.958 D/AndroidRuntime(  822): Shutting down VM
06-15 11:25:31.965 I/art     (  822): WaitForSignal ShouldHalt is true
06-15 11:25:31.965 I/art     (  822): SignalCatcher::Run ShouldHalt is true
06-15 11:25:31.970 I/ActivityManager( 1685): Start proc 876:com.excelliance.dualaid:olle/u0a1061 for activity com.excelliance.dualaid/com.excelliance.kxqp.ui.HelloActivity
06-15 11:25:31.973 D/elsa    ( 1685): app is ProcessRecord{5532122 3319:com.oppo.launcher/u0a17}, isInBlackList is false, isNeedSetProcessGroup is true
06-15 11:25:31.988 D/elsa    ( 1685): app is ProcessRecord{6d7c2e8 876:com.excelliance.dualaid:olle/u0a1061}, isInBlackList is false, isNeedSetProcessGroup is true
06-15 11:25:32.009 W/ContextImpl(  876): Failed to ensure /data/user/0/com.excelliance.dualaid/cache: chown failed: EPERM (Operation not permitted)
06-15 11:25:32.009 E/ContextImpl(  876): ensurePrivateDirExists xattr: user.inode_cache value :[B@9a2940d
06-15 11:25:32.010 W/ContextImpl(  876): Failed to ensure /data/user_de/0/com.excelliance.dualaid/code_cache: chown failed: EPERM (Operation not permitted)
06-15 11:25:32.010 E/ContextImpl(  876): ensurePrivateDirExists xattr: user.inode_code_cache value :[B@2632fc2
06-15 11:25:32.013 D/KXQPApplication(  876): run: initUserManager
06-15 11:25:32.014 D/CrashHandler(  876): CrashHandler
06-15 11:25:32.024 D/HelloActivity(  876): Memory:35697M
06-15 11:25:32.025 D/HelloActivity(  876): onCreate: true
06-15 11:25:32.027 D/HelloActivity(  876): is code boot
06-15 11:25:32.031 D/HelloActivity(  876): mIsNav = false
06-15 11:25:32.049 D/HelloActivity(  876): defDisplayStyle:5
06-15 11:25:32.057 D/HttpUtils(  876): getDownloadMode()
06-15 11:25:32.057 D/NetUtils(  876): init inited = true
06-15 11:25:32.058 D/HelloActivity(  876): enter Nav2
06-15 11:25:32.059 D/NetworkSecurityConfig(  876): No Network Security Config specified, using platform default
06-15 11:25:32.060 I/DpmTcmClient(  876): RegisterTcmMonitor from: com.android.okhttp.TcmIdleTimerMonitor
06-15 11:25:32.062 E/ANDR-PERF-MPCTL(  587): invalid request, no optimizations performed
06-15 11:25:32.062 I/System.out(  876): Not need to boost!
06-15 11:25:32.063 I/ActivityManager( 1685): START u0 {pkg=com.excelliance.dualaid cmp=com.excelliance.dualaid/com.excelliance.kxqp.swipe.NavActivity2 (has extras)} from uid 11061 and from pid 876 on display 0
06-15 11:25:32.065 D/libc-netbsd(  876): [getaddrinfo]:  hostname=mto.multiopen.cn;  servname=(null);  app_pid=876;  app_uid=11061;  ai_flags=1024;  ai_family=0; ai_socktype=1 from prox result 0
06-15 11:25:32.065 D/ActivityTrigger( 1685): activityStartTrigger: Activity is Triggerred in full screen ApplicationInfo{c207ffe com.excelliance.dualaid}
06-15 11:25:32.065 E/ActivityTrigger( 1685): activityStartTrigger: not whiteListedcom.excelliance.dualaid/com.excelliance.kxqp.swipe.NavActivity2/466
06-15 11:25:32.084 I/ActivityManager( 1685): Start proc 919:com.excelliance.dualaid/u0a1061 for service com.excelliance.dualaid/com.excelliance.kxqp.SmtServService
06-15 11:25:32.106 W/X509TrustManager(  876): checkServerTrusted: SignatureException:null
06-15 11:25:32.106 W/X509TrustManager(  876): checkServerTrusted: SignatureException:error:04000070:RSA routines:OPENSSL_internal:DATA_TOO_LARGE_FOR_MODULUS
06-15 11:25:32.120 D/NavActivity2(  876): onCreate
06-15 11:25:32.140 E/test    (  876): hw notch screen flag api error
06-15 11:25:32.146 E/test    (  876): hasNotchInScreen ClassNotFoundException
06-15 11:25:32.147 E/ViewUtils(  876): setBgColor: view==null:top
06-15 11:25:32.154 V/ViewRootImpl(  876): enableLogLight: enable = false
06-15 11:25:32.165 V/WindowManager( 1685): reevaluateVisibility focusApp:AppWindowToken{4988832 token=Token{9cd483d ActivityRecord{5da2594 u0 com.excelliance.dualaid/com.excelliance.kxqp.swipe.NavActivity2 t21034}}}
06-15 11:25:32.168 D/HttpUtils(  876): getResponseCode():200
06-15 11:25:32.170 D/WHEG    (  876): {"status":"0","controls":"","skip":"0"}
06-15 11:25:32.263 I/art     (  919): Compiler allocated 6MB to compile boolean com.excelliance.kxqp.KXQPApplication.b(int)
06-15 11:25:32.271 D/MainActivity(  876): instantiateItem: 2	android.widget.RelativeLayout{2e87191 V.E...... ......I. 0,0-0,0}
06-15 11:25:32.272 D/MainActivity(  876): initPage3: 
06-15 11:25:32.283 V/WindowManager( 1685): Changing focus from null to Window{9e885fb u0 com.excelliance.dualaid/com.excelliance.kxqp.swipe.NavActivity2}
06-15 11:25:32.287 I/Adreno  (  876): QUALCOMM build                   : 21e2e72, Ia8660bee96
06-15 11:25:32.287 I/Adreno  (  876): Build Date                       : 11/14/17
06-15 11:25:32.287 I/Adreno  (  876): OpenGL ES Shader Compiler Version: XE031.14.00.04
06-15 11:25:32.287 I/Adreno  (  876): Local Branch                     : 
06-15 11:25:32.287 I/Adreno  (  876): Remote Branch                    : 
06-15 11:25:32.287 I/Adreno  (  876): Remote Branch                    : 
06-15 11:25:32.287 I/Adreno  (  876): Reconstruct Branch               : 
06-15 11:25:32.288 V/WindowManager( 1685): reevaluateVisibility focusApp:AppWindowToken{4988832 token=Token{9cd483d ActivityRecord{5da2594 u0 com.excelliance.dualaid/com.excelliance.kxqp.swipe.NavActivity2 t21034}}}
06-15 11:25:32.289 I/Adreno  (  876): PFP: 0x005ff087, ME: 0x005ff063
06-15 11:25:32.290 I/OpenGLRenderer(  876): Initialized EGL, version 1.4
06-15 11:25:32.290 D/OpenGLRenderer(  876): Swap behavior 1
06-15 11:25:32.297 D/MainActivity(  876): run: initPage3
06-15 11:25:32.298 V/MainActivity(  876): onWindowFocusChanged: true
06-15 11:25:32.315 D/xx      (18534): onFinishInput: mIsInDockMode=false
06-15 11:25:32.317 V/WindowManager( 1685): reevaluateVisibility focusApp:AppWindowToken{4988832 token=Token{9cd483d ActivityRecord{5da2594 u0 com.excelliance.dualaid/com.excelliance.kxqp.swipe.NavActivity2 t21034}}}
06-15 11:25:32.318 D/xx      (18534): onStartInput: mIsInDockMode=false attribute==android.view.inputmethod.EditorInfo@18f7c29 restarting==false
06-15 11:25:32.318 V/WindowManager( 1685): reevaluateVisibility focusApp:AppWindowToken{4988832 token=Token{9cd483d ActivityRecord{5da2594 u0 com.excelliance.dualaid/com.excelliance.kxqp.swipe.NavActivity2 t21034}}}
06-15 11:25:32.323 I/art     (  919): Do partial code cache collection, code=16KB, data=30KB
06-15 11:25:32.323 I/art     (  919): After code cache collection, code=16KB, data=30KB
06-15 11:25:32.323 I/art     (  919): Increasing code cache capacity to 128KB
06-15 11:25:32.388 I/WindowManager( 1685): finishPostLayoutPolicyLw (statusbar != null ) true topIsFullscreen true top = Window{9e885fb u0 com.excelliance.dualaid/com.excelliance.kxqp.swipe.NavActivity2}
06-15 11:25:32.388 I/StatusBarManagerService( 1685):  topIsFullscreen fullscreen true
06-15 11:25:32.389 I/art     (  919): Do partial code cache collection, code=16KB, data=30KB
06-15 11:25:32.389 I/art     (  919): After code cache collection, code=16KB, data=30KB
06-15 11:25:32.389 I/art     (  919): Increasing code cache capacity to 256KB
06-15 11:25:32.390 V/WindowManager( 1685): reevaluateVisibility focusApp:AppWindowToken{4988832 token=Token{9cd483d ActivityRecord{5da2594 u0 com.excelliance.dualaid/com.excelliance.kxqp.swipe.NavActivity2 t21034}}}
06-15 11:25:32.390 I/ActivityManager( 1685): Displayed com.excelliance.dualaid/com.excelliance.kxqp.swipe.NavActivity2: +301ms (total +431ms)
06-15 11:25:32.391 D/ActivityManager( 1685): back_key destroy activity: com.excelliance.dualaid top activity: com.excelliance.dualaid
06-15 11:25:32.391 I/art     (  919): Compiler allocated 6MB to compile boolean com.excelliance.kxqp.KXQPApplication.b(int)
06-15 11:25:32.393 D/elsa    ( 1685): app is ProcessRecord{5532122 3319:com.oppo.launcher/u0a17}, isInBlackList is false, isNeedSetProcessGroup is true
06-15 11:25:32.395 V/WindowManager( 1685): reevaluateVisibility focusApp:AppWindowToken{4988832 token=Token{9cd483d ActivityRecord{5da2594 u0 com.excelliance.dualaid/com.excelliance.kxqp.swipe.NavActivity2 t21034}}}
06-15 11:25:32.397 V/WindowManager( 1685): reevaluateVisibility focusApp:AppWindowToken{4988832 token=Token{9cd483d ActivityRecord{5da2594 u0 com.excelliance.dualaid/com.excelliance.kxqp.swipe.NavActivity2 t21034}}}
06-15 11:25:32.399 E/OpenGLRenderer( 3319): hwui_debug::CanvasContext createSurface sur=0x0, isValid =0
06-15 11:25:32.410 V/WindowManager( 1685): reevaluateVisibility focusApp:AppWindowToken{4988832 token=Token{9cd483d ActivityRecord{5da2594 u0 com.excelliance.dualaid/com.excelliance.kxqp.swipe.NavActivity2 t21034}}}
06-15 11:25:32.411 I/Launcher.LauncherTraceUtil( 3319): writeLauncherStateToFile. The mStateTrace is null!
06-15 11:25:32.448 I/art     (  919): Compiler allocated 6MB to compile boolean com.excelliance.kxqp.KXQPApplication.b(int)
06-15 11:25:32.496 W/art     (  919): oat_file_name = /data/user/0/com.excelliance.dualaid/.platformcache/main.dex, b = 1
06-15 11:25:32.524 I/dex2oat ( 1015): /system/bin/dex2oat --dex-file=/data/user/0/com.excelliance.dualaid/.platformcache/main.jar --oat-fd=44 --oat-location=/data/user/0/com.excelliance.dualaid/.platformcache/main.dex --compiler-filter=speed
06-15 11:25:32.767 V/WindowManager( 1685): reevaluateVisibility focusApp:AppWindowToken{4988832 token=Token{9cd483d ActivityRecord{5da2594 u0 com.excelliance.dualaid/com.excelliance.kxqp.swipe.NavActivity2 t21034}}}
06-15 11:25:33.612 W/dex2oat ( 1015): Compilation of java.util.List com.excelliance.kxqp.VersionManager.a(int, int, int, boolean) took 124.200ms
