06-15 11:24:08.810 D/PayUtil (30932): sRid = 
06-15 11:24:08.811 D/PayUtil (30932): no pay dex...
06-15 11:24:08.812 D/PayUtil (30932): sRid = 
06-15 11:24:08.816 D/PayUtil (30932): no pay dex...
06-15 11:24:08.817 D/PayUtil (30932): sRid = 
06-15 11:24:08.824 D/PlatSdk (30932): current = 0
06-15 11:24:08.825 D/GameUtil(30932): start ...
06-15 11:24:08.825 D/GameUtil(30932): end ...
06-15 11:24:08.851 I/OppoConvertIcon(30932): maskBitmap -- mIconBackground == null
06-15 11:24:08.867 I/OppoConvertIcon(30932): maskBitmap -- mIconBackground == null
06-15 11:24:08.883 I/OppoConvertIcon(30932): maskBitmap -- mIconBackground == null
06-15 11:24:08.900 I/OppoConvertIcon(30932): maskBitmap -- mIconBackground == null
06-15 11:24:08.912 I/OppoConvertIcon(30932): maskBitmap -- mIconBackground == null
06-15 11:24:08.926 I/OppoConvertIcon(30932): maskBitmap -- mIconBackground == null
06-15 11:24:08.969 I/OppoConvertIcon(30932): maskBitmap -- mIconBackground == null
06-15 11:24:08.987 I/OppoConvertIcon(30932): maskBitmap -- mIconBackground == null
06-15 11:24:09.002 I/OppoConvertIcon(30932): maskBitmap -- mIconBackground == null
06-15 11:24:09.027 I/OppoConvertIcon(30932): maskBitmap -- mIconBackground == null
06-15 11:24:09.040 I/OppoConvertIcon(30932): maskBitmap -- mIconBackground == null
06-15 11:24:09.079 I/OppoConvertIcon(30932): maskBitmap -- mIconBackground == null
06-15 11:24:09.094 I/OppoConvertIcon(30932): maskBitmap -- mIconBackground == null
06-15 11:24:09.173 I/OppoConvertIcon(30932): maskBitmap -- mIconBackground == null
06-15 11:24:09.187 I/OppoConvertIcon(30932): maskBitmap -- mIconBackground == null
06-15 11:24:09.203 I/OppoConvertIcon(30932): maskBitmap -- mIconBackground == null
06-15 11:24:09.216 I/OppoConvertIcon(30932): maskBitmap -- mIconBackground == null
06-15 11:24:09.232 I/OppoConvertIcon(30932): maskBitmap -- mIconBackground == null
06-15 11:24:09.255 D/MainFragment(30932): rid = ,initStreamAd close = true
06-15 11:24:09.255 D/PayUtil (30932): sRid = 
06-15 11:24:09.257 D/PayUtil (30932): no pay dex...
06-15 11:24:09.259 V/ChannelManager(30932): initChannelDao
06-15 11:24:09.316 D/MainFragment(30932): pull ActivityIcon config is empty true
06-15 11:24:09.316 D/VersionManager(30932): pullActivityIconConfitg
06-15 11:24:09.317 D/VersionManager(30932): network = true
06-15 11:24:09.339 D/VersionManager(30932): activityIconUrl = https://folder.appota.cn/icon_activitynew.php?vc=466&vn=4.0.6&chid=10022&subchid=1&imei=866015035972513&imsi=460011700517873&lang=zh_CN&uid=16063842&isVip=false&type=20&pkg=com.excelliance.dualaid&api=25&release=7.1.1&newuser=1&abTest=0&issl=1, callBack = com.excelliance.kxqp.ui.k$45@a4aaaf2
06-15 11:24:09.339 E/MainFragment(30932): firstStart
06-15 11:24:09.341 E/test    (30932): hasNotchInScreen ClassNotFoundException
06-15 11:24:09.341 D/MainFragment(30932): statusHeight = 54
06-15 11:24:09.341 D/MainFragment(30932): clearFullScreen
06-15 11:24:09.345 D/MainFragment(30932): onStart
06-15 11:24:09.345 D/MainFragment(30932): STREAM_AD_LAST_LOCATION = 0, statusHeight = 54
06-15 11:24:09.345 D/MainFragment(30932): onStart STREAM_AD_LAST_LOCATION
06-15 11:24:09.350 D/KXQPApplication(30932): onActivityStarted: com.excelliance.kxqp.ui.MainActivity@eb84bda	
06-15 11:24:09.352 D/MainActivity(30932): onResume
06-15 11:24:09.353 D/MainActivity(30932): umengtj_switch:_0
06-15 11:24:09.353 D/MainActivity(30932): onResume Umengtj is false
06-15 11:24:09.354 D/MainFragment(30932): has_data_move = false, gridViewContainer = com.excelliance.kxqp.ui.multiple.GridviewContainerLayout{b0cb543 V.E...... ......I. 0,0-0,0 #7f0c0334 app:id/layout_container}
06-15 11:24:09.357 D/PayUtil (30932): sRid = 
06-15 11:24:09.358 D/MainFragment(30932): onResume
06-15 11:24:09.377 D/MainFragment(30932): onResume1
06-15 11:24:09.377 V/MainFragment(30932): resume isFromCreate>>>true,needInterceptBackKey>>>false,isHomeKeyEvent>>>false
06-15 11:24:09.378 D/PlatSdk (30932): current = 0
06-15 11:24:09.379 D/y       (30932): 41:[0]
06-15 11:24:09.385 D/y       (30932): 20:null
06-15 11:24:09.387 V/ViewRootImpl(30932): enableLogLight: enable = false
06-15 11:24:09.408 D/StatisticsToServer(30932): enter::::{"vc":324,"vn":"2.6.2","chid":10022,"subchid":1,"uid":"16063842","mcnt":1}
06-15 11:24:09.408 E/StatisticsToServer(30932): url=https://mto.multiopen.cn/adstatis.php?cmd=101&data=eyJ2YyI6MzI0LCJ2biI6IjIuNi4yIiwiY2hpZCI6MTAwMjIsInN1YmNoaWQiOjEsInVpZCI6IjE2%0AMDYzODQyIiwibWNudCI6MX0%3D%0A
06-15 11:24:09.408 D/StatisticsToServer(30932): show::::[]
06-15 11:24:09.409 E/StatisticsToServer(30932): url=https://mto.multiopen.cn/adstatis.php?cmd=3&data=eyJ2YyI6MzI0LCJ2biI6IjIuNi4yIiwiY2hpZCI6MTAwMjIsInN1YmNoaWQiOjEsInVpZCI6IjE2%0AMDYzODQyIiwiZHQiOiJbXSJ9%0A
06-15 11:24:09.409 D/StatisticsToServer(30932): click::::[]
06-15 11:24:09.409 E/StatisticsToServer(30932): url=https://mto.multiopen.cn/adstatis.php?cmd=1&data=eyJ2YyI6MzI0LCJ2biI6IjIuNi4yIiwiY2hpZCI6MTAwMjIsInN1YmNoaWQiOjEsInVpZCI6IjE2%0AMDYzODQyIiwiZHQiOiJbXSJ9%0A
06-15 11:24:09.409 D/StatisticsToServer(30932): get::::[]
06-15 11:24:09.409 E/StatisticsToServer(30932): url=https://mto.multiopen.cn/adstatis.php?cmd=4&data=eyJ2YyI6MzI0LCJ2biI6IjIuNi4yIiwiY2hpZCI6MTAwMjIsInN1YmNoaWQiOjEsInVpZCI6IjE2%0AMDYzODQyIiwiZHQiOiJbXSJ9%0A
06-15 11:24:09.409 D/StatisticsToServer(30932): getSuccess::::[]
06-15 11:24:09.409 E/StatisticsToServer(30932): url=https://mto.multiopen.cn/adstatis.php?cmd=5&data=eyJ2YyI6MzI0LCJ2biI6IjIuNi4yIiwiY2hpZCI6MTAwMjIsInN1YmNoaWQiOjEsInVpZCI6IjE2%0AMDYzODQyIiwiZHQiOiJbXSJ9%0A
06-15 11:24:09.410 D/VersionManager(30932): httpsRequest getURL = https://mto.multiopen.cn/adstatis.php?cmd=101&data=eyJ2YyI6MzI0LCJ2biI6IjIuNi4yIiwiY2hpZCI6MTAwMjIsInN1YmNoaWQiOjEsInVpZCI6IjE2%0AMDYzODQyIiwibWNudCI6MX0%3D%0A
06-15 11:24:09.410 D/MainFragment(30932): handleMessage msg.what:20
06-15 11:24:09.410 D/PayUtil (30932): sRid = 
06-15 11:24:09.411 D/PayUtil (30932): no pay dex...
06-15 11:24:09.412 D/libc-netbsd(30932): [getaddrinfo]:  hostname=mto.multiopen.cn;  servname=(null);  app_pid=30932;  app_uid=11060;  ai_flags=1024;  ai_family=0; ai_socktype=1 from prox result 0
06-15 11:24:09.413 D/PayUtil (30932): sRid = 
06-15 11:24:09.414 D/PayUtil (30932): no pay dex...
06-15 11:24:09.415 D/MainFragment(30932): handleMessage final msg.what:20, take:5
06-15 11:24:09.415 D/MainFragment(30932): handleMessage msg.what:6
06-15 11:24:09.416 V/WindowManager( 1685): reevaluateVisibility focusApp:AppWindowToken{67d1571 token=Token{b28d718 ActivityRecord{15f8afb u0 com.excelliance.dualaid/com.excelliance.kxqp.ui.MainActivity t21028}}}
06-15 11:24:09.425 D/MainFragment(30932): handleMessage final msg.what:6, take:10
06-15 11:24:09.426 D/SmtServService(30932): onStartCommand: add class com.excelliance.kxqp.ui.MainActivity
06-15 11:24:09.426 D/MainFragment(30932): handleMessage msg.what:14
06-15 11:24:09.427 D/libc-netbsd(30932): [getaddrinfo]:  hostname=folder.appota.cn;  servname=(null);  app_pid=30932;  app_uid=11060;  ai_flags=1024;  ai_family=0; ai_socktype=1 from prox result 0
06-15 11:24:09.428 D/MainFragment(30932): handleMessage final msg.what:14, take:2
06-15 11:24:09.428 D/MainFragment(30932): handleMessage msg.what:46
06-15 11:24:09.429 D/MainFragment(30932): handleMessage final msg.what:46, take:1
06-15 11:24:09.429 I/Choreographer(30932): Skipped 1 frames!  The application may be doing too much work on its main thread.
06-15 11:24:09.441 V/WindowManager( 1685): Changing focus from null to Window{a656fea u0 com.excelliance.dualaid/com.excelliance.kxqp.ui.MainActivity}
06-15 11:24:09.450 V/WindowManager( 1685): reevaluateVisibility focusApp:AppWindowToken{67d1571 token=Token{b28d718 ActivityRecord{15f8afb u0 com.excelliance.dualaid/com.excelliance.kxqp.ui.MainActivity t21028}}}
06-15 11:24:09.451 I/Adreno  (30932): QUALCOMM build                   : 21e2e72, Ia8660bee96
06-15 11:24:09.451 I/Adreno  (30932): Build Date                       : 11/14/17
06-15 11:24:09.451 I/Adreno  (30932): OpenGL ES Shader Compiler Version: XE031.14.00.04
06-15 11:24:09.451 I/Adreno  (30932): Local Branch                     : 
06-15 11:24:09.451 I/Adreno  (30932): Remote Branch                    : 
06-15 11:24:09.451 I/Adreno  (30932): Remote Branch                    : 
06-15 11:24:09.451 I/Adreno  (30932): Reconstruct Branch               : 
06-15 11:24:09.452 I/Adreno  (30932): PFP: 0x005ff087, ME: 0x005ff063
06-15 11:24:09.454 I/OpenGLRenderer(30932): Initialized EGL, version 1.4
06-15 11:24:09.454 D/OpenGLRenderer(30932): Swap behavior 1
06-15 11:24:09.457 W/X509TrustManager(30932): checkServerTrusted: SignatureException:null
06-15 11:24:09.457 W/X509TrustManager(30932): checkServerTrusted: SignatureException:error:04000070:RSA routines:OPENSSL_internal:DATA_TOO_LARGE_FOR_MODULUS
06-15 11:24:09.458 W/X509TrustManager(30932): checkServerTrusted: SignatureException:null
06-15 11:24:09.458 W/X509TrustManager(30932): checkServerTrusted: SignatureException:error:04000070:RSA routines:OPENSSL_internal:DATA_TOO_LARGE_FOR_MODULUS
06-15 11:24:09.459 D/MainFragment(30932): handleMessage msg.what:36
06-15 11:24:09.460 D/MainFragment(30932): handleMessage final msg.what:36, take:1
06-15 11:24:09.460 D/MainFragment(30932): MSG_FETCH_ADS initFactory
06-15 11:24:09.460 V/AdManager(30932): InitFactory.b_total:0
06-15 11:24:09.460 V/AdManager(30932): integers_sp:[]
06-15 11:24:09.461 D/InitFactory(30932): getFactoryByType:_-1
06-15 11:24:09.461 V/FactoryData(30932): ads:null
06-15 11:24:09.461 D/InitFactory(30932): type:_-1
06-15 11:24:09.461 D/MainFragment(30932): MSG_FETCH_ADS initFactory final
06-15 11:24:09.461 D/MainFragment(30932): first_pop_dialog......false
06-15 11:24:09.462 D/PayUtil (30932): sRid = 
06-15 11:24:09.463 D/PayUtil (30932): sRid = 
06-15 11:24:09.464 D/PayUtil (30932): sRid = 
06-15 11:24:09.467 D/MainFragment(30932): openStreamFromMoreSetting = false
06-15 11:24:09.467 D/MainActivity(30932): isLoaded:false
06-15 11:24:09.469 E/Reflecting  getMessage(30932): com.alipay.sdk.app.PayTask 
06-15 11:24:09.469 E/Reflecting   getLocalizedMessage(30932): com.alipay.sdk.app.PayTask 
06-15 11:24:09.469 D/Reflecting(30932): com.alipay.sdk.app.PayTask
06-15 11:24:09.471 V/InitialData(30932): capitalize:Pay
06-15 11:24:09.471 V/GameUtil(30932): getCurrentVersionByKey : pay	current_pay_version	PayVersion
06-15 11:24:09.472 V/GameUtil(30932): saveVersionToFileByKey  xml_key :pay  result:1
06-15 11:24:09.474 V/AppShortcutGridAdapter(30932):   parmInt:0 paramViewnull, type = 1
06-15 11:24:09.483 V/AppShortcutGridAdapter(30932):   parmInt:0 paramViewandroid.widget.LinearLayout{c30e97b V.E...... ......I. 0,0-0,0 #7f0c00ed app:id/root}, type = 1
06-15 11:24:09.486 V/GameUtil(30932): getCurrentVersionByKey  pay:1
06-15 11:24:09.486 D/xx      (18534): onFinishInput: mIsInDockMode=false
06-15 11:24:09.486 V/InitialData(30932): capitalize:Pay
06-15 11:24:09.486 V/AppShortcutGridAdapter(30932):   parmInt:1 paramViewnull, type = 1
06-15 11:24:09.487 D/lyl     (30932): file:pay.jar   pay.jar
06-15 11:24:09.487 D/lyl     (30932): file:pay.jar   pay.jar
06-15 11:24:09.488 D/xx      (18534): onStartInput: mIsInDockMode=false attribute==android.view.inputmethod.EditorInfo@e35d15e restarting==false
06-15 11:24:09.492 V/AppShortcutGridAdapter(30932):   parmInt:2 paramViewnull, type = 1
06-15 11:24:09.493 D/VersionManager(30932): httpsRequest getURL = https://mto.multiopen.cn/adstatis.php?cmd=3&data=eyJ2YyI6MzI0LCJ2biI6IjIuNi4yIiwiY2hpZCI6MTAwMjIsInN1YmNoaWQiOjEsInVpZCI6IjE2%0AMDYzODQyIiwiZHQiOiJbXSJ9%0A
06-15 11:24:09.497 V/InitialData(30932): payVersion:1    pay_version:1    current_pay_version:1
06-15 11:24:09.497 D/InitialData(30932): identifing = pay, jarPath = /data/data/com.excelliance.dualaid/.platformcache/pay.jar
06-15 11:24:09.497 D/InitialData(30932): mClassLoader = dalvik.system.PathClassLoader[DexPathList[[zip file "/data/app/com.excelliance.dualaid-1/base.apk"],nativeLibraryDirectories=[/data/app/com.excelliance.dualaid-1/lib/arm, /system/fake-libs, /data/app/com.excelliance.dualaid-1/base.apk!/lib/armeabi, /system/lib, /vendor/lib]]]
06-15 11:24:09.497 D/InitialData(30932): HackUtil = class com.excelliance.kxqp.pay.util.HackUtil
06-15 11:24:09.501 W/art     (30932): oat_file_name = /data/data/com.excelliance.dualaid/.platformcache/pay.dex, b = 1
06-15 11:24:09.512 E/TaskPersister( 1685): File error accessing recents directory (directory doesn't exist?).
06-15 11:24:09.513 D/MainFragment(30932): size = 0
06-15 11:24:09.527 W/X509TrustManager(30932): checkServerTrusted: SignatureException:null
06-15 11:24:09.527 W/X509TrustManager(30932): checkServerTrusted: SignatureException:error:04000070:RSA routines:OPENSSL_internal:DATA_TOO_LARGE_FOR_MODULUS
06-15 11:24:09.543 I/dex2oat (31284): /system/bin/dex2oat --dex-file=/data/data/com.excelliance.dualaid/.platformcache/pay.jar --oat-fd=75 --oat-location=/data/data/com.excelliance.dualaid/.platformcache/pay.dex --compiler-filter=speed
06-15 11:24:09.550 D/MainFragment(30932): success
06-15 11:24:09.550 D/MainFragment(30932): jsonObject = {"activityIcon":[{"iconId":"6","iconName":"数据迁移","iconPath":"http:\/\/cdn.multiopen.cn\/origicon\/3rdicon\/iconredpacket\/6\/f1c3f636c8368dc7362e30d9348ed79a.png","type":"5","url":"","browserType":"1","index":null,"subType":null}]}
06-15 11:24:09.550 D/MainFragment(30932): appAdapter = com.excelliance.kxqp.platforms.AppShortcutGridAdapter@9d5b09
06-15 11:24:09.550 D/MainFragment(30932): activityArray = [{"iconId":"6","iconName":"数据迁移","iconPath":"http:\/\/cdn.multiopen.cn\/origicon\/3rdicon\/iconredpacket\/6\/f1c3f636c8368dc7362e30d9348ed79a.png","type":"5","url":"","browserType":"1","index":null,"subType":null}]
06-15 11:24:09.550 D/MainFragment(30932): iconObject={"iconId":"6","iconName":"数据迁移","iconPath":"http:\/\/cdn.multiopen.cn\/origicon\/3rdicon\/iconredpacket\/6\/f1c3f636c8368dc7362e30d9348ed79a.png","type":"5","url":"","browserType":"1","index":null,"subType":null}
06-15 11:24:09.550 D/MainFragment(30932): TYPE = 5
06-15 11:24:09.550 D/MainFragment(30932): activityList size = 0
06-15 11:24:09.555 D/VersionManager(30932): httpsRequest getURL = https://mto.multiopen.cn/adstatis.php?cmd=1&data=eyJ2YyI6MzI0LCJ2biI6IjIuNi4yIiwiY2hpZCI6MTAwMjIsInN1YmNoaWQiOjEsInVpZCI6IjE2%0AMDYzODQyIiwiZHQiOiJbXSJ9%0A
06-15 11:24:09.556 D/MainFragment(30932): handleMessage msg.what:36
06-15 11:24:09.557 D/MainFragment(30932): MSG_FETCH_ADS fetBannerAd
06-15 11:24:09.557 V/AdManager(30932): htcbanners.size():0
06-15 11:24:09.557 D/PayUtil (30932): sRid = 
06-15 11:24:09.558 D/PayUtil (30932): no pay dex...
06-15 11:24:09.559 V/AdManager(30932): fetBannerAd of banner
06-15 11:24:09.559 D/MainFragment(30932): MSG_FETCH_ADS fetCpuAd
06-15 11:24:09.559 V/AdManager(30932): fetCpuAd
06-15 11:24:09.559 D/MainFragment(30932): MSG_FETCH_ADS final
06-15 11:24:09.559 D/MainFragment(30932): handleMessage final msg.what:36, take:3
06-15 11:24:09.559 I/Choreographer(30932): Skipped 2 frames!  The application may be doing too much work on its main thread.
06-15 11:24:09.560 V/AppShortcutGridAdapter(30932):   parmInt:0 paramViewnull, type = 1
06-15 11:24:09.566 E/OpenGLRenderer( 3319): hwui_debug::CanvasContext createSurface sur=0x0, isValid =0
06-15 11:24:09.566 V/WindowManager( 1685): reevaluateVisibility focusApp:AppWindowToken{67d1571 token=Token{b28d718 ActivityRecord{15f8afb u0 com.excelliance.dualaid/com.excelliance.kxqp.ui.MainActivity t21028}}}
06-15 11:24:09.569 V/AppShortcutGridAdapter(30932):   parmInt:0 paramViewandroid.widget.LinearLayout{885213c V.E...... ......I. 0,0-0,0 #7f0c00ed app:id/root}, type = 1
06-15 11:24:09.570 V/AppShortcutGridAdapter(30932):   parmInt:0 paramViewandroid.widget.LinearLayout{c30e97b V.E...... ......I. 0,0-360,360 #7f0c00ed app:id/root}, type = 1
06-15 11:24:09.572 V/AppShortcutGridAdapter(30932):   parmInt:1 paramViewandroid.widget.LinearLayout{651854f V.E...... ......I. 360,0-720,360 #7f0c00ed app:id/root}, type = 1
06-15 11:24:09.572 V/AppShortcutGridAdapter(30932):   parmInt:2 paramViewandroid.widget.LinearLayout{6f2cf47 V.E...... ......I. 720,0-1080,360 #7f0c00ed app:id/root}, type = 1
06-15 11:24:09.572 V/AppShortcutGridAdapter(30932):   parmInt:3 paramViewandroid.widget.LinearLayout{885213c V.E...... ......I. 0,0-0,0 #7f0c00ed app:id/root}, type = 9
06-15 11:24:09.572 D/AppShortcutGridAdapter(30932): type TYPE_DATA_MOVE
06-15 11:24:09.583 E/OpenGLRenderer(30908): hwui_debug::CanvasContext createSurface sur=0x0, isValid =0
06-15 11:24:09.585 I/Choreographer( 6003): Skipped 1 frames!  The application may be doing too much work on its main thread.
06-15 11:24:09.588 D/MainFragment(30932): size = 0
06-15 11:24:09.590 W/X509TrustManager(30932): checkServerTrusted: SignatureException:null
06-15 11:24:09.590 W/X509TrustManager(30932): checkServerTrusted: SignatureException:error:04000070:RSA routines:OPENSSL_internal:DATA_TOO_LARGE_FOR_MODULUS
06-15 11:24:09.592 D/MainFragment(30932): handleMessage msg.what:28
06-15 11:24:09.593 D/MainFragment(30932): handleMessage final msg.what:28, take:1
06-15 11:24:09.606 E/OpenGLRenderer(30908): hwui_debug::CanvasContext createSurface sur=0x0, isValid =0
06-15 11:24:09.607 I/ActivityManager( 1685): Displayed com.excelliance.dualaid/com.excelliance.kxqp.ui.MainActivity: +1s73ms
06-15 11:24:09.607 V/WindowManager( 1685): reevaluateVisibility focusApp:AppWindowToken{67d1571 token=Token{b28d718 ActivityRecord{15f8afb u0 com.excelliance.dualaid/com.excelliance.kxqp.ui.MainActivity t21028}}}
06-15 11:24:09.607 E/ANDR-PERF-RESOURCEQS(  587): Failed to reset optimization [3, 0]
06-15 11:24:09.608 V/WindowManager( 1685): reevaluateVisibility focusApp:AppWindowToken{67d1571 token=Token{b28d718 ActivityRecord{15f8afb u0 com.excelliance.dualaid/com.excelliance.kxqp.ui.MainActivity t21028}}}
06-15 11:24:09.609 V/WindowManager( 1685): reevaluateVisibility focusApp:AppWindowToken{67d1571 token=Token{b28d718 ActivityRecord{15f8afb u0 com.excelliance.dualaid/com.excelliance.kxqp.ui.MainActivity t21028}}}
06-15 11:24:09.614 V/WindowManager( 1685): reevaluateVisibility focusApp:AppWindowToken{67d1571 token=Token{b28d718 ActivityRecord{15f8afb u0 com.excelliance.dualaid/com.excelliance.kxqp.ui.MainActivity t21028}}}
06-15 11:24:09.615 V/WindowManager( 1685): reevaluateVisibility focusApp:AppWindowToken{67d1571 token=Token{b28d718 ActivityRecord{15f8afb u0 com.excelliance.dualaid/com.excelliance.kxqp.ui.MainActivity t21028}}}
06-15 11:24:09.618 V/WindowManager( 1685): reevaluateVisibility focusApp:AppWindowToken{67d1571 token=Token{b28d718 ActivityRecord{15f8afb u0 com.excelliance.dualaid/com.excelliance.kxqp.ui.MainActivity t21028}}}
06-15 11:24:09.626 I/Choreographer(30932): Skipped 1 frames!  The application may be doing too much work on its main thread.
06-15 11:24:09.627 V/AppShortcutGridAdapter(30932):   parmInt:0 paramViewnull, type = 1
06-15 11:24:09.630 D/VersionManager(30932): httpsRequest getURL = https://mto.multiopen.cn/adstatis.php?cmd=4&data=eyJ2YyI6MzI0LCJ2biI6IjIuNi4yIiwiY2hpZCI6MTAwMjIsInN1YmNoaWQiOjEsInVpZCI6IjE2%0AMDYzODQyIiwiZHQiOiJbXSJ9%0A
06-15 11:24:09.633 V/AppShortcutGridAdapter(30932):   parmInt:0 paramViewandroid.widget.LinearLayout{2b379be V.E...... ......I. 0,0-0,0 #7f0c00ed app:id/root}, type = 1
06-15 11:24:09.637 D/MainFragment(30932): size = 0
06-15 11:24:09.658 W/X509TrustManager(30932): checkServerTrusted: SignatureException:null
06-15 11:24:09.658 W/X509TrustManager(30932): checkServerTrusted: SignatureException:error:04000070:RSA routines:OPENSSL_internal:DATA_TOO_LARGE_FOR_MODULUS
06-15 11:24:09.667 I/ActivityManager( 1685): Start proc 31294:com.excelliance.dualaid:lebian/u0a1060 for service com.excelliance.dualaid/com.android.ggapsvc.LBService
06-15 11:24:09.688 D/VersionManager(30932): httpsRequest getURL = https://mto.multiopen.cn/adstatis.php?cmd=5&data=eyJ2YyI6MzI0LCJ2biI6IjIuNi4yIiwiY2hpZCI6MTAwMjIsInN1YmNoaWQiOjEsInVpZCI6IjE2%0AMDYzODQyIiwiZHQiOiJbXSJ9%0A
06-15 11:24:09.722 W/X509TrustManager(30932): checkServerTrusted: SignatureException:null
06-15 11:24:09.722 W/X509TrustManager(30932): checkServerTrusted: SignatureException:error:04000070:RSA routines:OPENSSL_internal:DATA_TOO_LARGE_FOR_MODULUS
06-15 11:24:09.744 D/MainFragment(30932): handleMessage msg.what:49
06-15 11:24:09.745 D/MainFragment(30932): handleMessage final msg.what:49, take:1
06-15 11:24:09.745 D/PlatSdk (30932): current = 0
06-15 11:24:09.747 D/SPAESUtil(30932): v_p_no
06-15 11:24:09.759 D/StatisticsManager(30932): Query time diff:1529033049759
06-15 11:24:09.859 D/MainFragment(30932): handleMessage msg.what:29
06-15 11:24:09.860 D/MainFragment(30932): checkFreeTimeOut:1529033049
06-15 11:24:09.861 D/PayUtil (30932): sp is empty
06-15 11:24:09.865 D/PayUtil (30932): 本地不存在文件
06-15 11:24:09.867 D/PayUtil (30932): sRid = 
06-15 11:24:09.868 D/MainFragment(30932): handleMessage final msg.what:29, take:9
06-15 11:24:09.876 D/launch-time-RU(31294): preload 24 classes cost 37ms
06-15 11:24:09.919 I/dex2oat (31284): dex2oat took 377.058ms (threads: 4) arena alloc=2MB (2749272B) java alloc=346KB (355304B) native alloc=1678KB (1718496B) free=5MB (6145824B)
06-15 11:24:09.920 D/KXQPApplication(31294): run: initUserManager
06-15 11:24:09.925 D/CrashHandler(31294): CrashHandler
06-15 11:24:09.928 E/Reflecting  getMessage(30932): com.excelliance.packageplugin.PackagePluginCallbackImpl 
06-15 11:24:09.928 E/Reflecting   getLocalizedMessage(30932): com.excelliance.packageplugin.PackagePluginCallbackImpl 
06-15 11:24:09.928 D/Reflecting(30932): com.excelliance.packageplugin.PackagePluginCallbackImpl
06-15 11:24:09.929 V/InitialData(30932): capitalize:Plugin
06-15 11:24:09.929 V/GameUtil(30932): getCurrentVersionByKey : plugin	current_plugin_version	PluginVersion
06-15 11:24:09.930 V/GameUtil(30932): saveVersionToFileByKey  xml_key :plugin  result:0
06-15 11:24:09.935 V/GameUtil(30932): getCurrentVersionByKey  plugin:0
06-15 11:24:09.935 V/InitialData(30932): capitalize:Plugin
06-15 11:24:09.936 D/lyl     (30932): file:plugin.jar   pay.jar
06-15 11:24:09.936 E/InitialData(30932): plugin.jar not exist
06-15 11:24:09.936 V/InitialData(30932): pluginVersion:0    plugin_version:0    current_plugin_version:0
06-15 11:24:09.936 D/InitialData(30932): current not exits identifing = plugin, current_jar_version = 0
06-15 11:24:09.936 V/GameUtil(30932): saveVersionToFileByKey  xml_key :plugin  result:0
06-15 11:24:09.936 D/InitialData(30932): identifing = plugin, jarPath = /data/data/com.excelliance.dualaid/.platformcache/tmp/plugin/plugin.jar
06-15 11:24:09.944 D/LBService(31294): add o=com.android.ggapsvc.LBService, busyCount=1
06-15 11:24:09.944 D/LBService(31294): onStartCommand action=com.excelliance.dualaid.action.downloadcomp
06-15 11:24:09.944 D/LBService(31294): add o=com.android.ggapsvc.LBService, busyCount=2
06-15 11:24:09.944 D/LBService(31294): remove o=com.android.ggapsvc.LBService, busyCount=1
06-15 11:24:09.946 D/DownloadComponentService(31294): gameId:null check:false gameLib:null url:null gameType:0  savePath:null dmd5:null autodl:false downloadGame:true alarmCheck:false owenShortcutfalse
06-15 11:24:09.947 D/elsa    ( 1685): app is ProcessRecord{8941253 31294:com.excelliance.dualaid:lebian/u0a1060}, isInBlackList is false, isNeedSetProcessGroup is true
06-15 11:24:09.947 D/LBService(31294): remove o=com.android.ggapsvc.LBService, busyCount=0
06-15 11:24:09.947 D/LBService(31294): add o=com.excelliance.kxqp.d$2, busyCount=1
06-15 11:24:09.978 D/PayUtil (31294): sp is empty
06-15 11:24:09.985 D/PayUtil (31294): 本地不存在文件
06-15 11:24:10.009 V/WindowManager( 1685): reevaluateVisibility focusApp:AppWindowToken{67d1571 token=Token{b28d718 ActivityRecord{15f8afb u0 com.excelliance.dualaid/com.excelliance.kxqp.ui.MainActivity t21028}}}
06-15 11:24:10.067 D/VersionManager(31294): file exists /storage/emulated/0/.dygameres.apps/game_res/3rd/config/
06-15 11:24:10.074 D/VersionManager(31294): httpsRequest getURL = https://folder.appota.cn/newofflinead.php?vc=466&vn=4.0.6&chid=10022&subchid=1&imei=866015035972513&imsi=460011700517873&lang=zh_CN&uflag=3&uid=16063842&type=20&pkg=com.excelliance.dualaid&api=25&release=7.1.1&abi=armeabi-v7a&abi2=armeabi&abilist=arm64-v8a%2Carmeabi-v7a%2Carmeabi&abilist32=armeabi-v7a%2Carmeabi&abilist64=arm64-v8a&brand=OPPO&manufacturer=OPPO&model=OPPO%20R11&product=R11&tp=3&feature=1&newuser=1&issl=1
06-15 11:24:10.078 D/NetworkSecurityConfig(31294): No Network Security Config specified, using platform default
06-15 11:24:10.079 I/DpmTcmClient(31294): RegisterTcmMonitor from: com.android.okhttp.TcmIdleTimerMonitor
06-15 11:24:10.088 I/System.out(31294): Not need to boost!
06-15 11:24:10.093 D/libc-netbsd(31294): [getaddrinfo]:  hostname=folder.appota.cn;  servname=(null);  app_pid=31294;  app_uid=11060;  ai_flags=1024;  ai_family=0; ai_socktype=1 from prox result 0
06-15 11:24:10.115 D/MainFragment(30932): handleMessage msg.what:53
06-15 11:24:10.115 D/MainFragment(30932): MSG_INIT_OFF_STANDARD_POSITION
06-15 11:24:10.115 D/MainFragment(30932): handleMessage final msg.what:53, take:0
06-15 11:24:10.139 W/X509TrustManager(31294): checkServerTrusted: SignatureException:null
06-15 11:24:10.140 W/X509TrustManager(31294): checkServerTrusted: SignatureException:error:04000070:RSA routines:OPENSSL_internal:DATA_TOO_LARGE_FOR_MODULUS
06-15 11:24:10.251 D/VersionManager(31294): qdl getURL = https://folder.appota.cn/newofflinead.php?vc=466&vn=4.0.6&chid=10022&subchid=1&imei=866015035972513&imsi=460011700517873&lang=zh_CN&uflag=3&uid=16063842&type=20&pkg=com.excelliance.dualaid&api=25&release=7.1.1&abi=armeabi-v7a&abi2=armeabi&abilist=arm64-v8a%2Carmeabi-v7a%2Carmeabi&abilist32=armeabi-v7a%2Carmeabi&abilist64=arm64-v8a&brand=OPPO&manufacturer=OPPO&model=OPPO%20R11&product=R11&tp=3&feature=1&newuser=1&issl=1
06-15 11:24:10.263 D/VersionManager(31294): queryDlList result:<?xml version="1.0" encoding="utf-8"?><listpack ver="1.0"><gamelist><icon pos = "1" con = "-1"/><glist gid="10282"  gfup="0" gname="微信红包" glib="" gpath="http://act.adintl.cn/channel/index?cid=416&amp;appKey=442e4e12153e757d104411d14bde0af9 " gsize="0" ppath="https://cdn.multiopen.cn/origicon/3rdicon/iconpath/10282/4076fae92d56c63d22a852b53883904c.gif" ppath1="https://cdn.multiopen.cn/origicon/3rdicon/iconpath/10282/2b3f0d3c8b2a424f49e8bdf76a923252.png" gtype="3" gtime="0" gcid=""  patch="0" omd5="" nmd5="" dmd5="" flag="83" notifytitle="" notifymsg="" tm="own" adt="3" adp="1" getime="" promsg="" proic="" probabity="7000000" /></gamelist></listpack>
06-15 11:24:10.273 D/VersionManager(31294): getPartialDownload file exists /storage/emulated/0/.dygameres.apps/game_res/3rd/downloading/
06-15 11:24:10.288 V/VersionManager(31294): icon:{"con":-1,"pos":1}
06-15 11:24:10.291 V/StatisticsBySpImpl(31294): init   isFirstCheck
06-15 11:24:10.311 V/WindowManager( 1685): reevaluateVisibility focusApp:AppWindowToken{67d1571 token=Token{b28d718 ActivityRecord{15f8afb u0 com.excelliance.dualaid/com.excelliance.kxqp.ui.MainActivity t21028}}}
06-15 11:24:10.313 D/MainFragment(30932): handleMessage msg.what:45
06-15 11:24:10.313 V/ChannelManager(30932): initChannelDao
06-15 11:24:10.314 D/MainFragment(30932): handleMessage final msg.what:45, take:1
06-15 11:24:10.315 V/ChannelManager(30932): parseChannels
06-15 11:24:10.316 D/Arm64Utils(30932): checkVersion_64
06-15 11:24:10.318 D/elsa    ( 1685): app is ProcessRecord{c1c4a79 30908:com.excelliance.dualaid:olle/u0a1060}, isInBlackList is false, isNeedSetProcessGroup is true
06-15 11:24:10.321 D/MainFragment(30932): initStreamAdFragment
06-15 11:24:10.323 D/PayUtil (30932): sRid = 
06-15 11:24:10.331 D/ActivityManager( 1685): back_key destroy activity: com.excelliance.dualaid top activity: com.excelliance.dualaid
06-15 11:24:10.332 D/VersionManager(31294): forceUpdate=0
06-15 11:24:10.344 D/MainFragment(30932): handleMessage msg.what:43
06-15 11:24:10.346 D/SPAESUtil(30932): v_p_no
06-15 11:24:10.346 D/MainFragment(30932): handleMessage final msg.what:43, take:2
06-15 11:24:10.355 E/Reflecting  getMessage(30932): com.excelliance.kxqp.ads.guangdiantongnew.GdtnewFactory 
06-15 11:24:10.356 E/Reflecting   getLocalizedMessage(30932): com.excelliance.kxqp.ads.guangdiantongnew.GdtnewFactory 
06-15 11:24:10.356 D/Reflecting(30932): com.excelliance.kxqp.ads.guangdiantongnew.GdtnewFactory
06-15 11:24:10.359 E/Reflecting  getMessage(30932): com.excelliance.kxqp.ads.guangdiantongnew.GdtnewFactory 
06-15 11:24:10.359 E/Reflecting   getLocalizedMessage(30932): com.excelliance.kxqp.ads.guangdiantongnew.GdtnewFactory 
06-15 11:24:10.359 D/Reflecting(30932): com.excelliance.kxqp.ads.guangdiantongnew.GdtnewFactory
06-15 11:24:10.367 V/InitialData(30932): capitalize:Gdtnew
06-15 11:24:10.367 V/GameUtil(30932): getCurrentVersionByKey : gdtnew	current_gdtnew_version	GdtnewVersion
06-15 11:24:10.368 W/Parcel  ( 1685): **** enforceInterface() expected 'com.android.internal.telephony.ITelephonyRegistry' but read ''
06-15 11:24:10.369 W/Parcel  ( 1685): **** enforceInterface() expected 'android.app.INotificationManager' but read ''
06-15 11:24:10.369 W/Parcel  ( 1685): **** enforceInterface() expected 'android.net.IConnectivityManager' but read ''
06-15 11:24:10.369 W/Parcel  ( 1685): **** enforceInterface() expected 'android.app.IActivityManager' but read ''
06-15 11:24:10.369 W/Parcel  ( 1685): **** enforceInterface() expected 'android.bluetooth.IBluetooth' but read ''
06-15 11:24:10.369 W/Parcel  ( 1685): **** enforceInterface() expected 'android.bluetooth.IBluetoothManager' but read ''
06-15 11:24:10.369 E/OpenGLRenderer(30908): hwui_debug::CanvasContext createSurface sur=0x0, isValid =0
06-15 11:24:10.369 W/Parcel  ( 1685): **** enforceInterface() expected 'android.location.ILocationManager' but read ''
06-15 11:24:10.369 W/Parcel  ( 1685): **** enforceInterface() expected 'android.view.IWindowSession' but read ''
06-15 11:24:10.369 W/Parcel  ( 1685): **** enforceInterface() expected 'android.content.pm.IPackageManager' but read ''
06-15 11:24:10.369 W/Parcel  ( 1685): **** enforceInterface() expected 'android.net.wifi.IWifiManager' but read ''
06-15 11:24:10.371 V/GameUtil(30932): saveVersionToFileByKey  xml_key :gdtnew  result:0
06-15 11:24:10.373 W/Parcel  ( 1685): **** enforceInterface() expected 'com.android.internal.telephony.ITelephonyRegistry' but read ''
06-15 11:24:10.373 W/Parcel  ( 1685): **** enforceInterface() expected 'android.app.INotificationManager' but read ''
06-15 11:24:10.373 W/Parcel  ( 1685): **** enforceInterface() expected 'android.net.IConnectivityManager' but read ''
06-15 11:24:10.374 W/Parcel  ( 1685): **** enforceInterface() expected 'android.app.IActivityManager' but read ''
06-15 11:24:10.374 W/Parcel  ( 1685): **** enforceInterface() expected 'android.bluetooth.IBluetooth' but read ''
06-15 11:24:10.374 W/Parcel  ( 1685): **** enforceInterface() expected 'android.bluetooth.IBluetoothManager' but read ''
06-15 11:24:10.374 W/Parcel  ( 1685): **** enforceInterface() expected 'android.location.ILocationManager' but read ''
06-15 11:24:10.374 W/Parcel  ( 1685): **** enforceInterface() expected 'android.view.IWindowSession' but read ''
06-15 11:24:10.374 W/Parcel  ( 1685): **** enforceInterface() expected 'android.content.pm.IPackageManager' but read ''
06-15 11:24:10.374 W/Parcel  ( 1685): **** enforceInterface() expected 'android.net.wifi.IWifiManager' but read ''
06-15 11:24:10.375 V/WindowManager( 1685): reevaluateVisibility focusApp:AppWindowToken{67d1571 token=Token{b28d718 ActivityRecord{15f8afb u0 com.excelliance.dualaid/com.excelliance.kxqp.ui.MainActivity t21028}}}
06-15 11:24:10.376 E/WindowManager(30908): 
06-15 11:24:10.376 E/WindowManager(30908): android.view.WindowLeaked: Activity com.excelliance.kxqp.ui.HelloActivity has leaked window DecorView@bd8b74b[] that was originally added here
06-15 11:24:10.376 E/WindowManager(30908): 	at android.view.ViewRootImpl.<init>(ViewRootImpl.java:512)
06-15 11:24:10.376 E/WindowManager(30908): 	at android.view.WindowManagerGlobal.addView(WindowManagerGlobal.java:347)
06-15 11:24:10.376 E/WindowManager(30908): 	at android.view.WindowManagerImpl.addView(WindowManagerImpl.java:94)
06-15 11:24:10.376 E/WindowManager(30908): 	at android.app.Dialog.show(Dialog.java:380)
06-15 11:24:10.376 E/WindowManager(30908): 	at com.excelliance.kxqp.ui.HelloActivity.b(Unknown Source)
06-15 11:24:10.376 E/WindowManager(30908): 	at com.excelliance.kxqp.ui.HelloActivity.a(Unknown Source)
06-15 11:24:10.376 E/WindowManager(30908): 	at com.excelliance.kxqp.ui.HelloActivity$23.onClick(Unknown Source)
06-15 11:24:10.376 E/WindowManager(30908): 	at android.view.View.performClick(View.java:5709)
06-15 11:24:10.376 E/WindowManager(30908): 	at android.view.View$PerformClick.run(View.java:22695)
06-15 11:24:10.376 E/WindowManager(30908): 	at android.os.Handler.handleCallback(Handler.java:751)
06-15 11:24:10.376 E/WindowManager(30908): 	at android.os.Handler.dispatchMessage(Handler.java:95)
06-15 11:24:10.376 E/WindowManager(30908): 	at android.os.Looper.loop(Looper.java:185)
06-15 11:24:10.376 E/WindowManager(30908): 	at android.app.ActivityThread.main(ActivityThread.java:6615)
06-15 11:24:10.376 E/WindowManager(30908): 	at java.lang.reflect.Method.invoke(Native Method)
06-15 11:24:10.376 E/WindowManager(30908): 	at com.android.internal.os.ZygoteInit$MethodAndArgsCaller.run(ZygoteInit.java:916)
06-15 11:24:10.376 E/WindowManager(30908): 	at com.android.internal.os.ZygoteInit.main(ZygoteInit.java:806)
06-15 11:24:10.377 E/OpenGLRenderer(30908): hwui_debug::CanvasContext createSurface sur=0x0, isValid =0
06-15 11:24:10.378 W/Parcel  ( 1685): **** enforceInterface() expected 'com.android.internal.telephony.ITelephonyRegistry' but read ''
06-15 11:24:10.378 W/Parcel  ( 1685): **** enforceInterface() expected 'android.app.INotificationManager' but read ''
06-15 11:24:10.378 W/Parcel  ( 1685): **** enforceInterface() expected 'android.net.IConnectivityManager' but read ''
06-15 11:24:10.378 W/Parcel  ( 1685): **** enforceInterface() expected 'android.app.IActivityManager' but read ''
06-15 11:24:10.378 W/Parcel  ( 1685): **** enforceInterface() expected 'android.bluetooth.IBluetooth' but read ''
06-15 11:24:10.378 W/Parcel  ( 1685): **** enforceInterface() expected 'android.bluetooth.IBluetoothManager' but read ''
06-15 11:24:10.378 W/Parcel  ( 1685): **** enforceInterface() expected 'android.location.ILocationManager' but read ''
06-15 11:24:10.378 W/Parcel  ( 1685): **** enforceInterface() expected 'android.view.IWindowSession' but read ''
06-15 11:24:10.378 W/Parcel  ( 1685): **** enforceInterface() expected 'android.content.pm.IPackageManager' but read ''
06-15 11:24:10.378 W/Parcel  ( 1685): **** enforceInterface() expected 'android.net.wifi.IWifiManager' but read ''
06-15 11:24:10.383 W/Parcel  ( 1685): **** enforceInterface() expected 'com.android.internal.telephony.ITelephonyRegistry' but read ''
06-15 11:24:10.383 D/VersionManager(31294): queryDlList final result:
06-15 11:24:10.383 D/VersionManager(31294): <?xml version="1.0" encoding="utf-8"?><listpack ver="1.0"><gamelist><icon pos = "1" con = "-1"/><glist gid="10282"  gfup="0" gname="微信红包" glib="" gpath="http://act.adintl.cn/channel/index?cid=416&amp;appKey=442e4e12153e757d104411d14bde0af9 " gsize="0" ppath="https://cdn.multiopen.cn/origicon/3rdicon/iconpath/10282/4076fae92d56c63d22a852b53883904c.gif" ppath1="https://cdn.multiopen.cn/origicon/3rdicon/iconpath/10282/2b3f0d3c8b2a424f49e8bdf76a923252.png" gtype="3" gtime="0" gcid=""  patch="0" omd5="" nmd5="" dmd5="" flag="83" notifytitle="" notifymsg="" tm="own" adt="3" adp="1" getime="" promsg="" proic="" probabity="7000000" /></gamelist></listpack>
06-15 11:24:10.383 W/Parcel  ( 1685): **** enforceInterface() expected 'android.app.INotificationManager' but read ''
06-15 11:24:10.383 W/Parcel  ( 1685): **** enforceInterface() expected 'android.net.IConnectivityManager' but read ''
06-15 11:24:10.383 W/Parcel  ( 1685): **** enforceInterface() expected 'android.app.IActivityManager' but read ''
06-15 11:24:10.383 W/Parcel  ( 1685): **** enforceInterface() expected 'android.bluetooth.IBluetooth' but read ''
06-15 11:24:10.383 W/Parcel  ( 1685): **** enforceInterface() expected 'android.bluetooth.IBluetoothManager' but read ''
06-15 11:24:10.383 W/Parcel  ( 1685): **** enforceInterface() expected 'android.location.ILocationManager' but read ''
06-15 11:24:10.384 W/Parcel  ( 1685): **** enforceInterface() expected 'android.view.IWindowSession' but read ''
06-15 11:24:10.384 W/Parcel  ( 1685): **** enforceInterface() expected 'android.content.pm.IPackageManager' but read ''
06-15 11:24:10.384 W/Parcel  ( 1685): **** enforceInterface() expected 'android.net.wifi.IWifiManager' but read ''
06-15 11:24:10.384 V/WindowManager( 1685): reevaluateVisibility focusApp:AppWindowToken{67d1571 token=Token{b28d718 ActivityRecord{15f8afb u0 com.excelliance.dualaid/com.excelliance.kxqp.ui.MainActivity t21028}}}
06-15 11:24:10.385 I/Choreographer(30908): Skipped 1 frames!  The application may be doing too much work on its main thread.
06-15 11:24:10.385 V/GameUtil(30932): getCurrentVersionByKey  gdtnew:0
06-15 11:24:10.385 V/InitialData(30932): capitalize:Gdtnew
06-15 11:24:10.388 D/lyl     (30932): file:gdtnew.jar   pay.jar
06-15 11:24:10.388 V/AddGameData(31294): Manufacturer:OPPO
06-15 11:24:10.389 E/InitialData(30932): gdtnew.jar not exist
06-15 11:24:10.389 V/InitialData(30932): gdtnewVersion:0    gdtnew_version:0    current_gdtnew_version:0
06-15 11:24:10.389 D/InitialData(30932): current not exits identifing = gdtnew, current_jar_version = 0
06-15 11:24:10.389 V/GameUtil(30932): saveVersionToFileByKey  xml_key :gdtnew  result:0
06-15 11:24:10.389 D/InitialData(30932): identifing = gdtnew, jarPath = /data/data/com.excelliance.dualaid/.platformcache/tmp/gdtnew/gdtnew.jar
06-15 11:24:10.389 W/WindowManager( 1685): Failed looking up window
06-15 11:24:10.389 W/WindowManager( 1685): java.lang.IllegalArgumentException: Requested window android.os.BinderProxy@7f67ef5 does not exist
06-15 11:24:10.389 W/WindowManager( 1685): 	at com.android.server.wm.WindowManagerService.windowForClientLocked(WindowManagerService.java:10681)
06-15 11:24:10.389 W/WindowManager( 1685): 	at com.android.server.wm.WindowManagerService.windowForClientLocked(WindowManagerService.java:10672)
06-15 11:24:10.389 W/WindowManager( 1685): 	at com.android.server.wm.WindowManagerService.removeWindow(WindowManagerService.java:3013)
06-15 11:24:10.389 W/WindowManager( 1685): 	at com.android.server.wm.Session.remove(Session.java:205)
06-15 11:24:10.389 W/WindowManager( 1685): 	at android.view.IWindowSession$Stub.onTransact(IWindowSession.java:242)
06-15 11:24:10.389 W/WindowManager( 1685): 	at com.android.server.wm.Session.onTransact(Session.java:148)
06-15 11:24:10.389 W/WindowManager( 1685): 	at android.os.Binder.transact(Binder.java:499)
06-15 11:24:10.389 W/WindowManager( 1685): 	at oppo.x.filterExecTransact(Unknown Source)
06-15 11:24:10.389 W/WindowManager( 1685): 	at com.oppo.color.safe.jni.JniManager.execTransact(Unknown Source)
06-15 11:24:10.389 V/InitialData(30932): capitalize:Gdtnew
06-15 11:24:10.389 V/GameUtil(30932): getCurrentVersionByKey : gdtnew	current_gdtnew_version	GdtnewVersion
06-15 11:24:10.391 W/Parcel  ( 1685): **** enforceInterface() expected 'com.android.internal.telephony.ITelephonyRegistry' but read ''
06-15 11:24:10.391 W/Parcel  ( 1685): **** enforceInterface() expected 'android.app.INotificationManager' but read ''
06-15 11:24:10.391 W/Parcel  ( 1685): **** enforceInterface() expected 'android.net.IConnectivityManager' but read ''
06-15 11:24:10.391 W/Parcel  ( 1685): **** enforceInterface() expected 'android.app.IActivityManager' but read ''
06-15 11:24:10.391 W/Parcel  ( 1685): **** enforceInterface() expected 'android.bluetooth.IBluetooth' but read ''
06-15 11:24:10.392 W/Parcel  ( 1685): **** enforceInterface() expected 'android.bluetooth.IBluetoothManager' but read ''
06-15 11:24:10.392 W/Parcel  ( 1685): **** enforceInterface() expected 'android.location.ILocationManager' but read ''
06-15 11:24:10.392 W/Parcel  ( 1685): **** enforceInterface() expected 'android.view.IWindowSession' but read ''
06-15 11:24:10.392 W/Parcel  ( 1685): **** enforceInterface() expected 'android.content.pm.IPackageManager' but read ''
06-15 11:24:10.392 W/Parcel  ( 1685): **** enforceInterface() expected 'android.net.wifi.IWifiManager' but read ''
06-15 11:24:10.393 V/GameUtil(30932): saveVersionToFileByKey  xml_key :gdtnew  result:0
06-15 11:24:10.393 V/GameUtil(30932): getCurrentVersionByKey  gdtnew:0
06-15 11:24:10.394 V/InitialData(30932): capitalize:Gdtnew
06-15 11:24:10.395 D/InitialData(30932): assets not exists /data/data/com.excelliance.dualaid/.platformcache/tmp/gdtnew/gdtnew.jar
06-15 11:24:10.396 V/MainActivity(30932): load GDT jar success
06-15 11:24:10.397 W/Parcel  ( 1685): **** enforceInterface() expected 'com.android.internal.telephony.ITelephonyRegistry' but read ''
06-15 11:24:10.397 W/Parcel  ( 1685): **** enforceInterface() expected 'com.android.internal.telephony.ITelephonyRegistry' but read ''
06-15 11:24:10.397 W/Parcel  ( 1685): **** enforceInterface() expected 'android.app.INotificationManager' but read ''
06-15 11:24:10.397 W/Parcel  ( 1685): **** enforceInterface() expected 'android.app.INotificationManager' but read ''
06-15 11:24:10.397 W/Parcel  ( 1685): **** enforceInterface() expected 'android.net.IConnectivityManager' but read ''
06-15 11:24:10.397 W/Parcel  ( 1685): **** enforceInterface() expected 'android.net.IConnectivityManager' but read ''
06-15 11:24:10.398 W/Parcel  ( 1685): **** enforceInterface() expected 'android.app.IActivityManager' but read ''
06-15 11:24:10.398 W/Parcel  ( 1685): **** enforceInterface() expected 'android.app.IActivityManager' but read ''
06-15 11:24:10.398 W/Parcel  ( 1685): **** enforceInterface() expected 'android.bluetooth.IBluetooth' but read ''
06-15 11:24:10.398 W/Parcel  ( 1685): **** enforceInterface() expected 'android.bluetooth.IBluetooth' but read ''
06-15 11:24:10.398 W/Parcel  ( 1685): **** enforceInterface() expected 'android.bluetooth.IBluetoothManager' but read ''
06-15 11:24:10.398 W/Parcel  ( 1685): **** enforceInterface() expected 'android.bluetooth.IBluetoothManager' but read ''
06-15 11:24:10.398 W/Parcel  ( 1685): **** enforceInterface() expected 'android.location.ILocationManager' but read ''
06-15 11:24:10.398 W/Parcel  ( 1685): **** enforceInterface() expected 'android.location.ILocationManager' but read ''
06-15 11:24:10.398 W/Parcel  ( 1685): **** enforceInterface() expected 'android.view.IWindowSession' but read ''
06-15 11:24:10.398 W/Parcel  ( 1685): **** enforceInterface() expected 'android.view.IWindowSession' but read ''
06-15 11:24:10.398 W/Parcel  ( 1685): **** enforceInterface() expected 'android.content.pm.IPackageManager' but read ''
06-15 11:24:10.398 W/Parcel  ( 1685): **** enforceInterface() expected 'android.content.pm.IPackageManager' but read ''
06-15 11:24:10.398 W/Parcel  ( 1685): **** enforceInterface() expected 'android.net.wifi.IWifiManager' but read ''
06-15 11:24:10.398 W/Parcel  ( 1685): **** enforceInterface() expected 'android.net.wifi.IWifiManager' but read ''
06-15 11:24:10.402 W/Parcel  ( 1685): **** enforceInterface() expected 'com.android.internal.telephony.ITelephonyRegistry' but read ''
06-15 11:24:10.403 W/Parcel  ( 1685): **** enforceInterface() expected 'android.app.INotificationManager' but read ''
06-15 11:24:10.403 W/Parcel  ( 1685): **** enforceInterface() expected 'android.net.IConnectivityManager' but read ''
06-15 11:24:10.403 W/Parcel  ( 1685): **** enforceInterface() expected 'android.app.IActivityManager' but read ''
06-15 11:24:10.403 W/Parcel  ( 1685): **** enforceInterface() expected 'android.bluetooth.IBluetooth' but read ''
06-15 11:24:10.403 W/Parcel  ( 1685): **** enforceInterface() expected 'android.bluetooth.IBluetoothManager' but read ''
06-15 11:24:10.403 W/Parcel  ( 1685): **** enforceInterface() expected 'android.location.ILocationManager' but read ''
06-15 11:24:10.403 W/Parcel  ( 1685): **** enforceInterface() expected 'android.view.IWindowSession' but read ''
06-15 11:24:10.403 W/Parcel  ( 1685): **** enforceInterface() expected 'android.content.pm.IPackageManager' but read ''
06-15 11:24:10.403 W/Parcel  ( 1685): **** enforceInterface() expected 'android.net.wifi.IWifiManager' but read ''
06-15 11:24:10.404 W/Parcel  ( 1685): **** enforceInterface() expected 'com.android.internal.telephony.ITelephonyRegistry' but read ''
06-15 11:24:10.404 W/Parcel  ( 1685): **** enforceInterface() expected 'android.app.INotificationManager' but read ''
06-15 11:24:10.404 W/Parcel  ( 1685): **** enforceInterface() expected 'android.net.IConnectivityManager' but read ''
06-15 11:24:10.404 W/Parcel  ( 1685): **** enforceInterface() expected 'android.app.IActivityManager' but read ''
06-15 11:24:10.404 W/Parcel  ( 1685): **** enforceInterface() expected 'android.bluetooth.IBluetooth' but read ''
06-15 11:24:10.405 W/Parcel  ( 1685): **** enforceInterface() expected 'android.bluetooth.IBluetoothManager' but read ''
06-15 11:24:10.405 W/Parcel  ( 1685): **** enforceInterface() expected 'android.location.ILocationManager' but read ''
06-15 11:24:10.405 W/Parcel  ( 1685): **** enforceInterface() expected 'android.view.IWindowSession' but read ''
06-15 11:24:10.405 W/Parcel  ( 1685): **** enforceInterface() expected 'android.content.pm.IPackageManager' but read ''
06-15 11:24:10.405 W/Parcel  ( 1685): **** enforceInterface() expected 'android.net.wifi.IWifiManager' but read ''
06-15 11:24:10.407 W/Parcel  ( 1685): **** enforceInterface() expected 'com.android.internal.telephony.ITelephonyRegistry' but read ''
06-15 11:24:10.407 W/Parcel  ( 1685): **** enforceInterface() expected 'android.app.INotificationManager' but read ''
06-15 11:24:10.407 W/Parcel  ( 1685): **** enforceInterface() expected 'android.net.IConnectivityManager' but read ''
06-15 11:24:10.407 W/Parcel  ( 1685): **** enforceInterface() expected 'android.app.IActivityManager' but read ''
06-15 11:24:10.407 W/Parcel  ( 1685): **** enforceInterface() expected 'android.bluetooth.IBluetooth' but read ''
06-15 11:24:10.407 W/Parcel  ( 1685): **** enforceInterface() expected 'android.bluetooth.IBluetoothManager' but read ''
06-15 11:24:10.407 W/Parcel  ( 1685): **** enforceInterface() expected 'android.location.ILocationManager' but read ''
06-15 11:24:10.407 W/Parcel  ( 1685): **** enforceInterface() expected 'android.view.IWindowSession' but read ''
06-15 11:24:10.408 W/Parcel  ( 1685): **** enforceInterface() expected 'android.content.pm.IPackageManager' but read ''
06-15 11:24:10.408 W/Parcel  ( 1685): **** enforceInterface() expected 'android.net.wifi.IWifiManager' but read ''
06-15 11:24:10.409 W/Parcel  ( 1685): **** enforceInterface() expected 'com.android.internal.telephony.ITelephonyRegistry' but read ''
06-15 11:24:10.409 W/Parcel  ( 1685): **** enforceInterface() expected 'android.app.INotificationManager' but read ''
06-15 11:24:10.409 W/Parcel  ( 1685): **** enforceInterface() expected 'android.net.IConnectivityManager' but read ''
06-15 11:24:10.409 W/Parcel  ( 1685): **** enforceInterface() expected 'android.app.IActivityManager' but read ''
06-15 11:24:10.409 W/Parcel  ( 1685): **** enforceInterface() expected 'android.bluetooth.IBluetooth' but read ''
06-15 11:24:10.409 W/Parcel  ( 1685): **** enforceInterface() expected 'android.bluetooth.IBluetoothManager' but read ''
06-15 11:24:10.410 W/Parcel  ( 1685): **** enforceInterface() expected 'android.location.ILocationManager' but read ''
06-15 11:24:10.410 W/Parcel  ( 1685): **** enforceInterface() expected 'android.view.IWindowSession' but read ''
06-15 11:24:10.410 W/Parcel  ( 1685): **** enforceInterface() expected 'android.content.pm.IPackageManager' but read ''
06-15 11:24:10.410 W/Parcel  ( 1685): **** enforceInterface() expected 'android.net.wifi.IWifiManager' but read ''
06-15 11:24:10.415 W/Parcel  ( 1685): **** enforceInterface() expected 'com.android.internal.telephony.ITelephonyRegistry' but read ''
06-15 11:24:10.415 W/Parcel  ( 1685): **** enforceInterface() expected 'android.app.INotificationManager' but read ''
06-15 11:24:10.415 W/Parcel  ( 1685): **** enforceInterface() expected 'android.net.IConnectivityManager' but read ''
06-15 11:24:10.415 W/Parcel  ( 1685): **** enforceInterface() expected 'android.app.IActivityManager' but read ''
06-15 11:24:10.415 W/Parcel  ( 1685): **** enforceInterface() expected 'android.bluetooth.IBluetooth' but read ''
06-15 11:24:10.415 W/Parcel  ( 1685): **** enforceInterface() expected 'android.bluetooth.IBluetoothManager' but read ''
06-15 11:24:10.415 W/Parcel  ( 1685): **** enforceInterface() expected 'android.location.ILocationManager' but read ''
06-15 11:24:10.415 W/Parcel  ( 1685): **** enforceInterface() expected 'android.view.IWindowSession' but read ''
06-15 11:24:10.415 W/Parcel  ( 1685): **** enforceInterface() expected 'android.content.pm.IPackageManager' but read ''
06-15 11:24:10.415 W/Parcel  ( 1685): **** enforceInterface() expected 'android.net.wifi.IWifiManager' but read ''
06-15 11:24:10.465 W/X509TrustManager(30932): checkServerTrusted: SignatureException:null
06-15 11:24:10.466 W/X509TrustManager(30932): checkServerTrusted: SignatureException:error:04000070:RSA routines:OPENSSL_internal:DATA_TOO_LARGE_FOR_MODULUS
06-15 11:24:10.522 D/MainFragment(30932): verName = null
06-15 11:24:10.525 D/MainFragment(30932): handleMessage msg.what:10
06-15 11:24:10.525 D/MainFragment(30932): serverVersionCode = null
06-15 11:24:10.528 D/MainFragment(30932): handleMessage final msg.what:10, take:3
