06-27 21:39:11.657 D/ActivityManager(  702): Skipping intent:flg=0x10800000 cmp=com.huawei.hitouch/.HiTouchStartActivity
06-27 21:39:11.668 D/PMS1000 (  702): package:com.excelliance.dualaid, input flags:8192, output hwFlags:0
06-27 21:39:11.669 W/HSM     ( 2112): HoldService:toast switch is close!
06-27 21:39:11.670 D/ApplicationPackageManager(11342): queryIntentActivitiesAsUser blocked, Intent { act=android.intent.action.MAIN cat=[android.intent.category.LAUNCHER] pkg=com.wandoujia.phoenix2 }
06-27 21:39:11.670 D/HsmInterfaceImpl(11342): List [ResolveInfo{c681eb com.wandoujia.phoenix2/com.pp.assistant.activity.PPMainActivity m=0x108000}]
06-27 21:39:11.686 E/MemoryLeakMonitorManager(11594): MemoryLeakMonitor.jar is not exist!
06-27 21:39:11.687 E/MemoryLeakMonitorManager(11594): MemoryLeakMonitor.jar is not exist!
06-27 21:39:11.687 D/KXQPApplication(11594): run: initUserManager
06-27 21:39:11.688 D/CrashHandler(11594): CrashHandler
06-27 21:39:11.689 E/Minikin (11594): Could not get cmap table size!
06-27 21:39:11.689 D/PMS11326(  702): package:com.excelliance.dualaid, input flags:128, output hwFlags:0
06-27 21:39:11.691 I/HwCust  (11594): Constructor found for class android.net.HwCustConnectivityManagerImpl
06-27 21:39:11.691 D/HwCust  (11594): Create obj success use class android.net.HwCustConnectivityManagerImpl
06-27 21:39:11.694 D/LBService(11594): add o=com.android.ggapsvc.LBService, busyCount=1
06-27 21:39:11.694 D/LBService(11594): onStartCommand action=com.excelliance.dualaid.action.download
06-27 21:39:11.695 D/LBService(11594): add o=com.android.ggapsvc.LBService, busyCount=2
06-27 21:39:11.695 D/LBService(11594): remove o=com.android.ggapsvc.LBService, busyCount=1
06-27 21:39:11.695 D/DownloadService(11594): url:http://cdn.multiopen.cn/dynamicsdk/hi6250_launch/1/1762d3d797f4f2e28f576b77610c378d.zip fileName:1762d3d797f4f2e28f576b77610c378d.zip  dir:/storage/emulated/0/.com.excelliance.dualaid/apk
06-27 21:39:11.695 D/DownloadService(11594): put into downloadMap 1762d3d797f4f2e28f576b77610c378d.zip
06-27 21:39:11.696 D/LBService(11594): add o=com.android.ggapsvc.LBService, busyCount=2
06-27 21:39:11.696 D/LBService(11594): onStartCommand action=com.excelliance.dualaid.action.download
06-27 21:39:11.696 D/LBService(11594): remove o=com.android.ggapsvc.LBService, busyCount=1
06-27 21:39:11.696 D/LBService(11594): add o=com.android.ggapsvc.LBService, busyCount=2
06-27 21:39:11.696 D/LBService(11594): remove o=com.android.ggapsvc.LBService, busyCount=1
06-27 21:39:11.696 D/LBService(11594): add o=com.excelliance.kxqp.e$1, busyCount=2
06-27 21:39:11.696 D/DownloadService(11594): url:http://cdn.multiopen.cn/dynamicsdk/hi6250_applist/1/fe2231a8e332d40a0627fa4075fa82ed.zip fileName:fe2231a8e332d40a0627fa4075fa82ed.zip  dir:/storage/emulated/0/.com.excelliance.dualaid/apk
06-27 21:39:11.696 D/DownloadService(11594): put into downloadMap fe2231a8e332d40a0627fa4075fa82ed.zip
06-27 21:39:11.697 D/LBService(11594): remove o=com.android.ggapsvc.LBService, busyCount=1
06-27 21:39:11.697 D/LBService(11594): add o=com.excelliance.kxqp.e$1, busyCount=2
06-27 21:39:11.698 D/PMS1000 (  702): package:com.excelliance.dualaid, input flags:8192, output hwFlags:0
06-27 21:39:11.699 W/HSM     ( 2112): HoldService:toast switch is close!
06-27 21:39:11.701 D/ApplicationPackageManager(11342): queryIntentActivitiesAsUser blocked, Intent { act=android.intent.action.MAIN cat=[android.intent.category.LAUNCHER] pkg=com.tencent.mm }
06-27 21:39:11.701 D/HsmInterfaceImpl(11342): List [ResolveInfo{c24bde1 com.tencent.mm/.ui.LauncherUI m=0x108000}]
06-27 21:39:11.707 D/NetworkSecurityConfig(11594): No Network Security Config specified, using platform default
06-27 21:39:11.717 W/HSM     ( 2112): HoldService:toast switch is close!
06-27 21:39:11.718 D/ApplicationPackageManager(11342): queryIntentActivitiesAsUser blocked, Intent { act=android.intent.action.MAIN cat=[android.intent.category.LAUNCHER] pkg=com.android.providers.media }
06-27 21:39:11.718 D/HsmInterfaceImpl(11342): List []
06-27 21:39:11.722 W/HSM     ( 2112): HoldService:toast switch is close!
06-27 21:39:11.722 D/ApplicationPackageManager(11342): queryIntentActivitiesAsUser blocked, Intent { act=android.intent.action.MAIN cat=[android.intent.category.LAUNCHER] pkg=com.huawei.vassistant }
06-27 21:39:11.722 D/HsmInterfaceImpl(11342): List [ResolveInfo{a859706 com.huawei.vassistant/.ui.main.VAssistantActivity m=0x108000}]
06-27 21:39:11.725 E/asset   (11342): createFromFile(): lock file /data/resource-cache/system@emui@base@overlay@frameworkhwexthonor@frameworkhwexthonor.apk@idmap.
06-27 21:39:11.726 E/asset   (11342): createFromFile(): lock file /data/resource-cache/system@emui@base@overlay@frameworkhwexthonor@frameworkhwexthonor.apk@idmap.
06-27 21:39:11.726 W/ResourceType(11342): Found multiple library tables, ignoring...
06-27 21:39:11.748 D/DownloadService(11594): publishProgress entered progress:1
06-27 21:39:11.749 D/DownloadService(11594): publishProgress entered progress:2
06-27 21:39:11.752 D/DownloadService(11594): publishProgress entered progress:1
06-27 21:39:11.753 D/DownloadService(11594): publishProgress entered progress:2
06-27 21:39:11.753 D/DownloadService(11594): publishProgress entered progress:4
06-27 21:39:11.754 D/DownloadService(11594): publishProgress entered progress:5
06-27 21:39:11.754 D/DownloadService(11594): publishProgress entered progress:4
06-27 21:39:11.755 D/DownloadService(11594): publishProgress entered progress:6
06-27 21:39:11.755 D/DownloadService(11594): publishProgress entered progress:6
06-27 21:39:11.756 D/DownloadService(11594): publishProgress entered progress:8
06-27 21:39:11.757 D/DownloadService(11594): publishProgress entered progress:7
06-27 21:39:11.758 D/DownloadService(11594): publishProgress entered progress:8
06-27 21:39:11.759 D/PMS1000 (  702): package:com.excelliance.dualaid, input flags:8192, output hwFlags:0
06-27 21:39:11.759 D/DownloadService(11594): publishProgress entered progress:10
06-27 21:39:11.759 D/DownloadService(11594): publishProgress entered progress:9
06-27 21:39:11.760 W/HSM     ( 2112): HoldService:toast switch is close!
06-27 21:39:11.760 D/DownloadService(11594): publishProgress entered progress:12
06-27 21:39:11.760 D/DownloadService(11594): publishProgress entered progress:11
06-27 21:39:11.760 D/DownloadService(11594): publishProgress entered progress:14
06-27 21:39:11.761 D/ApplicationPackageManager(11342): queryIntentActivitiesAsUser blocked, Intent { act=android.intent.action.MAIN cat=[android.intent.category.LAUNCHER] pkg=com.facebook.katana }
06-27 21:39:11.761 D/HsmInterfaceImpl(11342): List [ResolveInfo{4e571d com.facebook.katana/.LoginActivity m=0x108000}]
06-27 21:39:11.761 D/DownloadService(11594): publishProgress entered progress:12
06-27 21:39:11.761 D/DownloadService(11594): publishProgress entered progress:16
06-27 21:39:11.762 D/DownloadService(11594): publishProgress entered progress:18
06-27 21:39:11.763 D/DownloadService(11594): publishProgress entered progress:13
06-27 21:39:11.763 D/DownloadService(11594): publishProgress entered progress:20
06-27 21:39:11.764 D/DownloadService(11594): publishProgress entered progress:14
06-27 21:39:11.764 D/DownloadService(11594): publishProgress entered progress:22
06-27 21:39:11.765 D/DownloadService(11594): publishProgress entered progress:15
06-27 21:39:11.767 D/DownloadService(11594): publishProgress entered progress:24
06-27 21:39:11.768 D/DownloadService(11594): publishProgress entered progress:16
06-27 21:39:11.772 V/ActivityManager(  702): Making visible and scheduling visibility: ActivityRecord{75b9607 u0 com.huawei.android.launcher/.unihome.UniHomeLauncher t4435}
06-27 21:39:11.772 V/WindowManager(  702): No longer Stopped: AppWindowToken{f1ad55d token=Token{a1f3334 ActivityRecord{75b9607 u0 com.huawei.android.launcher/.unihome.UniHomeLauncher t4435}}}
06-27 21:39:11.788 D/DownloadService(11594): publishProgress entered progress:26
06-27 21:39:11.788 D/DownloadService(11594): publishProgress entered progress:18
06-27 21:39:11.788 D/ActivityThread(11342): Remove activity client record, r= ActivityRecord{6431043 token=android.os.BinderProxy@252b28e {com.excelliance.dualaid/com.excelliance.kxqp.swipe.NavActivity2}} token= android.os.BinderProxy@252b28e
06-27 21:39:11.789 W/AwareLog(  702): SchedLevelBoost: onFgActivitiesChanged config not set!
06-27 21:39:11.789 D/HwGameAssistantController(  702): pid=3064, uid=10056, foreground=true
06-27 21:39:11.789 D/DownloadService(11594): publishProgress entered progress:19
06-27 21:39:11.790 D/DownloadService(11594): publishProgress entered progress:28
06-27 21:39:11.790 D/DownloadService(11594): publishProgress entered progress:20
06-27 21:39:11.790 V/WindowManager(  702): removeIfPossible: Window{2a26cde u0 com.excelliance.dualaid/com.excelliance.kxqp.swipe.NavActivity2} callers=com.android.server.wm.WindowState.removeIfPossible:1914 com.android.server.wm.WindowManagerService.removeWindow:2022 com.android.server.wm.Session.remove:218 android.view.IWindowSession$Stub.onTransact:242 com.android.server.wm.Session.onTransact:161 
06-27 21:39:11.790 I/WindowManager(  702): Destroying surface Surface(name=com.excelliance.dualaid/com.excelliance.kxqp.swipe.NavActivity2) called by com.android.server.wm.WindowStateAnimator.destroySurface:2060 com.android.server.wm.WindowStateAnimator.destroySurfaceLocked:873 com.android.server.wm.HwWindowStateAnimator.destroySurfaceLocked:1006 com.android.server.wm.WindowState.removeImmediately:1899 com.android.server.wm.WindowState.removeIfPossible:2051 com.android.server.wm.WindowState.removeIfPossible:1914 com.android.server.wm.WindowManagerService.removeWindow:2022 com.android.server.wm.Session.remove:218 
06-27 21:39:11.790 D/DownloadService(11594): publishProgress entered progress:21
06-27 21:39:11.791 V/WindowManager(  702): postWindowRemoveCleanupLocked: Window{2a26cde u0 com.excelliance.dualaid/com.excelliance.kxqp.swipe.NavActivity2}
06-27 21:39:11.791 D/HwQoEUtils(  702): mForegroundAppPackageName: com.huawei.android.launcher ,score: 0
06-27 21:39:11.791 V/WindowManager(  702): Removing Window{2a26cde u0 com.excelliance.dualaid/com.excelliance.kxqp.swipe.NavActivity2} from AppWindowToken{6eabdeb token=Token{c3e4d3a ActivityRecord{cda5c65 u0 com.excelliance.dualaid/com.excelliance.kxqp.swipe.NavActivity2 t15313}}}
06-27 21:39:11.791 D/HwQoEUtils(  702): onForegroundAppWifiSleepChange: config:false, sleeptime:-1,type: 255, appname:com.huawei.android.launcher
06-27 21:39:11.792 D/DownloadService(11594): publishProgress entered progress:22
06-27 21:39:11.792 D/DownloadService(11594): publishProgress entered progress:23
06-27 21:39:11.793 D/HwArpVerifier(  702): getGateWayARPResponses: arp rtt = 8
06-27 21:39:11.793 D/DownloadService(11594): publishProgress entered progress:30
06-27 21:39:11.793 E/HwCHRWifiRSSIGroupSummery(  702): updatArpSummery mRSSI:-46  HwCHRWifiRSSIGroup [rssi_index=4, rtt_tcp_packets=0, rtt_tcp_duration=0, rtt_lan_duration=81, rtt_lan_failures=0, rtt_lan_succ=11, rtt_lan_max=11, rtt_lan_min=2,same_area_frequency=0,adjacent_area_frequency=0]
06-27 21:39:11.793 V/WindowManager(  702): removeAppToken: AppWindowToken{6eabdeb token=Token{c3e4d3a ActivityRecord{cda5c65 u0 com.excelliance.dualaid/com.excelliance.kxqp.swipe.NavActivity2 t15313}}} delayed=false Callers=com.android.server.wm.DisplayContent.removeAppToken:985 com.android.server.wm.AppWindowContainerController.removeContainer:348 com.android.server.am.ActivityRecord.removeWindowContainer:1039 com.android.server.am.ActivityStack.removeActivityFromHistoryLocked:4491 
06-27 21:39:11.794 D/HwQoEUtils(  702): APP type: 255 appName= com.huawei.android.launcher
06-27 21:39:11.794 D/DownloadService(11594): publishProgress entered progress:25
06-27 21:39:11.794 D/DownloadService(11594): publishProgress entered progress:26
06-27 21:39:11.795 D/DownloadService(11594): publishProgress entered progress:27
06-27 21:39:11.795 D/HwQoEUtils(  702): no game, APP_TYPE_GAME, appName =com.huawei.android.launcher
06-27 21:39:11.795 D/DownloadService(11594): publishProgress entered progress:32
06-27 21:39:11.795 D/DownloadService(11594): publishProgress entered progress:28
06-27 21:39:11.796 D/DownloadService(11594): publishProgress entered progress:34
06-27 21:39:11.796 D/DownloadService(11594): publishProgress entered progress:36
06-27 21:39:11.796 D/DownloadService(11594): publishProgress entered progress:38
06-27 21:39:11.796 I/HwNetworkPolicy(  702): onTransact, code = 203
06-27 21:39:11.796 I/HwNetworkPolicyManager( 2112): getHwUidPolicy uid = 10056 policy = 0
06-27 21:39:11.797 D/DownloadService(11594): publishProgress entered progress:40
06-27 21:39:11.797 D/DownloadService(11594): publishProgress entered progress:42
06-27 21:39:11.797 D/DownloadService(11594): publishProgress entered progress:44
06-27 21:39:11.797 D/DownloadService(11594): publishProgress entered progress:46
06-27 21:39:11.798 D/DownloadService(11594): publishProgress entered progress:48
06-27 21:39:11.798 D/DownloadService(11594): publishProgress entered progress:50
06-27 21:39:11.798 D/DownloadService(11594): publishProgress entered progress:52
06-27 21:39:11.798 D/DownloadService(11594): publishProgress entered progress:54
06-27 21:39:11.799 D/DownloadService(11594): publishProgress entered progress:29
06-27 21:39:11.799 D/DownloadService(11594): publishProgress entered progress:56
06-27 21:39:11.801 D/DownloadService(11594): publishProgress entered progress:58
06-27 21:39:11.802 E/asset   (11342): createFromFile(): lock file /data/resource-cache/system@emui@base@overlay@frameworkhwexthonor@frameworkhwexthonor.apk@idmap.
06-27 21:39:11.802 E/asset   (11342): createFromFile(): lock file /data/resource-cache/system@emui@base@overlay@frameworkhwexthonor@frameworkhwexthonor.apk@idmap.
06-27 21:39:11.802 W/ResourceType(11342): Found multiple library tables, ignoring...
06-27 21:39:11.802 D/DownloadService(11594): publishProgress entered progress:31
06-27 21:39:11.803 E/HwLauncher( 3064): SettingsEx , no such field.
06-27 21:39:11.803 D/DownloadService(11594): publishProgress entered progress:32
06-27 21:39:11.803 W/HwLauncher( 3064): Clock getDataFormat the getSystemString failed.
06-27 21:39:11.804 V/ActivityThread( 3064): Handle window ActivityRecord{af69c75 token=android.os.BinderProxy@8fafd08 {com.huawei.android.launcher/com.huawei.android.launcher.unihome.UniHomeLauncher}} visibility: true
06-27 21:39:11.804 D/DownloadService(11594): publishProgress entered progress:33
06-27 21:39:11.805 D/DownloadService(11594): publishProgress entered progress:34
06-27 21:39:11.806 D/DownloadService(11594): publishProgress entered progress:35
06-27 21:39:11.807 D/DownloadService(11594): publishProgress entered progress:60
06-27 21:39:11.807 D/DownloadService(11594): publishProgress entered progress:36
06-27 21:39:11.807 D/DownloadService(11594): publishProgress entered progress:62
06-27 21:39:11.808 D/DownloadService(11594): publishProgress entered progress:64
06-27 21:39:11.808 D/DownloadService(11594): publishProgress entered progress:66
06-27 21:39:11.809 D/DownloadService(11594): publishProgress entered progress:68
06-27 21:39:11.809 D/DownloadService(11594): publishProgress entered progress:70
06-27 21:39:11.809 D/DownloadService(11594): publishProgress entered progress:72
06-27 21:39:11.810 D/DownloadService(11594): publishProgress entered progress:74
06-27 21:39:11.811 D/DownloadService(11594): publishProgress entered progress:76
06-27 21:39:11.812 D/DownloadService(11594): publishProgress entered progress:78
06-27 21:39:11.812 D/DownloadService(11594): publishProgress entered progress:80
06-27 21:39:11.812 D/DownloadService(11594): publishProgress entered progress:82
06-27 21:39:11.812 D/DownloadService(11594): publishProgress entered progress:84
06-27 21:39:11.813 D/DownloadService(11594): publishProgress entered progress:86
06-27 21:39:11.813 D/DownloadService(11594): publishProgress entered progress:88
06-27 21:39:11.813 D/DownloadService(11594): publishProgress entered progress:90
06-27 21:39:11.813 D/DownloadService(11594): publishProgress entered progress:92
06-27 21:39:11.813 D/DownloadService(11594): publishProgress entered progress:94
06-27 21:39:11.814 D/DownloadService(11594): publishProgress entered progress:96
06-27 21:39:11.814 D/DownloadService(11594): publishProgress entered progress:38
06-27 21:39:11.814 D/DownloadService(11594): publishProgress entered progress:98
06-27 21:39:11.814 D/DownloadService(11594): publishProgress entered progress:39
06-27 21:39:11.815 D/DownloadService(11594): publishProgress entered progress:100
06-27 21:39:11.815 D/DownloadService(11594): publishProgress entered progress:40
06-27 21:39:11.815 D/DownloadService(11594): publishProgress entered progress:41
06-27 21:39:11.815 D/DownloadService(11594): publishProgress entered progress:42
06-27 21:39:11.816 D/DownloadService(11594): publishProgress entered progress:43
06-27 21:39:11.816 D/DownloadService(11594): publishProgress entered progress:45
06-27 21:39:11.816 D/DownloadService(11594): publishProgress entered progress:46
06-27 21:39:11.816 D/DownloadService(11594): publishProgress entered progress:47
06-27 21:39:11.817 D/DownloadService(11594): publishProgress entered progress:48
06-27 21:39:11.817 D/DownloadService(11594): publishProgress entered progress:49
06-27 21:39:11.817 D/DownloadService(11594): publishProgress entered progress:50
06-27 21:39:11.818 V/DownloadService(11594): unzipDir:hi6250_launch
06-27 21:39:11.820 V/GameUtil(11594): saveVersionToFileByKey  xml_key :hi6250_launch  result:1
06-27 21:39:11.820 D/mali_winsys( 3064): EGLint new_window_surface(egl_winsys_display *, void *, EGLSurface, EGLConfig, egl_winsys_surface **, egl_color_buffer_format *, EGLBoolean) returns 0x3000
06-27 21:39:11.821 I/GRALLOC (  667): 	 shrFd=10,fmt=0x1,intFmt=0x200000001,btStrd=4352,size=8486912,pid=667 
06-27 21:39:11.821 I/GRALLOC (  667): 	 yuv=2,w=1080,h=1920,Stride u=0 v=0,offset u=0 v=0 
06-27 21:39:11.821 I/GRALLOC (  667): 	 iova_size=8486912,conUsg=0xb00,proUsg=0xb00,	 strd=1088,[afbc]HdrStrd=1088 PyldStrd=69632 Scrmbl=2,ionhnd = 1 
06-27 21:39:11.822 I/GRALLOC (  667): 	 shrFd=10,fmt=0x1,intFmt=0x200000001,btStrd=4352,size=8486912,pid=667 
06-27 21:39:11.822 I/GRALLOC (  667): 	 yuv=2,w=1080,h=1920,Stride u=0 v=0,offset u=0 v=0 
06-27 21:39:11.822 I/GRALLOC (  667): 	 iova_size=8486912,conUsg=0xb00,proUsg=0xb00,	 strd=1088,[afbc]HdrStrd=1088 PyldStrd=69632 Scrmbl=2,ionhnd = 1 
06-27 21:39:11.825 D/DownloadService(11594): publishProgress entered progress:52
06-27 21:39:11.825 I/GRALLOC (  667): 	 shrFd=10,fmt=0x1,intFmt=0x200000001,btStrd=4352,size=8486912,pid=667 
06-27 21:39:11.825 I/GRALLOC (  667): 	 yuv=2,w=1080,h=1920,Stride u=0 v=0,offset u=0 v=0 
06-27 21:39:11.825 I/GRALLOC (  667): 	 iova_size=8486912,conUsg=0xb00,proUsg=0xb00,	 strd=1088,[afbc]HdrStrd=1088 PyldStrd=69632 Scrmbl=2,ionhnd = 1 
06-27 21:39:11.826 D/DownloadService(11594): publishProgress entered progress:53
06-27 21:39:11.827 D/DownloadService(11594): publishProgress entered progress:54
06-27 21:39:11.827 D/LBService(11594): remove o=com.excelliance.kxqp.e$1, busyCount=1
06-27 21:39:11.827 D/DownloadService(11594): publishProgress entered progress:55
06-27 21:39:11.828 D/HwArpVerifier(  702): There are 1 mac address for gateway 
06-27 21:39:11.828 D/DownloadService(11594): publishProgress entered progress:56
06-27 21:39:11.828 D/HwArpVerifier(  702): from HEART_CHECK transmit to state:HEART_CHECK
06-27 21:39:11.828 D/HwArpVerifier(  702): msg what=124 arg1(token)=91 arg2(mode)=0 delay=30000
06-27 21:39:11.828 D/HwArpVerifier(  702): performPollAndLog:
06-27 21:39:11.828 D/DownloadService(11594): publishProgress entered progress:58
06-27 21:39:11.828 D/DownloadService(11594): publishProgress entered progress:59
06-27 21:39:11.829 D/DownloadService(11594): publishProgress entered progress:60
06-27 21:39:11.829 D/DownloadService(11594): publishProgress entered progress:61
06-27 21:39:11.829 D/DownloadService(11594): publishProgress entered progress:62
06-27 21:39:11.829 D/DownloadService(11594): publishProgress entered progress:63
06-27 21:39:11.829 D/DownloadService(11594): publishProgress entered progress:65
06-27 21:39:11.830 D/DownloadService(11594): publishProgress entered progress:66
06-27 21:39:11.830 D/DownloadService(11594): publishProgress entered progress:67
06-27 21:39:11.830 D/DownloadService(11594): publishProgress entered progress:68
06-27 21:39:11.830 D/DownloadService(11594): publishProgress entered progress:69
06-27 21:39:11.831 D/DownloadService(11594): publishProgress entered progress:70
06-27 21:39:11.831 D/DownloadService(11594): publishProgress entered progress:72
06-27 21:39:11.831 D/DownloadService(11594): publishProgress entered progress:73
06-27 21:39:11.831 D/DownloadService(11594): publishProgress entered progress:74
06-27 21:39:11.832 D/DownloadService(11594): publishProgress entered progress:75
06-27 21:39:11.832 D/DownloadService(11594): publishProgress entered progress:76
06-27 21:39:11.832 D/DownloadService(11594): publishProgress entered progress:77
06-27 21:39:11.832 D/DownloadService(11594): publishProgress entered progress:79
06-27 21:39:11.833 D/DownloadService(11594): publishProgress entered progress:80
06-27 21:39:11.833 D/DownloadService(11594): publishProgress entered progress:81
06-27 21:39:11.833 D/DownloadService(11594): publishProgress entered progress:82
06-27 21:39:11.833 D/DownloadService(11594): publishProgress entered progress:83
06-27 21:39:11.834 D/PMS1000 (  702): package:com.excelliance.dualaid, input flags:8192, output hwFlags:0
06-27 21:39:11.834 D/DownloadService(11594): publishProgress entered progress:85
06-27 21:39:11.835 W/HSM     ( 2112): HoldService:toast switch is close!
06-27 21:39:11.836 D/ApplicationPackageManager(11342): queryIntentActivitiesAsUser blocked, Intent { act=android.intent.action.MAIN cat=[android.intent.category.LAUNCHER] pkg=com.huawei.trustcircle }
06-27 21:39:11.836 D/HsmInterfaceImpl(11342): List []
06-27 21:39:11.837 D/DownloadService(11594): publishProgress entered progress:86
06-27 21:39:11.838 D/DownloadService(11594): publishProgress entered progress:87
06-27 21:39:11.843 D/PMS1000 (  702): package:com.excelliance.dualaid, input flags:8192, output hwFlags:0
06-27 21:39:11.843 D/hw_netstat(  702): total/159353/32461,com.excelliance.dualaid/154280/9870,com.android.vending/2931/19040,com.google.uid.shared:10089/600/2844,unknown:0/1431/445,android.uid.system:1000/111/262
06-27 21:39:11.845 W/HSM     ( 2112): HoldService:toast switch is close!
06-27 21:39:11.845 D/DownloadService(11594): publishProgress entered progress:88
06-27 21:39:11.846 D/DownloadService(11594): publishProgress entered progress:89
06-27 21:39:11.846 D/DownloadService(11594): publishProgress entered progress:90
06-27 21:39:11.846 D/ApplicationPackageManager(11342): queryIntentActivitiesAsUser blocked, Intent { act=android.intent.action.MAIN cat=[android.intent.category.LAUNCHER] pkg=com.jingdong.app.mall }
06-27 21:39:11.846 D/HsmInterfaceImpl(11342): List [ResolveInfo{97e4819 com.jingdong.app.mall/.main.MainActivity m=0x108000}]
06-27 21:39:11.847 D/DownloadService(11594): publishProgress entered progress:92
06-27 21:39:11.849 D/DownloadService(11594): publishProgress entered progress:93
06-27 21:39:11.850 D/DownloadService(11594): publishProgress entered progress:94
06-27 21:39:11.851 D/DownloadService(11594): publishProgress entered progress:95
06-27 21:39:11.853 D/DownloadService(11594): publishProgress entered progress:96
06-27 21:39:11.854 D/DownloadService(11594): publishProgress entered progress:97
06-27 21:39:11.855 D/DownloadService(11594): publishProgress entered progress:99
06-27 21:39:11.856 D/DownloadService(11594): publishProgress entered progress:100
06-27 21:39:11.856 D/WindowManager(  702): finishDrawingWindow: Window{c867ee5 u0 com.huawei.android.launcher/com.huawei.android.launcher.unihome.UniHomeLauncher} mDrawState=DRAW_PENDING
06-27 21:39:11.858 D/ImageWallpaper( 1789): onOffsetsChanged: xOffset=0.0, yOffset=0.0, xOffsetStep=0.0, yOffsetStep=0.0, xPixels=0, yPixels=0
06-27 21:39:11.858 D/ImageWallpaper( 1789): Suppressed drawFrame since redraw is not needed and offsets have not changed.sf=Rect(0, 0 - 2160, 1920)
06-27 21:39:11.858 V/DownloadService(11594): unzipDir:hi6250_applist
06-27 21:39:11.858 D/ImageWallpaper( 1789): onVisibilityChanged: mVisible, visible=false, true
06-27 21:39:11.858 D/ImageWallpaper( 1789): Visibility changed to visible=true
06-27 21:39:11.858 D/ImageWallpaper( 1789): Suppressed drawFrame since redraw is not needed and offsets have not changed.sf=Rect(0, 0 - 2160, 1920)
06-27 21:39:11.859 D/HwFLClassLoader( 3064): USE_FEATURE_LIST had not init! 
06-27 21:39:11.861 V/GameUtil(11594): saveVersionToFileByKey  xml_key :hi6250_applist  result:1
06-27 21:39:11.866 D/LBService(11594): remove o=com.excelliance.kxqp.e$1, busyCount=0
06-27 21:39:11.870 D/HwFLClassLoader( 3064): USE_FEATURE_LIST had not init! 
06-27 21:39:11.885 D/PMS1000 (  702): package:com.excelliance.dualaid, input flags:8192, output hwFlags:0
06-27 21:39:11.886 W/HSM     ( 2112): HoldService:toast switch is close!
06-27 21:39:11.887 D/ApplicationPackageManager(11342): queryIntentActivitiesAsUser blocked, Intent { act=android.intent.action.MAIN cat=[android.intent.category.LAUNCHER] pkg=com.tencent.mobileqq }
06-27 21:39:11.887 D/HsmInterfaceImpl(11342): List [ResolveInfo{1d8b2bf com.tencent.mobileqq/.activity.SplashActivity m=0x108000}]
06-27 21:39:11.888 E/WifiHAL (  694): enter wifi_get_link_stats
06-27 21:39:11.897 E/wificond(  801): Failed to get NL80211_STA_INFO_CNAHLOAD
06-27 21:39:11.897 E/WificondControl(  702): Noise: -92, Snr: 0, Chload: -1
06-27 21:39:11.897 D/HwWifiCHRStateManager(  702): handleMessage : 1001
06-27 21:39:11.897 D/HwWifiCHRStateManager(  702): handleUpdateChannel:5805
06-27 21:39:11.897 V/HwWifiServiceFactory(  702): get AllImpl object = com.android.server.wifi.HwWifiServiceFactoryImpl@8e45e98
06-27 21:39:11.898 D/WifiScoreReport(  702): Score = 100, wifiConnectivityManagerEnabled = false, lowScoreCount = 0
06-27 21:39:11.900 D/PMS1000 (  702): package:com.excelliance.dualaid, input flags:8192, output hwFlags:0
06-27 21:39:11.901 W/HSM     ( 2112): HoldService:toast switch is close!
06-27 21:39:11.901 D/ApplicationPackageManager(11342): queryIntentActivitiesAsUser blocked, Intent { act=android.intent.action.MAIN cat=[android.intent.category.LAUNCHER] pkg=com.zol.android }
06-27 21:39:11.901 D/HsmInterfaceImpl(11342): List [ResolveInfo{e747d8c com.zol.android/.ui.FirstActivity m=0x108000}]
06-27 21:39:11.909 D/HwFLClassLoader( 3064): USE_FEATURE_LIST had not init! 
06-27 21:39:11.928 D/PMS1000 (  702): package:com.excelliance.dualaid, input flags:8192, output hwFlags:0
06-27 21:39:11.930 W/HSM     ( 2112): HoldService:toast switch is close!
06-27 21:39:11.931 D/ApplicationPackageManager(11342): queryIntentActivitiesAsUser blocked, Intent { act=android.intent.action.MAIN cat=[android.intent.category.LAUNCHER] pkg=com.huawei.hiskytone }
06-27 21:39:11.931 D/HsmInterfaceImpl(11342): List [ResolveInfo{fc1ccea com.huawei.hiskytone/com.huawei.skytone.account.welcome.SplashActivity m=0x108000}]
06-27 21:39:11.932 E/asset   ( 3064): createFromFile(): lock file /data/resource-cache/system@emui@base@overlay@frameworkhwexthonor@frameworkhwexthonor.apk@idmap.
06-27 21:39:11.932 E/Thermal-daemon(  800): [pa_0] temp_new :37  temp_old :36
06-27 21:39:11.933 E/asset   ( 3064): createFromFile(): lock file /data/resource-cache/system@emui@base@overlay@frameworkhwexthonor@frameworkhwexthonor.apk@idmap.
06-27 21:39:11.933 W/ResourceType( 3064): Found multiple library tables, ignoring...
06-27 21:39:11.933 I/ThermalService( 2168): Receive temperature change, type: 1, temp: 37 from thermald
06-27 21:39:11.933 E/Thermal-daemon(  800): Report temperature: [pa_0] temp :37  report_threshold:1
06-27 21:39:11.933 D/HwThermalStateManager( 2168): Thermal type: 1 cur_temperature:37
06-27 21:39:11.938 D/HwFLClassLoader( 3064): USE_FEATURE_LIST had not init! 
06-27 21:39:11.952 E/asset   ( 3064): createFromFile(): lock file /data/resource-cache/system@emui@base@overlay@frameworkhwexthonor@frameworkhwexthonor.apk@idmap.
06-27 21:39:11.952 E/asset   ( 3064): createFromFile(): lock file /data/resource-cache/system@emui@base@overlay@frameworkhwexthonor@frameworkhwexthonor.apk@idmap.
06-27 21:39:11.952 W/ResourceType( 3064): Found multiple library tables, ignoring...
06-27 21:39:11.959 D/HwFLClassLoader( 3064): USE_FEATURE_LIST had not init! 
06-27 21:39:11.969 D/PMS1000 (  702): package:com.excelliance.dualaid, input flags:8192, output hwFlags:0
06-27 21:39:11.969 E/asset   ( 3064): createFromFile(): lock file /data/resource-cache/system@emui@base@overlay@frameworkhwexthonor@frameworkhwexthonor.apk@idmap.
06-27 21:39:11.969 E/asset   ( 3064): createFromFile(): lock file /data/resource-cache/system@emui@base@overlay@frameworkhwexthonor@frameworkhwexthonor.apk@idmap.
06-27 21:39:11.969 W/ResourceType( 3064): Found multiple library tables, ignoring...
06-27 21:39:11.971 W/HSM     ( 2112): HoldService:toast switch is close!
06-27 21:39:11.972 D/ApplicationPackageManager(11342): queryIntentActivitiesAsUser blocked, Intent { act=android.intent.action.MAIN cat=[android.intent.category.LAUNCHER] pkg=com.huawei.hwid }
06-27 21:39:11.972 D/HsmInterfaceImpl(11342): List []
06-27 21:39:11.974 D/HwFLClassLoader( 3064): USE_FEATURE_LIST had not init! 
06-27 21:39:11.978 D/PMS1000 (  702): package:com.excelliance.dualaid, input flags:8192, output hwFlags:0
06-27 21:39:11.980 W/HSM     ( 2112): HoldService:toast switch is close!
06-27 21:39:11.981 D/ApplicationPackageManager(11342): queryIntentActivitiesAsUser blocked, Intent { act=android.intent.action.MAIN cat=[android.intent.category.LAUNCHER] pkg=com.sina.weibo }
06-27 21:39:11.981 D/HsmInterfaceImpl(11342): List [ResolveInfo{bc7e151 com.sina.weibo/.SplashActivity m=0x108000}]
06-27 21:39:12.041 D/PMS1000 (  702): package:com.excelliance.dualaid, input flags:8192, output hwFlags:0
06-27 21:39:12.043 W/HSM     ( 2112): HoldService:toast switch is close!
06-27 21:39:12.043 D/ApplicationPackageManager(11342): queryIntentActivitiesAsUser blocked, Intent { act=android.intent.action.MAIN cat=[android.intent.category.LAUNCHER] pkg=com.antutu.ABenchMark }
06-27 21:39:12.043 D/HsmInterfaceImpl(11342): List [ResolveInfo{da43ab7 com.antutu.ABenchMark/.ABenchMarkStart m=0x108000}]
06-27 21:39:12.074 W/HSM     ( 2112): HoldService:toast switch is close!
06-27 21:39:12.074 D/ApplicationPackageManager(11342): queryIntentActivitiesAsUser blocked, Intent { act=android.intent.action.MAIN cat=[android.intent.category.LAUNCHER] pkg=com.sankuai.meituan.takeoutnew }
06-27 21:39:12.074 D/HsmInterfaceImpl(11342): List [ResolveInfo{29b0f42 com.sankuai.meituan.takeoutnew/.ui.page.boot.WelcomeActivity m=0x108000}]
06-27 21:39:12.107 W/HSM     ( 2112): HoldService:toast switch is close!
06-27 21:39:12.109 D/ApplicationPackageManager(11342): queryIntentActivitiesAsUser blocked, Intent { act=android.intent.action.MAIN cat=[android.intent.category.LAUNCHER] pkg=com.vmall.client }
06-27 21:39:12.109 D/HsmInterfaceImpl(11342): List [ResolveInfo{8670c90 com.vmall.client/.splash.fragment.SplashActivity m=0x108000}]
06-27 21:39:12.134 I/TrafficMonitor(  702): update:rxPkts:118,txPkts:125,rxBytes:153000,txBytes:8701
06-27 21:39:12.134 I/TrafficMonitor(  702): no expired. level:5
06-27 21:39:12.134 I/TrafficMonitor(  702): gettimer:interval=2000
06-27 21:39:12.134 I/TrafficMonitor(  702): during_ms:2004,period_ms:2000
06-27 21:39:12.134 I/TrafficMonitor(  702): count:257,rx_sum:118,tx_sum:125,rxBytes:153000,during_ms:2004,rx_speed:76347.30538922155,tx_speed:4341.816367265469,rto:0.944
06-27 21:39:12.134 D/HuaweiWifiWatchdogStateMachine(  702): speed: rxpkt:118, rxSpd:76347B/s, txpkt:125, txSpd:4341
06-27 21:39:12.139 D/PMS1000 (  702): package:com.excelliance.dualaid, input flags:8192, output hwFlags:0
06-27 21:39:12.142 W/HSM     ( 2112): HoldService:toast switch is close!
06-27 21:39:12.143 D/ApplicationPackageManager(11342): queryIntentActivitiesAsUser blocked, Intent { act=android.intent.action.MAIN cat=[android.intent.category.LAUNCHER] pkg=com.android.browser }
06-27 21:39:12.143 D/HsmInterfaceImpl(11342): List [ResolveInfo{769c9af com.android.browser/com.tencent.mtt.SplashActivity m=0x108000}]
06-27 21:39:12.184 W/HSM     ( 2112): HoldService:toast switch is close!
06-27 21:39:12.185 D/ApplicationPackageManager(11342): queryIntentActivitiesAsUser blocked, Intent { act=android.intent.action.MAIN cat=[android.intent.category.LAUNCHER] pkg=com.eg.android.AlipayGphone }
06-27 21:39:12.185 D/HsmInterfaceImpl(11342): List [ResolveInfo{f5f449a com.eg.android.AlipayGphone/.AlipayLogin m=0x108000}]
06-27 21:39:12.209 D/PMS1000 (  702): package:com.excelliance.dualaid, input flags:8192, output hwFlags:0
06-27 21:39:12.212 W/HSM     ( 2112): HoldService:toast switch is close!
06-27 21:39:12.213 D/ApplicationPackageManager(11342): queryIntentActivitiesAsUser blocked, Intent { act=android.intent.action.MAIN cat=[android.intent.category.LAUNCHER] pkg=com.android.mediacenter }
06-27 21:39:12.213 D/HsmInterfaceImpl(11342): List [ResolveInfo{ea7dda8 com.android.mediacenter/.PageActivity m=0x108000}]
06-27 21:39:12.219 E/asset   (11342): createFromFile(): lock file /data/resource-cache/system@emui@base@overlay@frameworkhwexthonor@frameworkhwexthonor.apk@idmap.
06-27 21:39:12.219 E/asset   (11342): createFromFile(): lock file /data/resource-cache/system@emui@base@overlay@frameworkhwexthonor@frameworkhwexthonor.apk@idmap.
06-27 21:39:12.219 W/ResourceType(11342): Found multiple library tables, ignoring...
06-27 21:39:12.255 D/NetWorkUtils( 1789): mVSimCurCardType is -1
06-27 21:39:12.256 W/HSM     ( 2112): HoldService:toast switch is close!
06-27 21:39:12.257 D/ApplicationPackageManager(11342): queryIntentActivitiesAsUser blocked, Intent { act=android.intent.action.MAIN cat=[android.intent.category.LAUNCHER] pkg=com.huawei.himovie }
06-27 21:39:12.257 D/HsmInterfaceImpl(11342): List [ResolveInfo{5833fa7 com.huawei.himovie/.ui.login.SplashScreenActivity m=0x108000}]
06-27 21:39:12.259 D/NetWorkUtils( 1789): mVSimCurCardType is -1
06-27 21:39:12.262 E/asset   (11342): createFromFile(): lock file /data/resource-cache/system@emui@base@overlay@frameworkhwexthonor@frameworkhwexthonor.apk@idmap.
06-27 21:39:12.262 E/asset   (11342): createFromFile(): lock file /data/resource-cache/system@emui@base@overlay@frameworkhwexthonor@frameworkhwexthonor.apk@idmap.
06-27 21:39:12.262 W/ResourceType(11342): Found multiple library tables, ignoring...
06-27 21:39:12.290 W/HSM     ( 2112): HoldService:toast switch is close!
06-27 21:39:12.291 D/ApplicationPackageManager(11342): queryIntentActivitiesAsUser blocked, Intent { act=android.intent.action.MAIN cat=[android.intent.category.LAUNCHER] pkg=com.huawei.hnreader }
06-27 21:39:12.291 D/HsmInterfaceImpl(11342): List [ResolveInfo{419ccf2 com.huawei.hnreader/com.qq.reader.activity.SplashActivity m=0x108000}]
06-27 21:39:12.295 E/asset   (11342): createFromFile(): lock file /data/resource-cache/system@emui@base@overlay@frameworkhwexthonor@frameworkhwexthonor.apk@idmap.
06-27 21:39:12.295 E/asset   (11342): createFromFile(): lock file /data/resource-cache/system@emui@base@overlay@frameworkhwexthonor@frameworkhwexthonor.apk@idmap.
06-27 21:39:12.295 W/ResourceType(11342): Found multiple library tables, ignoring...
06-27 21:39:12.328 W/HSM     ( 2112): HoldService:toast switch is close!
06-27 21:39:12.328 D/ApplicationPackageManager(11342): queryIntentActivitiesAsUser blocked, Intent { act=android.intent.action.MAIN cat=[android.intent.category.LAUNCHER] pkg=com.twitter.android }
06-27 21:39:12.329 D/HsmInterfaceImpl(11342): List [ResolveInfo{1edc6f9 com.twitter.android/.StartActivity m=0x108000}]
06-27 21:39:12.354 W/OpenGLRenderer( 3064): Incorrectly called buildLayer on View: ShortcutAndWidgetContainer, destroying layer...
06-27 21:39:12.354 W/OpenGLRenderer( 3064): Incorrectly called buildLayer on View: ShortcutAndWidgetContainer, destroying layer...
06-27 21:39:12.360 W/HSM     ( 2112): HoldService:toast switch is close!
06-27 21:39:12.360 D/ApplicationPackageManager(11342): queryIntentActivitiesAsUser blocked, Intent { act=android.intent.action.MAIN cat=[android.intent.category.LAUNCHER] pkg=com.baidu.input_huawei }
06-27 21:39:12.360 D/HsmInterfaceImpl(11342): List []
06-27 21:39:12.363 W/HSM     ( 2112): HoldService:toast switch is close!
06-27 21:39:12.364 D/ApplicationPackageManager(11342): queryIntentActivitiesAsUser blocked, Intent { act=android.intent.action.MAIN cat=[android.intent.category.LAUNCHER] pkg=com.google.android.gms }
06-27 21:39:12.364 D/HsmInterfaceImpl(11342): List []
06-27 21:39:12.368 W/HSM     ( 2112): HoldService:toast switch is close!
06-27 21:39:12.368 D/ApplicationPackageManager(11342): queryIntentActivitiesAsUser blocked, Intent { act=android.intent.action.MAIN cat=[android.intent.category.LAUNCHER] pkg=com.sankuai.meituan }
06-27 21:39:12.368 D/HsmInterfaceImpl(11342): List [ResolveInfo{9d5b1ec com.sankuai.meituan/com.meituan.android.pt.homepage.activity.Welcome m=0x108000}]
06-27 21:39:12.417 W/HSM     ( 2112): HoldService:toast switch is close!
06-27 21:39:12.418 D/ApplicationPackageManager(11342): queryIntentActivitiesAsUser blocked, Intent { act=android.intent.action.MAIN cat=[android.intent.category.LAUNCHER] pkg=com.tencent.news }
06-27 21:39:12.418 D/HsmInterfaceImpl(11342): List [ResolveInfo{8e2084a com.tencent.news/.activity.SplashActivity m=0x108000}]
06-27 21:39:12.443 W/HSM     ( 2112): HoldService:toast switch is close!
06-27 21:39:12.443 D/ApplicationPackageManager(11342): queryIntentActivitiesAsUser blocked, Intent { act=android.intent.action.MAIN cat=[android.intent.category.LAUNCHER] pkg=com.iflytek.speechsuite }
06-27 21:39:12.443 D/HsmInterfaceImpl(11342): List []
06-27 21:39:12.445 W/HSM     ( 2112): HoldService:toast switch is close!
06-27 21:39:12.446 D/ApplicationPackageManager(11342): queryIntentActivitiesAsUser blocked, Intent { act=android.intent.action.MAIN cat=[android.intent.category.LAUNCHER] pkg=com.tencent.android.qqdownloader }
06-27 21:39:12.446 D/HsmInterfaceImpl(11342): List [ResolveInfo{46200d8 com.tencent.android.qqdownloader/com.tencent.pangu.link.SplashActivity m=0x108000}]
06-27 21:39:12.476 W/HSM     ( 2112): HoldService:toast switch is close!
06-27 21:39:12.476 D/ApplicationPackageManager(11342): queryIntentActivitiesAsUser blocked, Intent { act=android.intent.action.MAIN cat=[android.intent.category.LAUNCHER] pkg=com.ifreetalk.ftalk }
06-27 21:39:12.476 D/HsmInterfaceImpl(11342): List [ResolveInfo{d405f16 com.ifreetalk.ftalk/.activity.DummyActivity m=0x108000}]
06-27 21:39:12.495 W/HSM     ( 2112): HoldService:toast switch is close!
06-27 21:39:12.495 D/ApplicationPackageManager(11342): queryIntentActivitiesAsUser blocked, Intent { act=android.intent.action.MAIN cat=[android.intent.category.LAUNCHER] pkg=com.taobao.taobao }
06-27 21:39:12.495 D/HsmInterfaceImpl(11342): List [ResolveInfo{2656097 com.taobao.taobao/com.taobao.tao.welcome.Welcome m=0x108000}]
06-27 21:39:12.521 W/HSM     ( 2112): HoldService:toast switch is close!
06-27 21:39:12.521 D/ApplicationPackageManager(11342): queryIntentActivitiesAsUser blocked, Intent { act=android.intent.action.MAIN cat=[android.intent.category.LAUNCHER] pkg=com.android.gallery3d }
06-27 21:39:12.521 D/HsmInterfaceImpl(11342): List [ResolveInfo{9198a6d com.android.gallery3d/com.huawei.gallery.app.GalleryMain m=0x108000}]
06-27 21:39:12.525 E/asset   (11342): createFromFile(): lock file /data/resource-cache/system@emui@base@overlay@frameworkhwexthonor@frameworkhwexthonor.apk@idmap.
06-27 21:39:12.525 E/asset   (11342): createFromFile(): lock file /data/resource-cache/system@emui@base@overlay@frameworkhwexthonor@frameworkhwexthonor.apk@idmap.
06-27 21:39:12.525 W/ResourceType(11342): Found multiple library tables, ignoring...
06-27 21:39:12.558 W/HSM     ( 2112): HoldService:toast switch is close!
06-27 21:39:12.559 D/ApplicationPackageManager(11342): queryIntentActivitiesAsUser blocked, Intent { act=android.intent.action.MAIN cat=[android.intent.category.LAUNCHER] pkg=com.pp.assistant }
06-27 21:39:12.559 D/HsmInterfaceImpl(11342): List [ResolveInfo{ef412f0 com.pp.assistant/.activity.MainActivity m=0x108000}]
06-27 21:39:12.583 W/HSM     ( 2112): HoldService:toast switch is close!
06-27 21:39:12.584 D/ApplicationPackageManager(11342): queryIntentActivitiesAsUser blocked, Intent { act=android.intent.action.MAIN cat=[android.intent.category.LAUNCHER] pkg=com.oppo.market }
06-27 21:39:12.584 D/HsmInterfaceImpl(11342): List [ResolveInfo{53c3aee com.oppo.market/.activity.MainActivity m=0x108000}]
06-27 21:39:12.624 W/HSM     ( 2112): HoldService:toast switch is close!
06-27 21:39:12.625 D/ApplicationPackageManager(11342): queryIntentActivitiesAsUser blocked, Intent { act=android.intent.action.MAIN cat=[android.intent.category.LAUNCHER] pkg=com.excean.wxaid }
06-27 21:39:12.625 D/HsmInterfaceImpl(11342): List [ResolveInfo{b9f6e1c com.excean.wxaid/com.excelliance.kxqp.ui.HelloActivity m=0x108000}]
06-27 21:39:12.654 W/HwResourcesImpl(11342): icon in pkg com.excean.wxaid is too large.sDefaultSizeWithoutEdge = 188bmp.getWidth() = 1536
06-27 21:39:12.669 W/HSM     ( 2112): HoldService:toast switch is close!
06-27 21:39:12.670 D/ApplicationPackageManager(11342): queryIntentActivitiesAsUser blocked, Intent { act=android.intent.action.MAIN cat=[android.intent.category.LAUNCHER] pkg=com.huawei.intelligent }
06-27 21:39:12.670 D/HsmInterfaceImpl(11342): List []
06-27 21:39:12.672 W/HSM     ( 2112): HoldService:toast switch is close!
06-27 21:39:12.672 D/ApplicationPackageManager(11342): queryIntentActivitiesAsUser blocked, Intent { act=android.intent.action.MAIN cat=[android.intent.category.LAUNCHER] pkg=com.google.android.backuptransport }
06-27 21:39:12.672 D/HsmInterfaceImpl(11342): List []
06-27 21:39:12.674 W/HSM     ( 2112): HoldService:toast switch is close!
06-27 21:39:12.675 D/ApplicationPackageManager(11342): queryIntentActivitiesAsUser blocked, Intent { act=android.intent.action.MAIN cat=[android.intent.category.LAUNCHER] pkg=com.huawei.skytone }
06-27 21:39:12.675 D/HsmInterfaceImpl(11342): List []
06-27 21:39:12.677 W/HSM     ( 2112): HoldService:toast switch is close!
06-27 21:39:12.678 D/ApplicationPackageManager(11342): queryIntentActivitiesAsUser blocked, Intent { act=android.intent.action.MAIN cat=[android.intent.category.LAUNCHER] pkg=com.estrongs.android.pop }
06-27 21:39:12.678 D/HsmInterfaceImpl(11342): List [ResolveInfo{63517fa com.estrongs.android.pop/.app.openscreenad.NewSplashActivity m=0x108000}]
06-27 21:39:12.710 W/HSM     ( 2112): HoldService:toast switch is close!
06-27 21:39:12.710 D/ApplicationPackageManager(11342): queryIntentActivitiesAsUser blocked, Intent { act=android.intent.action.MAIN cat=[android.intent.category.LAUNCHER] pkg=com.redfinger.app }
06-27 21:39:12.710 D/HsmInterfaceImpl(11342): List [ResolveInfo{435008 com.redfinger.app/.activity.SplashActivity m=0x108000}]
06-27 21:39:12.739 W/HSM     ( 2112): HoldService:toast switch is close!
06-27 21:39:12.740 D/ApplicationPackageManager(11342): queryIntentActivitiesAsUser blocked, Intent { act=android.intent.action.MAIN cat=[android.intent.category.LAUNCHER] pkg=com.android.vending }
06-27 21:39:12.740 D/HsmInterfaceImpl(11342): List [ResolveInfo{2acb9c6 com.android.vending/.AssetBrowserActivity m=0x108000}]
06-27 21:39:12.770 W/HSM     ( 2112): HoldService:toast switch is close!
06-27 21:39:12.770 D/ApplicationPackageManager(11342): queryIntentActivitiesAsUser blocked, Intent { act=android.intent.action.MAIN cat=[android.intent.category.LAUNCHER] pkg=org.hapjs.mockup }
06-27 21:39:12.771 D/HsmInterfaceImpl(11342): List [ResolveInfo{2aaac52 org.hapjs.mockup/.activity.MainActivity m=0x108000}]
06-27 21:39:12.792 W/HSM     ( 2112): HoldService:toast switch is close!
06-27 21:39:12.792 D/ApplicationPackageManager(11342): queryIntentActivitiesAsUser blocked, Intent { act=android.intent.action.MAIN cat=[android.intent.category.LAUNCHER] pkg=com.huawei.gamebox }
06-27 21:39:12.792 D/HsmInterfaceImpl(11342): List [ResolveInfo{76a1820 com.huawei.gamebox/.GameBoxActivity m=0x108000}]
06-27 21:39:12.796 E/asset   (11342): createFromFile(): lock file /data/resource-cache/system@emui@base@overlay@frameworkhwexthonor@frameworkhwexthonor.apk@idmap.
06-27 21:39:12.796 E/asset   (11342): createFromFile(): lock file /data/resource-cache/system@emui@base@overlay@frameworkhwexthonor@frameworkhwexthonor.apk@idmap.
06-27 21:39:12.796 W/ResourceType(11342): Found multiple library tables, ignoring...
06-27 21:39:12.806 I/Pged-IPgedBinderService(  805): ****action is 2, pid num is 7***
06-27 21:39:12.806 I/Pged-Freezer(  805): thawPids
06-27 21:39:12.808 I/Choreographer(13532): Skipped 89 frames!  The application may be doing too much work on its main thread.
06-27 21:39:12.813 D/PgedBinderAdapter( 2168): unfrz ok, pid: [8723, 13774, 13532, 14845, 1825, 2032]
06-27 21:39:12.818 I/appium  ( 2032): Null child 0/1, parent: android.view.accessibility.AccessibilityNodeInfo@80006e4d; boundsInParent: Rect(0, 0 - 1080, 1920); boundsInScreen: Rect(0, 0 - 1080, 1920); packageName: com.excelliance.dualaid; className: android.widget.FrameLayout; text: null; error: null; maxTextLength: -1; contentDescription: null; viewIdResName: null; checkable: false; checked: false; focusable: false; focused: false; selected: false; clickable: false; longClickable: false; contextClickable: false; enabled: true; password: false; scrollable: false; importantForAccessibility: true; actions: [AccessibilityAction: ACTION_SELECT - null, AccessibilityAction: ACTION_CLEAR_SELECTION - null, AccessibilityAction: ACTION_ACCESSIBILITY_FOCUS - null, AccessibilityAction: ACTION_SHOW_ON_SCREEN - null]
06-27 21:39:12.818 I/appium  ( 2032): Fetch time: 3ms
06-27 21:39:12.823 W/HSM     ( 2112): HoldService:toast switch is close!
06-27 21:39:12.824 D/ApplicationPackageManager(11342): queryIntentActivitiesAsUser blocked, Intent { act=android.intent.action.MAIN cat=[android.intent.category.LAUNCHER] pkg=com.stickgame.los2 }
06-27 21:39:12.824 D/HsmInterfaceImpl(11342): List [ResolveInfo{65eb67f com.stickgame.los2/com.DBGame.DiabloLOL.DiabloLOL m=0x108000}]
06-27 21:39:12.824 I/appium  ( 2032): AppiumResponse: {"sessionId":"c2102299-332e-417d-b2d1-92546da42b89","status":0,"value":"<?xml version=\"1.0\" encoding=\"UTF-8\"?><hierarchy rotation=\"0\"><android.widget.FrameLayout index=\"0\" text=\"\" class=\"android.widget.FrameLayout\" package=\"com.excelliance.dualaid\" content-desc=\"\" checkable=\"false\" checked=\"false\" clickable=\"false\" enabled=\"true\" focusable=\"false\" focused=\"false\" scrollable=\"false\" long-clickable=\"false\" password=\"false\" selected=\"false\" bounds=\"[0,0][1080,1920]\" resource-id=\"\" instance=\"0\"\/><\/hierarchy>"}
06-27 21:39:12.842 W/libc    (  468): Set property "hw.wifi.dns_stat" to "11593,5066,10014,1,148585"
06-27 21:39:12.846 I/appium  ( 2032): channel read invoked!
06-27 21:39:12.846 I/appium  ( 2032): channel read: GET /wd/hub/session/c2102299-332e-417d-b2d1-92546da42b89/source
06-27 21:39:12.862 D/PMS1000 (  702): package:com.excelliance.dualaid, input flags:8192, output hwFlags:0
06-27 21:39:12.865 W/HSM     ( 2112): HoldService:toast switch is close!
06-27 21:39:12.865 D/ApplicationPackageManager(11342): queryIntentActivitiesAsUser blocked, Intent { act=android.intent.action.MAIN cat=[android.intent.category.LAUNCHER] pkg=com.qihoo.appstore }
06-27 21:39:12.865 D/HsmInterfaceImpl(11342): List [ResolveInfo{20373aa com.qihoo.appstore/.home.LauncherActivity m=0x108000}]
06-27 21:39:12.869 I/appium  ( 2032): Skipping invisible child: android.view.accessibility.AccessibilityNodeInfo@1263f; boundsInParent: Rect(0, 0 - 1080, 186); boundsInScreen: Rect(0, 1920 - 1080, 1920); packageName: com.excelliance.dualaid; className: android.view.View; text: null; error: null; maxTextLength: -1; contentDescription: null; viewIdResName: com.excelliance.dualaid:id/first_start_ok_after; checkable: false; checked: false; focusable: false; focused: false; selected: false; clickable: false; longClickable: false; contextClickable: false; enabled: true; password: false; scrollable: false; importantForAccessibility: false; actions: [AccessibilityAction: ACTION_SELECT - null, AccessibilityAction: ACTION_CLEAR_SELECTION - null, AccessibilityAction: ACTION_ACCESSIBILITY_FOCUS - null, AccessibilityAction: ACTION_SHOW_ON_SCREEN - null]
06-27 21:39:12.869 I/appium  ( 2032): Skipping invisible child: android.view.accessibility.AccessibilityNodeInfo@12dc1; boundsInParent: Rect(0, 0 - 1080, 72); boundsInScreen: Rect(0, 0 - 1080, 72); packageName: com.excelliance.dualaid; className: android.view.View; text: null; error: null; maxTextLength: -1; contentDescription: null; viewIdResName: null; checkable: false; checked: false; focusable: false; focused: false; selected: false; clickable: false; longClickable: false; contextClickable: false; enabled: true; password: false; scrollable: false; importantForAccessibility: false; actions: [AccessibilityAction: ACTION_SELECT - null, AccessibilityAction: ACTION_CLEAR_SELECTION - null, AccessibilityAction: ACTION_ACCESSIBILITY_FOCUS - null, AccessibilityAction: ACTION_SHOW_ON_SCREEN - null]
06-27 21:39:12.869 I/appium  ( 2032): Fetch time: 15ms
