06-27 21:39:01.717 I/Utils   ( 3204): getShortCutsInLaunch leave
06-27 21:39:01.717 I/GetInstalledTask( 3204): getAllShortCut() size =91
06-27 21:39:01.731 E/asset   ( 3064): createFromFile(): lock file /data/resource-cache/system@emui@base@overlay@frameworkhwexthonor@frameworkhwexthonor.apk@idmap.
06-27 21:39:01.731 E/asset   ( 3064): createFromFile(): lock file /data/resource-cache/system@emui@base@overlay@frameworkhwexthonor@frameworkhwexthonor.apk@idmap.
06-27 21:39:01.731 W/ResourceType( 3064): Found multiple library tables, ignoring...
06-27 21:39:01.736 D/HwFLClassLoader( 3064): USE_FEATURE_LIST had not init! 
06-27 21:39:01.739 I/LocationSettingsChecker(30971): Removing dialog suppression flag for package com.excelliance.dualaid
06-27 21:39:01.743 D/WorkSource(30971): i1=0 i2=0 N1=0: insert 10089 com.google.android.gms
06-27 21:39:01.743 D/WorkSource(30971): Insert in WorkSource{} @ 0 uid 10089 name com.google.android.gms
06-27 21:39:01.744 E/PowerManagerService(  702): Exception when search wack lock :java.lang.IllegalArgumentException: Wake lock not active: android.os.BinderProxy@596c52c from uid 10089
06-27 21:39:01.746 D/IntelligentSystemReceiver( 3501): onReceive , intent:Intent { act=android.intent.action.PACKAGE_DATA_CLEARED dat=package:com.excelliance.dualaid flg=0x1000010 cmp=com.huawei.intelligent/.main.receiver.IntelligentSystemReceiver (has extras) }
06-27 21:39:01.747 I/NetworkSpeedManagerEx( 1789): mIsStop = false
06-27 21:39:01.747 I/NetworkSpeedManagerEx( 1789):  runInThread getTetherStats
06-27 21:39:01.747 I/NetworkSpeedManagerEx( 1789):  runInUI refreshSpeed
06-27 21:39:01.748 E/PowerManagerService(  702): updateWakeLockWorkSourceInternal: lock=93766956 [not found], ws=null
06-27 21:39:01.748 I/NetworkSpeedManagerEx( 1789): value=6200.6665speed = 6.1
06-27 21:39:01.748 I/NetworkSpeedManagerEx( 1789): K/smIsShowLastSpeedValuefalse
06-27 21:39:01.748 I/NetworkSpeedView( 1789): /update(), speed=6.1
06-27 21:39:01.748 I/NetworkSpeedView( 1789): K/s parent class:class com.android.systemui.statusbar.HwSystemIcons
06-27 21:39:01.751 E/asset   ( 3064): createFromFile(): lock file /data/resource-cache/system@emui@base@overlay@frameworkhwexthonor@frameworkhwexthonor.apk@idmap.
06-27 21:39:01.751 E/asset   ( 3064): createFromFile(): lock file /data/resource-cache/system@emui@base@overlay@frameworkhwexthonor@frameworkhwexthonor.apk@idmap.
06-27 21:39:01.751 W/ResourceType( 3064): Found multiple library tables, ignoring...
06-27 21:39:01.752 I/Icing   (30971): doRemovePackageData com.excelliance.dualaid
06-27 21:39:01.752 I/[HwRecSys]PackageRecevier( 2885): PackageReceiver
06-27 21:39:01.752 I/[HwRecSys]PackageRecevier( 2885): action is: android.intent.action.PACKAGE_DATA_CLEARED, pkgcom.excelliance.dualaid
06-27 21:39:01.752 E/[HwRecSys]PackageRecevier( 2885): pkg is not hiboard or intelligent
06-27 21:39:01.758 D/HwFLClassLoader( 3064): USE_FEATURE_LIST had not init! 
06-27 21:39:01.758 I/HiBoardProvider( 3204): call method: getUserProtocolState
06-27 21:39:01.759 I/IntelligentProvider( 3501): Provider.call: getPrefBoolean
06-27 21:39:01.759 I/BirthdayIntentService( 3501): intelligent switch is closed
06-27 21:39:01.763 E/asset   ( 3064): createFromFile(): lock file /data/resource-cache/system@emui@base@overlay@frameworkhwexthonor@frameworkhwexthonor.apk@idmap.
06-27 21:39:01.763 E/asset   ( 3064): createFromFile(): lock file /data/resource-cache/system@emui@base@overlay@frameworkhwexthonor@frameworkhwexthonor.apk@idmap.
06-27 21:39:01.763 W/ResourceType( 3064): Found multiple library tables, ignoring...
06-27 21:39:01.764 I/NetworkSpeedManagerEx( 1789): mIsStop = false
06-27 21:39:01.764 I/NetworkSpeedManagerEx( 1789):  runInThread getTetherStats
06-27 21:39:01.765 I/NetworkSpeedManagerEx( 1789):  runInUI refreshSpeed
06-27 21:39:01.765 I/NetworkSpeedManagerEx( 1789): value=6200.6665speed = 6.1
06-27 21:39:01.765 I/NetworkSpeedManagerEx( 1789): K/smIsShowLastSpeedValuefalse
06-27 21:39:01.765 I/NetworkSpeedView( 1789): /update(), speed=6.1
06-27 21:39:01.765 I/NetworkSpeedView( 1789): K/s parent class:class com.android.systemui.statusbar.HwSystemIcons
06-27 21:39:01.768 V/BroadcastQueue(  702): Finished with ordered broadcast BroadcastRecord{be1cfe7 u0 android.intent.action.PACKAGE_DATA_CLEARED}
06-27 21:39:01.770 D/HwFLClassLoader( 3064): USE_FEATURE_LIST had not init! 
06-27 21:39:01.773 D/PMS10056(  702): package:com.huawei.android.launcher, input flags:0, output hwFlags:0
06-27 21:39:01.775 E/HwLauncher( 3064): BadgeContentObserver getBadgeNumber: android.database.CursorIndexOutOfBoundsException: Index 0 requested, with a size of 0
06-27 21:39:01.777 I/HwLauncher( 3064): AllIdleAppsList  updatePackage : package[com.excelliance.dualaid] matched activity's size is 1 and data List size is 105
06-27 21:39:01.785 D/WorkSource(30971): i1=0 i2=0 N1=0: insert 10089 com.google.android.gms
06-27 21:39:01.785 D/WorkSource(30971): Insert in WorkSource{} @ 0 uid 10089 name com.google.android.gms
06-27 21:39:01.786 E/PowerManagerService(  702): Exception when search wack lock :java.lang.IllegalArgumentException: Wake lock not active: android.os.BinderProxy@596c52c from uid 10089
06-27 21:39:01.793 D/PMS10056(  702): package:com.huawei.android.launcher, input flags:0, output hwFlags:0
06-27 21:39:01.795 E/HwLauncher( 3064): BadgeContentObserver getBadgeNumber: android.database.CursorIndexOutOfBoundsException: Index 0 requested, with a size of 0
06-27 21:39:01.796 I/HwLauncher( 3064): AllIdleAppsList  updatePackage : package[com.excelliance.dualaid] matched activity's size is 1 and data List size is 105
06-27 21:39:01.807 I/zygote64(  702): Background concurrent copying GC freed 413078(19MB) AllocSpace objects, 36(2MB) LOS objects, 26% free, 64MB/88MB, paused 245us total 216.915ms
06-27 21:39:01.810 I/GRALLOC (  667): 	 shrFd=10,fmt=0x1,intFmt=0x200000001,btStrd=4352,size=8486912,pid=667 
06-27 21:39:01.810 I/GRALLOC (  667): 	 yuv=2,w=1080,h=1920,Stride u=0 v=0,offset u=0 v=0 
06-27 21:39:01.810 I/GRALLOC (  667): 	 iova_size=8486912,conUsg=0xb00,proUsg=0xb00,	 strd=1088,[afbc]HdrStrd=1088 PyldStrd=69632 Scrmbl=2,ionhnd = 1 
06-27 21:39:01.813 W/InputChannel-JNI(  702): Input channel object 'ClientState{88f2ebd uid 11326 pid 10312} (server)' was finalized without being disposed!
06-27 21:39:01.813 W/InputChannel-JNI(  702): Input channel object 'ClientState{88f2ebd uid 11326 pid 10312} (server)' was finalized without being disposed!
06-27 21:39:01.926 E/Thermal-daemon(  800): [charger_ic] temp_new :39  temp_old :38
06-27 21:39:01.926 I/ThermalService( 2168): Receive temperature change, type: 2, temp: 39 from thermald
06-27 21:39:01.927 E/Thermal-daemon(  800): Report temperature: [charger_ic] temp :39  report_threshold:1
06-27 21:39:01.927 D/HwThermalStateManager( 2168): Thermal type: 2 cur_temperature:39
06-27 21:39:01.927 E/Thermal-daemon(  800): [flash_led] temp_new :38  temp_old :37
06-27 21:39:01.927 I/ThermalService( 2168): Receive temperature change, type: 3, temp: 38 from thermald
06-27 21:39:01.928 E/Thermal-daemon(  800): Report temperature: [flash_led] temp :38  report_threshold:1
06-27 21:39:01.928 D/HwThermalStateManager( 2168): Thermal type: 3 cur_temperature:38
06-27 21:39:01.928 W/HwThermalStateManager( 2168): warning: no config thermal type:3 temperature:38
06-27 21:39:01.985 I/audio_hw_primary(  675): usb_ext_get_parameters: check show hires (false)
06-27 21:39:01.985 I/hash_map_utils(  783): key: 'typec_need_show_hires' value: ''
06-27 21:39:01.985 I/HwAudioService(  702): check HiRes Icon false
06-27 21:39:01.986 W/ActivityManager(  702): Sending non-protected broadcast huawei.intent.action.hideHiResIcon from system uid 1000 pkg null
06-27 21:39:01.986 I/HwAudioService(  702): broadcastHiresIntent : false
06-27 21:39:01.986 W/ActivityManager(  702): Sending non-protected broadcast huawei.intent.action.hideHiResIcon from system uid 1000 pkg null
06-27 21:39:01.987 D/StatusBarIconController( 1789): setIconVisibility icon is null or visibility not change visibility=false
06-27 21:39:01.991 I/audio_hw_primary(  675): usb_ext_get_parameters: check show hires (false)
06-27 21:39:01.992 I/hash_map_utils(  783): key: 'typec_need_show_hires' value: ''
06-27 21:39:01.992 I/HwAudioService(  702): check HiRes Icon false
06-27 21:39:01.992 W/ActivityManager(  702): Sending non-protected broadcast huawei.intent.action.hideHiResIcon from system uid 1000 pkg null
06-27 21:39:01.992 I/HwAudioService(  702): broadcastHiresIntent : false
06-27 21:39:01.992 W/ActivityManager(  702): Sending non-protected broadcast huawei.intent.action.hideHiResIcon from system uid 1000 pkg null
06-27 21:39:01.993 D/StatusBarIconController( 1789): setIconVisibility icon is null or visibility not change visibility=false
06-27 21:39:01.997 I/audio_hw_primary(  675): usb_ext_get_parameters: check show hires (false)
06-27 21:39:01.997 I/hash_map_utils(  783): key: 'typec_need_show_hires' value: ''
06-27 21:39:01.998 I/HwAudioService(  702): check HiRes Icon false
06-27 21:39:01.998 W/ActivityManager(  702): Sending non-protected broadcast huawei.intent.action.hideHiResIcon from system uid 1000 pkg null
06-27 21:39:01.999 I/HwAudioService(  702): broadcastHiresIntent : false
06-27 21:39:01.998 W/ActivityManager(  702): Sending non-protected broadcast huawei.intent.action.hideHiResIcon from system uid 1000 pkg null
06-27 21:39:01.999 D/StatusBarIconController( 1789): setIconVisibility icon is null or visibility not change visibility=false
06-27 21:39:02.002 I/audio_hw_primary(  675): usb_ext_get_parameters: check show hires (false)
06-27 21:39:02.002 I/hash_map_utils(  783): key: 'typec_need_show_hires' value: ''
06-27 21:39:02.003 I/HwAudioService(  702): check HiRes Icon false
06-27 21:39:02.003 W/ActivityManager(  702): Sending non-protected broadcast huawei.intent.action.hideHiResIcon from system uid 1000 pkg null
06-27 21:39:02.003 I/HwAudioService(  702): broadcastHiresIntent : false
06-27 21:39:02.003 W/ActivityManager(  702): Sending non-protected broadcast huawei.intent.action.hideHiResIcon from system uid 1000 pkg null
06-27 21:39:02.004 D/StatusBarIconController( 1789): setIconVisibility icon is null or visibility not change visibility=false
06-27 21:39:02.011 I/audio_hw_primary(  675): usb_ext_get_parameters: check show hires (false)
06-27 21:39:02.011 I/hash_map_utils(  783): key: 'typec_need_show_hires' value: ''
06-27 21:39:02.011 I/HwAudioService(  702): check HiRes Icon false
06-27 21:39:02.012 W/ActivityManager(  702): Sending non-protected broadcast huawei.intent.action.hideHiResIcon from system uid 1000 pkg null
06-27 21:39:02.012 I/HwAudioService(  702): broadcastHiresIntent : false
06-27 21:39:02.012 W/ActivityManager(  702): Sending non-protected broadcast huawei.intent.action.hideHiResIcon from system uid 1000 pkg null
06-27 21:39:02.013 D/StatusBarIconController( 1789): setIconVisibility icon is null or visibility not change visibility=false
06-27 21:39:02.044 I/HwNormalizedSpline(  702): getEyeProtectionBrightnessLevel lux =280.0, mDefaultBrightnessFromLux =70.9
06-27 21:39:02.080 W/OpenGLRenderer( 3064): Incorrectly called buildLayer on View: ShortcutAndWidgetContainer, destroying layer...
06-27 21:39:02.080 W/OpenGLRenderer( 3064): Incorrectly called buildLayer on View: ShortcutAndWidgetContainer, destroying layer...
06-27 21:39:02.123 I/TrafficMonitor(  702): update:rxPkts:17,txPkts:25,rxBytes:842,txBytes:1024
06-27 21:39:02.123 I/TrafficMonitor(  702): start expired. level:-1
06-27 21:39:02.123 I/TrafficMonitor(  702): gettimer:interval=2000
06-27 21:39:02.686 W/libc    ( 4036): Set property "ril.hw_modem0.rssi" to "-76"
06-27 21:39:02.694 W/libc    ( 2181): Set property "gsm.rssi.sim1" to "-76"
06-27 21:39:02.701 D/SmartcareProc(  702): onSignalStrengthsChanged: signalStrength is: SignalStrength: 0 1874466471 0 255 0 0 32767 -1 32767 -1 -76 -3 14 -1 0 -1 false gw|lte , on sub: 0
06-27 21:39:02.701 D/SmartcareProc(  702): SignalStrength update result, ss: SignalStrengthInfo:21958013 mGsmSignalStrength: -1 mWcdmaRscp: -1 mWcdmaEcio: 255 mLteRsrp: -76 mLteRsrq: -3 mCdmaDbm: -1 mCdmaEcio: -1 mEvdoDbm: 32767mEvdoEcio: -1mLteRssnr: 14
06-27 21:39:02.704 I/MQoS    (  702): onSignal: mSubId=0,currDataSubID=0
06-27 21:39:02.704 I/MQoS    (  702): received cell-signal:5
06-27 21:39:02.713 I/HwMobileSignalController(0)( 1789): subId:0 phoneType:1 networktype:13 targetClass:3 masterLevel:5 slaveLevel:-1
06-27 21:39:02.827 E/WifiHAL (  694): enter wifi_get_link_stats
06-27 21:39:02.841 E/wificond(  801): Failed to get NL80211_STA_INFO_CNAHLOAD
06-27 21:39:02.842 E/WificondControl(  702): Noise: -92, Snr: 0, Chload: -1
06-27 21:39:02.842 D/HwWifiCHRStateManager(  702): handleMessage : 1001
06-27 21:39:02.842 D/HwWifiCHRStateManager(  702): handleUpdateChannel:5805
06-27 21:39:02.842 V/HwWifiServiceFactory(  702): get AllImpl object = com.android.server.wifi.HwWifiServiceFactoryImpl@8e45e98
06-27 21:39:02.845 D/WifiScoreReport(  702): Score = 100, wifiConnectivityManagerEnabled = false, lowScoreCount = 0
06-27 21:39:03.120 I/TrafficMonitor(  702): expired arrive. level:-1
06-27 21:39:03.121 I/TrafficMonitor(  702): during_ms:2002,period_ms:2000
06-27 21:39:03.121 I/TrafficMonitor(  702): count:252,rx_sum:17,tx_sum:25,rxBytes:842,during_ms:2002,rx_speed:420.5794205794206,tx_speed:511.48851148851156,rto:0.68
06-27 21:39:03.121 D/HuaweiWifiWatchdogStateMachine(  702): speed: rxpkt:17, rxSpd:420B/s, txpkt:25, txSpd:511
06-27 21:39:03.174 I/ActivityManager(  702): START u0 {act=android.intent.action.MAIN cat=[android.intent.category.LAUNCHER] flg=0x10000000 cmp=com.excelliance.dualaid/com.excelliance.kxqp.ui.HelloActivity} from uid 2000
06-27 21:39:03.178 I/ActivityManager(  702): ActivityRecord info: ActivityInfo{b4d2a13 com.excelliance.kxqp.ui.HelloActivity}
06-27 21:39:03.181 I/ash     ( 2168): front pkg : com.excelliance.dualaid launcher: false
06-27 21:39:03.181 I/ash     ( 2168): above launcher front pkgs: [com.excelliance.dualaid]
06-27 21:39:03.185 V/WindowManager(  702): addAppToken: AppWindowToken{28a5373 token=Token{fc023e2 ActivityRecord{e8844ad u0 com.excelliance.dualaid/com.excelliance.kxqp.ui.HelloActivity t15313}}} controller={TaskWindowContainerController taskId=15313} at 2147483647
06-27 21:39:03.187 D/MotionDetectionManager( 3064): stopMotionAppsReco motionApps: 403
06-27 21:39:03.187 D/MotionDetectionManager( 3064): stopMotionAppsReco not recognition motionApps 403
06-27 21:39:03.187 W/HwLauncher( 3064): Launcher.MotionManager stopMotionAppsReco service flg 403 is unavailable
06-27 21:39:03.190 W/AwareLog(  702): mtm.AwareAppDefaultFreeze: read uid 0 of 13857 is not match
06-27 21:39:03.190 I/PGServer( 2168): android calls fast hibernateApps
06-27 21:39:03.190 V/ActivityManager(  702): startProcess: name=com.excelliance.dualaid:olle app=null knownToBeDead=true thread=null pid=-1
06-27 21:39:03.191 I/AppFastHibernation( 2168): fast hibernate duration: 1500 reason: start activity
06-27 21:39:03.191 I/Pged-IPgedBinderService(  805): ****action is 1, pid num is 7***
06-27 21:39:03.191 I/Pged-Freezer(  805): freezePids
06-27 21:39:03.191 I/Pged-Freezer(  805): Freeze process: 8723
06-27 21:39:03.191 D/PMS1000 (  702): package:com.excelliance.dualaid, input flags:0, output hwFlags:0
06-27 21:39:03.191 I/Pged-Freezer(  805): Freeze process: 13774
06-27 21:39:03.192 I/Pged-Freezer(  805): Freeze process: 13532
06-27 21:39:03.192 I/Pged-Freezer(  805): Freeze process: 14845
06-27 21:39:03.192 I/Pged-Freezer(  805): Freeze process: 1825
06-27 21:39:03.192 D/PMS1000 (  702): package:com.excelliance.dualaid, input flags:1, output hwFlags:0
06-27 21:39:03.192 I/Pged-Freezer(  805): Freeze process: 2032
06-27 21:39:03.193 D/PgedBinderAdapter( 2168): frz ok, pid: [8723, 13774, 13532, 14845, 1825, 2032]
06-27 21:39:03.200 I/        (11342): power log dlsym ok
06-27 21:39:03.204 I/zygote  (11342): Reinit property: dalvik.vm.checkjni= false
06-27 21:39:03.205 I/ActivityManager(  702): Start proc 11342:com.excelliance.dualaid:olle/u0a1326 for activity com.excelliance.dualaid/com.excelliance.kxqp.ui.HelloActivity
06-27 21:39:03.207 V/WindowManager(  702): No longer Stopped: AppWindowToken{28a5373 token=Token{fc023e2 ActivityRecord{e8844ad u0 com.excelliance.dualaid/com.excelliance.kxqp.ui.HelloActivity t15313}}}
06-27 21:39:03.207 V/ActivityManager(  702): startProcess: name=com.excelliance.dualaid:olle app=ProcessRecord{844c230 11342:com.excelliance.dualaid:olle/u0a1326} knownToBeDead=true thread=null pid=11342
06-27 21:39:03.212 W/        (  805): iawared check failed: pid = 13857  uid=99300
06-27 21:39:03.213 D/ActivityThread(11342): ActivityThread,attachApplication
06-27 21:39:03.213 D/ActivityManager(  702): ActivityManagerService,attachApplication,callingPid = 11342
06-27 21:39:03.215 V/WindowManager(  702): No longer Stopped: AppWindowToken{28a5373 token=Token{fc023e2 ActivityRecord{e8844ad u0 com.excelliance.dualaid/com.excelliance.kxqp.ui.HelloActivity t15313}}}
06-27 21:39:03.225 V/WindowManager(  702): findFocusedWindow: AppWindowToken{f1ad55d token=Token{a1f3334 ActivityRecord{75b9607 u0 com.huawei.android.launcher/.unihome.UniHomeLauncher t4435}}} below Reached focused app=AppWindowToken{28a5373 token=Token{fc023e2 ActivityRecord{e8844ad u0 com.excelliance.dualaid/com.excelliance.kxqp.ui.HelloActivity t15313}}}
06-27 21:39:03.226 D/ScenarioService( 2168): front pkg : com.excelliance.dualaid launcher: false
06-27 21:39:03.226 D/ScenarioService( 2168): new above launcher front pkgs: [com.excelliance.dualaid]
06-27 21:39:03.226 I/AppsUsage( 2168): scnOff:false FgAPP:com.excelliance.dualaid BgAPP:com.huawei.android.launcher
06-27 21:39:03.229 D/EmcomManagerService(  702): forePackage name is com.excelliance.dualaid
06-27 21:39:03.229 D/HicomPolicyManager(  702): foreAppInfo = nullpkgName = com.excelliance.dualaid uid= 11326
06-27 21:39:03.229 E/HicomPolicyManager(  702): udp acc is not start yet!
06-27 21:39:03.229 D/HicomPolicyManager(  702): speed control is not start
06-27 21:39:03.229 E/HicomPolicyManager(  702): Network Evaluation is not start yet!
06-27 21:39:03.229 E/HicomPolicyManager(  702): foreground app info is null
06-27 21:39:03.231 V/WindowManager(  702): Checking 1 opening apps (frozen=false timeout=false)...
06-27 21:39:03.231 V/WindowManager(  702): Check opening app=AppWindowToken{28a5373 token=Token{fc023e2 ActivityRecord{e8844ad u0 com.excelliance.dualaid/com.excelliance.kxqp.ui.HelloActivity t15313}}}: allDrawn=false startingDisplayed=false startingMoved=false isRelaunching()=false
06-27 21:39:03.232 W/libc    ( 2168): Set property "sys.aps.gameProcessName" to ""
06-27 21:39:03.233 I/PGServer( 2168): report state:10010 event type:2 pid:0 uid:0 pkg:com.huawei.android.launcher to pid: 2168
06-27 21:39:03.233 I/SceneReceiver( 2168): state type: 10010 eventType:2 pid:0 uid:0 pkg:com.huawei.android.launcher
06-27 21:39:03.233 I/PGServer( 2168): report state:10010 event type:2 pid:0 uid:0 pkg:com.huawei.android.launcher to pid: 702
06-27 21:39:03.233 I/PGServer( 2168): report state:10000 event type:1 pid:0 uid:0 pkg:com.excelliance.dualaid to pid: 2168
06-27 21:39:03.233 I/SceneReceiver( 2168): state type: 10000 eventType:1 pid:0 uid:0 pkg:com.excelliance.dualaid
06-27 21:39:03.233 I/PGServer( 2168): report state:10000 event type:1 pid:0 uid:0 pkg:com.excelliance.dualaid to pid: 702
06-27 21:39:03.233 D/NetWorkUtils( 1789): mVSimCurCardType is -1
06-27 21:39:03.234 I/PGServer( 2168): checkPkgType. calling pkg: android
06-27 21:39:03.234 I/PGServer( 2168): checkPkgType. calling pkg: android
06-27 21:39:03.234 D/NetWorkUtils( 1789): mVSimCurCardType is -1
06-27 21:39:03.234 D/HwThermalStateManager( 2168): current foreapp pkg : com.excelliance.dualaid
06-27 21:39:03.235 D/[HwRecSys]HwRecSysService( 2885): onEvent actionID: 10000 msg:com.excelliance.dualaid		
06-27 21:39:03.235 E/[HwRecSys]HwRecSysService( 2885): getIsRportDirectService is false!
06-27 21:39:03.235 D/HwGameAssistantController(  702): pid=11342, uid=11326, foreground=true
06-27 21:39:03.236 D/HwQoEUtils(  702): mForegroundAppPackageName: com.excelliance.dualaid:olle ,score: 0
06-27 21:39:03.236 D/HwQoEUtils(  702): APP type: -1 appName= com.excelliance.dualaid:olle
06-27 21:39:03.236 D/HwQoEUtils(  702): RealAppName:com.excelliance.dualaid
06-27 21:39:03.236 D/HwQoEUtils(  702): no game, APP_TYPE_GAME, appName =com.excelliance.dualaid:olle
06-27 21:39:03.236 W//system/bin/hwservicemanager(  416): Cannot open /odm/manifest.xml
06-27 21:39:03.239 W/AwareLog(  702): SchedLevelBoost: onFgActivitiesChanged config not set!
06-27 21:39:03.239 I/HwNetworkPolicy(  702): onTransact, code = 203
06-27 21:39:03.239 I/HwNetworkPolicyManager( 2112): getHwUidPolicy uid = 11326 policy = 0
06-27 21:39:03.241 W/libc    ( 2168): Set property "sys.aps.browserProcessName" to ""
06-27 21:39:03.249 D/HwFLClassLoader(11342): get used feature list :/feature/used-list failed!
06-27 21:39:03.249 D/HwFLClassLoader(11342): USE_FEATURE_LIST had not init! 
06-27 21:39:03.251 W//system/bin/hwservicemanager(  416): Cannot open /odm/manifest.xml
06-27 21:39:03.253 I/GRALLOC (  667): 	 shrFd=10,fmt=0x1,intFmt=0x1,btStrd=256,size=4096,pid=667 
06-27 21:39:03.253 I/GRALLOC (  667): 	 yuv=2,w=16,h=16,Stride u=0 v=0,offset u=0 v=0 
06-27 21:39:03.253 I/GRALLOC (  667): 	 iova_size=4096,conUsg=0x100,proUsg=0x100,	 strd=64,[afbc]HdrStrd=0 PyldStrd=0 Scrmbl=0,ionhnd = 1 
06-27 21:39:03.266 E/MemoryLeakMonitorManager(11342): MemoryLeakMonitor.jar is not exist!
06-27 21:39:03.266 D/KXQPApplication(11342): run: initUserManager
06-27 21:39:03.266 D/CrashHandler(11342): CrashHandler
06-27 21:39:03.267 E/Minikin (11342): Could not get cmap table size!
06-27 21:39:03.268 D/PMS11326(  702): package:com.excelliance.dualaid, input flags:128, output hwFlags:0
06-27 21:39:03.278 I/HwCust  (11342): Constructor found for class android.app.HwCustActivityImpl
06-27 21:39:03.278 D/HwCust  (11342): Create obj success use class android.app.HwCustActivityImpl
06-27 21:39:03.281 V/HwPolicyFactory(11342): : success to get AllImpl object and return....
06-27 21:39:03.282 I/HwCust  (11342): Constructor found for class android.app.HwCustHwWallpaperManagerImpl
06-27 21:39:03.282 D/HwCust  (11342): Create obj success use class android.app.HwCustHwWallpaperManagerImpl
06-27 21:39:03.284 D/PMS11326(  702): package:com.excelliance.dualaid, input flags:0, output hwFlags:0
06-27 21:39:03.286 V/HwWidgetFactory(11342): : successes to get AllImpl object and return....
06-27 21:39:03.287 V/ActivityThread(11342): ActivityThread,callActivityOnCreate
06-27 21:39:03.288 D/HelloActivity(11342): Memory:24797M
06-27 21:39:03.289 D/HelloActivity(11342): onCreate: true
06-27 21:39:03.291 D/HelloActivity(11342): is code boot
06-27 21:39:03.293 D/HelloActivity(11342): mIsNav = false
06-27 21:39:03.308 D/HwRecentsLockUtils( 1789): Search
06-27 21:39:03.308 E/HsmCoreServiceImpl( 2154): onTransact in code is: 103
06-27 21:39:03.308 I/MediaProcessHandler( 2154): playingUids: 
06-27 21:39:03.309 D/ActivityManager(  702): Skipping, home or recents stack task: TaskRecord{d6de340 #4435 A=com.huawei.android.launcher U=0 StackId=0 sz=1}
06-27 21:39:03.309 D/ActivityManager(  702): Skipping intent:act=android.intent.action.MAIN cat=[android.intent.category.LAUNCHER] flg=0x10a00000 cmp=io.appium.settings/.Settings
06-27 21:39:03.309 D/ActivityManager(  702): Skipping intent:flg=0x10804000 cmp=com.android.systemui/.recents.RecentsActivity bnds=[48,928][1032,2296]
06-27 21:39:03.309 D/ActivityManager(  702): Skipping intent:flg=0x10800000 cmp=com.huawei.systemmanager/com.huawei.permissionmanager.ui.MainActivity
06-27 21:39:03.309 D/ActivityManager(  702): Skipping intent:flg=0x10800000 cmp=com.android.systemui/.usb.HwUsbDebuggingActivity
06-27 21:39:03.309 D/ActivityManager(  702): Skipping intent:act=android.intent.action.VIEW dat=market://details?id=com.excelliance.dualaid flg=0x10800000 cmp=com.huawei.android.internal.app/.HwResolverActivity
06-27 21:39:03.309 D/ActivityManager(  702): Skipping intent:flg=0x18800000 cmp=com.tencent.mm/.plugin.base.stub.WXEntryActivity
06-27 21:39:03.309 D/ActivityManager(  702): Skipping intent:act=android.intent.action.VIEW dat=content://com.excelliance.dualaid.fileProvider/external_storage_root/Android/data/com.excelliance.dualaid/files/Download/.apk typ=application/vnd.android.package-archive flg=0x10800001 cmp=com.android.packageinstaller/.InstallStart
06-27 21:39:03.310 D/ActivityManager(  702): Skipping intent:flg=0x10800000 cmp=com.huawei.hitouch/.HiTouchStartActivity
06-27 21:39:03.314 D/HelloActivity(11342): defDisplayStyle:5
06-27 21:39:03.316 D/HttpUtils(11342): getDownloadMode()
06-27 21:39:03.316 D/NetUtils(11342): init inited = true
06-27 21:39:03.316 D/HelloActivity(11342): enter Nav2
06-27 21:39:03.318 D/NetworkSecurityConfig(11342): No Network Security Config specified, using platform default
06-27 21:39:03.320 W/libc    (  468): Set property "hw.wifi.dns_stat" to "11562,5041,10014,1,148544"
06-27 21:39:03.321 I/ActivityManager(  702): START u0 {pkg=com.excelliance.dualaid cmp=com.excelliance.dualaid/com.excelliance.kxqp.swipe.NavActivity2 (has extras)} from uid 11326
06-27 21:39:03.322 I/ActivityManager(  702): ActivityRecord info: ActivityInfo{51cf258 com.excelliance.kxqp.swipe.NavActivity2}
06-27 21:39:03.322 V/WindowManager(  702): findFocusedWindow: AppWindowToken{f1ad55d token=Token{a1f3334 ActivityRecord{75b9607 u0 com.huawei.android.launcher/.unihome.UniHomeLauncher t4435}}} below Reached focused app=AppWindowToken{28a5373 token=Token{fc023e2 ActivityRecord{e8844ad u0 com.excelliance.dualaid/com.excelliance.kxqp.ui.HelloActivity t15313}}}
06-27 21:39:03.325 V/WindowManager(  702): addAppToken: AppWindowToken{6eabdeb token=Token{c3e4d3a ActivityRecord{cda5c65 u0 com.excelliance.dualaid/com.excelliance.kxqp.swipe.NavActivity2 t15313}}} controller={TaskWindowContainerController taskId=15313} at 2147483647
06-27 21:39:03.335 V/ActivityManager(  702): startProcess: name=com.excelliance.dualaid app=null knownToBeDead=true thread=null pid=-1
06-27 21:39:03.335 D/PMS1000 (  702): package:com.excelliance.dualaid, input flags:0, output hwFlags:0
06-27 21:39:03.342 I/        (11369): power log dlsym ok
06-27 21:39:03.344 I/zygote  (11369): Reinit property: dalvik.vm.checkjni= false
06-27 21:39:03.346 I/ActivityManager(  702): Start proc 11369:com.excelliance.dualaid/u0a1326 for service com.excelliance.dualaid/com.excelliance.kxqp.SmtServService
06-27 21:39:03.351 D/ActivityThread(11369): ActivityThread,attachApplication
06-27 21:39:03.351 D/ActivityManager(  702): ActivityManagerService,attachApplication,callingPid = 11369
06-27 21:39:03.353 W/X509TrustManager(11342): checkServerTrusted: SignatureException:null
06-27 21:39:03.353 W/X509TrustManager(11342): checkServerTrusted: SignatureException:error:04000073:RSA routines:OPENSSL_internal:DATA_TOO_LARGE_FOR_MODULUS
06-27 21:39:03.355 V/WindowManager(  702): No longer Stopped: AppWindowToken{6eabdeb token=Token{c3e4d3a ActivityRecord{cda5c65 u0 com.excelliance.dualaid/com.excelliance.kxqp.swipe.NavActivity2 t15313}}}
06-27 21:39:03.355 D/ActivityManager(  702): allPausedActivitiesComplete: r=ActivityRecord{e8844ad u0 com.excelliance.dualaid/com.excelliance.kxqp.ui.HelloActivity t15313 f} state=PAUSING
06-27 21:39:03.355 D/HwNetworkManagementService(  702): code == CODE_GET_AD_KEY_LIST
06-27 21:39:03.356 D/HwNetworkManagementService(  702): appName = com.excelliance.dualaid  is not in the mAdViewMap! reply none
06-27 21:39:03.356 D/HwNetworkManagementService(  702): appName = com.excelliance.dualaid  is not in the mAdIdMap! reply none
06-27 21:39:03.359 D/PMS11326(  702): package:com.excelliance.dualaid, input flags:128, output hwFlags:0
06-27 21:39:03.361 D/PMS11326(  702): package:com.excelliance.dualaid, input flags:128, output hwFlags:0
06-27 21:39:03.365 D/ActivityThread(11342): add activity client record, r= ActivityRecord{d9e7289 token=android.os.BinderProxy@d0d20f4 {com.excelliance.dualaid/com.excelliance.kxqp.ui.HelloActivity}} token= android.os.BinderProxy@d0d20f4
06-27 21:39:03.365 W//system/bin/hwservicemanager(  416): Cannot open /odm/manifest.xml
06-27 21:39:03.368 V/WindowManager(  702): No longer Stopped: AppWindowToken{6eabdeb token=Token{c3e4d3a ActivityRecord{cda5c65 u0 com.excelliance.dualaid/com.excelliance.kxqp.swipe.NavActivity2 t15313}}}
06-27 21:39:03.376 V/WindowManager(  702): Checking 1 opening apps (frozen=false timeout=false)...
06-27 21:39:03.376 V/WindowManager(  702): Check opening app=AppWindowToken{6eabdeb token=Token{c3e4d3a ActivityRecord{cda5c65 u0 com.excelliance.dualaid/com.excelliance.kxqp.swipe.NavActivity2 t15313}}}: allDrawn=false startingDisplayed=false startingMoved=false isRelaunching()=false
06-27 21:39:03.377 D/HwFLClassLoader(11369): get used feature list :/feature/used-list failed!
06-27 21:39:03.377 D/HwFLClassLoader(11369): USE_FEATURE_LIST had not init! 
06-27 21:39:03.378 I/GRALLOC (  667): 	 shrFd=10,fmt=0x1,intFmt=0x1,btStrd=256,size=4096,pid=667 
06-27 21:39:03.378 I/GRALLOC (  667): 	 yuv=2,w=16,h=16,Stride u=0 v=0,offset u=0 v=0 
06-27 21:39:03.378 I/GRALLOC (  667): 	 iova_size=4096,conUsg=0x100,proUsg=0x100,	 strd=64,[afbc]HdrStrd=0 PyldStrd=0 Scrmbl=0,ionhnd = 1 
06-27 21:39:03.378 D/HwCust  (11342): Create obj success use class android.app.HwCustActivityImpl
06-27 21:39:03.379 D/HwCust  (11342): Create obj success use class android.app.HwCustHwWallpaperManagerImpl
06-27 21:39:03.380 V/ActivityThread(11342): ActivityThread,callActivityOnCreate
06-27 21:39:03.386 D/NavActivity2(11342): onCreate
06-27 21:39:03.390 W/Utils   (11342): Utils_isSuperResolutionSupport [load libai_client.so failed]
06-27 21:39:03.391 D/PMS11326(  702): package:com.excelliance.dualaid, input flags:128, output hwFlags:0
06-27 21:39:03.392 D/CubicBezierInterpolator(11342): CubicBezierInterpolator  mControlPoint1x = 0.23, mControlPoint1y = 0.06, mControlPoint2x = 0.09, mControlPoint2y = 0.97
06-27 21:39:03.392 D/CubicBezierInterpolator(11342): CubicBezierInterpolator  mControlPoint1x = 0.6, mControlPoint1y = 0.9, mControlPoint2x = 0.8, mControlPoint2y = 1.0
06-27 21:39:03.392 D/CubicBezierInterpolator(11342): CubicBezierInterpolator  mControlPoint1x = 0.23, mControlPoint1y = 0.06, mControlPoint2x = 0.09, mControlPoint2y = 0.97
06-27 21:39:03.392 D/CubicBezierInterpolator(11342): CubicBezierInterpolator  mControlPoint1x = 0.6, mControlPoint1y = 0.9, mControlPoint2x = 0.8, mControlPoint2y = 1.0
06-27 21:39:03.392 D/CubicBezierInterpolator(11342): CubicBezierInterpolator  mControlPoint1x = 0.23, mControlPoint1y = 0.06, mControlPoint2x = 0.09, mControlPoint2y = 0.97
06-27 21:39:03.393 D/CubicBezierInterpolator(11342): CubicBezierInterpolator  mControlPoint1x = 0.6, mControlPoint1y = 0.9, mControlPoint2x = 0.8, mControlPoint2y = 1.0
06-27 21:39:03.393 D/CubicBezierInterpolator(11342): CubicBezierInterpolator  mControlPoint1x = 0.23, mControlPoint1y = 0.06, mControlPoint2x = 0.09, mControlPoint2y = 0.97
06-27 21:39:03.393 D/CubicBezierInterpolator(11342): CubicBezierInterpolator  mControlPoint1x = 0.6, mControlPoint1y = 0.9, mControlPoint2x = 0.8, mControlPoint2y = 1.0
06-27 21:39:03.399 D/HwRTBlurUtils(11342): check blur style for HwPhoneWindow-, themeResId : 0x7f0e000a, context : com.excelliance.kxqp.swipe.NavActivity2@10cbebc, Nhwext : 0, get Blur : disable with , null
06-27 21:39:03.399 D/HwRTBlurUtils(11342): check blur style for HwPhoneWindow-, themeResId : 0x7f0e000a, context : com.excelliance.kxqp.swipe.NavActivity2@10cbebc, Nhwext : 0, get Blur : disable with , null
06-27 21:39:03.399 E/test    (11342): hw notch screen flag api error
06-27 21:39:03.400 D/PMS11326(  702): package:com.excelliance.dualaid, input flags:128, output hwFlags:0
06-27 21:39:03.402 D/ActivityThread(11342): add activity client record, r= ActivityRecord{6431043 token=android.os.BinderProxy@252b28e {com.excelliance.dualaid/com.excelliance.kxqp.swipe.NavActivity2}} token= android.os.BinderProxy@252b28e
06-27 21:39:03.404 E/ViewUtils(11342): setBgColor: view==null:top
06-27 21:39:03.404 D/HttpUtils(11342): getResponseCode():200
06-27 21:39:03.405 D/WHEG    (11342): {"status":"0","controls":"","skip":"0"}
06-27 21:39:03.411 D/OpenGLRenderer(11342):   HWUI Binary is  enabled
06-27 21:39:03.412 D/PMS11326(  702): package:com.excelliance.dualaid, input flags:128, output hwFlags:0
06-27 21:39:03.413 D/SurfaceFlinger(  698): SurfaceFlinger: getDisplayConfigs--3.000000, 1080, 1920
06-27 21:39:03.413 I/chatty  (  698): uid=1000(system) Binder:698_5 identical 1 line
06-27 21:39:03.413 D/SurfaceFlinger(  698): SurfaceFlinger: getDisplayConfigs--3.000000, 1080, 1920
06-27 21:39:03.413 D/OpenGLRenderer(11342): HWUI GL Pipeline
06-27 21:39:03.417 V/WindowManager(  702): Adding Window{2a26cde u0 com.excelliance.dualaid/com.excelliance.kxqp.swipe.NavActivity2} to AppWindowToken{6eabdeb token=Token{c3e4d3a ActivityRecord{cda5c65 u0 com.excelliance.dualaid/com.excelliance.kxqp.swipe.NavActivity2 t15313}}}
06-27 21:39:03.418 V/WindowManager(  702): addWindow: New client android.os.BinderProxy@ea6419: window=Window{2a26cde u0 com.excelliance.dualaid/com.excelliance.kxqp.swipe.NavActivity2} Callers=com.android.server.wm.HwWindowManagerService.addWindow:562 com.android.server.wm.Session.addToDisplay:199 android.view.IWindowSession$Stub.onTransact:124 com.android.server.wm.Session.onTransact:161 android.os.Binder.execTransact:675 
06-27 21:39:03.420 D/PMS11326(  702): package:com.excelliance.dualaid, input flags:128, output hwFlags:0
06-27 21:39:03.427 D/HwGalleryCacheManagerImpl(11342): mIsEffect:false
06-27 21:39:03.427 V/WindowManager(  702): Checking 1 opening apps (frozen=false timeout=false)...
06-27 21:39:03.427 V/WindowManager(  702): Check opening app=AppWindowToken{6eabdeb token=Token{c3e4d3a ActivityRecord{cda5c65 u0 com.excelliance.dualaid/com.excelliance.kxqp.swipe.NavActivity2 t15313}}}: allDrawn=false startingDisplayed=false startingMoved=false isRelaunching()=false
06-27 21:39:03.429 D/PMS11326(  702): package:com.excelliance.dualaid, input flags:128, output hwFlags:0
06-27 21:39:03.432 D/PMS11326(  702): package:com.excelliance.dualaid, input flags:128, output hwFlags:0
06-27 21:39:03.437 D/PMS11326(  702): package:com.excelliance.dualaid, input flags:128, output hwFlags:0
06-27 21:39:03.474 D/HwRecentsLockUtils( 1789): Search
06-27 21:39:03.474 E/HsmCoreServiceImpl( 2154): onTransact in code is: 103
06-27 21:39:03.474 I/MediaProcessHandler( 2154): playingUids: 
06-27 21:39:03.475 D/ActivityManager(  702): Skipping, home or recents stack task: TaskRecord{d6de340 #4435 A=com.huawei.android.launcher U=0 StackId=0 sz=1}
06-27 21:39:03.475 D/ActivityManager(  702): Skipping intent:act=android.intent.action.MAIN cat=[android.intent.category.LAUNCHER] flg=0x10a00000 cmp=io.appium.settings/.Settings
06-27 21:39:03.477 D/ActivityManager(  702): Skipping intent:flg=0x10804000 cmp=com.android.systemui/.recents.RecentsActivity bnds=[48,928][1032,2296]
06-27 21:39:03.477 D/ActivityManager(  702): Skipping intent:flg=0x10800000 cmp=com.huawei.systemmanager/com.huawei.permissionmanager.ui.MainActivity
06-27 21:39:03.477 D/ActivityManager(  702): Skipping intent:flg=0x10800000 cmp=com.android.systemui/.usb.HwUsbDebuggingActivity
06-27 21:39:03.477 D/ActivityManager(  702): Skipping intent:act=android.intent.action.VIEW dat=market://details?id=com.excelliance.dualaid flg=0x10800000 cmp=com.huawei.android.internal.app/.HwResolverActivity
06-27 21:39:03.477 D/ActivityManager(  702): Skipping intent:flg=0x18800000 cmp=com.tencent.mm/.plugin.base.stub.WXEntryActivity
06-27 21:39:03.477 D/ActivityManager(  702): Skipping intent:act=android.intent.action.VIEW dat=content://com.excelliance.dualaid.fileProvider/external_storage_root/Android/data/com.excelliance.dualaid/files/Download/.apk typ=application/vnd.android.package-archive flg=0x10800001 cmp=com.android.packageinstaller/.InstallStart
06-27 21:39:03.477 D/ActivityManager(  702): Skipping intent:flg=0x10800000 cmp=com.huawei.hitouch/.HiTouchStartActivity
06-27 21:39:03.491 I/zygote  (11369): Compiler allocated 4MB to compile boolean com.excelliance.kxqp.KXQPApplication.b(int)
06-27 21:39:03.499 D/MainActivity(11342): instantiateItem: 2	android.widget.RelativeLayout{dd958aa V.E...... ......I. 0,0-0,0}
06-27 21:39:03.500 D/MainActivity(11342): initPage3: 
06-27 21:39:03.505 V/WindowManager(  702): Checking 1 opening apps (frozen=false timeout=false)...
06-27 21:39:03.505 V/WindowManager(  702): Check opening app=AppWindowToken{6eabdeb token=Token{c3e4d3a ActivityRecord{cda5c65 u0 com.excelliance.dualaid/com.excelliance.kxqp.swipe.NavActivity2 t15313}}}: allDrawn=false startingDisplayed=false startingMoved=false isRelaunching()=false
06-27 21:39:03.508 V/HwPhoneWindowManager(  702): updateSystemUiColorLw window=Window{2a26cde u0 com.excelliance.dualaid/com.excelliance.kxqp.swipe.NavActivity2},EmuiStyle=0,StatusBarColor=0xff000000,NavigationBarColor=0xff000000, mLastIsEmuiLightStyle=-1
06-27 21:39:03.509 D/HwPhoneWindowManager(  702): Transact:setSystemUIColor to status bar service
06-27 21:39:03.509 I/CommandQueue( 1789): updateBarBgColor
06-27 21:39:03.509 D/CommandQueue( 1789): CommandQueue, setBarBackgroundColor
06-27 21:39:03.511 D/TintManager( 1789): statusBarIconTint=#99FFFFFF,navigationBarIconTint=#FF000000
06-27 21:39:03.512 V/WindowManager(  702): Checking 1 opening apps (frozen=false timeout=false)...
06-27 21:39:03.512 V/WindowManager(  702): Check opening app=AppWindowToken{6eabdeb token=Token{c3e4d3a ActivityRecord{cda5c65 u0 com.excelliance.dualaid/com.excelliance.kxqp.swipe.NavActivity2 t15313}}}: allDrawn=false startingDisplayed=false startingMoved=false isRelaunching()=false
06-27 21:39:03.516 I/GRALLOC (  667): 	 shrFd=10,fmt=0x1,intFmt=0x200000001,btStrd=4352,size=8486912,pid=667 
06-27 21:39:03.516 I/GRALLOC (  667): 	 yuv=2,w=1080,h=1920,Stride u=0 v=0,offset u=0 v=0 
06-27 21:39:03.516 I/GRALLOC (  667): 	 iova_size=8486912,conUsg=0x900,proUsg=0x900,	 strd=1088,[afbc]HdrStrd=1088 PyldStrd=69632 Scrmbl=2,ionhnd = 1 
06-27 21:39:03.517 D/MainActivity(11342): run: initPage3
06-27 21:39:03.517 V/MainActivity(11342): onWindowFocusChanged: true
06-27 21:39:03.518 W/InputMethodManager(11342): startInputReason = 1
06-27 21:39:03.518 I/GRALLOC (  667): 	 shrFd=10,fmt=0x1,intFmt=0x200000001,btStrd=4352,size=8486912,pid=667 
06-27 21:39:03.518 I/GRALLOC (  667): 	 yuv=2,w=1080,h=1920,Stride u=0 v=0,offset u=0 v=0 
06-27 21:39:03.518 I/GRALLOC (  667): 	 iova_size=8486912,conUsg=0x900,proUsg=0x900,	 strd=1088,[afbc]HdrStrd=1088 PyldStrd=69632 Scrmbl=2,ionhnd = 1 
06-27 21:39:03.519 I/OpenGLRenderer(11342): Initialized EGL, version 1.4
06-27 21:39:03.519 D/OpenGLRenderer(11342): Swap behavior 2
06-27 21:39:03.522 I/GRALLOC (  667): 	 shrFd=10,fmt=0x1,intFmt=0x200000001,btStrd=4352,size=8486912,pid=667 
06-27 21:39:03.522 I/GRALLOC (  667): 	 yuv=2,w=1080,h=1920,Stride u=0 v=0,offset u=0 v=0 
06-27 21:39:03.522 I/GRALLOC (  667): 	 iova_size=8486912,conUsg=0x900,proUsg=0x900,	 strd=1088,[afbc]HdrStrd=1088 PyldStrd=69632 Scrmbl=2,ionhnd = 1 
06-27 21:39:03.522 D/PMS11326(  702): package:com.excelliance.dualaid, input flags:128, output hwFlags:0
06-27 21:39:03.522 W/InputMethodManager(11342): startInputReason = 5
06-27 21:39:03.524 I/wangchen( 6805): SysInfo.getSysParam: orientation=1||config d=3.0,w=1080,h=1920||metrics d=3.0,w=1080,h=1920||sdk=26,bar_h=72
06-27 21:39:03.524 I/KeymapLoader( 6805): w=1080 h=1920 ori=true appScale=3.3 s1=3.0
06-27 21:39:03.525 D/BarTransitions.HwPhoneStatusBarView( 1789): MODE_TRANSPARENT -> MODE_TRANSLUCENT animate=false
06-27 21:39:03.525 D/BarTransitions.HwPhoneStatusBarView( 1789): applyModeBackground oldMode=MODE_TRANSPARENT newMode=MODE_TRANSLUCENT animate=false
06-27 21:39:03.526 D/mali_winsys(11342): EGLint new_window_surface(egl_winsys_display *, void *, EGLSurface, EGLConfig, egl_winsys_surface **, egl_color_buffer_format *, EGLBoolean) returns 0x3000
06-27 21:39:03.527 E/vndksupport(11342): Could not load vendor/lib/egl/libGLES_mali_v2.so from sphal namespace: dlopen failed: library "vendor/lib/egl/libGLES_mali_v2.so" not found.
06-27 21:39:03.527 D/StatusBarIconController( 1789): setIconVisibility icon is null or visibility not change visibility=false
06-27 21:39:03.540 I/GRALLOC (  667): 	 shrFd=10,fmt=0x1,intFmt=0x200000001,btStrd=4352,size=8486912,pid=667 
06-27 21:39:03.540 I/GRALLOC (  667): 	 yuv=2,w=1080,h=1920,Stride u=0 v=0,offset u=0 v=0 
06-27 21:39:03.540 I/GRALLOC (  667): 	 iova_size=8486912,conUsg=0xb00,proUsg=0xb00,	 strd=1088,[afbc]HdrStrd=1088 PyldStrd=69632 Scrmbl=2,ionhnd = 1 
06-27 21:39:03.548 D/WindowManager(  702): finishDrawingWindow: Window{2a26cde u0 com.excelliance.dualaid/com.excelliance.kxqp.swipe.NavActivity2} mDrawState=DRAW_PENDING
06-27 21:39:03.550 V/WindowManager(  702): Checking 1 opening apps (frozen=false timeout=false)...
06-27 21:39:03.550 V/WindowManager(  702): Check opening app=AppWindowToken{6eabdeb token=Token{c3e4d3a ActivityRecord{cda5c65 u0 com.excelliance.dualaid/com.excelliance.kxqp.swipe.NavActivity2 t15313}}}: allDrawn=true startingDisplayed=false startingMoved=false isRelaunching()=false
06-27 21:39:03.552 D/ImageWallpaper( 1789): onVisibilityChanged: mVisible, visible=true, false
06-27 21:39:03.552 D/ImageWallpaper( 1789): Visibility changed to visible=false
06-27 21:39:03.552 D/BarTransitions.HwPhoneStatusBarView( 1789): MODE_TRANSLUCENT -> MODE_TRANSPARENT animate=false
06-27 21:39:03.553 D/BarTransitions.HwPhoneStatusBarView( 1789): applyModeBackground oldMode=MODE_TRANSLUCENT newMode=MODE_TRANSPARENT animate=false
06-27 21:39:03.554 I/ActivityManager(  702): Displayed com.excelliance.dualaid/com.excelliance.kxqp.swipe.NavActivity2: +196ms (total +360ms)
06-27 21:39:03.561 E/BufferQueueProducer(  698): [com.huawei.android.launcher/com.huawei.android.launcher.unihome.UniHomeLauncher#0] disconnect: not connected (req=1)
06-27 21:39:03.561 W/libEGL  ( 3064): EGLNativeWindowType 0x750e909010 disconnect failed
06-27 21:39:03.561 I/WindowManager(  702): notifyAccessibilityButtonVisibilityChanged visible:false
06-27 21:39:03.565 W/dex2oat (11412): Using default instruction set features for ARM CPU variant (default) using conservative defaults
06-27 21:39:03.565 I/dex2oat (11412): /system/bin/dex2oat -j4 --dex-file=/data/data/com.excelliance.dualaid/.platformcache/main.jar --output-vdex-fd=49 --oat-fd=50 --oat-location=/data/data/com.excelliance.dualaid/.platformcache/oat/arm/main.odex --compiler-filter=quicken
06-27 21:39:03.565 I/cutils-trace(11412): atrace_init_once, trace_marker_path = /sys/kernel/debug/tracing/trace_marker
06-27 21:39:03.584 W/ActivityManager(  702): Sending non-protected broadcast huawei.action.floattasks.STATUS_BAR_STATE_CHANGED from system 1789:com.android.systemui/u0a39 pkg com.android.systemui
06-27 21:39:03.584 D/ActivityThread(11342): Remove activity client record, r= ActivityRecord{d9e7289 token=android.os.BinderProxy@d0d20f4 {com.excelliance.dualaid/com.excelliance.kxqp.ui.HelloActivity}} token= android.os.BinderProxy@d0d20f4
06-27 21:39:03.585 W/HwKeyguardDragHelper( 1789): AnimationBlocked
06-27 21:39:03.585 D/BarTransitions.HwPhoneStatusBarView( 1789): MODE_TRANSPARENT -> MODE_TRANSLUCENT animate=false
06-27 21:39:03.585 D/BarTransitions.HwPhoneStatusBarView( 1789): applyModeBackground oldMode=MODE_TRANSPARENT newMode=MODE_TRANSLUCENT animate=false
06-27 21:39:03.585 D/BarTransitions.HwNavigationBarView( 1789): MODE_TRANSLUCENT -> MODE_OPAQUE animate=false
06-27 21:39:03.585 D/BarTransitions.HwNavigationBarView( 1789): applyModeBackground oldMode=MODE_TRANSLUCENT newMode=MODE_OPAQUE animate=false
06-27 21:39:03.586 V/WindowManager(  702): removeAppToken: AppWindowToken{28a5373 token=Token{fc023e2 ActivityRecord{e8844ad u0 com.excelliance.dualaid/com.excelliance.kxqp.ui.HelloActivity t15313}}} delayed=false Callers=com.android.server.wm.DisplayContent.removeAppToken:985 com.android.server.wm.AppWindowContainerController.removeContainer:348 com.android.server.am.ActivityRecord.removeWindowContainer:1039 com.android.server.am.ActivityStack.removeActivityFromHistoryLocked:4491 
06-27 21:39:03.593 V/WindowManager(  702): notifyAppStopped: AppWindowToken{f1ad55d token=Token{a1f3334 ActivityRecord{75b9607 u0 com.huawei.android.launcher/.unihome.UniHomeLauncher t4435}}}
06-27 21:39:03.593 E/WindowManager(  702): win=Window{c867ee5 u0 com.huawei.android.launcher/com.huawei.android.launcher.unihome.UniHomeLauncher} destroySurfaces: appStopped=true win.mWindowRemovalAllowed=false win.mRemoveOnExit=false
06-27 21:39:03.593 I/WindowManager(  702): Destroying surface Surface(name=com.huawei.android.launcher/com.huawei.android.launcher.unihome.UniHomeLauncher) called by com.android.server.wm.WindowStateAnimator.destroySurface:2060 com.android.server.wm.WindowStateAnimator.destroySurfaceLocked:873 com.android.server.wm.HwWindowStateAnimator.destroySurfaceLocked:1006 com.android.server.wm.WindowState.destroyOrSaveSurfaceUnchecked:2990 com.android.server.wm.WindowState.destroySurface:2951 com.android.server.wm.AppWindowToken.destroySurfaces:654 com.android.server.wm.AppWindowToken.destroySurfaces:638 com.android.server.wm.AppWindowToken.notifyAppStopped:682 
06-27 21:39:03.595 D/HwGameAssistantController(  702): pid=3064, uid=10056, foreground=false
06-27 21:39:03.596 W/AwareLog(  702): SchedLevelBoost: onFgActivitiesChanged config not set!
06-27 21:39:03.734 I/HwNormalizedSpline(  702): getEyeProtectionBrightnessLevel lux =280.0, mDefaultBrightnessFromLux =70.9
06-27 21:39:04.033 I/GRALLOC (  667): 	 shrFd=10,fmt=0x1,intFmt=0x200000001,btStrd=4352,size=8486912,pid=667 
06-27 21:39:04.033 I/GRALLOC (  667): 	 yuv=2,w=1080,h=1920,Stride u=0 v=0,offset u=0 v=0 
06-27 21:39:04.033 I/GRALLOC (  667): 	 iova_size=8486912,conUsg=0xb00,proUsg=0xb00,	 strd=1088,[afbc]HdrStrd=1088 PyldStrd=69632 Scrmbl=2,ionhnd = 1 
06-27 21:39:04.085 I/GRALLOC (  667): 	 shrFd=10,fmt=0x1,intFmt=0x200000001,btStrd=4352,size=8486912,pid=667 
06-27 21:39:04.085 I/GRALLOC (  667): 	 yuv=2,w=1080,h=1920,Stride u=0 v=0,offset u=0 v=0 
06-27 21:39:04.085 I/GRALLOC (  667): 	 iova_size=8486912,conUsg=0xb00,proUsg=0xb00,	 strd=1088,[afbc]HdrStrd=1088 PyldStrd=69632 Scrmbl=2,ionhnd = 1 
06-27 21:39:04.125 I/TrafficMonitor(  702): update:rxPkts:11,txPkts:9,rxBytes:4241,txBytes:1056
06-27 21:39:04.125 I/TrafficMonitor(  702): start expired. level:-1
06-27 21:39:04.125 I/TrafficMonitor(  702): gettimer:interval=2000
06-27 21:39:04.224 D/HwWifiStatStore(  702): handleMessage : 200
06-27 21:39:04.236 D/NetWorkUtils( 1789): mVSimCurCardType is -1
06-27 21:39:04.236 D/NetWorkUtils( 1789): mVSimCurCardType is -1
06-27 21:39:04.361 I/zygote  (11342): Do partial code cache collection, code=27KB, data=27KB
06-27 21:39:04.361 I/zygote  (11342): After code cache collection, code=27KB, data=27KB
06-27 21:39:04.361 I/zygote  (11342): Increasing code cache capacity to 128KB
06-27 21:39:04.473 I/dex2oat (11412): dex2oat took 908.159ms (1.021s cpu) (threads: 4) arena alloc=138KB (142120B) java alloc=2MB (3143720B) native alloc=4MB (4690584B) free=2MB (2649448B)
06-27 21:39:04.488 D/PMS11326(  702): package:com.excelliance.dualaid, input flags:128, output hwFlags:0
06-27 21:39:04.523 W/dex2oat (11424): Using default instruction set features for ARM CPU variant (default) using conservative defaults
06-27 21:39:04.523 I/dex2oat (11424): /system/bin/dex2oat -j4 --dex-file=/data/data/com.excelliance.dualaid/.platformcache/kxqpplatform2.jar --output-vdex-fd=50 --oat-fd=51 --oat-location=/data/data/com.excelliance.dualaid/.platformcache/oat/arm/kxqpplatform2.odex --compiler-filter=quicken
06-27 21:39:04.523 I/cutils-trace(11424): atrace_init_once, trace_marker_path = /sys/kernel/debug/tracing/trace_marker
06-27 21:39:04.634 W/AwareLog(  702): AwareMem_MemoryUtils: trim Memory illegal arg exception, proc:10285 level:40
06-27 21:39:04.695 I/Pged-IPgedBinderService(  805): ****action is 2, pid num is 7***
06-27 21:39:04.695 I/Pged-Freezer(  805): thawPids
06-27 21:39:04.697 I/Choreographer(13532): Skipped 89 frames!  The application may be doing too much work on its main thread.
06-27 21:39:04.700 D/PgedBinderAdapter( 2168): unfrz ok, pid: [8723, 13774, 13532, 14845, 1825, 2032]
06-27 21:39:04.715 I/dex2oat (11424): dex2oat took 192.020ms (426.643ms cpu) (threads: 4) arena alloc=3KB (3736B) java alloc=2MB (2299856B) native alloc=2MB (2301920B) free=2MB (2940960B)
06-27 21:39:04.730 D/PMS11326(  702): package:com.excelliance.dualaid, input flags:0, output hwFlags:0
06-27 21:39:04.748 E/MemoryLeakMonitorManager(11369): MemoryLeakMonitor.jar is not exist!
06-27 21:39:04.749 D/KXQPApplication(11369): run: initUserManager
06-27 21:39:04.749 D/CrashHandler(11369): CrashHandler
06-27 21:39:04.750 I/NetworkSpeedManagerEx( 1789): mIsStop = false
06-27 21:39:04.750 I/NetworkSpeedManagerEx( 1789):  runInThread getTetherStats
06-27 21:39:04.752 I/NetworkSpeedManagerEx( 1789):  runInUI refreshSpeed
06-27 21:39:04.752 E/Minikin (11369): Could not get cmap table size!
06-27 21:39:04.752 I/NetworkSpeedManagerEx( 1789): value=1817.6666speed = 1.8
06-27 21:39:04.752 I/NetworkSpeedManagerEx( 1789): K/smIsShowLastSpeedValuefalse
06-27 21:39:04.752 I/NetworkSpeedView( 1789): /update(), speed=1.8
06-27 21:39:04.752 I/NetworkSpeedView( 1789): K/s parent class:class com.android.systemui.statusbar.HwSystemIcons
06-27 21:39:04.753 D/PMS11326(  702): package:com.excelliance.dualaid, input flags:128, output hwFlags:0
06-27 21:39:04.766 I/NetworkSpeedManagerEx( 1789): mIsStop = false
06-27 21:39:04.766 I/NetworkSpeedManagerEx( 1789):  runInThread getTetherStats
06-27 21:39:04.767 I/NetworkSpeedManagerEx( 1789):  runInUI refreshSpeed
06-27 21:39:04.768 D/AirPushService(11369): 
06-27 21:39:04.769 D/SmtServService(11369): MSG_LOAD_PLT GameUtil.isPtLoaded() = false
06-27 21:39:04.772 I/HwCust  (11369): Constructor found for class android.net.HwCustConnectivityManagerImpl
