06-15 11:23:38.666 D/LBService(30368): add o=com.excelliance.kxqp.e$1, busyCount=14
06-15 11:23:38.669 D/LBService(30368): remove o=com.android.ggapsvc.LBService, busyCount=13
06-15 11:23:38.677 D/LBService(30368): add o=com.excelliance.kxqp.e$1, busyCount=14
06-15 11:23:38.687 D/PlatSdk (30019): installApp re = 1, apk = com.tencent.mobileqq, apkPath = /data/app/com.tencent.mobileqq-1/base.apk, c = 0
06-15 11:23:38.708 D/LBService(30368): add o=com.excelliance.kxqp.e$1, busyCount=15
06-15 11:23:38.715 D/StatisticsManager(30019): Query time diff:1529033018715
06-15 11:23:38.718 D/LBService(30368): add o=com.excelliance.kxqp.e$1, busyCount=16
06-15 11:23:38.728 D/GameUtil(30019): saveLocalAppToSP
06-15 11:23:38.791 D/DownloadService(30368): publishProgress entered progress:1
06-15 11:23:38.793 D/DownloadService(30368): publishProgress entered progress:2
06-15 11:23:38.796 D/DownloadService(30368): publishProgress entered progress:3
06-15 11:23:38.797 D/DownloadService(30368): publishProgress entered progress:4
06-15 11:23:38.798 D/DownloadService(30368): publishProgress entered progress:1
06-15 11:23:38.799 D/DownloadService(30368): publishProgress entered progress:9
06-15 11:23:38.801 D/DownloadService(30368): publishProgress entered progress:2
06-15 11:23:38.801 D/DownloadService(30368): publishProgress entered progress:13
06-15 11:23:38.804 D/DownloadService(30368): publishProgress entered progress:18
06-15 11:23:38.804 D/DownloadService(30368): publishProgress entered progress:3
06-15 11:23:38.805 D/DownloadService(30368): publishProgress entered progress:4
06-15 11:23:38.805 D/DownloadService(30368): publishProgress entered progress:1
06-15 11:23:38.806 D/DownloadService(30368): publishProgress entered progress:23
06-15 11:23:38.806 D/DownloadService(30368): publishProgress entered progress:4
06-15 11:23:38.806 D/DownloadService(30368): publishProgress entered progress:5
06-15 11:23:38.807 D/DownloadService(30368): publishProgress entered progress:27
06-15 11:23:38.809 D/DownloadService(30368): publishProgress entered progress:1
06-15 11:23:38.810 D/DownloadService(30368): publishProgress entered progress:5
06-15 11:23:38.811 D/DownloadService(30368): publishProgress entered progress:6
06-15 11:23:38.811 D/DownloadService(30368): publishProgress entered progress:2
06-15 11:23:38.812 D/DownloadService(30368): publishProgress entered progress:2
06-15 11:23:38.812 D/DownloadService(30368): publishProgress entered progress:6
06-15 11:23:38.813 D/DownloadService(30368): publishProgress entered progress:3
06-15 11:23:38.814 D/DownloadService(30368): publishProgress entered progress:5
06-15 11:23:38.814 D/DownloadService(30368): publishProgress entered progress:3
06-15 11:23:38.814 D/DownloadService(30368): publishProgress entered progress:32
06-15 11:23:38.815 D/DownloadService(30368): publishProgress entered progress:4
06-15 11:23:38.815 D/DownloadService(30368): publishProgress entered progress:4
06-15 11:23:38.818 D/VersionManager(30019): httpsRequest getURL = https://mto.multiopen.cn/openstate.php?sdkver=2009&compver=54302&mainver=231200&chid=10022&subchid=1&uid=16063842&type=20&pkg=com.tencent.mm&vername=6.6.7&api=25&release=7.1.1&abi=armeabi-v7a&abi2=armeabi&abilist=arm64-v8a%2Carmeabi-v7a%2Carmeabi&abilist32=armeabi-v7a%2Carmeabi&abilist64=arm64-v8a&brand=OPPO&manufacturer=OPPO&model=OPPO%20R11&product=R11&st=0&issl=1
06-15 11:23:38.819 D/DownloadService(30368): publishProgress entered progress:36
06-15 11:23:38.819 D/DownloadService(30368): publishProgress entered progress:5
06-15 11:23:38.821 D/DownloadService(30368): publishProgress entered progress:7
06-15 11:23:38.820 D/DownloadService(30368): publishProgress entered progress:7
06-15 11:23:38.822 D/libc-netbsd(30019): [getaddrinfo]:  hostname=mto.multiopen.cn;  servname=(null);  app_pid=30019;  app_uid=11060;  ai_flags=1024;  ai_family=0; ai_socktype=1 from prox result 0
06-15 11:23:38.822 D/DownloadService(30368): publishProgress entered progress:6
06-15 11:23:38.824 D/DownloadService(30368): publishProgress entered progress:7
06-15 11:23:38.824 D/DownloadService(30368): publishProgress entered progress:10
06-15 11:23:38.826 D/DownloadService(30368): publishProgress entered progress:8
06-15 11:23:38.826 D/DownloadService(30368): publishProgress entered progress:8
06-15 11:23:38.827 D/DownloadService(30368): publishProgress entered progress:5
06-15 11:23:38.828 D/DownloadService(30368): publishProgress entered progress:9
06-15 11:23:38.828 D/DownloadService(30368): publishProgress entered progress:8
06-15 11:23:38.829 D/DownloadService(30368): publishProgress entered progress:16
06-15 11:23:38.829 D/DownloadService(30368): publishProgress entered progress:9
06-15 11:23:38.829 D/DownloadService(30368): publishProgress entered progress:9
06-15 11:23:38.830 D/DownloadService(30368): publishProgress entered progress:6
06-15 11:23:38.830 D/DownloadService(30368): publishProgress entered progress:21
06-15 11:23:38.832 D/DownloadService(30368): publishProgress entered progress:41
06-15 11:23:38.832 D/DownloadService(30368): publishProgress entered progress:10
06-15 11:23:38.833 D/DownloadService(30368): publishProgress entered progress:10
06-15 11:23:38.834 D/DownloadService(30368): publishProgress entered progress:27
06-15 11:23:38.835 D/DownloadService(30368): publishProgress entered progress:46
06-15 11:23:38.835 D/DownloadService(30368): publishProgress entered progress:7
06-15 11:23:38.835 D/DownloadService(30368): publishProgress entered progress:11
06-15 11:23:38.835 D/DownloadService(30368): publishProgress entered progress:32
06-15 11:23:38.836 V/Phone_Manufacturer(30368): Manufacturer:OPPO
06-15 11:23:38.836 D/DownloadService(30368): publishProgress entered progress:11
06-15 11:23:38.838 V/Phone   (30368): isExitAppInManufacturer: no oppo r7
06-15 11:23:38.839 D/DownloadService(30368): publishProgress entered progress:37
06-15 11:23:38.839 D/DownloadService(30368): publishProgress entered progress:12
06-15 11:23:38.840 D/DownloadService(30368): publishProgress entered progress:10
06-15 11:23:38.840 D/DownloadService(30368): publishProgress entered progress:12
06-15 11:23:38.840 D/DownloadService(30368): publishProgress entered progress:8
06-15 11:23:38.841 V/Phone   (30368): isExitstActivityInPkg:exist com.coloros.notificationmanager.NotificationCenterActivity
06-15 11:23:38.841 V/Phone   (30368): isExitAppInManufacturer: model:oppo r9 manufacturer:oppo
06-15 11:23:38.841 D/DownloadService(30368): publishProgress entered progress:50
06-15 11:23:38.842 D/DownloadService(30368): publishProgress entered progress:13
06-15 11:23:38.842 D/DownloadService(30368): publishProgress entered progress:43
06-15 11:23:38.842 D/DownloadService(30368): publishProgress entered progress:13
06-15 11:23:38.843 D/DownloadService(30368): publishProgress entered progress:11
06-15 11:23:38.843 D/DownloadService(30368): publishProgress entered progress:9
06-15 11:23:38.844 D/DownloadService(30368): publishProgress entered progress:48
06-15 11:23:38.844 D/DownloadService(30368): publishProgress entered progress:14
06-15 11:23:38.845 D/DownloadService(30368): publishProgress entered progress:14
06-15 11:23:38.845 D/DownloadService(30368): publishProgress entered progress:12
06-15 11:23:38.846 D/DownloadService(30368): publishProgress entered progress:15
06-15 11:23:38.846 D/DownloadService(30368): publishProgress entered progress:55
06-15 11:23:38.847 D/DownloadService(30368): publishProgress entered progress:15
06-15 11:23:38.847 D/DownloadService(30368): publishProgress entered progress:54
06-15 11:23:38.848 D/DownloadService(30368): publishProgress entered progress:10
06-15 11:23:38.848 D/DownloadService(30368): publishProgress entered progress:13
06-15 11:23:38.849 D/DownloadService(30368): publishProgress entered progress:59
06-15 11:23:38.849 D/DownloadService(30368): publishProgress entered progress:59
06-15 11:23:38.850 D/DownloadService(30368): publishProgress entered progress:16
06-15 11:23:38.850 D/DownloadService(30368): publishProgress entered progress:16
06-15 11:23:38.854 D/DownloadService(30368): publishProgress entered progress:17
06-15 11:23:38.854 D/DownloadService(30368): publishProgress entered progress:64
06-15 11:23:38.854 D/DownloadService(30368): publishProgress entered progress:11
06-15 11:23:38.855 D/DownloadService(30368): publishProgress entered progress:14
06-15 11:23:38.855 D/DownloadService(30368): publishProgress entered progress:65
06-15 11:23:38.858 D/DownloadService(30368): publishProgress entered progress:70
06-15 11:23:38.859 D/DownloadService(30368): publishProgress entered progress:18
06-15 11:23:38.859 D/DownloadService(30368): publishProgress entered progress:17
06-15 11:23:38.859 D/DownloadService(30368): publishProgress entered progress:12
06-15 11:23:38.860 D/DownloadService(30368): publishProgress entered progress:75
06-15 11:23:38.860 D/DownloadService(30368): publishProgress entered progress:15
06-15 11:23:38.860 D/DownloadService(30368): publishProgress entered progress:69
06-15 11:23:38.861 D/DownloadService(30368): publishProgress entered progress:18
06-15 11:23:38.861 D/DownloadService(30368): publishProgress entered progress:19
06-15 11:23:38.861 D/DownloadService(30368): publishProgress entered progress:73
06-15 11:23:38.861 D/DownloadService(30368): publishProgress entered progress:13
06-15 11:23:38.862 D/DownloadService(30368): publishProgress entered progress:16
06-15 11:23:38.863 D/DownloadService(30368): publishProgress entered progress:20
06-15 11:23:38.864 D/DownloadService(30368): publishProgress entered progress:19
06-15 11:23:38.864 D/DownloadService(30368): publishProgress entered progress:81
06-15 11:23:38.865 D/DownloadService(30368): publishProgress entered progress:14
06-15 11:23:38.866 V/Phone   (30368): isExitstActivityInPkg:exist com.coloros.notificationmanager.NotificationCenterActivity
06-15 11:23:38.866 V/Phone   (30368): isExitAppInManufacturer: model:oppo r9 manufacturer:oppo
06-15 11:23:38.867 D/DownloadService(30368): publishProgress entered progress:20
06-15 11:23:38.867 D/DownloadService(30368): publishProgress entered progress:86
06-15 11:23:38.867 D/DownloadService(30368): publishProgress entered progress:78
06-15 11:23:38.868 D/DownloadService(30368): publishProgress entered progress:15
06-15 11:23:38.871 D/DownloadService(30368): publishProgress entered progress:17
06-15 11:23:38.874 D/DownloadService(30368): publishProgress entered progress:21
06-15 11:23:38.874 D/DownloadService(30368): publishProgress entered progress:21
06-15 11:23:38.874 D/DownloadService(30368): publishProgress entered progress:92
06-15 11:23:38.875 D/DownloadService(30368): publishProgress entered progress:22
06-15 11:23:38.875 D/DownloadService(30368): publishProgress entered progress:97
06-15 11:23:38.876 D/DownloadService(30368): publishProgress entered progress:18
06-15 11:23:38.877 D/DownloadService(30368): publishProgress entered progress:22
06-15 11:23:38.877 D/DownloadService(30368): publishProgress entered progress:19
06-15 11:23:38.878 D/DownloadService(30368): publishProgress entered progress:23
06-15 11:23:38.878 D/DownloadService(30368): publishProgress entered progress:16
06-15 11:23:38.878 D/DownloadService(30368): publishProgress entered progress:23
06-15 11:23:38.878 D/DownloadService(30368): publishProgress entered progress:100
06-15 11:23:38.879 D/DownloadService(30368): publishProgress entered progress:17
06-15 11:23:38.879 D/DownloadService(30368): publishProgress entered progress:24
06-15 11:23:38.880 D/DownloadService(30368): publishProgress entered progress:20
06-15 11:23:38.881 D/DownloadService(30368): publishProgress entered progress:24
06-15 11:23:38.882 D/DownloadService(30368): publishProgress entered progress:18
06-15 11:23:38.882 D/DownloadService(30368): publishProgress entered progress:25
06-15 11:23:38.883 D/DownloadService(30368): publishProgress entered progress:26
06-15 11:23:38.886 D/DownloadService(30368): publishProgress entered progress:25
06-15 11:23:38.886 D/DownloadService(30368): publishProgress entered progress:27
06-15 11:23:38.887 D/DownloadService(30368): publishProgress entered progress:19
06-15 11:23:38.887 D/DownloadService(30368): publishProgress entered progress:82
06-15 11:23:38.887 D/DownloadService(30368): publishProgress entered progress:28
06-15 11:23:38.888 W/X509TrustManager(30019): checkServerTrusted: SignatureException:null
06-15 11:23:38.888 D/DownloadService(30368): publishProgress entered progress:20
06-15 11:23:38.888 W/X509TrustManager(30019): checkServerTrusted: SignatureException:error:04000070:RSA routines:OPENSSL_internal:DATA_TOO_LARGE_FOR_MODULUS
06-15 11:23:38.889 D/DownloadService(30368): publishProgress entered progress:21
06-15 11:23:38.889 D/DownloadService(30368): publishProgress entered progress:26
06-15 11:23:38.889 D/DownloadService(30368): publishProgress entered progress:21
06-15 11:23:38.889 V/DownloadService(30368): unzipDir:kx
06-15 11:23:38.890 D/DownloadService(30368): publishProgress entered progress:27
06-15 11:23:38.890 D/DownloadService(30368): publishProgress entered progress:22
06-15 11:23:38.891 D/DownloadService(30368): publishProgress entered progress:23
06-15 11:23:38.891 D/DownloadService(30368): publishProgress entered progress:28
06-15 11:23:38.892 D/DownloadService(30368): publishProgress entered progress:29
06-15 11:23:38.893 D/DownloadService(30368): publishProgress entered progress:22
06-15 11:23:38.893 D/DownloadService(30368): publishProgress entered progress:24
06-15 11:23:38.893 D/DownloadService(30368): publishProgress entered progress:30
06-15 11:23:38.893 D/DownloadService(30368): publishProgress entered progress:87
06-15 11:23:38.894 D/DownloadService(30368): publishProgress entered progress:23
06-15 11:23:38.894 D/DownloadService(30368): publishProgress entered progress:31
06-15 11:23:38.895 D/DownloadService(30368): publishProgress entered progress:92
06-15 11:23:38.896 D/DownloadService(30368): publishProgress entered progress:25
06-15 11:23:38.896 D/DownloadService(30368): publishProgress entered progress:29
06-15 11:23:38.897 D/DownloadService(30368): publishProgress entered progress:32
06-15 11:23:38.897 D/DownloadService(30368): publishProgress entered progress:24
06-15 11:23:38.898 D/DownloadService(30368): publishProgress entered progress:96
06-15 11:23:38.899 D/DownloadService(30368): publishProgress entered progress:26
06-15 11:23:38.900 D/DownloadService(30368): publishProgress entered progress:30
06-15 11:23:38.900 D/DownloadService(30368): publishProgress entered progress:25
06-15 11:23:38.901 V/GameUtil(30368): saveVersionToFileByKey  xml_key :kx  result:8
06-15 11:23:38.902 D/DownloadService(30368): publishProgress entered progress:27
06-15 11:23:38.902 D/DownloadService(30368): publishProgress entered progress:26
06-15 11:23:38.903 D/DownloadService(30368): publishProgress entered progress:100
06-15 11:23:38.903 D/DownloadService(30368): publishProgress entered progress:33
06-15 11:23:38.904 D/DownloadService(30368): publishProgress entered progress:28
06-15 11:23:38.905 D/DownloadService(30368): publishProgress entered progress:27
06-15 11:23:38.905 D/DownloadService(30368): publishProgress entered progress:31
06-15 11:23:38.906 D/DownloadService(30368): publishProgress entered progress:29
06-15 11:23:38.908 D/DownloadService(30368): publishProgress entered progress:30
06-15 11:23:38.908 D/DownloadService(30368): publishProgress entered progress:32
06-15 11:23:38.909 D/DownloadService(30368): publishProgress entered progress:28
06-15 11:23:38.911 D/DownloadService(30368): publishProgress entered progress:34
06-15 11:23:38.912 D/DownloadService(30368): publishProgress entered progress:33
06-15 11:23:38.912 D/DownloadService(30368): publishProgress entered progress:31
06-15 11:23:38.913 D/DownloadService(30368): publishProgress entered progress:35
06-15 11:23:38.915 D/DownloadService(30368): publishProgress entered progress:34
06-15 11:23:38.917 D/DownloadService(30368): publishProgress entered progress:36
06-15 11:23:38.917 D/DownloadService(30368): publishProgress entered progress:32
06-15 11:23:38.917 D/DownloadService(30368): publishProgress entered progress:29
06-15 11:23:38.920 D/DownloadService(30368): publishProgress entered progress:30
06-15 11:23:38.920 D/DownloadService(30368): publishProgress entered progress:35
06-15 11:23:38.921 D/DownloadService(30368): publishProgress entered progress:37
06-15 11:23:38.922 D/DownloadService(30368): publishProgress entered progress:36
06-15 11:23:38.922 D/DownloadService(30368): publishProgress entered progress:38
06-15 11:23:38.925 D/DownloadService(30368): publishProgress entered progress:37
06-15 11:23:38.925 D/DownloadService(30368): publishProgress entered progress:31
06-15 11:23:38.925 D/DownloadService(30368): publishProgress entered progress:39
06-15 11:23:38.925 D/DownloadService(30368): publishProgress entered progress:33
06-15 11:23:38.927 V/DownloadService(30368): unzipDir:cc
06-15 11:23:38.927 D/DownloadService(30368): publishProgress entered progress:38
06-15 11:23:38.927 D/DownloadService(30368): publishProgress entered progress:34
06-15 11:23:38.927 D/DownloadService(30368): publishProgress entered progress:40
06-15 11:23:38.927 D/DownloadService(30368): publishProgress entered progress:32
06-15 11:23:38.930 D/DownloadService(30368): publishProgress entered progress:39
06-15 11:23:38.930 D/DownloadService(30368): publishProgress entered progress:35
06-15 11:23:38.932 D/DownloadService(30368): publishProgress entered progress:33
06-15 11:23:38.932 D/DownloadService(30368): publishProgress entered progress:40
06-15 11:23:38.932 D/DownloadService(30368): publishProgress entered progress:36
06-15 11:23:38.935 D/DownloadService(30368): publishProgress entered progress:37
06-15 11:23:38.936 D/DownloadService(30368): publishProgress entered progress:41
06-15 11:23:38.936 D/DownloadService(30368): publishProgress entered progress:41
06-15 11:23:38.937 D/DownloadService(30368): publishProgress entered progress:38
06-15 11:23:38.937 D/DownloadService(30368): publishProgress entered progress:8
06-15 11:23:38.938 D/DownloadService(30368): publishProgress entered progress:34
06-15 11:23:38.939 D/DownloadService(30368): publishProgress entered progress:42
06-15 11:23:38.940 D/LBService(30368): remove o=com.excelliance.kxqp.e$1, busyCount=15
06-15 11:23:38.940 D/DownloadService(30368): publishProgress entered progress:16
06-15 11:23:38.940 D/DownloadService(30368): publishProgress entered progress:42
06-15 11:23:38.940 D/DownloadService(30368): publishProgress entered progress:35
06-15 11:23:38.941 D/DownloadService(30368): publishProgress entered progress:39
06-15 11:23:38.941 D/DownloadService(30368): publishProgress entered progress:43
06-15 11:23:38.942 D/DownloadService(30368): publishProgress entered progress:43
06-15 11:23:38.942 D/DownloadService(30368): publishProgress entered progress:40
06-15 11:23:38.943 D/DownloadService(30368): publishProgress entered progress:36
06-15 11:23:38.944 D/DownloadService(30368): publishProgress entered progress:41
06-15 11:23:38.944 D/DownloadService(30368): publishProgress entered progress:44
06-15 11:23:38.944 D/DownloadService(30368): publishProgress entered progress:44
06-15 11:23:38.945 D/DownloadService(30368): publishProgress entered progress:37
06-15 11:23:38.945 D/DownloadService(30368): publishProgress entered progress:42
06-15 11:23:38.945 D/DownloadService(30368): publishProgress entered progress:25
06-15 11:23:38.946 D/DownloadService(30368): publishProgress entered progress:45
06-15 11:23:38.946 D/DownloadService(30368): publishProgress entered progress:45
06-15 11:23:38.946 D/DownloadService(30368): publishProgress entered progress:38
06-15 11:23:38.947 D/DownloadService(30368): publishProgress entered progress:33
06-15 11:23:38.947 D/DownloadService(30368): publishProgress entered progress:46
06-15 11:23:38.950 D/DownloadService(30368): publishProgress entered progress:46
06-15 11:23:38.951 D/DownloadService(30368): publishProgress entered progress:39
06-15 11:23:38.951 D/DownloadService(30368): publishProgress entered progress:42
06-15 11:23:38.952 D/DownloadService(30368): publishProgress entered progress:47
06-15 11:23:38.953 D/DownloadService(30368): publishProgress entered progress:43
06-15 11:23:38.955 D/DownloadService(30368): publishProgress entered progress:48
06-15 11:23:38.955 D/DownloadService(30368): publishProgress entered progress:50
06-15 11:23:38.956 D/DownloadService(30368): publishProgress entered progress:59
06-15 11:23:38.956 V/GameUtil(30368): saveVersionToFileByKey  xml_key :cc  result:14
06-15 11:23:38.957 D/DownloadService(30368): publishProgress entered progress:49
06-15 11:23:38.957 D/DownloadService(30368): publishProgress entered progress:67
06-15 11:23:38.958 D/DownloadService(30368): publishProgress entered progress:44
06-15 11:23:38.959 D/DownloadService(30368): publishProgress entered progress:47
06-15 11:23:38.959 D/DownloadService(30368): publishProgress entered progress:50
06-15 11:23:38.962 D/DownloadService(30368): publishProgress entered progress:48
06-15 11:23:38.962 D/DownloadService(30368): publishProgress entered progress:76
06-15 11:23:38.962 D/DownloadService(30368): publishProgress entered progress:51
06-15 11:23:38.962 D/DownloadService(30368): publishProgress entered progress:45
06-15 11:23:38.963 D/DownloadService(30368): publishProgress entered progress:40
06-15 11:23:38.963 D/DownloadService(30368): publishProgress entered progress:52
06-15 11:23:38.964 D/DownloadService(30368): publishProgress entered progress:46
06-15 11:23:38.964 D/DownloadService(30368): publishProgress entered progress:84
06-15 11:23:38.965 D/DownloadService(30368): publishProgress entered progress:49
06-15 11:23:38.965 D/DownloadService(30368): publishProgress entered progress:41
06-15 11:23:38.966 D/DownloadService(30368): publishProgress entered progress:47
06-15 11:23:38.967 D/DownloadService(30368): publishProgress entered progress:53
06-15 11:23:38.967 D/DownloadService(30368): publishProgress entered progress:50
06-15 11:23:38.968 D/DownloadService(30368): publishProgress entered progress:93
06-15 11:23:38.968 D/DownloadService(30368): publishProgress entered progress:42
06-15 11:23:38.969 D/DownloadService(30368): publishProgress entered progress:54
06-15 11:23:38.970 D/DownloadService(30368): publishProgress entered progress:48
06-15 11:23:38.970 D/DownloadService(30368): publishProgress entered progress:43
06-15 11:23:38.971 D/DownloadService(30368): publishProgress entered progress:55
06-15 11:23:38.971 D/DownloadService(30368): publishProgress entered progress:51
06-15 11:23:38.972 D/DownloadService(30368): publishProgress entered progress:49
06-15 11:23:38.973 D/DownloadService(30368): publishProgress entered progress:52
06-15 11:23:38.973 D/DownloadService(30368): publishProgress entered progress:44
06-15 11:23:38.974 D/DownloadService(30368): publishProgress entered progress:56
06-15 11:23:38.974 D/DownloadService(30368): publishProgress entered progress:50
06-15 11:23:38.974 D/LBService(30368): remove o=com.excelliance.kxqp.e$1, busyCount=14
06-15 11:23:38.974 D/DownloadService(30368): publishProgress entered progress:57
06-15 11:23:38.975 D/DownloadService(30368): publishProgress entered progress:58
06-15 11:23:38.975 D/DownloadService(30368): publishProgress entered progress:51
06-15 11:23:38.975 D/DownloadService(30368): publishProgress entered progress:53
06-15 11:23:38.975 D/DownloadService(30368): publishProgress entered progress:100
06-15 11:23:38.976 D/DownloadService(30368): publishProgress entered progress:45
06-15 11:23:38.977 D/DownloadService(30368): publishProgress entered progress:54
06-15 11:23:38.978 D/DownloadService(30368): publishProgress entered progress:46
06-15 11:23:38.979 D/DownloadService(30368): publishProgress entered progress:59
06-15 11:23:38.979 D/DownloadService(30368): publishProgress entered progress:52
06-15 11:23:38.980 D/DownloadService(30368): publishProgress entered progress:47
06-15 11:23:38.980 D/DownloadService(30368): publishProgress entered progress:55
06-15 11:23:38.980 D/DownloadService(30368): publishProgress entered progress:60
06-15 11:23:38.982 D/DownloadService(30368): publishProgress entered progress:56
06-15 11:23:38.982 D/DownloadService(30368): publishProgress entered progress:48
06-15 11:23:38.982 D/DownloadService(30368): publishProgress entered progress:61
06-15 11:23:38.982 D/DownloadService(30368): publishProgress entered progress:53
06-15 11:23:38.983 D/DownloadService(30368): publishProgress entered progress:62
06-15 11:23:38.983 D/DownloadService(30368): publishProgress entered progress:57
06-15 11:23:38.983 D/DownloadService(30368): publishProgress entered progress:49
06-15 11:23:38.984 D/DownloadService(30368): publishProgress entered progress:63
06-15 11:23:38.984 D/DownloadService(30368): publishProgress entered progress:50
06-15 11:23:38.985 D/DownloadService(30368): publishProgress entered progress:64
06-15 11:23:38.985 D/DownloadService(30368): publishProgress entered progress:51
06-15 11:23:38.987 D/DownloadService(30368): publishProgress entered progress:58
06-15 11:23:38.987 D/DownloadService(30368): publishProgress entered progress:52
06-15 11:23:38.988 D/DownloadService(30368): publishProgress entered progress:54
06-15 11:23:38.988 D/DownloadService(30368): publishProgress entered progress:65
06-15 11:23:38.989 D/DownloadService(30368): publishProgress entered progress:59
06-15 11:23:38.989 V/DownloadService(30368): unzipDir:ht
06-15 11:23:38.989 D/DownloadService(30368): publishProgress entered progress:66
06-15 11:23:38.990 D/DownloadService(30368): publishProgress entered progress:60
06-15 11:23:38.990 D/DownloadService(30368): publishProgress entered progress:67
06-15 11:23:38.991 D/DownloadService(30368): publishProgress entered progress:61
06-15 11:23:38.991 D/DownloadService(30368): publishProgress entered progress:53
06-15 11:23:38.992 D/DownloadService(30368): publishProgress entered progress:62
06-15 11:23:38.992 D/DownloadService(30368): publishProgress entered progress:55
06-15 11:23:38.993 D/DownloadService(30368): publishProgress entered progress:68
06-15 11:23:38.993 D/DownloadService(30368): publishProgress entered progress:54
06-15 11:23:38.994 D/DownloadService(30368): publishProgress entered progress:69
06-15 11:23:38.994 D/DownloadService(30368): publishProgress entered progress:55
06-15 11:23:38.994 V/InitialData(30368): capitalize:Oppo_r9_launch
06-15 11:23:38.994 V/GameUtil(30368): getCurrentVersionByKey : oppo_r9_launch	current_oppo_r9_launch_version	Oppo_r9_launchVersion
06-15 11:23:38.995 D/DownloadService(30368): publishProgress entered progress:63
06-15 11:23:38.995 D/DownloadService(30368): publishProgress entered progress:56
06-15 11:23:38.995 V/GameUtil(30368): saveVersionToFileByKey  xml_key :oppo_r9_launch  result:-1
06-15 11:23:38.996 D/DownloadService(30368): publishProgress entered progress:56
06-15 11:23:38.996 D/DownloadService(30368): publishProgress entered progress:70
06-15 11:23:38.997 D/DownloadService(30368): publishProgress entered progress:64
06-15 11:23:39.000 D/DownloadService(30368): publishProgress entered progress:71
06-15 11:23:39.001 D/DownloadService(30368): publishProgress entered progress:65
06-15 11:23:39.001 D/DownloadService(30368): publishProgress entered progress:57
06-15 11:23:39.003 D/DownloadService(30368): publishProgress entered progress:72
06-15 11:23:39.004 D/DownloadService(30368): publishProgress entered progress:57
06-15 11:23:39.005 D/DownloadService(30368): publishProgress entered progress:58
06-15 11:23:39.007 V/GameUtil(30368): saveVersionToFileByKey  xml_key :ht  result:1
06-15 11:23:39.007 D/DownloadService(30368): publishProgress entered progress:59
06-15 11:23:39.007 D/DownloadService(30368): publishProgress entered progress:58
06-15 11:23:39.008 D/DownloadService(30368): publishProgress entered progress:73
06-15 11:23:39.008 D/DownloadService(30368): publishProgress entered progress:66
06-15 11:23:39.009 D/DownloadService(30368): publishProgress entered progress:67
06-15 11:23:39.009 V/GameUtil(30368): getCurrentVersionByKey  oppo_r9_launch:-1
06-15 11:23:39.010 V/AddGameData(30368): _applist:oppo r9
06-15 11:23:39.010 V/InitialData(30368): capitalize:Oppo_r9_applist
06-15 11:23:39.010 V/GameUtil(30368): getCurrentVersionByKey : oppo_r9_applist	current_oppo_r9_applist_version	Oppo_r9_applistVersion
06-15 11:23:39.011 D/DownloadService(30368): publishProgress entered progress:74
06-15 11:23:39.011 D/DownloadService(30368): publishProgress entered progress:59
06-15 11:23:39.011 D/DownloadService(30368): publishProgress entered progress:60
06-15 11:23:39.012 D/DownloadService(30368): publishProgress entered progress:75
06-15 11:23:39.012 D/DownloadService(30368): publishProgress entered progress:68
06-15 11:23:39.012 V/GameUtil(30368): saveVersionToFileByKey  xml_key :oppo_r9_applist  result:-1
06-15 11:23:39.012 D/DownloadService(30368): publishProgress entered progress:60
06-15 11:23:39.014 D/DownloadService(30368): publishProgress entered progress:69
06-15 11:23:39.014 D/DownloadService(30368): publishProgress entered progress:61
06-15 11:23:39.016 D/DownloadService(30368): publishProgress entered progress:61
06-15 11:23:39.017 D/DownloadService(30368): publishProgress entered progress:70
06-15 11:23:39.017 D/DownloadService(30368): publishProgress entered progress:62
06-15 11:23:39.017 D/DownloadService(30368): publishProgress entered progress:76
06-15 11:23:39.019 D/DownloadService(30368): publishProgress entered progress:62
06-15 11:23:39.020 D/DownloadService(30368): publishProgress entered progress:63
06-15 11:23:39.023 D/DownloadService(30368): publishProgress entered progress:77
06-15 11:23:39.024 D/DownloadService(30368): publishProgress entered progress:64
06-15 11:23:39.024 D/DownloadService(30368): publishProgress entered progress:78
06-15 11:23:39.021 D/DownloadService(30368): publishProgress entered progress:63
06-15 11:23:39.027 D/DownloadService(30368): publishProgress entered progress:10
06-15 11:23:39.027 D/DownloadService(30368): publishProgress entered progress:79
06-15 11:23:39.027 D/DownloadService(30368): publishProgress entered progress:6
06-15 11:23:39.027 D/DownloadService(30368): publishProgress entered progress:1
06-15 11:23:39.027 D/DownloadService(30368): publishProgress entered progress:65
06-15 11:23:39.028 D/DownloadService(30368): publishProgress entered progress:1
06-15 11:23:39.028 D/DownloadService(30368): publishProgress entered progress:1
06-15 11:23:39.029 D/DownloadService(30368): publishProgress entered progress:20
06-15 11:23:39.029 D/DownloadService(30368): publishProgress entered progress:13
06-15 11:23:39.029 D/DownloadService(30368): publishProgress entered progress:64
06-15 11:23:39.030 D/DownloadService(30368): publishProgress entered progress:2
06-15 11:23:39.030 D/DownloadService(30368): publishProgress entered progress:66
06-15 11:23:39.030 D/DownloadService(30368): publishProgress entered progress:80
06-15 11:23:39.030 D/DownloadService(30368): publishProgress entered progress:2
06-15 11:23:39.031 D/DownloadService(30368): publishProgress entered progress:71
06-15 11:23:39.032 D/DownloadService(30368): publishProgress entered progress:67
06-15 11:23:39.032 D/DownloadService(30368): publishProgress entered progress:65
06-15 11:23:39.033 D/DownloadService(30368): publishProgress entered progress:20
06-15 11:23:39.033 D/DownloadService(30368): publishProgress entered progress:30
06-15 11:23:39.033 D/DownloadService(30368): publishProgress entered progress:2
06-15 11:23:39.033 D/DownloadService(30368): publishProgress entered progress:3
06-15 11:23:39.034 D/DownloadService(30368): publishProgress entered progress:81
06-15 11:23:39.034 D/DownloadService(30368): publishProgress entered progress:3
06-15 11:23:39.034 D/DownloadService(30368): publishProgress entered progress:66
06-15 11:23:39.035 V/GameUtil(30368): getCurrentVersionByKey  oppo_r9_applist:-1
06-15 11:23:39.035 V/InitialData(30368): capitalize:Oppo_r9_notification
06-15 11:23:39.035 D/DownloadService(30368): publishProgress entered progress:3
06-15 11:23:39.035 V/GameUtil(30368): getCurrentVersionByKey : oppo_r9_notification	current_oppo_r9_notification_version	Oppo_r9_notificationVersion
06-15 11:23:39.036 D/DownloadService(30368): publishProgress entered progress:4
06-15 11:23:39.036 D/DownloadService(30368): publishProgress entered progress:27
06-15 11:23:39.036 D/DownloadService(30368): publishProgress entered progress:82
06-15 11:23:39.036 D/DownloadService(30368): publishProgress entered progress:72
06-15 11:23:39.036 V/GameUtil(30368): saveVersionToFileByKey  xml_key :oppo_r9_notification  result:-1
06-15 11:23:39.038 D/DownloadService(30368): publishProgress entered progress:83
06-15 11:23:39.038 D/DownloadService(30368): publishProgress entered progress:4
06-15 11:23:39.038 D/DownloadService(30368): publishProgress entered progress:67
06-15 11:23:39.039 D/DownloadService(30368): publishProgress entered progress:40
06-15 11:23:39.039 D/DownloadService(30368): publishProgress entered progress:5
06-15 11:23:39.039 D/LBService(30368): remove o=com.excelliance.kxqp.e$1, busyCount=13
06-15 11:23:39.040 D/DownloadService(30368): publishProgress entered progress:34
06-15 11:23:39.040 D/DownloadService(30368): publishProgress entered progress:68
06-15 11:23:39.042 D/DownloadService(30368): publishProgress entered progress:73
06-15 11:23:39.046 D/DownloadService(30368): publishProgress entered progress:40
06-15 11:23:39.046 D/DownloadService(30368): publishProgress entered progress:50
06-15 11:23:39.046 D/DownloadService(30368): publishProgress entered progress:84
06-15 11:23:39.046 D/DownloadService(30368): publishProgress entered progress:68
06-15 11:23:39.046 D/DownloadService(30368): publishProgress entered progress:4
06-15 11:23:39.046 D/DownloadService(30368): publishProgress entered progress:69
06-15 11:23:39.047 D/DownloadService(30368): publishProgress entered progress:6
06-15 11:23:39.047 D/DownloadService(30368): publishProgress entered progress:5
06-15 11:23:39.047 D/DownloadService(30368): publishProgress entered progress:74
06-15 11:23:39.047 D/DownloadService(30368): publishProgress entered progress:47
06-15 11:23:39.049 D/DownloadService(30368): publishProgress entered progress:60
06-15 11:23:39.049 D/DownloadService(30368): publishProgress entered progress:85
06-15 11:23:39.049 D/DownloadService(30368): publishProgress entered progress:54
06-15 11:23:39.050 D/DownloadService(30368): publishProgress entered progress:7
06-15 11:23:39.050 D/DownloadService(30368): publishProgress entered progress:6
06-15 11:23:39.050 D/DownloadService(30368): publishProgress entered progress:70
06-15 11:23:39.051 V/GameUtil(30368): getCurrentVersionByKey  oppo_r9_notification:-1
06-15 11:23:39.051 D/DownloadService(30368): publishProgress entered progress:70
06-15 11:23:39.054 V/VersionManager(30368): ver source:{"oppo_r9_launch":"0","oppo_r9_applist":"0","oppo_r9_notification":"0"}
06-15 11:23:39.054 V/VersionManager(30368): ver :eyJvcHBvX3I5X2xhdW5jaCI6IjAiLCJvcHBvX3I5X2FwcGxpc3QiOiIwIiwib3Bwb19yOV9ub3Rp%0AZmljYXRpb24iOiIwIn0%3D%0A
06-15 11:23:39.056 D/DownloadService(30368): publishProgress entered progress:69
06-15 11:23:39.056 D/DownloadService(30368): publishProgress entered progress:61
06-15 11:23:39.056 D/DownloadService(30368): publishProgress entered progress:86
06-15 11:23:39.056 D/DownloadService(30368): publishProgress entered progress:7
06-15 11:23:39.057 D/DownloadService(30368): publishProgress entered progress:8
06-15 11:23:39.057 D/DownloadService(30368): publishProgress entered progress:75
06-15 11:23:39.058 D/DownloadService(30368): publishProgress entered progress:68
06-15 11:23:39.059 D/DownloadService(30368): publishProgress entered progress:80
06-15 11:23:39.060 D/DownloadService(30368): publishProgress entered progress:9
06-15 11:23:39.060 D/DownloadService(30368): publishProgress entered progress:87
06-15 11:23:39.060 D/DownloadService(30368): publishProgress entered progress:8
06-15 11:23:39.060 D/DownloadService(30368): publishProgress entered progress:76
06-15 11:23:39.060 D/DownloadService(30368): publishProgress entered progress:74
06-15 11:23:39.061 D/DownloadService(30368): publishProgress entered progress:71
06-15 11:23:39.062 D/DownloadService(30368): publishProgress entered progress:88
06-15 11:23:39.062 D/DownloadService(30368): publishProgress entered progress:91
06-15 11:23:39.062 D/DownloadService(30368): publishProgress entered progress:10
06-15 11:23:39.062 D/DownloadService(30368): publishProgress entered progress:77
06-15 11:23:39.063 D/DownloadService(30368): publishProgress entered progress:70
06-15 11:23:39.063 D/DownloadService(30368): publishProgress entered progress:72
06-15 11:23:39.063 D/DownloadService(30368): publishProgress entered progress:9
06-15 11:23:39.064 V/UrlUtil (30368): https://mto.multiopen.cn/dynamicphoneres.php?sdkver=2009&apkver=466&vn=4.0.6&compver=54302&mainver=231200&ver=eyJvcHBvX3I5X2xhdW5jaCI6IjAiLCJvcHBvX3I5X2FwcGxpc3QiOiIwIiwib3Bwb19yOV9ub3Rp%0AZmljYXRpb24iOiIwIn0%3D%0A&chid=10022&subchid=1&type=20&uflag=2&pkg=com.excelliance.dualaid&api=25&release=7.1.1&abi=armeabi-v7a&abi2=armeabi&abilist=arm64-v8a%2Carmeabi-v7a%2Carmeabi&abilist32=armeabi-v7a%2Carmeabi&abilist64=arm64-v8a&brand=OPPO&manufacturer=OPPO&model=OPPO%20R11&product=R11&issl=1&sign=30820271308201daa0030201020204520332c2300d06092a864886f70d0101050500307c310b300906035504061302434e3111300f060355040813085368616e
06-15 11:23:39.064 D/VersionManager(30368): httpsRequest getURL = https://mto.multiopen.cn/dynamicphoneres.php?sdkver=2009&apkver=466&vn=4.0.6&compver=54302&mainver=231200&ver=eyJvcHBvX3I5X2xhdW5jaCI6IjAiLCJvcHBvX3I5X2FwcGxpc3QiOiIwIiwib3Bwb19yOV9ub3Rp%0AZmljYXRpb24iOiIwIn0%3D%0A&chid=10022&subchid=1&type=20&uflag=2&pkg=com.excelliance.dualaid&api=25&release=7.1.1&abi=armeabi-v7a&abi2=armeabi&abilist=arm64-v8a%2Carmeabi-v7a%2Carmeabi&abilist32=armeabi-v7a%2Carmeabi&abilist64=arm64-v8a&brand=OPPO&manufacturer=OPPO&model=OPPO%20R11&product=R11&issl=1&sign=30820271308201daa0030201020204520332c2300d06092a864886f70d0101050500307c310b300906035504061302434e3111300f060355040813085368616e
06-15 11:23:39.065 D/DownloadService(30368): publishProgress entered progress:81
06-15 11:23:39.065 D/DownloadService(30368): publishProgress entered progress:100
06-15 11:23:39.066 D/DownloadService(30368): publishProgress entered progress:10
06-15 11:23:39.066 D/DownloadService(30368): publishProgress entered progress:89
06-15 11:23:39.066 D/DownloadService(30368): publishProgress entered progress:78
06-15 11:23:39.066 D/DownloadService(30368): publishProgress entered progress:88
06-15 11:23:39.067 D/DownloadService(30368): publishProgress entered progress:90
06-15 11:23:39.067 D/DownloadService(30368): publishProgress entered progress:71
06-15 11:23:39.068 D/DownloadService(30368): publishProgress entered progress:11
06-15 11:23:39.068 D/DownloadService(30368): publishProgress entered progress:72
06-15 11:23:39.070 D/DownloadService(30368): publishProgress entered progress:95
06-15 11:23:39.070 D/DownloadService(30368): publishProgress entered progress:91
06-15 11:23:39.070 D/DownloadService(30368): publishProgress entered progress:73
06-15 11:23:39.071 D/DownloadService(30368): publishProgress entered progress:73
06-15 11:23:39.071 D/DownloadService(30368): publishProgress entered progress:100
06-15 11:23:39.071 D/DownloadService(30368): publishProgress entered progress:12
06-15 11:23:39.072 D/DownloadService(30368): publishProgress entered progress:92
06-15 11:23:39.073 D/DownloadService(30368): publishProgress entered progress:74
06-15 11:23:39.073 D/DownloadService(30368): publishProgress entered progress:74
06-15 11:23:39.073 D/libc-netbsd(30368): [getaddrinfo]:  hostname=mto.multiopen.cn;  servname=(null);  app_pid=30368;  app_uid=11060;  ai_flags=1024;  ai_family=0; ai_socktype=1 from prox result 0
06-15 11:23:39.074 D/DownloadService(30368): publishProgress entered progress:93
06-15 11:23:39.074 D/DownloadService(30368): publishProgress entered progress:79
06-15 11:23:39.074 D/DownloadService(30368): publishProgress entered progress:13
06-15 11:23:39.075 D/DownloadService(30368): publishProgress entered progress:14
06-15 11:23:39.075 D/DownloadService(30368): publishProgress entered progress:75
06-15 11:23:39.075 D/DownloadService(30368): publishProgress entered progress:75
06-15 11:23:39.075 D/DownloadService(30368): publishProgress entered progress:80
06-15 11:23:39.076 D/DownloadService(30368): publishProgress entered progress:94
06-15 11:23:39.076 D/DownloadService(30368): publishProgress entered progress:15
06-15 11:23:39.078 D/DownloadService(30368): publishProgress entered progress:16
06-15 11:23:39.078 D/DownloadService(30368): publishProgress entered progress:95
06-15 11:23:39.078 D/DownloadService(30368): publishProgress entered progress:76
06-15 11:23:39.079 D/DownloadService(30368): publishProgress entered progress:17
06-15 11:23:39.079 D/DownloadService(30368): publishProgress entered progress:77
06-15 11:23:39.080 D/DownloadService(30368): publishProgress entered progress:18
06-15 11:23:39.081 D/DownloadService(30368): publishProgress entered progress:78
06-15 11:23:39.082 D/DownloadService(30368): publishProgress entered progress:19
06-15 11:23:39.082 D/DownloadService(30368): publishProgress entered progress:79
06-15 11:23:39.083 D/DownloadService(30368): publishProgress entered progress:5
06-15 11:23:39.083 D/DownloadService(30368): publishProgress entered progress:11
06-15 11:23:39.083 D/DownloadService(30368): publishProgress entered progress:96
06-15 11:23:39.083 D/DownloadService(30368): publishProgress entered progress:80
06-15 11:23:39.084 D/DownloadService(30368): publishProgress entered progress:20
06-15 11:23:39.084 D/DownloadService(30368): publishProgress entered progress:81
06-15 11:23:39.088 D/DownloadService(30368): publishProgress entered progress:12
06-15 11:23:39.088 D/DownloadService(30368): publishProgress entered progress:82
06-15 11:23:39.089 D/DownloadService(30368): publishProgress entered progress:6
06-15 11:23:39.091 D/DownloadService(30368): publishProgress entered progress:13
06-15 11:23:39.091 D/DownloadService(30368): publishProgress entered progress:83
06-15 11:23:39.091 D/DownloadService(30368): publishProgress entered progress:97
06-15 11:23:39.091 D/DownloadService(30368): publishProgress entered progress:21
06-15 11:23:39.092 D/DownloadService(30368): publishProgress entered progress:14
06-15 11:23:39.093 D/DownloadService(30368): publishProgress entered progress:22
06-15 11:23:39.093 D/DownloadService(30368): publishProgress entered progress:98
06-15 11:23:39.094 D/DownloadService(30368): publishProgress entered progress:7
06-15 11:23:39.094 D/DownloadService(30368): publishProgress entered progress:15
06-15 11:23:39.094 D/DownloadService(30368): publishProgress entered progress:84
06-15 11:23:39.095 V/DownloadService(30368): unzipDir:it
06-15 11:23:39.095 D/DownloadService(30368): publishProgress entered progress:99
06-15 11:23:39.095 D/DownloadService(30368): publishProgress entered progress:8
06-15 11:23:39.095 D/DownloadService(30368): publishProgress entered progress:85
06-15 11:23:39.096 D/DownloadService(30368): publishProgress entered progress:9
06-15 11:23:39.097 D/DownloadService(30368): publishProgress entered progress:100
06-15 11:23:39.097 D/DownloadService(30368): publishProgress entered progress:16
06-15 11:23:39.097 D/DownloadService(30368): publishProgress entered progress:23
06-15 11:23:39.097 D/DownloadService(30368): publishProgress entered progress:86
06-15 11:23:39.098 D/DownloadService(30368): publishProgress entered progress:76
06-15 11:23:39.098 D/DownloadService(30368): publishProgress entered progress:81
06-15 11:23:39.098 D/DownloadService(30368): publishProgress entered progress:24
06-15 11:23:39.099 D/DownloadService(30368): publishProgress entered progress:87
06-15 11:23:39.099 D/DownloadService(30368): publishProgress entered progress:25
06-15 11:23:39.099 D/DownloadService(30368): publishProgress entered progress:82
06-15 11:23:39.099 D/DownloadService(30368): publishProgress entered progress:10
06-15 11:23:39.100 D/DownloadService(30368): publishProgress entered progress:17
06-15 11:23:39.101 D/DownloadService(30368): publishProgress entered progress:26
06-15 11:23:39.102 D/DownloadService(30368): publishProgress entered progress:77
06-15 11:23:39.102 D/DownloadService(30368): publishProgress entered progress:11
06-15 11:23:39.103 D/DownloadService(30368): publishProgress entered progress:27
06-15 11:23:39.104 D/DownloadService(30368): publishProgress entered progress:18
06-15 11:23:39.104 D/DownloadService(30368): publishProgress entered progress:88
06-15 11:23:39.105 D/DownloadService(30368): publishProgress entered progress:12
06-15 11:23:39.105 D/DownloadService(30368): publishProgress entered progress:78
06-15 11:23:39.105 D/DownloadService(30368): publishProgress entered progress:28
06-15 11:23:39.105 D/DownloadService(30368): publishProgress entered progress:19
06-15 11:23:39.106 D/DownloadService(30368): publishProgress entered progress:83
06-15 11:23:39.106 D/DownloadService(30368): publishProgress entered progress:29
06-15 11:23:39.106 D/DownloadService(30368): publishProgress entered progress:79
06-15 11:23:39.106 D/DownloadService(30368): publishProgress entered progress:89
06-15 11:23:39.107 D/DownloadService(30368): publishProgress entered progress:80
06-15 11:23:39.108 D/DownloadService(30368): publishProgress entered progress:84
06-15 11:23:39.109 D/DownloadService(30368): publishProgress entered progress:1
06-15 11:23:39.109 D/DownloadService(30368): publishProgress entered progress:85
06-15 11:23:39.109 D/DownloadService(30368): publishProgress entered progress:90
06-15 11:23:39.109 D/DownloadService(30368): publishProgress entered progress:30
06-15 11:23:39.109 D/DownloadService(30368): publishProgress entered progress:81
06-15 11:23:39.110 D/DownloadService(30368): publishProgress entered progress:20
06-15 11:23:39.110 D/DownloadService(30368): publishProgress entered progress:3
06-15 11:23:39.111 D/DownloadService(30368): publishProgress entered progress:91
06-15 11:23:39.111 D/DownloadService(30368): publishProgress entered progress:5
06-15 11:23:39.112 D/DownloadService(30368): publishProgress entered progress:82
06-15 11:23:39.112 D/DownloadService(30368): publishProgress entered progress:92
06-15 11:23:39.112 D/DownloadService(30368): publishProgress entered progress:86
06-15 11:23:39.112 D/DownloadService(30368): publishProgress entered progress:7
06-15 11:23:39.113 D/DownloadService(30368): publishProgress entered progress:21
06-15 11:23:39.113 D/DownloadService(30368): publishProgress entered progress:83
06-15 11:23:39.113 D/DownloadService(30368): publishProgress entered progress:93
06-15 11:23:39.115 D/DownloadService(30368): publishProgress entered progress:87
06-15 11:23:39.115 D/DownloadService(30368): publishProgress entered progress:94
06-15 11:23:39.115 D/DownloadService(30368): publishProgress entered progress:31
06-15 11:23:39.116 D/DownloadService(30368): publishProgress entered progress:9
06-15 11:23:39.117 D/DownloadService(30368): publishProgress entered progress:95
06-15 11:23:39.117 D/DownloadService(30368): publishProgress entered progress:88
06-15 11:23:39.117 D/DownloadService(30368): publishProgress entered progress:32
06-15 11:23:39.118 D/DownloadService(30368): publishProgress entered progress:10
06-15 11:23:39.119 V/DownloadService(30368): unzipDir:pp
06-15 11:23:39.120 D/DownloadService(30368): publishProgress entered progress:89
06-15 11:23:39.120 V/GameUtil(30368): saveVersionToFileByKey  xml_key :it  result:2
06-15 11:23:39.121 D/DownloadService(30368): publishProgress entered progress:90
06-15 11:23:39.121 D/DownloadService(30368): publishProgress entered progress:33
06-15 11:23:39.121 D/DownloadService(30368): publishProgress entered progress:12
06-15 11:23:39.122 D/DownloadService(30368): publishProgress entered progress:34
06-15 11:23:39.122 D/DownloadService(30368): publishProgress entered progress:91
06-15 11:23:39.125 D/DownloadService(30368): publishProgress entered progress:96
06-15 11:23:39.126 D/DownloadService(30368): publishProgress entered progress:35
06-15 11:23:39.126 D/DownloadService(30368): publishProgress entered progress:92
06-15 11:23:39.128 D/DownloadService(30368): publishProgress entered progress:14
06-15 11:23:39.130 D/DownloadService(30368): publishProgress entered progress:97
06-15 11:23:39.130 D/DownloadService(30368): publishProgress entered progress:16
06-15 11:23:39.130 D/DownloadService(30368): publishProgress entered progress:36
06-15 11:23:39.130 D/DownloadService(30368): publishProgress entered progress:93
06-15 11:23:39.131 D/DownloadService(30368): publishProgress entered progress:98
06-15 11:23:39.132 D/DownloadService(30368): publishProgress entered progress:18
06-15 11:23:39.132 D/LBService(30368): remove o=com.excelliance.kxqp.e$1, busyCount=12
06-15 11:23:39.132 D/DownloadService(30368): publishProgress entered progress:37
06-15 11:23:39.132 D/DownloadService(30368): publishProgress entered progress:99
06-15 11:23:39.133 D/DownloadService(30368): publishProgress entered progress:94
06-15 11:23:39.134 D/DownloadService(30368): publishProgress entered progress:38
06-15 11:23:39.134 D/DownloadService(30368): publishProgress entered progress:20
06-15 11:23:39.134 D/DownloadService(30368): publishProgress entered progress:100
06-15 11:23:39.137 D/DownloadService(30368): publishProgress entered progress:95
06-15 11:23:39.139 D/DownloadService(30368): publishProgress entered progress:96
06-15 11:23:39.140 D/DownloadService(30368): publishProgress entered progress:39
06-15 11:23:39.140 V/DownloadService(30368): unzipDir:jrtt
06-15 11:23:39.141 D/DownloadService(30368): publishProgress entered progress:97
