06-27 21:39:14.396 D/HwQoEUtils(  702): no game, APP_TYPE_GAME, appName =com.excelliance.dualaid
06-27 21:39:14.397 I/HwNetworkPolicy(  702): onTransact, code = 203
06-27 21:39:14.397 I/HwNetworkPolicyManager( 2112): getHwUidPolicy uid = 11326 policy = 0
06-27 21:39:14.397 W/AwareLog(  702): SchedLevelBoost: onFgActivitiesChanged config not set!
06-27 21:39:14.397 W/AwareLog(  702): SchedLevelBoost: onFgActivitiesChanged config not set!
06-27 21:39:14.398 W/InputMethodManager(11342): startInputReason = 1
06-27 21:39:14.398 W/InputMethodManagerService(  702): Focus gain on non-focused client com.android.internal.view.IInputMethodClient$Stub$Proxy@4e5b0b9 (uid=11326 pid=11342)
06-27 21:39:14.398 W/InputMethodManager(11342): startInputOrWindowGainedFocus failed. Window focus may have already been lost. win=android.view.ViewRootImpl$W@91e6961 view=com.excelliance.kxqp.widget.CustomListViewExt{6562f72 VFED..C.. .F...... 0,0-1080,996 #7f0c01eb app:id/lv_apps},focus=true,windowFocus=true,window=android.view.ViewRootImpl$W@91e6961,temporaryDetach=false
06-27 21:39:14.403 I/HwCust  (11369): Constructor found for class android.app.HwCustActivityImpl
06-27 21:39:14.403 D/HwCust  (11369): Create obj success use class android.app.HwCustActivityImpl
06-27 21:39:14.404 V/HwPolicyFactory(11369): : success to get AllImpl object and return....
06-27 21:39:14.406 I/HwCust  (11369): Constructor found for class android.app.HwCustHwWallpaperManagerImpl
06-27 21:39:14.406 D/HwCust  (11369): Create obj success use class android.app.HwCustHwWallpaperManagerImpl
06-27 21:39:14.406 D/PMS11326(  702): package:com.excelliance.dualaid, input flags:0, output hwFlags:0
06-27 21:39:14.409 V/ActivityThread(11369): ActivityThread,callActivityOnCreate
06-27 21:39:14.410 E/ConvertData(11369): layout not exist:activity_login_register_blue
06-27 21:39:14.416 W/Utils   (11369): Utils_isSuperResolutionSupport [load libai_client.so failed]
06-27 21:39:14.416 D/HwNetworkManagementService(  702): code == CODE_GET_AD_KEY_LIST
06-27 21:39:14.416 D/HwNetworkManagementService(  702): appName = com.excelliance.dualaid  is not in the mAdViewMap! reply none
06-27 21:39:14.416 D/HwNetworkManagementService(  702): appName = com.excelliance.dualaid  is not in the mAdIdMap! reply none
06-27 21:39:14.422 D/HwRTBlurUtils(11369): check blur style for HwPhoneWindow-, themeResId : 0x7f0e000a, context : com.excelliance.kxqp.user.LoginActivity@b205302, Nhwext : 0, get Blur : disable with , null
06-27 21:39:14.422 D/HwRTBlurUtils(11369): check blur style for HwPhoneWindow-, themeResId : 0x7f0e000a, context : com.excelliance.kxqp.user.LoginActivity@b205302, Nhwext : 0, get Blur : disable with , null
06-27 21:39:14.427 D/FindViewUtil(11369): resId:_2131492895
06-27 21:39:14.427 D/FindViewUtil(11369): resId:_2131492896
06-27 21:39:14.427 D/FindViewUtil(11369): resId:_2131492908
06-27 21:39:14.427 D/FindViewUtil(11369): resId:_2131492997
06-27 21:39:14.428 D/LoginActivity(11369): showFragment:0
06-27 21:39:14.429 D/LoginActivity(11369): getPrePhone: 
06-27 21:39:14.435 D/ConnectivityManager(11369): getMobileDataEnabled()+ subId=0
06-27 21:39:14.436 D/PhoneInterfaceManager( 2181): [PhoneIntfMgr] getDataEnabled: subId=0 phoneId=0
06-27 21:39:14.436 D/PhoneInterfaceManager( 2181): [PhoneIntfMgr] getDataEnabled: subId=0 retVal=false
06-27 21:39:14.436 D/ConnectivityManager(11369): getMobileDataEnabled()- subId=0 retVal=false
06-27 21:39:14.436 D/LoginActivity(11369): onGetTokenComplete: jobj:{"resultCode":"102103","authType":"0","authTypeDes":"","resultDesc":""}
06-27 21:39:14.444 D/PMS1001 (  702): package:com.excelliance.dualaid, input flags:0, output hwFlags:0
06-27 21:39:14.457 D/ConnectivityManager(11369): getMobileDataEnabled()+ subId=0
06-27 21:39:14.458 D/PhoneInterfaceManager( 2181): [PhoneIntfMgr] getDataEnabled: subId=0 phoneId=0
06-27 21:39:14.458 D/PhoneInterfaceManager( 2181): [PhoneIntfMgr] getDataEnabled: subId=0 retVal=false
06-27 21:39:14.458 D/ConnectivityManager(11369): getMobileDataEnabled()- subId=0 retVal=false
06-27 21:39:14.458 D/PMS11326(  702): package:com.excelliance.dualaid, input flags:0, output hwFlags:0
06-27 21:39:14.460 D/AccountInputFragment(11369): onAttach()
06-27 21:39:14.461 D/AccountInputFragment(11369): onCreateView()
06-27 21:39:14.468 D/AccountInputFragment(11369): onActivityCreated()
06-27 21:39:14.468 D/ActivityThread(11369): add activity client record, r= ActivityRecord{eb50d57 token=android.os.BinderProxy@7c01fe4 {com.excelliance.dualaid/com.excelliance.kxqp.user.LoginActivity}} token= android.os.BinderProxy@7c01fe4
06-27 21:39:14.470 D/KXQPApplication(11369): onActivityStarted: com.excelliance.kxqp.user.LoginActivity@b205302	
06-27 21:39:14.472 W/libc    (  468): Set property "hw.wifi.dns_stat" to "11602,5074,10014,1,148586"
06-27 21:39:14.473 D/AccountInputFragment(11369): onResume()
06-27 21:39:14.481 D/OpenGLRenderer(11369):   HWUI Binary is  enabled
06-27 21:39:14.482 D/SurfaceFlinger(  698): SurfaceFlinger: getDisplayConfigs--3.000000, 1080, 1920
06-27 21:39:14.482 I/chatty  (  698): uid=1000(system) Binder:698_1 identical 1 line
06-27 21:39:14.482 D/SurfaceFlinger(  698): SurfaceFlinger: getDisplayConfigs--3.000000, 1080, 1920
06-27 21:39:14.484 D/OpenGLRenderer(11369): HWUI GL Pipeline
06-27 21:39:14.488 V/WindowManager(  702): Adding Window{972bb0a u0 com.excelliance.dualaid/com.excelliance.kxqp.user.LoginActivity} to AppWindowToken{ccc1303 token=Token{599e7b2 ActivityRecord{58275bd u0 com.excelliance.dualaid/com.excelliance.kxqp.user.LoginActivity t15313}}}
06-27 21:39:14.489 V/WindowManager(  702): addWindow: New client android.os.BinderProxy@ea79f75: window=Window{972bb0a u0 com.excelliance.dualaid/com.excelliance.kxqp.user.LoginActivity} Callers=com.android.server.wm.HwWindowManagerService.addWindow:562 com.android.server.wm.Session.addToDisplay:199 android.view.IWindowSession$Stub.onTransact:124 com.android.server.wm.Session.onTransact:161 android.os.Binder.execTransact:675 
06-27 21:39:14.492 D/SmtServService(11369): onStartCommand: add class com.excelliance.kxqp.user.LoginActivity
06-27 21:39:14.492 D/HwRecentsLockUtils( 1789): Search
06-27 21:39:14.492 E/HsmCoreServiceImpl( 2154): onTransact in code is: 103
06-27 21:39:14.492 I/MediaProcessHandler( 2154): playingUids: 
06-27 21:39:14.493 D/ActivityManager(  702): Skipping, home or recents stack task: TaskRecord{d6de340 #4435 A=com.huawei.android.launcher U=0 StackId=0 sz=1}
06-27 21:39:14.493 D/ActivityManager(  702): Skipping intent:act=android.intent.action.MAIN cat=[android.intent.category.LAUNCHER] flg=0x10a00000 cmp=io.appium.settings/.Settings
06-27 21:39:14.494 D/ActivityManager(  702): Skipping intent:flg=0x10804000 cmp=com.android.systemui/.recents.RecentsActivity bnds=[48,928][1032,2296]
06-27 21:39:14.494 D/ActivityManager(  702): Skipping intent:flg=0x10800000 cmp=com.huawei.systemmanager/com.huawei.permissionmanager.ui.MainActivity
06-27 21:39:14.494 D/ActivityManager(  702): Skipping intent:flg=0x10800000 cmp=com.android.systemui/.usb.HwUsbDebuggingActivity
06-27 21:39:14.494 D/ActivityManager(  702): Skipping intent:act=android.intent.action.VIEW dat=market://details?id=com.excelliance.dualaid flg=0x10800000 cmp=com.huawei.android.internal.app/.HwResolverActivity
06-27 21:39:14.494 D/ActivityManager(  702): Skipping intent:flg=0x18800000 cmp=com.tencent.mm/.plugin.base.stub.WXEntryActivity
06-27 21:39:14.494 D/ActivityManager(  702): Skipping intent:act=android.intent.action.VIEW dat=content://com.excelliance.dualaid.fileProvider/external_storage_root/Android/data/com.excelliance.dualaid/files/Download/.apk typ=application/vnd.android.package-archive flg=0x10800001 cmp=com.android.packageinstaller/.InstallStart
06-27 21:39:14.494 D/ActivityManager(  702): Skipping intent:flg=0x10800000 cmp=com.huawei.hitouch/.HiTouchStartActivity
06-27 21:39:14.504 V/WindowManager(  702): Checking 1 opening apps (frozen=false time