--------- beginning of main
06-15 11:22:48.773 W/ResourceType( 3319): No known package when getting name for resource number 0x9ce90000
--------- beginning of system
06-15 11:22:49.560 I/ActivityManager( 1685): START u0 {pkg=com.excelliance.dualaid cmp=com.excelliance.dualaid/com.excelliance.kxqp.swipe.NavActivity2 (has extras)} from uid 11060 and from pid 29095 on display 0
06-15 11:22:49.583 I/ActivityManager( 1685): Start proc 29120:com.excelliance.dualaid/u0a1060 for service com.excelliance.dualaid/com.excelliance.kxqp.SmtServService
06-15 11:22:49.680 V/WindowManager( 1685): reevaluateVisibility focusApp:AppWindowToken{b6ffef8 token=Token{fece65b ActivityRecord{e27116a u0 com.excelliance.dualaid/com.excelliance.kxqp.swipe.NavActivity2 t21024}}}
06-15 11:22:49.811 V/WindowManager( 1685): Changing focus from null to Window{a2b2809 u0 com.excelliance.dualaid/com.excelliance.kxqp.swipe.NavActivity2}
06-15 11:22:49.821 V/WindowManager( 1685): reevaluateVisibility focusApp:AppWindowToken{b6ffef8 token=Token{fece65b ActivityRecord{e27116a u0 com.excelliance.dualaid/com.excelliance.kxqp.swipe.NavActivity2 t21024}}}
06-15 11:22:49.902 I/WindowManager( 1685): finishPostLayoutPolicyLw (statusbar != null ) true topIsFullscreen true top = Window{a2b2809 u0 com.excelliance.dualaid/com.excelliance.kxqp.swipe.NavActivity2}
06-15 11:22:49.903 I/StatusBarManagerService( 1685):  topIsFullscreen fullscreen true
06-15 11:22:49.907 V/WindowManager( 1685): reevaluateVisibility focusApp:AppWindowToken{b6ffef8 token=Token{fece65b ActivityRecord{e27116a u0 com.excelliance.dualaid/com.excelliance.kxqp.swipe.NavActivity2 t21024}}}
06-15 11:22:49.912 V/WindowManager( 1685): reevaluateVisibility focusApp:AppWindowToken{b6ffef8 token=Token{fece65b ActivityRecord{e27116a u0 com.excelliance.dualaid/com.excelliance.kxqp.swipe.NavActivity2 t21024}}}
06-15 11:22:49.917 V/WindowManager( 1685): reevaluateVisibility focusApp:AppWindowToken{b6ffef8 token=Token{fece65b ActivityRecord{e27116a u0 com.excelliance.dualaid/com.excelliance.kxqp.swipe.NavActivity2 t21024}}}
06-15 11:22:49.917 D/ActivityManager( 1685): back_key destroy activity: com.excelliance.dualaid top activity: com.excelliance.dualaid
06-15 11:22:49.917 V/WindowManager( 1685): reevaluateVisibility focusApp:AppWindowToken{b6ffef8 token=Token{fece65b ActivityRecord{e27116a u0 com.excelliance.dualaid/com.excelliance.kxqp.swipe.NavActivity2 t21024}}}
06-15 11:22:49.920 V/WindowManager( 1685): reevaluateVisibility focusApp:AppWindowToken{b6ffef8 token=Token{fece65b ActivityRecord{e27116a u0 com.excelliance.dualaid/com.excelliance.kxqp.swipe.NavActivity2 t21024}}}
06-15 11:22:49.920 D/elsa    ( 1685): app is ProcessRecord{5532122 3319:com.oppo.launcher/u0a17}, isInBlackList is false, isNeedSetProcessGroup is true
06-15 11:22:49.920 V/WindowManager( 1685): reevaluateVisibility focusApp:AppWindowToken{b6ffef8 token=Token{fece65b ActivityRecord{e27116a u0 com.excelliance.dualaid/com.excelliance.kxqp.swipe.NavActivity2 t21024}}}
06-15 11:22:49.923 V/WindowManager( 1685): reevaluateVisibility focusApp:AppWindowToken{b6ffef8 token=Token{fece65b ActivityRecord{e27116a u0 com.excelliance.dualaid/com.excelliance.kxqp.swipe.NavActivity2 t21024}}}
06-15 11:22:50.282 V/WindowManager( 1685): reevaluateVisibility focusApp:AppWindowToken{b6ffef8 token=Token{fece65b ActivityRecord{e27116a u0 com.excelliance.dualaid/com.excelliance.kxqp.swipe.NavActivity2 t21024}}}
06-15 11:22:52.958 E/TaskPersister( 1685): File error accessing recents directory (directory doesn't exist?).
06-15 11:22:53.187 D/elsa    ( 1685): app is ProcessRecord{53c1e7d 29120:com.excelliance.dualaid/u0a1060}, isInBlackList is false, isNeedSetProcessGroup is true
06-15 11:22:53.426 I/ActivityManager( 1685): Start proc 29213:com.excelliance.dualaid:lbcore/u0a1060 for content provider com.excelliance.dualaid/com.excelliance.kxqp.platform.PluginManagerProvider
06-15 11:22:53.447 D/elsa    ( 1685): app is ProcessRecord{12e02be 29213:com.excelliance.dualaid:lbcore/u0a1060}, isInBlackList is false, isNeedSetProcessGroup is true
06-15 11:22:53.702 D/ActivityThread(29213): Loading provider com.excelliance.dualaid:com.excelliance.kxqp.platform.PluginManagerProvider: com.excelliance.kxqp.platform.PluginManagerProvider
06-15 11:22:53.746 D/BluetoothManagerService( 1685): Message: 20
06-15 11:22:53.746 D/BluetoothManagerService( 1685): Added callback: android.bluetooth.IBluetoothManagerCallback$Stub$Proxy@2438cca:true
06-15 11:22:53.747 D/BluetoothManagerService( 1685): checkIfCallerIsForegroundUser: valid=true callingUser=0 parentUser=-10000 foregroundUser=0
06-15 11:22:56.189 I/ActivityManager( 1685): Start proc 29262:com.excelliance.dualaid:smtcnt/u0a1060 for service com.excelliance.dualaid/com.excelliance.kxqp.SmtCntService
06-15 11:22:56.221 D/elsa    ( 1685): app is ProcessRecord{f3e976e 29262:com.excelliance.dualaid:smtcnt/u0a1060}, isInBlackList is false, isNeedSetProcessGroup is true
06-15 11:22:56.582 W/ActivityManager( 1685): postNotification return because text and title null or empty 
06-15 11:22:56.583 D/elsa    ( 1685): app is ProcessRecord{12e02be 29213:com.excelliance.dualaid:lbcore/u0a1060}, isInBlackList is false, isNeedSetProcessGroup is true
06-15 11:22:56.585 D/elsa    ( 1685): app is ProcessRecord{f3e976e 29262:com.excelliance.dualaid:smtcnt/u0a1060}, isInBlackList is false, isNeedSetProcessGroup is true
06-15 11:22:56.593 D/elsa    ( 1685): app is ProcessRecord{53c1e7d 29120:com.excelliance.dualaid/u0a1060}, isInBlackList is false, isNeedSetProcessGroup is true
06-15 11:22:56.605 E/NotificationService( 1685): Suppressing notification from package by user request.
06-15 11:22:58.058 D/ViewRootImpl(29095): swipeFromBottom mIgnoring === false downY 1738 mStatusBarHeight 54
06-15 11:22:58.096 I/ActivityManager( 1685): START u0 {cmp=com.excelliance.dualaid/com.excelliance.kxqp.ui.HelloActivity (has extras)} from uid 11060 and from pid 29095 on display 0
06-15 11:22:58.100 V/WindowManager( 1685): Changing focus from Window{a2b2809 u0 com.excelliance.dualaid/com.excelliance.kxqp.swipe.NavActivity2} to null
06-15 11:22:58.100 W/WindowManager( 1685): Skip focus check for application before nougat.
06-15 11:22:58.254 V/WindowManager( 1685): Changing focus from null to Window{1dad459 u0 com.excelliance.dualaid/com.excelliance.kxqp.ui.HelloActivity}
06-15 11:22:58.255 I/WindowManager( 1685): finishPostLayoutPolicyLw (statusbar != null ) true topIsFullscreen false top = Window{a2b2809 u0 com.excelliance.dualaid/com.excelliance.kxqp.swipe.NavActivity2}
06-15 11:22:58.255 I/StatusBarManagerService( 1685):  topIsFullscreen fullscreen false
06-15 11:22:58.274 V/WindowManager( 1685): reevaluateVisibility focusApp:AppWindowToken{599c2b token=Token{740bc7a ActivityRecord{63000a5 u0 com.excelliance.dualaid/com.excelliance.kxqp.ui.HelloActivity t21024}}}
06-15 11:22:58.275 V/WindowManager( 1685): reevaluateVisibility focusApp:AppWindowToken{599c2b token=Token{740bc7a ActivityRecord{63000a5 u0 com.excelliance.dualaid/com.excelliance.kxqp.ui.HelloActivity t21024}}}
06-15 11:22:58.275 V/WindowManager( 1685): reevaluateVisibility focusApp:AppWindowToken{599c2b token=Token{740bc7a ActivityRecord{63000a5 u0 com.excelliance.dualaid/com.excelliance.kxqp.ui.HelloActivity t21024}}}
06-15 11:22:58.337 V/WindowManager( 1685): reevaluateVisibility focusApp:AppWindowToken{599c2b token=Token{740bc7a ActivityRecord{63000a5 u0 com.excelliance.dualaid/com.excelliance.kxqp.ui.HelloActivity t21024}}}
06-15 11:22:58.345 V/WindowManager( 1685): reevaluateVisibility focusApp:AppWindowToken{599c2b token=Token{740bc7a ActivityRecord{63000a5 u0 com.excelliance.dualaid/com.excelliance.kxqp.ui.HelloActivity t21024}}}
06-15 11:22:58.346 V/WindowManager( 1685): reevaluateVisibility focusApp:AppWindowToken{599c2b token=Token{740bc7a ActivityRecord{63000a5 u0 com.excelliance.dualaid/com.excelliance.kxqp.ui.HelloActivity t21024}}}
06-15 11:22:58.346 V/WindowManager( 1685): reevaluateVisibility focusApp:AppWindowToken{599c2b token=Token{740bc7a ActivityRecord{63000a5 u0 com.excelliance.dualaid/com.excelliance.kxqp.ui.HelloActivity t21024}}}
06-15 11:22:58.348 V/WindowManager( 1685): reevaluateVisibility focusApp:AppWindowToken{599c2b token=Token{740bc7a ActivityRecord{63000a5 u0 com.excelliance.dualaid/com.excelliance.kxqp.ui.HelloActivity t21024}}}
06-15 11:22:58.367 V/WindowManager( 1685): reevaluateVisibility focusApp:AppWindowToken{599c2b token=Token{740bc7a ActivityRecord{63000a5 u0 com.excelliance.dualaid/com.excelliance.kxqp.ui.HelloActivity t21024}}}
06-15 11:22:58.543 D/ActivityManager( 1685): back_key destroy activity: com.excelliance.dualaid top activity: com.excelliance.dualaid
06-15 11:22:58.545 V/WindowManager( 1685): reevaluateVisibility focusApp:AppWindowToken{599c2b token=Token{740bc7a ActivityRecord{63000a5 u0 com.excelliance.dualaid/com.excelliance.kxqp.ui.HelloActivity t21024}}}
06-15 11:22:58.547 D/elsa    ( 1685): app is ProcessRecord{5532122 3319:com.oppo.launcher/u0a17}, isInBlackList is false, isNeedSetProcessGroup is true
06-15 11:22:58.553 V/WindowManager( 1685): reevaluateVisibility focusApp:AppWindowToken{599c2b token=Token{740bc7a ActivityRecord{63000a5 u0 com.excelliance.dualaid/com.excelliance.kxqp.ui.HelloActivity t21024}}}
06-15 11:22:58.559 V/WindowManager( 1685): reevaluateVisibility focusApp:AppWindowToken{599c2b token=Token{740bc7a ActivityRecord{63000a5 u0 com.excelliance.dualaid/com.excelliance.kxqp.ui.HelloActivity t21024}}}
06-15 11:22:58.562 V/WindowManager( 1685): reevaluateVisibility focusApp:AppWindowToken{599c2b token=Token{740bc7a ActivityRecord{63000a5 u0 com.excelliance.dualaid/com.excelliance.kxqp.ui.HelloActivity t21024}}}
06-15 11:22:58.576 V/WindowManager( 1685): reevaluateVisibility focusApp:AppWindowToken{599c2b token=Token{740bc7a ActivityRecord{63000a5 u0 com.excelliance.dualaid/com.excelliance.kxqp.ui.HelloActivity t21024}}}
06-15 11:22:58.605 V/WindowManager( 1685): reevaluateVisibility focusApp:AppWindowToken{599c2b token=Token{740bc7a ActivityRecord{63000a5 u0 com.excelliance.dualaid/com.excelliance.kxqp.ui.HelloActivity t21024}}}
06-15 11:22:58.605 V/WindowManager( 1685): reevaluateVisibility focusApp:AppWindowToken{599c2b token=Token{740bc7a ActivityRecord{63000a5 u0 com.excelliance.dualaid/com.excelliance.kxqp.ui.HelloActivity t21024}}}
06-15 11:22:58.606 V/WindowManager( 1685): reevaluateVisibility focusApp:AppWindowToken{599c2b token=Token{740bc7a ActivityRecord{63000a5 u0 com.excelliance.dualaid/com.excelliance.kxqp.ui.HelloActivity t21024}}}
06-15 11:23:01.007 D/ViewRootImpl(29095): swipeFromBottom mIgnoring === false downY 964 mStatusBarHeight 54
06-15 11:23:01.170 E/TaskPersister( 1685): File error accessing recents directory (directory doesn't exist?).
06-15 11:23:02.731 D/ViewRootImpl(29095): swipeFromBottom mIgnoring === false downY 1827 mStatusBarHeight 54
06-15 11:23:02.918 V/WindowManager( 1685): Changing focus from Window{1dad459 u0 com.excelliance.dualaid/com.excelliance.kxqp.ui.HelloActivity} to Window{cacb8ff u0 com.excelliance.dualaid/com.excelliance.kxqp.ui.HelloActivity}
06-15 11:23:02.919 W/WindowManager( 1685): Skip focus check for application before nougat.
06-15 11:23:02.960 V/WindowManager( 1685): reevaluateVisibility focusApp:AppWindowToken{599c2b token=Token{740bc7a ActivityRecord{63000a5 u0 com.excelliance.dualaid/com.excelliance.kxqp.ui.HelloActivity t21024}}}
06-15 11:23:02.961 V/WindowManager( 1685): reevaluateVisibility focusApp:AppWindowToken{599c2b token=Token{740bc7a ActivityRecord{63000a5 u0 com.excelliance.dualaid/com.excelliance.kxqp.ui.HelloActivity t21024}}}
06-15 11:23:02.997 V/WindowManager( 1685): reevaluateVisibility focusApp:AppWindowToken{599c2b token=Token{740bc7a ActivityRecord{63000a5 u0 com.excelliance.dualaid/com.excelliance.kxqp.ui.HelloActivity t21024}}}
06-15 11:23:03.000 V/WindowManager( 1685): reevaluateVisibility focusApp:AppWindowToken{599c2b token=Token{740bc7a ActivityRecord{63000a5 u0 com.excelliance.dualaid/com.excelliance.kxqp.ui.HelloActivity t21024}}}
06-15 11:23:03.062 V/WindowManager( 1685): reevaluateVisibility focusApp:AppWindowToken{599c2b token=Token{740bc7a ActivityRecord{63000a5 u0 com.excelliance.dualaid/com.excelliance.kxqp.ui.HelloActivity t21024}}}
06-15 11:23:03.925 V/WindowManager( 1685): Changing focus from Window{cacb8ff u0 com.excelliance.dualaid/com.excelliance.kxqp.ui.HelloActivity} to Window{1dad459 u0 com.excelliance.dualaid/com.excelliance.kxqp.ui.HelloActivity}
06-15 11:23:03.927 W/WindowManager( 1685): Skip focus check for application before nougat.
06-15 11:23:03.928 V/WindowManager( 1685): reevaluateVisibility focusApp:AppWindowToken{599c2b token=Token{740bc7a ActivityRecord{63000a5 u0 com.excelliance.dualaid/com.excelliance.kxqp.ui.HelloActivity t21024}}}
06-15 11:23:03.937 I/ActivityManager( 1685): START u0 {flg=0x10000000 cmp=com.excelliance.dualaid/com.excelliance.kxqp.ui.MainActivity (has extras)} from uid 11060 and from pid 29095 on display 0
06-15 11:23:03.943 V/WindowManager( 1685): Changing focus from Window{1dad459 u0 com.excelliance.dualaid/com.excelliance.kxqp.ui.HelloActivity} to null
06-15 11:23:03.944 W/WindowManager( 1685): Skip focus check for application before nougat.
06-15 11:23:03.952 D/elsa    ( 1685): app is ProcessRecord{53c1e7d 29120:com.excelliance.dualaid/u0a1060}, isInBlackList is false, isNeedSetProcessGroup is true
06-15 11:23:03.954 D/elsa    ( 1685): app is ProcessRecord{8147d5e 29095:com.excelliance.dualaid:olle/u0a1060}, isInBlackList is false, isNeedSetProcessGroup is true
06-15 11:23:03.955 D/elsa    ( 1685): app is ProcessRecord{5532122 3319:com.oppo.launcher/u0a17}, isInBlackList is false, isNeedSetProcessGroup is true
06-15 11:23:03.962 V/WindowManager( 1685): reevaluateVisibility focusApp:AppWindowToken{59de61b token=Token{981382a ActivityRecord{d5b5d15 u0 com.excelliance.dualaid/com.excelliance.kxqp.ui.MainActivity t21024}}}
06-15 11:23:04.246 D/elsa    ( 1685): app is ProcessRecord{5532122 3319:com.oppo.launcher/u0a17}, isInBlackList is false, isNeedSetProcessGroup is true
06-15 11:23:04.327 V/WindowManager( 1685): reevaluateVisibility focusApp:AppWindowToken{59de61b token=Token{981382a ActivityRecord{d5b5d15 u0 com.excelliance.dualaid/com.excelliance.kxqp.ui.MainActivity t21024}}}
06-15 11:23:04.370 D/elsa    ( 1685): app is ProcessRecord{5532122 3319:com.oppo.launcher/u0a17}, isInBlackList is false, isNeedSetProcessGroup is true
06-15 11:23:04.386 V/WindowManager( 1685): Changing focus from null to Window{4946f00 u0 com.excelliance.dualaid/com.excelliance.kxqp.ui.MainActivity}
06-15 11:23:04.388 V/WindowManager( 1685): reevaluateVisibility focusApp:AppWindowToken{59de61b token=Token{981382a ActivityRecord{d5b5d15 u0 com.excelliance.dualaid/com.excelliance.kxqp.ui.MainActivity t21024}}}
06-15 11:23:04.483 V/WindowManager( 1685): reevaluateVisibility focusApp:AppWindowToken{59de61b token=Token{981382a ActivityRecord{d5b5d15 u0 com.excelliance.dualaid/com.excelliance.kxqp.ui.MainActivity t21024}}}
06-15 11:23:04.485 V/WindowManager( 1685): reevaluateVisibility focusApp:AppWindowToken{59de61b token=Token{981382a ActivityRecord{d5b5d15 u0 com.excelliance.dualaid/com.excelliance.kxqp.ui.MainActivity t21024}}}
06-15 11:23:04.485 V/WindowManager( 1685): reevaluateVisibility focusApp:AppWindowToken{59de61b token=Token{981382a ActivityRecord{d5b5d15 u0 com.excelliance.dualaid/com.excelliance.kxqp.ui.MainActivity t21024}}}
06-15 11:23:04.503 V/WindowManager( 1685): reevaluateVisibility focusApp:AppWindowToken{59de61b token=Token{981382a ActivityRecord{d5b5d15 u0 com.excelliance.dualaid/com.excelliance.kxqp.ui.MainActivity t21024}}}
06-15 11:23:04.504 V/WindowManager( 1685): reevaluateVisibility focusApp:AppWindowToken{59de61b token=Token{981382a ActivityRecord{d5b5d15 u0 com.excelliance.dualaid/com.excelliance.kxqp.ui.MainActivity t21024}}}
06-15 11:23:04.505 V/WindowManager( 1685): reevaluateVisibility focusApp:AppWindowToken{59de61b token=Token{981382a ActivityRecord{d5b5d15 u0 com.excelliance.dualaid/com.excelliance.kxqp.ui.MainActivity t21024}}}
06-15 11:23:04.917 V/WindowManager( 1685): reevaluateVisibility focusApp:AppWindowToken{59de61b token=Token{981382a ActivityRecord{d5b5d15 u0 com.excelliance.dualaid/com.excelliance.kxqp.ui.MainActivity t21024}}}
06-15 11:23:05.098 I/ActivityManager( 1685): Start proc 29473:com.excelliance.dualaid:lebian/u0a1060 for service com.excelliance.dualaid/com.android.ggapsvc.LBService
06-15 11:23:05.220 D/elsa    ( 1685): app is ProcessRecord{8147d5e 29095:com.excelliance.dualaid:olle/u0a1060}, isInBlackList is false, isNeedSetProcessGroup is true
06-15 11:23:05.226 I/ActivityManager( 1685): Killing 27670:com.oppo.usercenter/u0a84 (adj 906): empty #17
06-15 11:23:05.228 D/ActivityManager( 1685): back_key destroy activity: com.excelliance.dualaid top activity: com.excelliance.dualaid
06-15 11:23:05.232 V/WindowManager( 1685): reevaluateVisibility focusApp:AppWindowToken{59de61b token=Token{981382a ActivityRecord{d5b5d15 u0 com.excelliance.dualaid/com.excelliance.kxqp.ui.MainActivity t21024}}}
06-15 11:23:05.260 D/ActivityManager( 1685): cleanUpApplicationRecord -- 27670
06-15 11:23:05.261 V/WindowManager( 1685): reevaluateVisibility focusApp:AppWindowToken{59de61b token=Token{981382a ActivityRecord{d5b5d15 u0 com.excelliance.dualaid/com.excelliance.kxqp.ui.MainActivity t21024}}}
06-15 11:23:05.500 D/elsa    ( 1685): app is ProcessRecord{90bde56 29473:com.excelliance.dualaid:lebian/u0a1060}, isInBlackList is false, isNeedSetProcessGroup is true
06-15 11:23:07.485 E/TaskPersister( 1685): File error accessing recents directory (directory doesn't exist?).
06-15 11:23:08.261 W/AlarmManager( 1685): Suspiciously short interval 20000 millis; expanding to 60 seconds
06-15 11:23:08.879 V/WindowManager( 1685): reevaluateVisibility focusApp:AppWindowToken{59de61b token=Token{981382a ActivityRecord{d5b5d15 u0 com.excelliance.dualaid/com.excelliance.kxqp.ui.MainActivity t21024}}}
06-15 11:23:08.883 V/WindowManager( 1685): reevaluateVisibility focusApp:AppWindowToken{59de61b token=Token{981382a ActivityRecord{d5b5d15 u0 com.excelliance.dualaid/com.excelliance.kxqp.ui.MainActivity t21024}}}
06-15 11:23:08.918 V/WindowManager( 1685): reevaluateVisibility focusApp:AppWindowToken{59de61b token=Token{981382a ActivityRecord{d5b5d15 u0 com.excelliance.dualaid/com.excelliance.kxqp.ui.MainActivity t21024}}}
06-15 11:23:08.919 V/WindowManager( 1685): reevaluateVisibility focusApp:AppWindowToken{59de61b token=Token{981382a ActivityRecord{d5b5d15 u0 com.excelliance.dualaid/com.excelliance.kxqp.ui.MainActivity t21024}}}
06-15 11:23:10.390 V/WindowManager( 1685): reevaluateVisibility focusApp:AppWindowToken{59de61b token=Token{981382a ActivityRecord{d5b5d15 u0 com.excelliance.dualaid/com.excelliance.kxqp.ui.MainActivity t21024}}}
06-15 11:23:10.391 D/ViewRootImpl(29120): swipeFromBottom mIgnoring === false downY 1168 mStatusBarHeight 54
06-15 11:23:10.664 V/WindowManager( 1685): reevaluateVisibility focusApp:AppWindowToken{59de61b token=Token{981382a ActivityRecord{d5b5d15 u0 com.excelliance.dualaid/com.excelliance.kxqp.ui.MainActivity t21024}}}
06-15 11:23:10.666 V/WindowManager( 1685): reevaluateVisibility focusApp:AppWindowToken{59de61b token=Token{981382a ActivityRecord{d5b5d15 u0 com.excelliance.dualaid/com.excelliance.kxqp.ui.MainActivity t21024}}}
06-15 11:23:10.786 I/ActivityManager( 1685): Start proc 29668:com.excelliance.dualaid:platform.gameplugin.P00/u0a1060 for content provider com.excelliance.dualaid/com.excelliance.kxqp.platform.proxy.gameplugin.ContentProviderProxy$P00
06-15 11:23:11.142 D/elsa    ( 1685): app is ProcessRecord{3ce5829 29668:com.excelliance.dualaid:platform.gameplugin.P00/u0a1060}, isInBlackList is false, isNeedSetProcessGroup is true
06-15 11:23:11.164 I/ActivityManager( 1685): START u0 {act=APAP-com.tencent.mm-com.tencent.mm.ui.LauncherUI-0 flg=0x18080000 cmp=com.excelliance.dualaid/com.excelliance.kxqp.platform.proxy.gameplugin.ActivityProxy$P00 (has extras)} from uid 11060 and from pid 29213 on display 0
06-15 11:23:11.168 V/WindowManager( 1685): Changing focus from Window{4946f00 u0 com.excelliance.dualaid/com.excelliance.kxqp.ui.MainActivity} to null
06-15 11:23:11.170 W/WindowManager( 1685): Skip focus check for application before nougat.
06-15 11:23:11.191 D/WindowOrientationListener( 1685): WindowOrientationListener enabled
06-15 11:23:11.200 D/WindowOrientationListener( 1685): DPC sensor registered!
06-15 11:23:11.225 D/elsa    ( 1685): app is ProcessRecord{3ce5829 29668:com.excelliance.dualaid:platform.gameplugin.P00/u0a1060}, isInBlackList is false, isNeedSetProcessGroup is true
06-15 11:23:11.235 D/elsa    ( 1685): app is ProcessRecord{53c1e7d 29120:com.excelliance.dualaid/u0a1060}, isInBlackList is false, isNeedSetProcessGroup is true
06-15 11:23:11.551 E/ActivityThread(29668): Failed to find provider info for com.tencent.mm.coolassist.debugprovider
06-15 11:23:11.570 D/ActivityThread(29668): Loading provider com.tencent.mm.sdk.plugin.provider: com.tencent.mm.plugin.base.stub.MMPluginProvider
06-15 11:23:11.571 D/ActivityThread(29668): Loading provider com.tencent.mm.sdk.comm.provider: com.tencent.mm.plugin.base.stub.WXCommProvider
06-15 11:23:11.575 D/ActivityThread(29668): Loading provider com.tencent.mm.storage.provider.emotion: com.tencent.mm.plugin.emoji.provider.EmotionContentProvider
06-15 11:23:11.576 D/ActivityThread(29668): Loading provider com.tencent.mm.plugin.ext.ExtContentProviderBase: com.tencent.mm.plugin.ext.provider.ExtContentProviderBase
06-15 11:23:11.577 D/ActivityThread(29668): Loading provider com.tencent.mm.plugin.ext.AccountSync: com.tencent.mm.plugin.ext.provider.ExtControlProviderAccountSync
06-15 11:23:11.577 D/ActivityThread(29668): Loading provider com.tencent.mm.plugin.ext.entry: com.tencent.mm.plugin.ext.provider.ExtControlProviderEntry
06-15 11:23:11.577 D/ActivityThread(29668): Loading provider com.tencent.mm.plugin.ext.message: com.tencent.mm.plugin.ext.provider.ExtControlProviderMsg
06-15 11:23:11.585 D/ActivityThread(29668): Loading provider com.tencent.mm.plugin.ext.NearBy: com.tencent.mm.plugin.ext.provider.ExtControlProviderNearBy
06-15 11:23:11.588 D/ActivityThread(29668): Loading provider com.tencent.mm.plugin.ext.SNS: com.tencent.mm.plugin.ext.provider.ExtControlProviderSNS
06-15 11:23:11.589 D/ActivityThread(29668): Loading provider com.tencent.mm.plugin.ext.SearchContact: com.tencent.mm.plugin.ext.provider.ExtControlProviderSearchContact
06-15 11:23:11.590 D/ActivityThread(29668): Loading provider com.tencent.mm.plugin.gwallet.queryprovider: com.tencent.mm.plugin.gwallet.GWalletQueryProvider
06-15 11:23:11.591 D/ActivityThread(29668): Loading provider com.tencent.mm.sdk.platformtools.MultiProcessSharedPreferences: com.tencent.mm.sdk.platformtools.MultiProcessSharedPreferences
06-15 11:23:11.666 I/ActivityManager( 1685): START u0 {act=APAP-com.tencent.mm-com.tencent.mm.app.WeChatSplashActivity-0 cmp=com.excelliance.dualaid/com.excelliance.kxqp.platform.proxy.gameplugin.ActivityProxy$P00 (has extras)} from uid 11060 and from pid 29668 on display 0
06-15 11:23:12.339 V/WindowManager( 1685): Changing focus from null to Window{4c1dec2 u0 com.tencent.mm/com.tencent.mm.app.WeChatSplashActivity}
06-15 11:23:12.352 V/WindowManager( 1685): reevaluateVisibility focusApp:AppWindowToken{a22b347 token=Token{7098e86 ActivityRecord{be7e361 u0 com.excelliance.dualaid/com.excelliance.kxqp.platform.proxy.gameplugin.ActivityProxy$P00 t21025}}}
06-15 11:23:12.355 V/WindowManager( 1685): reevaluateVisibility focusApp:AppWindowToken{a22b347 token=Token{7098e86 ActivityRecord{be7e361 u0 com.excelliance.dualaid/com.excelliance.kxqp.platform.proxy.gameplugin.ActivityProxy$P00 t21025}}}
06-15 11:23:12.393 V/WindowManager( 1685): reevaluateVisibility focusApp:AppWindowToken{a22b347 token=Token{7098e86 ActivityRecord{be7e361 u0 com.excelliance.dualaid/com.excelliance.kxqp.platform.proxy.gameplugin.ActivityProxy$P00 t21025}}}
06-15 11:23:12.399 V/WindowManager( 1685): reevaluateVisibility focusApp:AppWindowToken{a22b347 token=Token{7098e86 ActivityRecord{be7e361 u0 com.excelliance.dualaid/com.excelliance.kxqp.platform.proxy.gameplugin.ActivityProxy$P00 t21025}}}
06-15 11:23:12.408 V/WindowManager( 1685): reevaluateVisibility focusApp:AppWindowToken{a22b347 token=Token{7098e86 ActivityRecord{be7e361 u0 com.excelliance.dualaid/com.excelliance.kxqp.platform.proxy.gameplugin.ActivityProxy$P00 t21025}}}
06-15 11:23:12.471 V/WindowManager( 1685): reevaluateVisibility focusApp:AppWindowToken{a22b347 token=Token{7098e86 ActivityRecord{be7e361 u0 com.excelliance.dualaid/com.excelliance.kxqp.platform.proxy.gameplugin.ActivityProxy$P00 t21025}}}
06-15 11:23:12.474 V/WindowManager( 1685): reevaluateVisibility focusApp:AppWindowToken{a22b347 token=Token{7098e86 ActivityRecord{be7e361 u0 com.excelliance.dualaid/com.excelliance.kxqp.platform.proxy.gameplugin.ActivityProxy$P00 t21025}}}
06-15 11:23:12.486 V/WindowManager( 1685): reevaluateVisibility focusApp:AppWindowToken{a22b347 token=Token{7098e86 ActivityRecord{be7e361 u0 com.excelliance.dualaid/com.excelliance.kxqp.platform.proxy.gameplugin.ActivityProxy$P00 t21025}}}
06-15 11:23:12.573 W/WindowManager( 1685): Attempted to set replacing window on non-existing app token Token{78e94f ActivityRecord{66e37ae u0 com.excelliance.dualaid/com.excelliance.kxqp.platform.proxy.gameplugin.ActivityProxy$P00 t21025}}
06-15 11:23:13.000 I/ActivityManager( 1685): Start proc 29782:com.excelliance.dualaid:platform.gameplugin.P01/u0a1060 for content provider com.excelliance.dualaid/com.excelliance.kxqp.platform.proxy.gameplugin.ContentProviderProxy$P01
06-15 11:23:13.047 D/WindowOrientationListener( 1685): WindowOrientationListener disabled
06-15 11:23:13.116 W/WindowManager( 1685): Skip focus check for application before nougat.
06-15 11:23:13.128 V/WindowManager( 1685): Changing focus from Window{4c1dec2 u0 com.tencent.mm/com.tencent.mm.app.WeChatSplashActivity} to null
06-15 11:23:13.130 W/WindowManager( 1685): Skip focus check for application before nougat.
06-15 11:23:13.133 V/WindowManager( 1685): reevaluateVisibility focusApp:AppWindowToken{3cb4de5 token=Token{78e94f ActivityRecord{66e37ae u0 com.excelliance.dualaid/com.excelliance.kxqp.platform.proxy.gameplugin.ActivityProxy$P00 t21025}}}
06-15 11:23:13.155 V/WindowManager( 1685): reevaluateVisibility focusApp:AppWindowToken{3cb4de5 token=Token{78e94f ActivityRecord{66e37ae u0 com.excelliance.dualaid/com.excelliance.kxqp.platform.proxy.gameplugin.ActivityProxy$P00 t21025}}}
06-15 11:23:13.158 V/WindowManager( 1685): reevaluateVisibility focusApp:AppWindowToken{3cb4de5 token=Token{78e94f ActivityRecord{66e37ae u0 com.excelliance.dualaid/com.excelliance.kxqp.platform.proxy.gameplugin.ActivityProxy$P00 t21025}}}
06-15 11:23:13.197 V/WindowManager( 1685): reevaluateVisibility focusApp:AppWindowToken{3cb4de5 token=Token{78e94f ActivityRecord{66e37ae u0 com.excelliance.dualaid/com.excelliance.kxqp.platform.proxy.gameplugin.ActivityProxy$P00 t21025}}}
06-15 11:23:13.217 V/WindowManager( 1685): Changing focus from null to Window{b45b4b u0 com.tencent.mm/com.tencent.mm.ui.LauncherUI}
06-15 11:23:13.222 V/WindowManager( 1685): reevaluateVisibility focusApp:AppWindowToken{3cb4de5 token=Token{78e94f ActivityRecord{66e37ae u0 com.excelliance.dualaid/com.excelliance.kxqp.platform.proxy.gameplugin.ActivityProxy$P00 t21025}}}
06-15 11:23:13.247 V/WindowManager( 1685): reevaluateVisibility focusApp:AppWindowToken{3cb4de5 token=Token{78e94f ActivityRecord{66e37ae u0 com.excelliance.dualaid/com.excelliance.kxqp.platform.proxy.gameplugin.ActivityProxy$P00 t21025}}}
06-15 11:23:13.247 V/WindowManager( 1685): reevaluateVisibility focusApp:AppWindowToken{3cb4de5 token=Token{78e94f ActivityRecord{66e37ae u0 com.excelliance.dualaid/com.excelliance.kxqp.platform.proxy.gameplugin.ActivityProxy$P00 t21025}}}
06-15 11:23:13.277 V/WindowManager( 1685): reevaluateVisibility focusApp:AppWindowToken{3cb4de5 token=Token{78e94f ActivityRecord{66e37ae u0 com.excelliance.dualaid/com.excelliance.kxqp.platform.proxy.gameplugin.ActivityProxy$P00 t21025}}}
06-15 11:23:13.509 D/ActivityManager( 1685): back_key destroy activity: com.excelliance.dualaid top activity: com.excelliance.dualaid
06-15 11:23:13.536 V/WindowManager( 1685): reevaluateVisibility focusApp:AppWindowToken{3cb4de5 token=Token{78e94f ActivityRecord{66e37ae u0 com.excelliance.dualaid/com.excelliance.kxqp.platform.proxy.gameplugin.ActivityProxy$P00 t21025}}}
06-15 11:23:13.538 E/ActivityThread(29782): Failed to find provider info for com.tencent.mm.coolassist.debugprovider
06-15 11:23:14.631 W/RemoteDisplayProvider( 1685): Ignoring remote display provider service because it does not have the CAPTURE_VIDEO_OUTPUT or CAPTURE_SECURE_VIDEO_OUTPUT permission: com.google.android.gms/com.google.android.gms.cast.media.CastRemoteDisplayProviderService
06-15 11:23:14.664 I/ActivityManager( 1685): Start proc 29875:com.android.printspooler/u0a82 for service com.android.printspooler/.model.PrintSpoolerService
06-15 11:23:14.710 W/FusedProxy( 1685): Odd, no component found for service com.android.location.service.FusedProvider
06-15 11:23:14.710 W/GeofenceProxy( 1685): Odd, no component found for service com.android.location.service.GeofenceProvider
06-15 11:23:14.710 W/ActivityRecognitionProxy( 1685): Odd, no component found for service com.android.location.service.ActivityRecognitionProvider
06-15 11:23:14.932 W/WindowManager( 1685): Attempted to remove non-existing token: android.os.Binder@953250e
06-15 11:23:14.933 V/WindowManager( 1685): reevaluateVisibility focusApp:AppWindowToken{3cb4de5 token=Token{78e94f ActivityRecord{66e37ae u0 com.excelliance.dualaid/com.excelliance.kxqp.platform.proxy.gameplugin.ActivityProxy$P00 t21025}}}
06-15 11:23:14.942 V/WindowManager( 1685): reevaluateVisibility focusApp:AppWindowToken{3cb4de5 token=Token{78e94f ActivityRecord{66e37ae u0 com.excelliance.dualaid/com.excelliance.kxqp.platform.proxy.gameplugin.ActivityProxy$P00 t21025}}}
06-15 11:23:15.468 V/WindowManager( 1685): reevaluateVisibility focusApp:AppWindowToken{3cb4de5 token=Token{78e94f ActivityRecord{66e37ae u0 com.excelliance.dualaid/com.excelliance.kxqp.platform.proxy.gameplugin.ActivityProxy$P00 t21025}}}
06-15 11:23:16.815 E/TaskPersister( 1685): File error accessing recents directory (directory doesn't exist?).
06-15 11:23:17.182 I/ActivityManager( 1685): Force stopping com.excelliance.dualaid appid=11060 user=0: clear data
06-15 11:23:17.182 I/ActivityManager( 1685): Killing 29668:com.excelliance.dualaid:platform.gameplugin.P00/u0a1060 (adj 0): stop com.excelliance.dualaid
06-15 11:23:17.184 D/ActivityManager( 1685): cleanUpApplicationRecord -- 29668
06-15 11:23:17.187 D/elsa    ( 1685): app is ProcessRecord{ae78b30 29782:com.excelliance.dualaid:platform.gameplugin.P01/u0a1060}, isInBlackList is false, isNeedSetProcessGroup is true
06-15 11:23:17.190 W/ActivityManager( 1685): Force removing ActivityRecord{66e37ae u0 com.excelliance.dualaid/com.excelliance.kxqp.platform.proxy.gameplugin.ActivityProxy$P00 t21025}: app died, no saved state
06-15 11:23:17.191 V/WindowManager( 1685): Changing focus from Window{b45b4b u0 com.tencent.mm/com.tencent.mm.ui.LauncherUI} to null
06-15 11:23:17.194 W/WindowManager( 1685): Skip focus check for application before nougat.
06-15 11:23:17.210 D/elsa    ( 1685): app is ProcessRecord{53c1e7d 29120:com.excelliance.dualaid/u0a1060}, isInBlackList is false, isNeedSetProcessGroup is true
06-15 11:23:17.227 I/ActivityManager( 1685): Killing 29782:com.excelliance.dualaid:platform.gameplugin.P01/u0a1060 (adj 0): stop com.excelliance.dualaid
06-15 11:23:17.227 D/ActivityManager( 1685): cleanUpApplicationRecord -- 29782
06-15 11:23:17.228 I/ActivityManager( 1685): Killing 29213:com.excelliance.dualaid:lbcore/u0a1060 (adj 0): stop com.excelliance.dualaid
06-15 11:23:17.229 D/ActivityManager( 1685): cleanUpApplicationRecord -- 29213
06-15 11:23:17.229 I/ActivityManager( 1685): Killing 29473:com.excelliance.dualaid:lebian/u0a1060 (adj 500): depends on provider com.excelliance.dualaid/com.excelliance.kxqp.platform.PluginManagerProvider in dying proc com.excelliance.dualaid:lbcore (adj 0)
06-15 11:23:17.230 I/ActivityManager( 1685): Killing 29262:com.excelliance.dualaid:smtcnt/u0a1060 (adj 100): depends on provider com.excelliance.dualaid/com.excelliance.kxqp.platform.PluginManagerProvider in dying proc com.excelliance.dualaid:lbcore (adj 0)
06-15 11:23:17.230 I/ActivityManager( 1685): Killing 29120:com.excelliance.dualaid/u0a1060 (adj 0): depends on provider com.excelliance.dualaid/com.excelliance.kxqp.platform.PluginManagerProvider in dying proc com.excelliance.dualaid:lbcore (adj 0)
06-15 11:23:17.231 D/ActivityManager( 1685): cleanUpApplicationRecord -- 29473
06-15 11:23:17.231 W/ActivityManager( 1685): Service crashed 0 times, stopping: ServiceRecord{3f11e18 u0 com.excelliance.dualaid/com.android.ggapsvc.LBService}this is not core appcom.excelliance.dualaid:lebian
06-15 11:23:17.232 D/ActivityManager( 1685): cleanUpApplicationRecord -- 29262
06-15 11:23:17.232 I/ActivityManager( 1685): Killing 29095:com.excelliance.dualaid:olle/u0a1060 (adj 900): stop com.excelliance.dualaid
06-15 11:23:17.233 D/ActivityManager( 1685): cleanUpApplicationRecord -- 29095
06-15 11:23:17.233 D/ActivityManager( 1685): cleanUpApplicationRecord -- 29120
06-15 11:23:17.253 I/ActivityManager( 1685): Start proc 29929:com.excelliance.dualaid/u0a1060 for activity com.excelliance.dualaid/com.excelliance.kxqp.ui.MainActivity
06-15 11:23:17.255 I/ActivityManager( 1685):   Force finishing activity ActivityRecord{d5b5d15 u0 com.excelliance.dualaid/com.excelliance.kxqp.ui.MainActivity t21024}
06-15 11:23:17.261 I/libprocessgroup( 1685): Killing pid 29306 in uid 11060 as part of process group 29262
06-15 11:23:17.264 D/elsa    ( 1685): app is ProcessRecord{5532122 3319:com.oppo.launcher/u0a17}, isInBlackList is false, isNeedSetProcessGroup is true
06-15 11:23:17.266 I/libprocessgroup( 1685): Killing pid 29306 in uid 11060 as part of process group 29262
06-15 11:23:17.268 I/ActivityManager( 1685):   Force finishing activity ActivityRecord{d5b5d15 u0 com.excelliance.dualaid/com.excelliance.kxqp.ui.MainActivity t21024 f}
06-15 11:23:17.268 W/ActivityManager( 1685): Duplicate finish request for ActivityRecord{d5b5d15 u0 com.excelliance.dualaid/com.excelliance.kxqp.ui.MainActivity t21024 f}
06-15 11:23:17.268 I/ActivityManager( 1685):   Force stopping service ServiceRecord{121b591 u0 com.excelliance.dualaid/com.excelliance.kxqp.FloatWindowService}
06-15 11:23:17.268 I/ActivityManager( 1685):   Force stopping service ServiceRecord{5d9a2c5 u0 com.excelliance.dualaid/com.excelliance.kxqp.platform.proxy.gameplugin.ServiceProxy$P01}
06-15 11:23:17.268 I/ActivityManager( 1685):   Force stopping service ServiceRecord{9e4ae3b u0 com.excelliance.dualaid/com.excelliance.kxqp.platform.TrampolineService}
06-15 11:23:17.268 I/ActivityManager( 1685):   Force stopping service ServiceRecord{d1cda36 u0 com.excelliance.dualaid/com.excelliance.kxqp.SmtServService}
06-15 11:23:17.281 I/ActivityManager( 1685): Force stopping com.excelliance.dualaid appid=11060 user=-1: clearApplicationUserData
06-15 11:23:17.282 I/ActivityManager( 1685): Killing 29929:com.excelliance.dualaid/u0a1060 (adj -10000): stop com.excelliance.dualaid
06-15 11:23:17.282 D/ActivityManager( 1685): cleanUpApplicationRecord -- 29929
06-15 11:23:17.284 I/ActivityManager( 1685):   Force finishing activity ActivityRecord{d5b5d15 u0 com.excelliance.dualaid/com.excelliance.kxqp.ui.MainActivity t21024 f}
06-15 11:23:17.284 W/ActivityManager( 1685): Duplicate finish request for ActivityRecord{d5b5d15 u0 com.excelliance.dualaid/com.excelliance.kxqp.ui.MainActivity t21024 f}
06-15 11:23:17.285 W/ActivityManager( 1685): No pending application record for pid 29929 (IApplicationThread android.app.ApplicationThreadProxy@843aaeb); dropping process
06-15 11:23:17.303 D/elsa    ( 1685): app is ProcessRecord{20b6023 20138:com.android.defcontainer/u0a5}, isInBlackList is false, isNeedSetProcessGroup is true
06-15 11:23:17.313 D/WindowManager( 1685): relayoutVisibleWindow: Window{1410897 u0 com.oppo.launcher/com.oppo.launcher.Launcher EXITING} mAnimatingExit=true, mRemoveOnExit=false, mDestroying=true
06-15 11:23:17.313 E/TaskPersister( 1685): File error accessing recents directory (directory doesn't exist?).
06-15 11:23:17.313 V/WindowManager( 1685): Changing focus from null to Window{1410897 u0 com.oppo.launcher/com.oppo.launcher.Launcher}
06-15 11:23:17.321 I/WindowManager( 1685): WIN DEATH: Window{8671f09 u0 com.excelliance.dualaid}
06-15 11:23:17.321 W/AppOps  ( 1685): Finishing op nesting under-run: uid 11060 pkg com.excelliance.dualaid code 24 time=0 duration=0 nesting=0
06-15 11:23:17.323 I/WindowManager( 1685): WIN DEATH: Window{4946f00 u0 com.excelliance.dualaid/com.excelliance.kxqp.ui.MainActivity}
06-15 11:23:17.326 D/elsa    ( 1685): app is ProcessRecord{20b6023 20138:com.android.defcontainer/u0a5}, isInBlackList is false, isNeedSetProcessGroup is true
06-15 11:23:17.331 V/WindowManager( 1685): reevaluateVisibility focusApp:AppWindowToken{10b39e0 token=Token{b3e5b9d ActivityRecord{19ba247 u0 com.oppo.launcher/.Launcher t2604}}}
06-15 11:23:17.332 V/WindowManager( 1685): reevaluateVisibility focusApp:AppWindowToken{10b39e0 token=Token{b3e5b9d ActivityRecord{19ba247 u0 com.oppo.launcher/.Launcher t2604}}}
06-15 11:23:17.332 V/WindowManager( 1685): reevaluateVisibility focusApp:AppWindowToken{10b39e0 token=Token{b3e5b9d ActivityRecord{19ba247 u0 com.oppo.launcher/.Launcher t2604}}}
06-15 11:23:17.348 V/WindowManager( 1685): reevaluateVisibility focusApp:AppWindowToken{10b39e0 token=Token{b3e5b9d ActivityRecord{19ba247 u0 com.oppo.launcher/.Launcher t2604}}}
06-15 11:23:17.349 W/RemoteDisplayProvider( 1685): Ignoring remote display provider service because it does not have the CAPTURE_VIDEO_OUTPUT or CAPTURE_SECURE_VIDEO_OUTPUT permission: com.google.android.gms/com.google.android.gms.cast.media.CastRemoteDisplayProviderService
06-15 11:23:17.349 V/WindowManager( 1685): reevaluateVisibility focusApp:AppWindowToken{10b39e0 token=Token{b3e5b9d ActivityRecord{19ba247 u0 com.oppo.launcher/.Launcher t2604}}}
06-15 11:23:17.350 V/WindowManager( 1685): reevaluateVisibility focusApp:AppWindowToken{10b39e0 token=Token{b3e5b9d ActivityRecord{19ba247 u0 com.oppo.launcher/.Launcher t2604}}}
06-15 11:23:17.350 V/WindowManager( 1685): reevaluateVisibility focusApp:AppWindowToken{10b39e0 token=Token{b3e5b9d ActivityRecord{19ba247 u0 com.oppo.launcher/.Launcher t2604}}}
06-15 11:23:17.363 D/elsa    ( 1685): app is ProcessRecord{bffd3cd 20469:com.google.android.gms/u0a181}, isInBlackList is false, isNeedSetProcessGroup is true
06-15 11:23:17.366 V/WindowManager( 1685): reevaluateVisibility focusApp:AppWindowToken{10b39e0 token=Token{b3e5b9d ActivityRecord{19ba247 u0 com.oppo.launcher/.Launcher t2604}}}
06-15 11:23:17.366 V/WindowManager( 1685): reevaluateVisibility focusApp:AppWindowToken{10b39e0 token=Token{b3e5b9d ActivityRecord{19ba247 u0 com.oppo.launcher/.Launcher t2604}}}
06-15 11:23:17.367 V/WindowManager( 1685): reevaluateVisibility focusApp:AppWindowToken{10b39e0 token=Token{b3e5b9d ActivityRecord{19ba247 u0 com.oppo.launcher/.Launcher t2604}}}
06-15 11:23:17.369 V/WindowManager( 1685): reevaluateVisibility focusApp:AppWindowToken{10b39e0 token=Token{b3e5b9d ActivityRecord{19ba247 u0 com.oppo.launcher/.Launcher t2604}}}
06-15 11:23:17.370 V/WindowManager( 1685): reevaluateVisibility focusApp:AppWindowToken{10b39e0 token=Token{b3e5b9d ActivityRecord{19ba247 u0 com.oppo.launcher/.Launcher t2604}}}
06-15 11:23:17.375 D/elsa    ( 1685): app is ProcessRecord{bffd3cd 20469:com.google.android.gms/u0a181}, isInBlackList is false, isNeedSetProcessGroup is true
06-15 11:23:17.544 V/WindowManager( 1685): reevaluateVisibility focusApp:AppWindowToken{10b39e0 token=Token{b3e5b9d ActivityRecord{19ba247 u0 com.oppo.launcher/.Launcher t2604}}}
06-15 11:23:17.545 V/WindowManager( 1685): reevaluateVisibility focusApp:AppWindowToken{10b39e0 token=Token{b3e5b9d ActivityRecord{19ba247 u0 com.oppo.launcher/.Launcher t2604}}}
06-15 11:23:19.351 D/TrafficStatsHelper( 6003): ifaceNames[0]:lo
06-15 11:23:19.351 D/TrafficStatsHelper( 6003): ifaceNames[1]:tun0
06-15 11:23:19.351 D/TrafficStatsHelper( 6003): ifaceNames[2]:wlan0
06-15 11:23:19.351 D/TrafficStatsHelper( 6003): ifaceNames[3]:dummy0
06-15 11:23:19.351 D/TrafficStatsHelper( 6003): ifaceNames[4]:rmnet_data0
06-15 11:23:19.352 D/TrafficStatsHelper( 6003): transmitted_validWifiData.get(0) = wlan0
06-15 11:23:19.396 D/AndroidRuntime(29978): >>>>>> START com.android.internal.os.RuntimeInit uid 2000 <<<<<<
06-15 11:23:19.401 D/AndroidRuntime(29978): CheckJNI is OFF
06-15 11:23:19.580 D/ICU     (29978): No timezone override file found: /data/misc/zoneinfo/current/icu/icu_tzdata.dat
06-15 11:23:19.613 I/Radio-JNI(29978): register_android_hardware_Radio DONE
06-15 11:23:19.642 D/AndroidRuntime(29978): Calling main entry com.android.commands.am.Am
06-15 11:23:19.651 E/ANDR-PERF-MPCTL(  587): invalid request, no optimizations performed
06-15 11:23:19.652 I/ActivityManager( 1685): START u0 {act=android.intent.action.MAIN cat=[android.intent.category.LAUNCHER] flg=0x10000000 cmp=com.excelliance.dualaid/com.excelliance.kxqp.ui.HelloActivity} from uid 2000 and from pid 29978 on display 0
06-15 11:23:19.654 D/ActivityTrigger( 1685): activityStartTrigger: Activity is Triggerred in full screen ApplicationInfo{6118ee2 com.excelliance.dualaid}
06-15 11:23:19.654 E/ActivityTrigger( 1685): activityStartTrigger: not whiteListedcom.excelliance.dualaid/com.excelliance.kxqp.ui.HelloActivity/466
06-15 11:23:19.656 V/WindowManager( 1685): Changing focus from Window{1410897 u0 com.oppo.launcher/com.oppo.launcher.Launcher} to null
06-15 11:23:19.659 V/WindowManager( 1685): reevaluateVisibility focusApp:AppWindowToken{42f11c1 token=Token{6d8facb ActivityRecord{4fdf19a u0 com.excelliance.dualaid/com.excelliance.kxqp.ui.HelloActivity t21026}}}
06-15 11:23:19.659 D/AndroidRuntime(29978): Shutting down VM
06-15 11:23:19.667 I/art     (29978): WaitForSignal ShouldHalt is true
06-15 11:23:19.667 I/art     (29978): SignalCatcher::Run ShouldHalt is true
06-15 11:23:19.672 I/ActivityManager( 1685): Start proc 29994:com.excelliance.dualaid:olle/u0a1060 for activity com.excelliance.dualaid/com.excelliance.kxqp.ui.HelloActivity
06-15 11:23:19.675 D/elsa    ( 1685): app is ProcessRecord{5532122 3319:com.oppo.launcher/u0a17}, isInBlackList is false, isNeedSetProcessGroup is true
06-15 11:23:19.688 D/elsa    ( 1685): app is ProcessRecord{8927154 29994:com.excelliance.dualaid:olle/u0a1060}, isInBlackList is false, isNeedSetProcessGroup is true
06-15 11:23:19.709 W/ContextImpl(29994): Failed to ensure /data/user/0/com.excelliance.dualaid/cache: chown failed: EPERM (Operation not permitted)
06-15 11:23:19.709 E/ContextImpl(29994): ensurePrivateDirExists xattr: user.inode_cache value :[B@9a2940d
06-15 11:23:19.709 W/ContextImpl(29994): Failed to ensure /data/user_de/0/com.excelliance.dualaid/code_cache: chown failed: EPERM (Operation not permitted)
06-15 11:23:19.709 E/ContextImpl(29994): ensurePrivateDirExists xattr: user.inode_code_cache value :[B@2632fc2
06-15 11:23:19.713 D/KXQPApplication(29994): run: initUserManager
06-15 11:23:19.713 D/CrashHandler(29994): CrashHandler
06-15 11:23:19.720 D/elsa    ( 1685): app is ProcessRecord{fda08fd 29875:com.android.printspooler/u0a82}, isInBlackList is false, isNeedSetProcessGroup is true
06-15 11:23:19.725 D/HelloActivity(29994): Memory:35703M
06-15 11:23:19.726 D/HelloActivity(29994): onCreate: true
06-15 11:23:19.729 D/HelloActivity(29994): is code boot
06-15 11:23:19.732 D/HelloActivity(29994): mIsNav = false
06-15 11:23:19.743 D/HelloActivity(29994): defDisplayStyle:5
06-15 11:23:19.752 D/HttpUtils(29994): getDownloadMode()
06-15 11:23:19.752 D/NetUtils(29994): init inited = true
06-15 11:23:19.753 D/HelloActivity(29994): enter Nav2
06-15 11:23:19.754 D/NetworkSecurityConfig(29994): No Network Security Config specified, using platform default
06-15 11:23:19.755 I/DpmTcmClient(29994): RegisterTcmMonitor from: com.android.okhttp.TcmIdleTimerMonitor
06-15 11:23:19.756 E/ANDR-PERF-MPCTL(  587): invalid request, no optimizations performed
06-15 11:23:19.757 I/ActivityManager( 1685): START u0 {pkg=com.excelliance.dualaid cmp=com.excelliance.dualaid/com.excelliance.kxqp.swipe.NavActivity2 (has extras)} from uid 11060 and from pid 29994 on display 0
06-15 11:23:19.757 I/System.out(29994): Not need to boost!
06-15 11:23:19.759 D/ActivityTrigger( 1685): activityStartTrigger: Activity is Triggerred in full screen ApplicationInfo{6118ee2 com.excelliance.dualaid}
06-15 11:23:19.759 E/ActivityTrigger( 1685): activityStartTrigger: not whiteListedcom.excelliance.dualaid/com.excelliance.kxqp.swipe.NavActivity2/466
06-15 11:23:19.760 D/libc-netbsd(29994): [getaddrinfo]:  hostname=mto.multiopen.cn;  servname=(null);  app_pid=29994;  app_uid=11060;  ai_flags=1024;  ai_family=0; ai_socktype=1 from prox result 0
06-15 11:23:19.779 I/ActivityManager( 1685): Start proc 30019:com.excelliance.dualaid/u0a1060 for service com.excelliance.dualaid/com.excelliance.kxqp.SmtServService
06-15 11:23:19.809 D/NavActivity2(29994): onCreate
06-15 11:23:19.809 W/X509TrustManager(29994): checkServerTrusted: SignatureException:null
06-15 11:23:19.809 W/X509TrustManager(29994): checkServerTrusted: SignatureException:error:04000070:RSA routines:OPENSSL_internal:DATA_TOO_LARGE_FOR_MODULUS
06-15 11:23:19.830 E/test    (29994): hw notch screen flag api error
06-15 11:23:19.835 E/test    (29994): hasNotchInScreen ClassNotFoundException
06-15 11:23:19.836 E/ViewUtils(29994): setBgColor: view==null:top
06-15 11:23:19.844 V/ViewRootImpl(29994): enableLogLight: enable = false
06-15 11:23:19.847 D/HttpUtils(29994): getResponseCode():200
06-15 11:23:19.849 D/WHEG    (29994): {"status":"0","controls":"","skip":"0"}
06-15 11:23:19.858 V/WindowManager( 1685): reevaluateVisibility focusApp:AppWindowToken{6abd59f token=Token{d42e33e ActivityRecord{a4337f9 u0 com.excelliance.dualaid/com.excelliance.kxqp.swipe.NavActivity2 t21026}}}
06-15 11:23:19.927 I/art     (30019): Compiler allocated 6MB to compile boolean com.excelliance.kxqp.KXQPApplication.b(int)
06-15 11:23:19.962 D/MainActivity(29994): instantiateItem: 2	android.widget.RelativeLayout{2e87191 V.E...... ......I. 0,0-0,0}
06-15 11:23:19.963 D/MainActivity(29994): initPage3: 
06-15 11:23:19.971 V/WindowManager( 1685): Changing focus from null to Window{5ded784 u0 com.excelliance.dualaid/com.excelliance.kxqp.swipe.NavActivity2}
06-15 11:23:19.974 V/WindowManager( 1685): reevaluateVisibility focusApp:AppWindowToken{6abd59f token=Token{d42e33e ActivityRecord{a4337f9 u0 com.excelliance.dualaid/com.excelliance.kxqp.swipe.NavActivity2 t21026}}}
06-15 11:23:19.976 I/Adreno  (29994): QUALCOMM build                   : 21e2e72, Ia8660bee96
06-15 11:23:19.976 I/Adreno  (29994): Build Date                       : 11/14/17
06-15 11:23:19.976 I/Adreno  (29994): OpenGL ES Shader Compiler Version: XE031.14.00.04
06-15 11:23:19.976 I/Adreno  (29994): Local Branch                     : 
06-15 11:23:19.976 I/Adreno  (29994): Remote Branch                    : 
06-15 11:23:19.976 I/Adreno  (29994): Remote Branch                    : 
06-15 11:23:19.976 I/Adreno  (29994): Reconstruct Branch               : 
06-15 11:23:19.977 I/Adreno  (29994): PFP: 0x005ff087, ME: 0x005ff063
06-15 11:23:19.979 I/OpenGLRenderer(29994): Initialized EGL, version 1.4
06-15 11:23:19.979 D/OpenGLRenderer(29994): Swap behavior 1
06-15 11:23:19.982 I/art     (30019): Do partial code cache collection, code=16KB, data=30KB
06-15 11:23:19.983 I/art     (30019): After code cache collection, code=16KB, data=30KB
06-15 11:23:19.983 I/art     (30019): Increasing code cache capacity to 128KB
06-15 11:23:19.991 D/MainActivity(29994): run: initPage3
06-15 11:23:19.991 V/MainActivity(29994): onWindowFocusChanged: true
06-15 11:23:20.009 D/xx      (18534): onFinishInput: mIsInDockMode=false
06-15 11:23:20.011 D/xx      (18534): onStartInput: mIsInDockMode=false attribute==android.view.inputmethod.EditorInfo@e09d308 restarting==false
06-15 11:23:20.011 V/WindowManager( 1685): reevaluateVisibility focusApp:AppWindowToken{6abd59f token=Token{d42e33e ActivityRecord{a4337f9 u0 com.excelliance.dualaid/com.excelliance.kxqp.swipe.NavActivity2 t21026}}}
06-15 11:23:20.012 V/WindowManager( 1685): reevaluateVisibility focusApp:AppWindowToken{6abd59f token=Token{d42e33e ActivityRecord{a4337f9 u0 com.excelliance.dualaid/com.excelliance.kxqp.swipe.NavActivity2 t21026}}}
06-15 11:23:20.039 D/        (  677): power_monitor upthreshold 0, downthreshold 0 , temp1 391, temp2 462
06-15 11:23:20.043 I/art     (30019): Do partial code cache collection, code=16KB, data=30KB
06-15 11:23:20.043 I/art     (30019): After code cache collection, code=16KB, data=30KB
06-15 11:23:20.043 I/art     (30019): Increasing code cache capacity to 256KB
06-15 11:23:20.046 I/art     (30019): Compiler allocated 6MB to compile boolean com.excelliance.kxqp.KXQPApplication.b(int)
06-15 11:23:20.084 I/WindowManager( 1685): finishPostLayoutPolicyLw (statusbar != null ) true topIsFullscreen true top = Window{5ded784 u0 com.excelliance.dualaid/com.excelliance.kxqp.swipe.NavActivity2}
06-15 11:23:20.084 I/StatusBarManagerService( 1685):  topIsFullscreen fullscreen true
06-15 11:23:20.085 V/WindowManager( 1685): reevaluateVisibility focusApp:AppWindowToken{6abd59f token=Token{d42e33e ActivityRecord{a4337f9 u0 com.excelliance.dualaid/com.excelliance.kxqp.swipe.NavActivity2 t21026}}}
06-15 11:23:20.087 I/ActivityManager( 1685): Displayed com.excelliance.dualaid/com.excelliance.kxqp.swipe.NavActivity2: +301ms (total +2s850ms)
