--------- beginning of system
06-15 11:25:31.951 I/ActivityManager( 1685): START u0 {act=android.intent.action.MAIN cat=[android.intent.category.LAUNCHER] flg=0x10000000 cmp=com.excelliance.dualaid/com.excelliance.kxqp.ui.HelloActivity} from uid 2000 and from pid 822 on display 0
06-15 11:25:31.955 V/WindowManager( 1685): Changing focus from Window{1410897 u0 com.oppo.launcher/com.oppo.launcher.Launcher} to null
06-15 11:25:31.970 I/ActivityManager( 1685): Start proc 876:com.excelliance.dualaid:olle/u0a1061 for activity com.excelliance.dualaid/com.excelliance.kxqp.ui.HelloActivity
06-15 11:25:31.973 D/elsa    ( 1685): app is ProcessRecord{5532122 3319:com.oppo.launcher/u0a17}, isInBlackList is false, isNeedSetProcessGroup is true
06-15 11:25:31.988 D/elsa    ( 1685): app is ProcessRecord{6d7c2e8 876:com.excelliance.dualaid:olle/u0a1061}, isInBlackList is false, isNeedSetProcessGroup is true
06-15 11:25:32.063 I/ActivityManager( 1685): START u0 {pkg=com.excelliance.dualaid cmp=com.excelliance.dualaid/com.excelliance.kxqp.swipe.NavActivity2 (has extras)} from uid 11061 and from pid 876 on display 0
06-15 11:25:32.084 I/ActivityManager( 1685): Start proc 919:com.excelliance.dualaid/u0a1061 for service com.excelliance.dualaid/com.excelliance.kxqp.SmtServService
06-15 11:25:32.165 V/WindowManager( 1685): reevaluateVisibility focusApp:AppWindowToken{4988832 token=Token{9cd483d ActivityRecord{5da2594 u0 com.excelliance.dualaid/com.excelliance.kxqp.swipe.NavActivity2 t21034}}}
06-15 11:25:32.283 V/WindowManager( 1685): Changing focus from null to Window{9e885fb u0 com.excelliance.dualaid/com.excelliance.kxqp.swipe.NavActivity2}
06-15 11:25:32.288 V/WindowManager( 1685): reevaluateVisibility focusApp:AppWindowToken{4988832 token=Token{9cd483d ActivityRecord{5da2594 u0 com.excelliance.dualaid/com.excelliance.kxqp.swipe.NavActivity2 t21034}}}
06-15 11:25:32.317 V/WindowManager( 1685): reevaluateVisibility focusApp:AppWindowToken{4988832 token=Token{9cd483d ActivityRecord{5da2594 u0 com.excelliance.dualaid/com.excelliance.kxqp.swipe.NavActivity2 t21034}}}
06-15 11:25:32.318 V/WindowManager( 1685): reevaluateVisibility focusApp:AppWindowToken{4988832 token=Token{9cd483d ActivityRecord{5da2594 u0 com.excelliance.dualaid/com.excelliance.kxqp.swipe.NavActivity2 t21034}}}
06-15 11:25:32.388 I/WindowManager( 1685): finishPostLayoutPolicyLw (statusbar != null ) true topIsFullscreen true top = Window{9e885fb u0 com.excelliance.dualaid/com.excelliance.kxqp.swipe.NavActivity2}
06-15 11:25:32.388 I/StatusBarManagerService( 1685):  topIsFullscreen fullscreen true
06-15 11:25:32.390 V/WindowManager( 1685): reevaluateVisibility focusApp:AppWindowToken{4988832 token=Token{9cd483d ActivityRecord{5da2594 u0 com.excelliance.dualaid/com.excelliance.kxqp.swipe.NavActivity2 t21034}}}
06-15 11:25:32.391 D/ActivityManager( 1685): back_key destroy activity: com.excelliance.dualaid top activity: com.excelliance.dualaid
06-15 11:25:32.393 D/elsa    ( 1685): app is ProcessRecord{5532122 3319:com.oppo.launcher/u0a17}, isInBlackList is false, isNeedSetProcessGroup is true
06-15 11:25:32.395 V/WindowManager( 1685): reevaluateVisibility focusApp:AppWindowToken{4988832 token=Token{9cd483d ActivityRecord{5da2594 u0 com.excelliance.dualaid/com.excelliance.kxqp.swipe.NavActivity2 t21034}}}
06-15 11:25:32.397 V/WindowManager( 1685): reevaluateVisibility focusApp:AppWindowToken{4988832 token=Token{9cd483d ActivityRecord{5da2594 u0 com.excelliance.dualaid/com.excelliance.kxqp.swipe.NavActivity2 t21034}}}
06-15 11:25:32.410 V/WindowManager( 1685): reevaluateVisibility focusApp:AppWindowToken{4988832 token=Token{9cd483d ActivityRecord{5da2594 u0 com.excelliance.dualaid/com.excelliance.kxqp.swipe.NavActivity2 t21034}}}
06-15 11:25:32.767 V/WindowManager( 1685): reevaluateVisibility focusApp:AppWindowToken{4988832 token=Token{9cd483d ActivityRecord{5da2594 u0 com.excelliance.dualaid/com.excelliance.kxqp.swipe.NavActivity2 t21034}}}
06-15 11:25:34.323 I/ActivityManager( 1685): Force stopping com.excelliance.dualaid appid=11061 user=0: clear data
06-15 11:25:34.324 I/ActivityManager( 1685): Killing 876:com.excelliance.dualaid:olle/u0a1061 (adj 0): stop com.excelliance.dualaid
06-15 11:25:34.325 D/ActivityManager( 1685): cleanUpApplicationRecord -- 876
06-15 11:25:34.325 W/ActivityManager( 1685): Force removing ActivityRecord{5da2594 u0 com.excelliance.dualaid/com.excelliance.kxqp.swipe.NavActivity2 t21034}: app died, no saved state
06-15 11:25:34.326 V/WindowManager( 1685): Changing focus from Window{9e885fb u0 com.excelliance.dualaid/com.excelliance.kxqp.swipe.NavActivity2} to null
06-15 11:25:34.328 W/WindowManager( 1685): Skip focus check for application before nougat.
06-15 11:25:34.328 I/WindowManager( 1685): finishPostLayoutPolicyLw (statusbar != null ) true topIsFullscreen false top = null
06-15 11:25:34.328 I/StatusBarManagerService( 1685):  topIsFullscreen fullscreen false
06-15 11:25:34.346 D/elsa    ( 1685): app is ProcessRecord{5532122 3319:com.oppo.launcher/u0a17}, isInBlackList is false, isNeedSetProcessGroup is true
06-15 11:25:34.353 I/ActivityManager( 1685): Killing 919:com.excelliance.dualaid/u0a1061 (adj 0): stop com.excelliance.dualaid
06-15 11:25:34.360 D/ActivityManager( 1685): cleanUpApplicationRecord -- 919
06-15 11:25:34.362 I/ActivityManager( 1685):   Force stopping service ServiceRecord{bfe0700 u0 com.excelliance.dualaid/com.excelliance.kxqp.SmtServService}
06-15 11:25:34.385 I/libprocessgroup( 1685): Killing pid 1015 in uid 11061 as part of process group 919
06-15 11:25:34.386 W/ActivityManager( 1685): Spurious death for ProcessRecord{f7bb973 0:com.excelliance.dualaid/u0a1061}, curProc for 919: null
06-15 11:25:34.391 I/libprocessgroup( 1685): Killing pid 1015 in uid 11061 as part of process group 919
06-15 11:25:34.391 V/WindowManager( 1685): reevaluateVisibility focusApp:AppWindowToken{10b39e0 token=Token{b3e5b9d ActivityRecord{19ba247 u0 com.oppo.launcher/.Launcher t2604}}}
06-15 11:25:34.392 D/elsa    ( 1685): app is ProcessRecord{20b6023 20138:com.android.defcontainer/u0a5}, isInBlackList is false, isNeedSetProcessGroup is true
06-15 11:25:34.392 V/WindowManager( 1685): reevaluateVisibility focusApp:AppWindowToken{10b39e0 token=Token{b3e5b9d ActivityRecord{19ba247 u0 com.oppo.launcher/.Launcher t2604}}}
06-15 11:25:34.394 I/ActivityManager( 1685): Force stopping com.excelliance.dualaid appid=11061 user=-1: clearApplicationUserData
06-15 11:25:34.396 I/libprocessgroup( 1685): Killing pid 1015 in uid 11061 as part of process group 919
06-15 11:25:34.401 E/TaskPersister( 1685): File error accessing recents directory (directory doesn't exist?).
06-15 11:25:34.401 I/libprocessgroup( 1685): Killing pid 1015 in uid 11061 as part of process group 919
06-15 11:25:34.403 D/elsa    ( 1685): app is ProcessRecord{20b6023 20138:com.android.defcontainer/u0a5}, isInBlackList is false, isNeedSetProcessGroup is true
06-15 11:25:34.407 I/libprocessgroup( 1685): Killing pid 1015 in uid 11061 as part of process group 919
06-15 11:25:34.412 I/libprocessgroup( 1685): Killing pid 1015 in uid 11061 as part of process group 919
06-15 11:25:34.420 W/RemoteDisplayProvider( 1685): Ignoring remote display provider service because it does not have the CAPTURE_VIDEO_OUTPUT or CAPTURE_SECURE_VIDEO_OUTPUT permission: com.google.android.gms/com.google.android.gms.cast.media.CastRemoteDisplayProviderService
06-15 11:25:34.422 V/WindowManager( 1685): Changing focus from null to Window{1410897 u0 com.oppo.launcher/com.oppo.launcher.Launcher}
06-15 11:25:34.426 V/WindowManager( 1685): reevaluateVisibility focusApp:AppWindowToken{10b39e0 token=Token{b3e5b9d ActivityRecord{19ba247 u0 com.oppo.launcher/.Launcher t2604}}}
06-15 11:25:34.427 D/elsa    ( 1685): app is ProcessRecord{bffd3cd 20469:com.google.android.gms/u0a181}, isInBlackList is false, isNeedSetProcessGroup is true
06-15 11:25:34.459 D/elsa    ( 1685): app is ProcessRecord{bffd3cd 20469:com.google.android.gms/u0a181}, isInBlackList is false, isNeedSetProcessGroup is true
06-15 11:25:34.460 V/WindowManager( 1685): reevaluateVisibility focusApp:AppWindowToken{10b39e0 token=Token{b3e5b9d ActivityRecord{19ba247 u0 com.oppo.launcher/.Launcher t2604}}}
06-15 11:25:34.463 V/WindowManager( 1685): reevaluateVisibility focusApp:AppWindowToken{10b39e0 token=Token{b3e5b9d ActivityRecord{19ba247 u0 com.oppo.launcher/.Launcher t2604}}}
06-15 11:25:34.463 V/WindowManager( 1685): reevaluateVisibility focusApp:AppWindowToken{10b39e0 token=Token{b3e5b9d ActivityRecord{19ba247 u0 com.oppo.launcher/.Launcher t2604}}}
06-15 11:25:34.463 V/WindowManager( 1685): reevaluateVisibility focusApp:AppWindowToken{10b39e0 token=Token{b3e5b9d ActivityRecord{19ba247 u0 com.oppo.launcher/.Launcher t2604}}}
06-15 11:25:34.464 V/WindowManager( 1685): reevaluateVisibility focusApp:AppWindowToken{10b39e0 token=Token{b3e5b9d ActivityRecord{19ba247 u0 com.oppo.launcher/.Launcher t2604}}}
06-15 11:25:34.466 V/WindowManager( 1685): reevaluateVisibility focusApp:AppWindowToken{10b39e0 token=Token{b3e5b9d ActivityRecord{19ba247 u0 com.oppo.launcher/.Launcher t2604}}}
06-15 11:25:34.673 V/WindowManager( 1685): reevaluateVisibility focusApp:AppWindowToken{10b39e0 token=Token{b3e5b9d ActivityRecord{19ba247 u0 com.oppo.launcher/.Launcher t2604}}}
06-15 11:25:34.674 V/WindowManager( 1685): reevaluateVisibility focusApp:AppWindowToken{10b39e0 token=Token{b3e5b9d ActivityRecord{19ba247 u0 com.oppo.launcher/.Launcher t2604}}}
06-15 11:25:34.722 V/WindowManager( 1685): reevaluateVisibility focusApp:AppWindowToken{10b39e0 token=Token{b3e5b9d ActivityRecord{19ba247 u0 com.oppo.launcher/.Launcher t2604}}}
--------- beginning of main
06-15 11:25:35.974 D/AndroidRuntime( 1378): >>>>>> START com.android.internal.os.RuntimeInit uid 2000 <<<<<<
06-15 11:25:35.977 D/AndroidRuntime( 1378): CheckJNI is OFF
06-15 11:25:36.067 D/ICU     ( 1378): No timezone override file found: /data/misc/zoneinfo/current/icu/icu_tzdata.dat
06-15 11:25:36.084 I/Radio-JNI( 1378): register_android_hardware_Radio DONE
06-15 11:25:36.099 D/AndroidRuntime( 1378): Calling main entry com.android.commands.am.Am
06-15 11:25:36.103 E/ANDR-PERF-MPCTL(  587): invalid request, no optimizations performed
06-15 11:25:36.104 I/ActivityManager( 1685): START u0 {act=android.intent.action.MAIN cat=[android.intent.category.LAUNCHER] flg=0x10000000 cmp=com.excelliance.dualaid/com.excelliance.kxqp.ui.HelloActivity} from uid 2000 and from pid 1378 on display 0
06-15 11:25:36.107 D/ActivityTrigger( 1685): activityStartTrigger: Activity is Triggerred in full screen ApplicationInfo{c207ffe com.excelliance.dualaid}
06-15 11:25:36.107 E/ActivityTrigger( 1685): activityStartTrigger: not whiteListedcom.excelliance.dualaid/com.excelliance.kxqp.ui.HelloActivity/466
06-15 11:25:36.108 V/WindowManager( 1685): Changing focus from Window{1410897 u0 com.oppo.launcher/com.oppo.launcher.Launcher} to null
06-15 11:25:36.111 D/AndroidRuntime( 1378): Shutting down VM
06-15 11:25:36.117 I/art     ( 1378): WaitForSignal ShouldHalt is true
06-15 11:25:36.117 I/art     ( 1378): SignalCatcher::Run ShouldHalt is true
06-15 11:25:36.123 I/ActivityManager( 1685): Start proc 1443:com.excelliance.dualaid:olle/u0a1061 for activity com.excelliance.dualaid/com.excelliance.kxqp.ui.HelloActivity
06-15 11:25:36.127 D/elsa    ( 1685): app is ProcessRecord{5532122 3319:com.oppo.launcher/u0a17}, isInBlackList is false, isNeedSetProcessGroup is true
06-15 11:25:36.139 D/elsa    ( 1685): app is ProcessRecord{1493cb7 1443:com.excelliance.dualaid:olle/u0a1061}, isInBlackList is false, isNeedSetProcessGroup is true
06-15 11:25:36.162 W/ContextImpl( 1443): Failed to ensure /data/user/0/com.excelliance.dualaid/cache: chown failed: EPERM (Operation not permitted)
06-15 11:25:36.162 E/ContextImpl( 1443): ensurePrivateDirExists xattr: user.inode_cache value :[B@9a2940d
06-15 11:25:36.162 W/ContextImpl( 1443): Failed to ensure /data/user_de/0/com.excelliance.dualaid/code_cache: chown failed: EPERM (Operation not permitted)
06-15 11:25:36.162 E/ContextImpl( 1443): ensurePrivateDirExists xattr: user.inode_code_cache value :[B@2632fc2
06-15 11:25:36.166 D/KXQPApplication( 1443): run: initUserManager
06-15 11:25:36.167 D/CrashHandler( 1443): CrashHandler
06-15 11:25:36.179 D/HelloActivity( 1443): Memory:35697M
06-15 11:25:36.179 D/HelloActivity( 1443): onCreate: true
06-15 11:25:36.182 D/HelloActivity( 1443): is code boot
06-15 11:25:36.185 D/HelloActivity( 1443): mIsNav = false
06-15 11:25:36.199 D/HelloActivity( 1443): defDisplayStyle:5
06-15 11:25:36.208 D/HttpUtils( 1443): getDownloadMode()
06-15 11:25:36.209 D/NetUtils( 1443): init inited = true
06-15 11:25:36.209 D/HelloActivity( 1443): enter Nav2
06-15 11:25:36.211 D/NetworkSecurityConfig( 1443): No Network Security Config specified, using platform default
06-15 11:25:36.211 I/DpmTcmClient( 1443): RegisterTcmMonitor from: com.android.okhttp.TcmIdleTimerMonitor
06-15 11:25:36.213 E/ANDR-PERF-MPCTL(  587): invalid request, no optimizations performed
06-15 11:25:36.214 I/ActivityManager( 1685): START u0 {pkg=com.excelliance.dualaid cmp=com.excelliance.dualaid/com.excelliance.kxqp.swipe.NavActivity2 (has extras)} from uid 11061 and from pid 1443 on display 0
06-15 11:25:36.214 I/System.out( 1443): Not need to boost!
06-15 11:25:36.216 D/ActivityTrigger( 1685): activityStartTrigger: Activity is Triggerred in full screen ApplicationInfo{c207ffe com.excelliance.dualaid}
06-15 11:25:36.216 E/ActivityTrigger( 1685): activityStartTrigger: not whiteListedcom.excelliance.dualaid/com.excelliance.kxqp.swipe.NavActivity2/466
06-15 11:25:36.217 D/libc-netbsd( 1443): [getaddrinfo]:  hostname=mto.multiopen.cn;  servname=(null);  app_pid=1443;  app_uid=11061;  ai_flags=1024;  ai_family=0; ai_socktype=1 from prox result 0
06-15 11:25:36.236 I/ActivityManager( 1685): Start proc 1500:com.excelliance.dualaid/u0a1061 for service com.excelliance.dualaid/com.excelliance.kxqp.SmtServService
06-15 11:25:36.264 W/X509TrustManager( 1443): checkServerTrusted: SignatureException:null
06-15 11:25:36.264 W/X509TrustManager( 1443): checkServerTrusted: SignatureException:error:04000070:RSA routines:OPENSSL_internal:DATA_TOO_LARGE_FOR_MODULUS
06-15 11:25:36.267 D/NavActivity2( 1443): onCreate
06-15 11:25:36.288 E/test    ( 1443): hw notch screen flag api error
06-15 11:25:36.295 E/test    ( 1443): hasNotchInScreen ClassNotFoundException
06-15 11:25:36.295 E/ViewUtils( 1443): setBgColor: view==null:top
06-15 11:25:36.298 D/HttpUtils( 1443): getResponseCode():200
06-15 11:25:36.299 D/WHEG    ( 1443): {"status":"0","controls":"","skip":"0"}
06-15 11:25:36.303 V/ViewRootImpl( 1443): enableLogLight: enable = false
06-15 11:25:36.329 V/WindowManager( 1685): reevaluateVisibility focusApp:AppWindowToken{8415b89 token=Token{1488690 ActivityRecord{faaed53 u0 com.excelliance.dualaid/com.excelliance.kxqp.swipe.NavActivity2 t21035}}}
06-15 11:25:36.399 I/art     ( 1500): Compiler allocated 6MB to compile boolean com.excelliance.kxqp.KXQPApplication.b(int)
06-15 11:25:36.423 D/MainActivity( 1443): instantiateItem: 2	android.widget.RelativeLayout{2e87191 V.E...... ......I. 0,0-0,0}
06-15 11:25:36.424 D/MainActivity( 1443): initPage3: 
06-15 11:25:36.431 V/WindowManager( 1685): Changing focus from null to Window{9d35a66 u0 com.excelliance.dualaid/com.excelliance.kxqp.swipe.NavActivity2}
06-15 11:25:36.435 V/WindowManager( 1685): reevaluateVisibility focusApp:AppWindowToken{8415b89 token=Token{1488690 ActivityRecord{faaed53 u0 com.excelliance.dualaid/com.excelliance.kxqp.swipe.NavActivity2 t21035}}}
06-15 11:25:36.436 I/Adreno  ( 1443): QUALCOMM build                   : 21e2e72, Ia8660bee96
06-15 11:25:36.436 I/Adreno  ( 1443): Build Date                       : 11/14/17
06-15 11:25:36.436 I/Adreno  ( 1443): OpenGL ES Shader Compiler Version: XE031.14.00.04
06-15 11:25:36.436 I/Adreno  ( 1443): Local Branch                     : 
06-15 11:25:36.436 I/Adreno  ( 1443): Remote Branch                    : 
06-15 11:25:36.436 I/Adreno  ( 1443): Remote Branch                    : 
06-15 11:25:36.436 I/Adreno  ( 1443): Reconstruct Branch               : 
06-15 11:25:36.437 I/Adreno  ( 1443): PFP: 0x005ff087, ME: 0x005ff063
06-15 11:25:36.440 I/OpenGLRenderer( 1443): Initialized EGL, version 1.4
06-15 11:25:36.440 D/OpenGLRenderer( 1443): Swap behavior 1
06-15 11:25:36.443 D/MainActivity( 1443): run: initPage3
06-15 11:25:36.443 V/MainActivity( 1443): onWindowFocusChanged: true
06-15 11:25:36.456 I/art     ( 1500): Do partial code cache collection, code=16KB, data=30KB
06-15 11:25:36.456 I/art     ( 1500): After code cache collection, code=16KB, data=30KB
06-15 11:25:36.456 I/art     ( 1500): Increasing code cache capacity to 128KB
06-15 11:25:36.461 D/xx      (18534): onFinishInput: mIsInDockMode=false
06-15 11:25:36.463 D/xx      (18534): onStartInput: mIsInDockMode=false attribute==android.view.inputmethod.EditorInfo@865883f restarting==false
06-15 11:25:36.516 I/art     ( 1500): Do partial code cache collection, code=16KB, data=30KB
06-15 11:25:36.516 I/art     ( 1500): After code cache collection, code=16KB, data=30KB
06-15 11:25:36.516 I/art     ( 1500): Increasing code cache capacity to 256KB
06-15 11:25:36.518 I/art     ( 1500): Compiler allocated 6MB to compile boolean com.excelliance.kxqp.KXQPApplication.b(int)
06-15 11:25:36.529 E/OpenGLRenderer( 3319): hwui_debug::CanvasContext createSurface sur=0x0, isValid =0
06-15 11:25:36.529 V/WindowManager( 1685): reevaluateVisibility focusApp:AppWindowToken{8415b89 token=Token{1488690 ActivityRecord{faaed53 u0 com.excelliance.dualaid/com.excelliance.kxqp.swipe.NavActivity2 t21035}}}
06-15 11:25:36.531 I/ActivityManager( 1685): Displayed com.excelliance.dualaid/com.excelliance.kxqp.swipe.NavActivity2: +291ms (total +419ms)
06-15 11:25:36.534 I/WindowManager( 1685): finishPostLayoutPolicyLw (statusbar != null ) true topIsFullscreen true top = Window{9d35a66 u0 com.excelliance.dualaid/com.excelliance.kxqp.swipe.NavActivity2}
06-15 11:25:36.535 I/StatusBarManagerService( 1685):  topIsFullscreen fullscreen true
06-15 11:25:36.537 V/WindowManager( 1685): reevaluateVisibility focusApp:AppWindowToken{8415b89 token=Token{1488690 ActivityRecord{faaed53 u0 com.excelliance.dualaid/com.excelliance.kxqp.swipe.NavActivity2 t21035}}}
06-15 11:25:36.538 D/ActivityManager( 1685): back_key destroy activity: com.excelliance.dualaid top activity: com.excelliance.dualaid
06-15 11:25:36.538 V/WindowManager( 1685): reevaluateVisibility focusApp:AppWindowToken{8415b89 token=Token{1488690 ActivityRecord{faaed53 u0 com.excelliance.dualaid/com.excelliance.kxqp.swipe.NavActivity2 t21035}}}
06-15 11:25:36.541 V/WindowManager( 1685): reevaluateVisibility focusApp:AppWindowToken{8415b89 token=Token{1488690 ActivityRecord{faaed53 u0 com.excelliance.dualaid/com.excelliance.kxqp.swipe.NavActivity2 t21035}}}
06-15 11:25:36.546 D/elsa    ( 1685): app is ProcessRecord{5532122 3319:com.oppo.launcher/u0a17}, isInBlackList is false, isNeedSetProcessGroup is true
06-15 11:25:36.547 I/Launcher.LauncherTraceUtil( 3319): writeLauncherStateToFile. The mStateTrace is null!
06-15 11:25:36.548 V/WindowManager( 1685): reevaluateVisibility focusApp:AppWindowToken{8415b89 token=Token{1488690 ActivityRecord{faaed53 u0 com.excelliance.dualaid/com.excelliance.kxqp.swipe.NavActivity2 t21035}}}
06-15 11:25:36.549 V/WindowManager( 1685): reevaluateVisibility focusApp:AppWindowToken{8415b89 token=Token{1488690 ActivityRecord{faaed53 u0 com.excelliance.dualaid/com.excelliance.kxqp.swipe.NavActivity2 t21035}}}
06-15 11:25:36.550 V/WindowManager( 1685): reevaluateVisibility focusApp:AppWindowToken{8415b89 token=Token{1488690 ActivityRecord{faaed53 u0 com.excelliance.dualaid/com.excelliance.kxqp.swipe.NavActivity2 t21035}}}
06-15 11:25:36.573 I/art     ( 1500): Compiler allocated 6MB to compile boolean com.excelliance.kxqp.KXQPApplication.b(int)
06-15 11:25:36.615 W/art     ( 1500): oat_file_name = /data/user/0/com.excelliance.dualaid/.platformcache/main.dex, b = 1
06-15 11:25:36.644 I/dex2oat ( 1573): /system/bin/dex2oat --dex-file=/data/user/0/com.excelliance.dualaid/.platformcache/main.jar --oat-fd=44 --oat-location=/data/user/0/com.excelliance.dualaid/.platformcache/main.dex --compiler-filter=speed
06-15 11:25:36.897 V/WindowManager( 1685): reevaluateVisibility focusApp:AppWindowToken{8415b89 token=Token{1488690 ActivityRecord{faaed53 u0 com.excelliance.dualaid/com.excelliance.kxqp.swipe.NavActivity2 t21035}}}
06-15 11:25:37.683 W/dex2oat ( 1573): Compilation of java.util.List com.excelliance.kxqp.VersionManager.a(int, int, int, boolean) took 127.085ms
