06-15 11:23:03.083 I/appium  (28403): AppiumResponse: {"sessionId":"50a3d129-e1c4-4754-9f20-b516f7b4ab53","status":0,"value":"<?xml version=\"1.0\" encoding=\"UTF-8\"?><hierarchy rotation=\"0\"><android.widget.FrameLayout index=\"0\" text=\"\" class=\"android.widget.FrameLayout\" package=\"com.excelliance.dualaid\" content-desc=\"\" checkable=\"false\" checked=\"false\" clickable=\"false\" enabled=\"true\" focusable=\"false\" focused=\"false\" scrollable=\"false\" long-clickable=\"false\" password=\"false\" selected=\"false\" bounds=\"[0,0][1080,1920]\" resource-id=\"\" instance=\"0\"><android.widget.LinearLayout index=\"0\" text=\"\" class=\"android.widget.LinearLayout\" package=\"com.excelliance.dualaid\" content-desc=\"\" checkable=\"false\" checked=\"false\" clickable=\"false\" enabled=\"true\" focusable=\"false\" focused=\"false\" scrollable=\"false\" long-clickable=\"false\" password=\"false\" selected=\"false\" bounds=\"[0,0][1080,1920]\" resource-id=\"\" instance=\"0\"><android.widget.FrameLayout index=\"0\" text=\"\" class=\"android.widget.FrameLayout\" package=\"com.excelliance.dualaid\" content-desc=\"\" checkable=\"false\" checked=\"false\" clickable=\"false\" enabled=\"true\" focusable=\"false\" focused=\"false\" scrollable=\"false\" long-clickable=\"false\" password=\"false\" selected=\"false\" bounds=\"[0,54][1080,1920]\" resource-id=\"android:id\/content\" instance=\"1\"><android.widget.LinearLayout index=\"0\" text=\"\" class=\"android.widget.LinearLayout\" package=\"com.excelliance.dualaid\" content-desc=\"\" checkable=\"false\" checked=\"false\" clickable=\"false\" enabled=\"true\" focusable=\"false\" focused=\"false\" scrollable=\"false\" long-clickable=\"false\" password=\"false\" selected=\"false\" bounds=\"[0,54][1080,1920]\" resource-id=\"\" instance=\"1\"><android.widget.RelativeLayout index=\"0\" text=\"\" class=\"android.widget.RelativeLayout\" package=\"com.excelliance.dualaid\" content-desc=\"\" checkable=\"false\" checked=\"false\" clickable=\"false\" enabled=\"true\" focusable=\"false\" focused=\"false\" scrollable=\"false\" long-clickable=\"false\" password=\"false\" selected=\"false\" bounds=\"[0,54][1080,222]\" resource-id=\"com.excelliance.dualaid:id\/top\" instance=\"0\"><android.widget.TextView index=\"0\" text=\"登录\/注册\" class=\"android.widget.TextView\" package=\"com.excelliance.dualaid\" content-desc=\"\" checkable=\"false\" checked=\"false\" clickable=\"true\" enabled=\"true\" focusable=\"false\" focused=\"false\" scrollable=\"false\" long-clickable=\"false\" password=\"false\" selected=\"false\" bounds=\"[36,93][221,183]\" resource-id=\"com.excelliance.dualaid:id\/tv_login_in\" instance=\"0\"\/><android.widget.TextView index=\"1\" text=\"双开助手\" class=\"android.widget.TextView\" package=\"com.excelliance.dualaid\" content-desc=\"\" checkable=\"false\" checked=\"false\" clickable=\"false\" enabled=\"true\" focusable=\"false\" focused=\"false\" scrollable=\"false\" long-clickable=\"false\" password=\"false\" selected=\"false\" bounds=\"[420,97][660,178]\" resource-id=\"com.excelliance.dualaid:id\/first_tv_back\" instance=\"1\"\/><android.widget.TextView index=\"2\" text=\"跳过\" class=\"android.widget.TextView\" package=\"com.excelliance.dualaid\" content-desc=\"\" checkable=\"false\" checked=\"false\" clickable=\"true\" enabled=\"true\" focusable=\"false\" focused=\"false\" scrollable=\"false\" long-clickable=\"false\" password=\"false\" selected=\"false\" bounds=\"[960,93][1044,183]\" resource-id=\"com.excelliance.dualaid:id\/jump_to\" instance=\"2\"\/><\/android.widget.RelativeLayout><android.widget.RelativeLayout index=\"1\" text=\"\" class=\"android.widget.RelativeLayout\" package=\"com.excelliance.dualaid\" content-desc=\"\" checkable=\"false\" checked=\"false\" clickable=\"false\" enabled=\"true\" focusable=\"false\" focused=\"false\" scrollable=\"false\" long-clickable=\"false\" password=\"false\" selected=\"false\" bounds=\"[0,222][1080,436]\" resource-id=\"com.excelliance.dualaid:id\/rl_note\" instance=\"1\"><android.widget.ImageView index=\"0\" text=\"\" 
06-15 11:23:03.142 I/appium  (28403): channel read invoked!
06-15 11:23:03.142 I/appium  (28403): channel read: GET /wd/hub/session/50a3d129-e1c4-4754-9f20-b516f7b4ab53/source
06-15 11:23:03.171 D/y       (29120): 8:null
06-15 11:23:03.172 D/y       (29120): 1:null
06-15 11:23:03.200 D/y       (29120): 24:[0, com.tencent.mm, -2147418110]
06-15 11:23:03.201 E/art     (29213): Invalid capacity given to EnsureLocalCapacity: 800
06-15 11:23:03.202 V/StatisticsBySpImpl(29120): init   isFirstCheck
06-15 11:23:03.214 E/StatisticsBySpImpl(29120): install new version, old version is 324, net is ok, upload now!
06-15 11:23:03.224 V/StatisticsBySpImpl(29120): init   isFirstCheck
06-15 11:23:03.228 D/y       (29120): 20:null
06-15 11:23:03.229 E/StatisticsBySpImpl(29120): install new version, old version is 324, net is ok, upload now!
06-15 11:23:03.254 D/StatisticsToServer(29120): show::::[]
06-15 11:23:03.256 E/StatisticsToServer(29120): url=https://mto.multiopen.cn/adstatis.php?cmd=3&data=eyJ2YyI6MzI0LCJ2biI6IjIuNi4yIiwiY2hpZCI6MTAwMjIsInN1YmNoaWQiOjEsInVpZCI6IjE2%0AMDYzODQyIiwiZHQiOiJbXSJ9%0A
06-15 11:23:03.257 D/StatisticsToServer(29120): click::::[]
06-15 11:23:03.257 E/StatisticsToServer(29120): url=https://mto.multiopen.cn/adstatis.php?cmd=1&data=eyJ2YyI6MzI0LCJ2biI6IjIuNi4yIiwiY2hpZCI6MTAwMjIsInN1YmNoaWQiOjEsInVpZCI6IjE2%0AMDYzODQyIiwiZHQiOiJbXSJ9%0A
06-15 11:23:03.257 D/StatisticsToServer(29120): get::::[]
06-15 11:23:03.258 E/StatisticsToServer(29120): url=https://mto.multiopen.cn/adstatis.php?cmd=4&data=eyJ2YyI6MzI0LCJ2biI6IjIuNi4yIiwiY2hpZCI6MTAwMjIsInN1YmNoaWQiOjEsInVpZCI6IjE2%0AMDYzODQyIiwiZHQiOiJbXSJ9%0A
06-15 11:23:03.258 D/StatisticsToServer(29120): getSuccess::::[]
06-15 11:23:03.258 E/StatisticsToServer(29120): url=https://mto.multiopen.cn/adstatis.php?cmd=5&data=eyJ2YyI6MzI0LCJ2biI6IjIuNi4yIiwiY2hpZCI6MTAwMjIsInN1YmNoaWQiOjEsInVpZCI6IjE2%0AMDYzODQyIiwiZHQiOiJbXSJ9%0A
06-15 11:23:03.263 D/VersionManager(29120): httpsRequest getURL = https://mto.multiopen.cn/adstatis.php?cmd=3&data=eyJ2YyI6MzI0LCJ2biI6IjIuNi4yIiwiY2hpZCI6MTAwMjIsInN1YmNoaWQiOjEsInVpZCI6IjE2%0AMDYzODQyIiwiZHQiOiJbXSJ9%0A
06-15 11:23:03.269 D/libc-netbsd(29120): [getaddrinfo]:  hostname=mto.multiopen.cn;  servname=(null);  app_pid=29120;  app_uid=11060;  ai_flags=1024;  ai_family=0; ai_socktype=1 from prox result 0
06-15 11:23:03.284 D/StatisticsToServer(29120): show::::[]
06-15 11:23:03.284 E/StatisticsToServer(29120): url=https://mto.multiopen.cn/adstatis.php?cmd=3&data=eyJ2YyI6MzI0LCJ2biI6IjIuNi4yIiwiY2hpZCI6MTAwMjIsInN1YmNoaWQiOjEsInVpZCI6IjE2%0AMDYzODQyIiwiZHQiOiJbXSJ9%0A
06-15 11:23:03.284 D/StatisticsToServer(29120): click::::[]
06-15 11:23:03.284 E/StatisticsToServer(29120): url=https://mto.multiopen.cn/adstatis.php?cmd=1&data=eyJ2YyI6MzI0LCJ2biI6IjIuNi4yIiwiY2hpZCI6MTAwMjIsInN1YmNoaWQiOjEsInVpZCI6IjE2%0AMDYzODQyIiwiZHQiOiJbXSJ9%0A
06-15 11:23:03.284 D/StatisticsToServer(29120): get::::[]
06-15 11:23:03.284 E/StatisticsToServer(29120): url=https://mto.multiopen.cn/adstatis.php?cmd=4&data=eyJ2YyI6MzI0LCJ2biI6IjIuNi4yIiwiY2hpZCI6MTAwMjIsInN1YmNoaWQiOjEsInVpZCI6IjE2%0AMDYzODQyIiwiZHQiOiJbXSJ9%0A
06-15 11:23:03.284 D/StatisticsToServer(29120): getSuccess::::[]
06-15 11:23:03.284 E/StatisticsToServer(29120): url=https://mto.multiopen.cn/adstatis.php?cmd=5&data=eyJ2YyI6MzI0LCJ2biI6IjIuNi4yIiwiY2hpZCI6MTAwMjIsInN1YmNoaWQiOjEsInVpZCI6IjE2%0AMDYzODQyIiwiZHQiOiJbXSJ9%0A
06-15 11:23:03.287 D/VersionManager(29120): httpsRequest getURL = https://mto.multiopen.cn/adstatis.php?cmd=3&data=eyJ2YyI6MzI0LCJ2biI6IjIuNi4yIiwiY2hpZCI6MTAwMjIsInN1YmNoaWQiOjEsInVpZCI6IjE2%0AMDYzODQyIiwiZHQiOiJbXSJ9%0A
06-15 11:23:03.320 W/X509TrustManager(29120): checkServerTrusted: SignatureException:null
06-15 11:23:03.321 W/X509TrustManager(29120): checkServerTrusted: SignatureException:error:04000070:RSA routines:OPENSSL_internal:DATA_TOO_LARGE_FOR_MODULUS
06-15 11:23:03.321 W/X509TrustManager(29120): checkServerTrusted: SignatureException:null
06-15 11:23:03.321 W/X509TrustManager(29120): checkServerTrusted: SignatureException:error:04000070:RSA routines:OPENSSL_internal:DATA_TOO_LARGE_FOR_MODULUS
06-15 11:23:03.350 D/TrafficStatsHelper( 6003): ifaceNames[0]:lo
06-15 11:23:03.350 D/TrafficStatsHelper( 6003): ifaceNames[1]:tun0
06-15 11:23:03.350 D/TrafficStatsHelper( 6003): ifaceNames[2]:wlan0
06-15 11:23:03.350 D/TrafficStatsHelper( 6003): ifaceNames[3]:dummy0
06-15 11:23:03.350 D/TrafficStatsHelper( 6003): ifaceNames[4]:rmnet_data0
06-15 11:23:03.351 D/TrafficStatsHelper( 6003): transmitted_validWifiData.get(0) = wlan0
06-15 11:23:03.360 D/VersionManager(29120): httpsRequest getURL = https://mto.multiopen.cn/adstatis.php?cmd=1&data=eyJ2YyI6MzI0LCJ2biI6IjIuNi4yIiwiY2hpZCI6MTAwMjIsInN1YmNoaWQiOjEsInVpZCI6IjE2%0AMDYzODQyIiwiZHQiOiJbXSJ9%0A
06-15 11:23:03.368 D/VersionManager(29120): httpsRequest getURL = https://mto.multiopen.cn/adstatis.php?cmd=1&data=eyJ2YyI6MzI0LCJ2biI6IjIuNi4yIiwiY2hpZCI6MTAwMjIsInN1YmNoaWQiOjEsInVpZCI6IjE2%0AMDYzODQyIiwiZHQiOiJbXSJ9%0A
06-15 11:23:03.400 W/X509TrustManager(29120): checkServerTrusted: SignatureException:null
06-15 11:23:03.400 W/X509TrustManager(29120): checkServerTrusted: SignatureException:error:04000070:RSA routines:OPENSSL_internal:DATA_TOO_LARGE_FOR_MODULUS
06-15 11:23:03.402 W/X509TrustManager(29120): checkServerTrusted: SignatureException:null
06-15 11:23:03.403 W/X509TrustManager(29120): checkServerTrusted: SignatureException:error:04000070:RSA routines:OPENSSL_internal:DATA_TOO_LARGE_FOR_MODULUS
06-15 11:23:03.423 W/IPMSI   (29213): request permission: android.permission.REQUEST_IGNORE_BATTERY_OPTIMIZATIONS
06-15 11:23:03.434 D/PlatSdk (29120): installApp re = 1, apk = com.tencent.mm, apkPath = /data/app/com.tencent.mm-2/base.apk, c = 0
06-15 11:23:03.435 D/VersionManager(29120): httpsRequest getURL = https://mto.multiopen.cn/adstatis.php?cmd=4&data=eyJ2YyI6MzI0LCJ2biI6IjIuNi4yIiwiY2hpZCI6MTAwMjIsInN1YmNoaWQiOjEsInVpZCI6IjE2%0AMDYzODQyIiwiZHQiOiJbXSJ9%0A
06-15 11:23:03.436 D/PlatSdk (29120): max:0
06-15 11:23:03.450 D/PlatSdk (29120): max:0
06-15 11:23:03.451 D/y       (29120): 68:[0, com.tencent.mm, [Ljava.lang.String;@30e80b]
06-15 11:23:03.453 D/y       (29120): 53:[0, com.tencent.mm, 268435456, false]
06-15 11:23:03.453 D/VersionManager(29120): httpsRequest getURL = https://mto.multiopen.cn/adstatis.php?cmd=4&data=eyJ2YyI6MzI0LCJ2biI6IjIuNi4yIiwiY2hpZCI6MTAwMjIsInN1YmNoaWQiOjEsInVpZCI6IjE2%0AMDYzODQyIiwiZHQiOiJbXSJ9%0A
06-15 11:23:03.482 W/X509TrustManager(29120): checkServerTrusted: SignatureException:null
06-15 11:23:03.483 W/X509TrustManager(29120): checkServerTrusted: SignatureException:error:04000070:RSA routines:OPENSSL_internal:DATA_TOO_LARGE_FOR_MODULUS
06-15 11:23:03.495 W/X509TrustManager(29120): checkServerTrusted: SignatureException:null
06-15 11:23:03.495 W/X509TrustManager(29120): checkServerTrusted: SignatureException:error:04000070:RSA routines:OPENSSL_internal:DATA_TOO_LARGE_FOR_MODULUS
06-15 11:23:03.512 I/OppoConvertIcon(29120): maskBitmap -- mIconBackground == null
06-15 11:23:03.521 D/VersionManager(29120): getAllProviderApps appList.size = 1
06-15 11:23:03.521 D/VersionManager(29120): existsInAppList packageName = com.tencent.mm, uid = 0, exists = true
06-15 11:23:03.525 D/SmtServService(29120): sg=GameDetail [gameId=-400844759, gameLib=com.tencent.mm, gameName=微信, url=null, gameType=5, nettype=1, savePath=/data/app/com.tencent.mm-2/base.apk, size=0, version=1321, level=1, forceUpdate=0, icon=/storage/emulated/0/.dygameres.apps/game_res/3rd/icon/com.tencent.mm.png, cid=0, cfgPath=null, downloadType=0, patch=false, omd5=, nmd5=, dmd5=, autodl=false, notifyTitle=, notifyMsg=, flag=1, downloadStatus=1, sid=0, gameTime=0, appProvider=null, sortLetters=, isAd=false, uid = 0]
06-15 11:23:03.526 D/SmtServService(29120): addApps start=false, arm64 = false, mFrom = 0, uid=0
06-15 11:23:03.530 D/VersionManager(29120): httpsRequest getURL = https://mto.multiopen.cn/adstatis.php?cmd=5&data=eyJ2YyI6MzI0LCJ2biI6IjIuNi4yIiwiY2hpZCI6MTAwMjIsInN1YmNoaWQiOjEsInVpZCI6IjE2%0AMDYzODQyIiwiZHQiOiJbXSJ9%0A
06-15 11:23:03.533 D/VersionManager(29120): httpsRequest getURL = https://mto.multiopen.cn/adstatis.php?cmd=5&data=eyJ2YyI6MzI0LCJ2biI6IjIuNi4yIiwiY2hpZCI6MTAwMjIsInN1YmNoaWQiOjEsInVpZCI6IjE2%0AMDYzODQyIiwiZHQiOiJbXSJ9%0A
06-15 11:23:03.569 W/X509TrustManager(29120): checkServerTrusted: SignatureException:null
06-15 11:23:03.570 W/X509TrustManager(29120): checkServerTrusted: SignatureException:error:04000070:RSA routines:OPENSSL_internal:DATA_TOO_LARGE_FOR_MODULUS
06-15 11:23:03.571 W/X509TrustManager(29120): checkServerTrusted: SignatureException:null
06-15 11:23:03.573 W/X509TrustManager(29120): checkServerTrusted: SignatureException:error:04000070:RSA routines:OPENSSL_internal:DATA_TOO_LARGE_FOR_MODULUS
06-15 11:23:03.662 D/y       (29120): 8:null
06-15 11:23:03.662 D/y       (29120): 1:null
06-15 11:23:03.673 D/y       (29120): 24:[0, com.tencent.mobileqq, -2147418110]
06-15 11:23:03.674 E/art     (29213): Invalid capacity given to EnsureLocalCapacity: 800
06-15 11:23:03.677 D/y       (29120): 20:null
06-15 11:23:03.843 D/PlatSdk (29120): installApp re = 1, apk = com.tencent.mobileqq, apkPath = /data/app/com.tencent.mobileqq-1/base.apk, c = 0
06-15 11:23:03.863 D/StatisticsManager(29120): Query time diff:1529032983863
06-15 11:23:03.886 D/SmtServService(29120): 发送结束动画的广播 mFrom=0
06-15 11:23:03.891 D/HelloActivity(29095): mReceiver ACTION_ADD_LIST_DONE 
06-15 11:23:03.918 E/OpenGLRenderer(29095): hwui_debug::CanvasContext createSurface sur=0x0, isValid =0
06-15 11:23:03.925 V/WindowManager( 1685): Changing focus from Window{cacb8ff u0 com.excelliance.dualaid/com.excelliance.kxqp.ui.HelloActivity} to Window{1dad459 u0 com.excelliance.dualaid/com.excelliance.kxqp.ui.HelloActivity}
06-15 11:23:03.927 W/WindowManager( 1685): Skip focus check for application before nougat.
06-15 11:23:03.928 V/WindowManager( 1685): reevaluateVisibility focusApp:AppWindowToken{599c2b token=Token{740bc7a ActivityRecord{63000a5 u0 com.excelliance.dualaid/com.excelliance.kxqp.ui.HelloActivity t21024}}}
06-15 11:23:03.930 D/HelloActivity(29095): startMain>>>3
06-15 11:23:03.936 E/ANDR-PERF-MPCTL(  587): invalid request, no optimizations performed
06-15 11:23:03.937 I/ActivityManager( 1685): START u0 {flg=0x10000000 cmp=com.excelliance.dualaid/com.excelliance.kxqp.ui.MainActivity (has extras)} from uid 11060 and from pid 29095 on display 0
06-15 11:23:03.940 E/ANDR-PERF-MPCTL(  587): Invalid profile no. 0, total profiles 0 only
06-15 11:23:03.942 D/ActivityTrigger( 1685): activityStartTrigger: Activity is Triggerred in full screen ApplicationInfo{6118ee2 com.excelliance.dualaid}
06-15 11:23:03.942 E/ActivityTrigger( 1685): activityStartTrigger: not whiteListedcom.excelliance.dualaid/com.excelliance.kxqp.ui.MainActivity/466
06-15 11:23:03.943 V/WindowManager( 1685): Changing focus from Window{1dad459 u0 com.excelliance.dualaid/com.excelliance.kxqp.ui.HelloActivity} to null
06-15 11:23:03.944 W/WindowManager( 1685): Skip focus check for application before nougat.
06-15 11:23:03.947 D/VersionManager(29120): httpsRequest getURL = https://mto.multiopen.cn/openstate.php?sdkver=2009&compver=54302&mainver=231200&chid=10022&subchid=1&uid=16063842&type=20&pkg=com.tencent.mm&vername=6.6.7&api=25&release=7.1.1&abi=armeabi-v7a&abi2=armeabi&abilist=arm64-v8a%2Carmeabi-v7a%2Carmeabi&abilist32=armeabi-v7a%2Carmeabi&abilist64=arm64-v8a&brand=OPPO&manufacturer=OPPO&model=OPPO%20R11&product=R11&st=0&issl=1
06-15 11:23:03.948 I/Choreographer(29095): Skipped 1 frames!  The application may be doing too much work on its main thread.
06-15 11:23:03.950 D/xx      (18534): onFinishInput: mIsInDockMode=false
06-15 11:23:03.952 D/xx      (18534): onStartInput: mIsInDockMode=false attribute==android.view.inputmethod.EditorInfo@a6a388d restarting==false
06-15 11:23:03.952 D/elsa    ( 1685): app is ProcessRecord{53c1e7d 29120:com.excelliance.dualaid/u0a1060}, isInBlackList is false, isNeedSetProcessGroup is true
06-15 11:23:03.954 D/elsa    ( 1685): app is ProcessRecord{8147d5e 29095:com.excelliance.dualaid:olle/u0a1060}, isInBlackList is false, isNeedSetProcessGroup is true
06-15 11:23:03.955 D/elsa    ( 1685): app is ProcessRecord{5532122 3319:com.oppo.launcher/u0a17}, isInBlackList is false, isNeedSetProcessGroup is true
06-15 11:23:03.956 I/Launcher.LauncherTraceUtil( 3319): writeLauncherStateToFile. The mStateTrace is null!
06-15 11:23:03.958 E/OpenGLRenderer( 3319): hwui_debug::CanvasContext createSurface sur=0x0, isValid =0
06-15 11:23:03.962 V/WindowManager( 1685): reevaluateVisibility focusApp:AppWindowToken{59de61b token=Token{981382a ActivityRecord{d5b5d15 u0 com.excelliance.dualaid/com.excelliance.kxqp.ui.MainActivity t21024}}}
06-15 11:23:03.969 E/test    (29120): hw notch screen flag api error
06-15 11:23:03.970 D/MainActivity(29120): startMode = true
06-15 11:23:03.970 D/MainActivity(29120): StreamAdStatistic 进入主界面 enter main
06-15 11:23:03.972 D/StatisticsManager(29120): Query time diff:1529032983972
06-15 11:23:03.989 D/StatisticsManager(29120): Query time diff:1529032983989
06-15 11:23:03.994 W/X509TrustManager(29120): checkServerTrusted: SignatureException:null
06-15 11:23:03.995 W/X509TrustManager(29120): checkServerTrusted: SignatureException:error:04000070:RSA routines:OPENSSL_internal:DATA_TOO_LARGE_FOR_MODULUS
06-15 11:23:04.050 V/MainActivity(29120): mFirstStart:true
06-15 11:23:04.056 D/MainFragment(29120): sp1 time:-1  difftime:1529032984056  lasttime:0, context = com.excelliance.kxqp.ui.MainActivity@73a0c71
06-15 11:23:04.056 D/MainFragment(29120): sp1 time:-1  2 difftime:1529032984056  2 lasttime:0
06-15 11:23:04.064 D/MainFragment(29120): timeIsOk:false
06-15 11:23:04.064 D/MainFragment(29120): ad_baidu_flag:0
06-15 11:23:04.064 V/MainFragment(29120): defDisplayStyle:5
06-15 11:23:04.065 V/AdManager(29120): initShare InitFactory.b_total:0
06-15 11:23:04.072 D/MainFragment(29120): onCreateView
06-15 11:23:04.101 D/PayUtil (29120): sp is empty
06-15 11:23:04.104 D/PayUtil (29120): 本地不存在文件
06-15 11:23:04.105 D/PayUtil (29120): sRid = 
06-15 11:23:04.113 D/PayUtil (29120): sRid = 
06-15 11:23:04.114 D/lyl     (29120): GridviewContainerLayout:createList:-2147483646
06-15 11:23:04.114 D/PayUtil (29120): sRid = 
06-15 11:23:04.115 D/PlatSdk (29120): current = 0
06-15 11:23:04.137 D/MainFragment(29120): onActivityCreated
06-15 11:23:04.139 D/MainFragment(29120): initial
06-15 11:23:04.140 E/ViewUtils(29120): setBgDrawable: view==null:top
06-15 11:23:04.143 E/ViewUtils(29120): setBgColor: view==null:streamMainGap
06-15 11:23:04.143 E/ViewUtils(29120): setTextColor: view==null:tv_news
06-15 11:23:04.144 E/ViewUtils(29120): setBgColor: view==null:tv_news_left
06-15 11:23:04.144 E/ViewUtils(29120): setBgColor: view==null:tv_news_right
06-15 11:23:04.153 D/MainFragment(29120): iv_iconId:_2131493019
06-15 11:23:04.154 D/PayUtil (29120): sRid = 
06-15 11:23:04.155 D/PayUtil (29120): sRid = 
06-15 11:23:04.157 D/PayUtil (29120): no pay dex...
06-15 11:23:04.163 D/PayUtil (29120): sRid = 
06-15 11:23:04.164 D/PayUtil (29120): no pay dex...
06-15 11:23:04.165 V/AdManager(29120): clSharebanner.i:1
06-15 11:23:04.167 D/PayUtil (29120): sRid = 
06-15 11:23:04.169 D/PayUtil (29120): no pay dex...
06-15 11:23:04.178 D/AdManager(29120): initAdvNew
06-15 11:23:04.181 D/PayUtil (29120): sRid = 
06-15 11:23:04.182 D/PayUtil (29120): no pay dex...
06-15 11:23:04.183 D/PayUtil (29120): sRid = 
06-15 11:23:04.184 D/PayUtil (29120): no pay dex...
06-15 11:23:04.188 D/PayUtil (29120): sRid = 
06-15 11:23:04.190 D/PayUtil (29120): sRid = 
06-15 11:23:04.192 D/PayUtil (29120): no pay dex...
06-15 11:23:04.197 D/AppShortcutGridAdapter(29120): screen:1080 X 1920
06-15 11:23:04.197 D/PayUtil (29120): sRid = 
06-15 11:23:04.199 D/PayUtil (29120): no pay dex...
06-15 11:23:04.200 D/PayUtil (29120): sRid = 
06-15 11:23:04.201 D/PayUtil (29120): no pay dex...
06-15 11:23:04.202 D/PayUtil (29120): sRid = 
06-15 11:23:04.205 D/PlatSdk (29120): current = 0
06-15 11:23:04.206 D/GameUtil(29120): start ...
06-15 11:23:04.206 D/GameUtil(29120): shortcutStatus enter
06-15 11:23:04.207 D/y       (29120): 20:null
06-15 11:23:04.208 D/y       (29120): 31:[0, Intent { act=android.intent.action.SEND typ=*/* }, */*, 131072]
06-15 11:23:04.220 D/VersionManager(29120): getAllProviderApps appList.size = 1
06-15 11:23:04.223 D/AppShortcutGridAdapter(29120): addList()微信  CID = 0
06-15 11:23:04.224 W/Parcel  ( 1685): **** enforceInterface() expected 'com.android.internal.telephony.ITelephonyRegistry' but read ''
06-15 11:23:04.224 W/Parcel  ( 1685): **** enforceInterface() expected 'android.app.INotificationManager' but read ''
06-15 11:23:04.224 W/Parcel  ( 1685): **** enforceInterface() expected 'android.net.IConnectivityManager' but read ''
06-15 11:23:04.224 W/Parcel  ( 1685): **** enforceInterface() expected 'android.app.IActivityManager' but read ''
06-15 11:23:04.224 W/Parcel  ( 1685): **** enforceInterface() expected 'android.bluetooth.IBluetooth' but read ''
06-15 11:23:04.224 W/Parcel  ( 1685): **** enforceInterface() expected 'android.bluetooth.IBluetoothManager' but read ''
06-15 11:23:04.224 W/Parcel  ( 1685): **** enforceInterface() expected 'android.location.ILocationManager' but read ''
06-15 11:23:04.224 W/Parcel  ( 1685): **** enforceInterface() expected 'android.view.IWindowSession' but read ''
06-15 11:23:04.224 W/Parcel  ( 1685): **** enforceInterface() expected 'android.content.pm.IPackageManager' but read ''
06-15 11:23:04.224 W/Parcel  ( 1685): **** enforceInterface() expected 'android.net.wifi.IWifiManager' but read ''
06-15 11:23:04.227 D/y       (29120): 65:[]
06-15 11:23:04.227 W/Parcel  ( 1685): **** enforceInterface() expected 'com.android.internal.telephony.ITelephonyRegistry' but read ''
06-15 11:23:04.227 W/Parcel  ( 1685): **** enforceInterface() expected 'android.app.INotificationManager' but read ''
06-15 11:23:04.227 W/Parcel  ( 1685): **** enforceInterface() expected 'android.net.IConnectivityManager' but read ''
06-15 11:23:04.227 W/Parcel  ( 1685): **** enforceInterface() expected 'android.app.IActivityManager' but read ''
06-15 11:23:04.227 W/Parcel  ( 1685): **** enforceInterface() expected 'android.bluetooth.IBluetooth' but read ''
06-15 11:23:04.227 W/Parcel  ( 1685): **** enforceInterface() expected 'android.bluetooth.IBluetoothManager' but read ''
06-15 11:23:04.227 W/Parcel  ( 1685): **** enforceInterface() expected 'android.location.ILocationManager' but read ''
06-15 11:23:04.227 W/Parcel  ( 1685): **** enforceInterface() expected 'android.view.IWindowSession' but read ''
06-15 11:23:04.227 W/Parcel  ( 1685): **** enforceInterface() expected 'android.content.pm.IPackageManager' but read ''
06-15 11:23:04.227 W/Parcel  ( 1685): **** enforceInterface() expected 'android.net.wifi.IWifiManager' but read ''
06-15 11:23:04.228 D/MainFragment(29120): rid = ,initStreamAd close = true
06-15 11:23:04.228 D/PayUtil (29120): sRid = 
06-15 11:23:04.230 W/Parcel  ( 1685): **** enforceInterface() expected 'com.android.internal.telephony.ITelephonyRegistry' but read ''
06-15 11:23:04.230 W/Parcel  ( 1685): **** enforceInterface() expected 'android.app.INotificationManager' but read ''
06-15 11:23:04.230 W/Parcel  ( 1685): **** enforceInterface() expected 'android.net.IConnectivityManager' but read ''
06-15 11:23:04.230 W/Parcel  ( 1685): **** enforceInterface() expected 'android.app.IActivityManager' but read ''
06-15 11:23:04.230 W/Parcel  ( 1685): **** enforceInterface() expected 'android.bluetooth.IBluetooth' but read ''
06-15 11:23:04.230 W/Parcel  ( 1685): **** enforceInterface() expected 'android.bluetooth.IBluetoothManager' but read ''
06-15 11:23:04.230 W/Parcel  ( 1685): **** enforceInterface() expected 'android.location.ILocationManager' but read ''
06-15 11:23:04.230 D/PayUtil (29120): no pay dex...
06-15 11:23:04.230 W/Parcel  ( 1685): **** enforceInterface() expected 'android.view.IWindowSession' but read ''
06-15 11:23:04.230 W/Parcel  ( 1685): **** enforceInterface() expected 'android.content.pm.IPackageManager' but read ''
06-15 11:23:04.230 W/Parcel  ( 1685): **** enforceInterface() expected 'android.net.wifi.IWifiManager' but read ''
06-15 11:23:04.231 V/ChannelManager(29120): initChannelDao
06-15 11:23:04.232 W/Parcel  ( 1685): **** enforceInterface() expected 'com.android.internal.telephony.ITelephonyRegistry' but read ''
06-15 11:23:04.232 W/Parcel  ( 1685): **** enforceInterface() expected 'android.app.INotificationManager' but read ''
06-15 11:23:04.232 W/Parcel  ( 1685): **** enforceInterface() expected 'android.net.IConnectivityManager' but read ''
06-15 11:23:04.232 W/Parcel  ( 1685): **** enforceInterface() expected 'android.app.IActivityManager' but read ''
06-15 11:23:04.232 W/Parcel  ( 1685): **** enforceInterface() expected 'android.bluetooth.IBluetooth' but read ''
06-15 11:23:04.233 W/Parcel  ( 1685): **** enforceInterface() expected 'android.bluetooth.IBluetoothManager' but read ''
06-15 11:23:04.233 W/Parcel  ( 1685): **** enforceInterface() expected 'android.location.ILocationManager' but read ''
06-15 11:23:04.233 W/Parcel  ( 1685): **** enforceInterface() expected 'android.view.IWindowSession' but read ''
06-15 11:23:04.233 W/Parcel  ( 1685): **** enforceInterface() expected 'android.content.pm.IPackageManager' but read ''
06-15 11:23:04.233 W/Parcel  ( 1685): **** enforceInterface() expected 'android.net.wifi.IWifiManager' but read ''
06-15 11:23:04.235 W/Parcel  ( 1685): **** enforceInterface() expected 'com.android.internal.telephony.ITelephonyRegistry' but read ''
06-15 11:23:04.235 W/Parcel  ( 1685): **** enforceInterface() expected 'android.app.INotificationManager' but read ''
06-15 11:23:04.235 W/Parcel  ( 1685): **** enforceInterface() expected 'android.net.IConnectivityManager' but read ''
06-15 11:23:04.235 W/Parcel  ( 1685): **** enforceInterface() expected 'android.app.IActivityManager' but read ''
06-15 11:23:04.235 W/Parcel  ( 1685): **** enforceInterface() expected 'android.bluetooth.IBluetooth' but read ''
06-15 11:23:04.235 W/Parcel  ( 1685): **** enforceInterface() expected 'android.bluetooth.IBluetoothManager' but read ''
06-15 11:23:04.235 W/Parcel  ( 1685): **** enforceInterface() expected 'android.location.ILocationManager' but read ''
06-15 11:23:04.235 W/Parcel  ( 1685): **** enforceInterface() expected 'android.view.IWindowSession' but read ''
06-15 11:23:04.235 W/Parcel  ( 1685): **** enforceInterface() expected 'android.content.pm.IPackageManager' but read ''
06-15 11:23:04.235 W/Parcel  ( 1685): **** enforceInterface() expected 'android.net.wifi.IWifiManager' but read ''
06-15 11:23:04.238 W/Parcel  ( 1685): **** enforceInterface() expected 'com.android.internal.telephony.ITelephonyRegistry' but read ''
06-15 11:23:04.238 W/Parcel  ( 1685): **** enforceInterface() expected 'android.app.INotificationManager' but read ''
06-15 11:23:04.238 W/Parcel  ( 1685): **** enforceInterface() expected 'android.net.IConnectivityManager' but read ''
06-15 11:23:04.238 W/Parcel  ( 1685): **** enforceInterface() expected 'android.app.IActivityManager' but read ''
06-15 11:23:04.238 W/Parcel  ( 1685): **** enforceInterface() expected 'android.bluetooth.IBluetooth' but read ''
06-15 11:23:04.238 W/Parcel  ( 1685): **** enforceInterface() expected 'android.bluetooth.IBluetoothManager' but read ''
06-15 11:23:04.238 W/Parcel  ( 1685): **** enforceInterface() expected 'android.location.ILocationManager' but read ''
06-15 11:23:04.238 W/Parcel  ( 1685): **** enforceInterface() expected 'android.view.IWindowSession' but read ''
06-15 11:23:04.238 W/Parcel  ( 1685): **** enforceInterface() expected 'android.content.pm.IPackageManager' but read ''
06-15 11:23:04.238 W/Parcel  ( 1685): **** enforceInterface() expected 'android.net.wifi.IWifiManager' but read ''
06-15 11:23:04.240 W/Parcel  ( 1685): **** enforceInterface() expected 'com.android.internal.telephony.ITelephonyRegistry' but read ''
06-15 11:23:04.240 W/Parcel  ( 1685): **** enforceInterface() expected 'android.app.INotificationManager' but read ''
06-15 11:23:04.240 W/Parcel  ( 1685): **** enforceInterface() expected 'android.net.IConnectivityManager' but read ''
06-15 11:23:04.240 W/Parcel  ( 1685): **** enforceInterface() expected 'android.app.IActivityManager' but read ''
06-15 11:23:04.240 W/Parcel  ( 1685): **** enforceInterface() expected 'android.bluetooth.IBluetooth' but read ''
06-15 11:23:04.240 W/Parcel  ( 1685): **** enforceInterface() expected 'android.bluetooth.IBluetoothManager' but read ''
06-15 11:23:04.240 W/Parcel  ( 1685): **** enforceInterface() expected 'android.location.ILocationManager' but read ''
06-15 11:23:04.240 W/Parcel  ( 1685): **** enforceInterface() expected 'android.view.IWindowSession' but read ''
06-15 11:23:04.240 W/Parcel  ( 1685): **** enforceInterface() expected 'android.content.pm.IPackageManager' but read ''
06-15 11:23:04.241 W/Parcel  ( 1685): **** enforceInterface() expected 'android.net.wifi.IWifiManager' but read ''
06-15 11:23:04.243 W/Parcel  ( 1685): **** enforceInterface() expected 'com.android.internal.telephony.ITelephonyRegistry' but read ''
06-15 11:23:04.243 W/Parcel  ( 1685): **** enforceInterface() expected 'android.app.INotificationManager' but read ''
06-15 11:23:04.243 W/Parcel  ( 1685): **** enforceInterface() expected 'android.net.IConnectivityManager' but read ''
06-15 11:23:04.243 W/Parcel  ( 1685): **** enforceInterface() expected 'android.app.IActivityManager' but read ''
06-15 11:23:04.243 W/Parcel  ( 1685): **** enforceInterface() expected 'android.bluetooth.IBluetooth' but read ''
06-15 11:23:04.243 W/Parcel  ( 1685): **** enforceInterface() expected 'android.bluetooth.IBluetoothManager' but read ''
06-15 11:23:04.244 W/Parcel  ( 1685): **** enforceInterface() expected 'android.location.ILocationManager' but read ''
06-15 11:23:04.244 W/Parcel  ( 1685): **** enforceInterface() expected 'android.view.IWindowSession' but read ''
06-15 11:23:04.244 W/Parcel  ( 1685): **** enforceInterface() expected 'android.content.pm.IPackageManager' but read ''
06-15 11:23:04.244 W/Parcel  ( 1685): **** enforceInterface() expected 'android.net.wifi.IWifiManager' but read ''
06-15 11:23:04.245 D/GameUtil(29120): shortcutStatus authority:[com.oppo.launcher.settings]
06-15 11:23:04.246 D/elsa    ( 1685): app is ProcessRecord{5532122 3319:com.oppo.launcher/u0a17}, isInBlackList is false, isNeedSetProcessGroup is true
06-15 11:23:04.249 E/SQLiteLog( 3319): (1) no such table: favorites
06-15 11:23:04.249 E/Launcher.LauncherProvider( 3319): query Exception  uri = content://com.oppo.launcher.settings/favorites?notify=true, e = android.database.sqlite.SQLiteException: no such table: favorites (code 1): , while compiling: SELECT * FROM favorites
06-15 11:23:04.250 D/GameUtil(29120): shortCut result = 1
06-15 11:23:04.250 D/GameUtil(29120): end ...
06-15 11:23:04.263 D/MainFragment(29120): pull ActivityIcon config is empty true
06-15 11:23:04.263 D/VersionManager(29120): pullActivityIconConfitg
06-15 11:23:04.264 D/VersionManager(29120): network = true
06-15 11:23:04.274 D/VersionManager(29120): activityIconUrl = https://folder.appota.cn/icon_activitynew.php?vc=466&vn=4.0.6&chid=10022&subchid=1&imei=866015035972513&imsi=460011700517873&lang=zh_CN&uid=16063842&isVip=false&type=20&pkg=com.excelliance.dualaid&api=25&release=7.1.1&newuser=1&abTest=0&issl=1, callBack = com.excelliance.kxqp.ui.k$45@bb965a7
06-15 11:23:04.274 E/MainFragment(29120): firstStart
06-15 11:23:04.275 E/test    (29120): hasNotchInScreen ClassNotFoundException
06-15 11:23:04.275 D/MainFragment(29120): statusHeight = 54
06-15 11:23:04.275 D/MainFragment(29120): clearFullScreen
06-15 11:23:04.277 D/MainFragment(29120): onStart
06-15 11:23:04.277 D/MainFragment(29120): STREAM_AD_LAST_LOCATION = 0, statusHeight = 54
06-15 11:23:04.277 D/MainFragment(29120): onStart STREAM_AD_LAST_LOCATION
06-15 11:23:04.279 D/KXQPApplication(29120): onActivityStarted: com.excelliance.kxqp.ui.MainActivity@73a0c71	
06-15 11:23:04.280 D/MainActivity(29120): onResume
06-15 11:23:04.281 D/MainActivity(29120): umengtj_switch:_0
06-15 11:23:04.281 D/MainActivity(29120): onResume Umengtj is false
06-15 11:23:04.282 D/MainFragment(29120): has_data_move = false, gridViewContainer = com.excelliance.kxqp.ui.multiple.GridviewContainerLayout{1135a54 V.E...... ......I. 0,0-0,0 #7f0c0334 app:id/layout_container}
06-15 11:23:04.285 D/PayUtil (29120): sRid = 
06-15 11:23:04.286 D/MainFragment(29120): onResume
06-15 11:23:04.301 D/MainFragment(29120): onResume1
06-15 11:23:04.301 V/MainFragment(29120): resume isFromCreate>>>true,needInterceptBackKey>>>false,isHomeKeyEvent>>>false
06-15 11:23:04.301 D/PlatSdk (29120): current = 0
06-15 11:23:04.302 D/y       (29120): 41:[0]
06-15 11:23:04.309 V/ViewRootImpl(29120): enableLogLight: enable = false
06-15 11:23:04.309 D/y       (29120): 20:null
06-15 11:23:04.319 D/MainFragment(29120): handleMessage msg.what:20
06-15 11:23:04.320 D/PayUtil (29120): sRid = 
06-15 11:23:04.321 D/PayUtil (29120): no pay dex...
06-15 11:23:04.323 D/PayUtil (29120): sRid = 
06-15 11:23:04.324 D/PayUtil (29120): no pay dex...
06-15 11:23:04.326 D/MainFragment(29120): handleMessage final msg.what:20, take:7
06-15 11:23:04.326 D/MainFragment(29120): handleMessage msg.what:6
06-15 11:23:04.327 V/WindowManager( 1685): reevaluateVisibility focusApp:AppWindowToken{59de61b token=Token{981382a ActivityRecord{d5b5d15 u0 com.excelliance.dualaid/com.excelliance.kxqp.ui.MainActivity t21024}}}
06-15 11:23:04.369 D/MainFragment(29120): handleMessage final msg.what:6, take:43
06-15 11:23:04.370 D/elsa    ( 1685): app is ProcessRecord{5532122 3319:com.oppo.launcher/u0a17}, isInBlackList is false, isNeedSetProcessGroup is true
06-15 11:23:04.373 D/SmtServService(29120): onStartCommand: add class com.excelliance.kxqp.ui.MainActivity
06-15 11:23:04.373 D/MainFragment(29120): handleMessage msg.what:14
06-15 11:23:04.374 D/MainFragment(29120): handleMessage final msg.what:14, take:1
06-15 11:23:04.374 D/MainFragment(29120): handleMessage msg.what:46
06-15 11:23:04.374 D/MainFragment(29120): handleMessage final msg.what:46, take:0
06-15 11:23:04.375 D/libc-netbsd(29120): [getaddrinfo]:  hostname=folder.appota.cn;  servname=(null);  app_pid=29120;  app_uid=11060;  ai_flags=1024;  ai_family=0; ai_socktype=1 from prox result 0
06-15 11:23:04.375 I/Choreographer(29120): Skipped 3 frames!  The application may be doing too much work on its main thread.
06-15 11:23:04.376 D/DnsEventListenerService( 1685): Logging 100 results for netId 155
06-15 11:23:04.386 V/WindowManager( 1685): Changing focus from null to Window{4946f00 u0 com.excelliance.dualaid/com.excelliance.kxqp.ui.MainActivity}
06-15 11:23:04.388 V/WindowManager( 1685): reevaluateVisibility focusApp:AppWindowToken{59de61b token=Token{981382a ActivityRecord{d5b5d15 u0 com.excelliance.dualaid/com.excelliance.kxqp.ui.MainActivity t21024}}}
06-15 11:23:04.389 I/Adreno  (29120): QUALCOMM build                   : 21e2e72, Ia8660bee96
06-15 11:23:04.389 I/Adreno  (29120): Build Date                       : 11/14/17
06-15 11:23:04.389 I/Adreno  (29120): OpenGL ES Shader Compiler Version: XE031.14.00.04
06-15 11:23:04.389 I/Adreno  (29120): Local Branch                     : 
06-15 11:23:04.389 I/Adreno  (29120): Remote Branch                    : 
06-15 11:23:04.389 I/Adreno  (29120): Remote Branch                    : 
06-15 11:23:04.389 I/Adreno  (29120): Reconstruct Branch               : 
06-15 11:23:04.390 I/Adreno  (29120): PFP: 0x005ff087, ME: 0x005ff063
06-15 11:23:04.392 I/OpenGLRenderer(29120): Initialized EGL, version 1.4
06-15 11:23:04.392 D/OpenGLRenderer(29120): Swap behavior 1
06-15 11:23:04.398 D/MainFragment(29120): handleMessage msg.what:36
06-15 11:23:04.398 D/MainFragment(29120): handleMessage final msg.what:36, take:0
06-15 11:23:04.398 D/MainFragment(29120): MSG_FETCH_ADS initFactory
06-15 11:23:04.399 V/AdManager(29120): InitFactory.b_total:0
06-15 11:23:04.399 D/MainFragment(29120): first_pop_dialog......false
06-15 11:23:04.399 D/PayUtil (29120): sRid = 
06-15 11:23:04.400 V/AdManager(29120): integers_sp:[]
06-15 11:23:04.400 D/InitFactory(29120): getFactoryByType:_-1
06-15 11:23:04.400 V/FactoryData(29120): ads:null
06-15 11:23:04.400 D/InitFactory(29120): type:_-1
06-15 11:23:04.400 D/MainFragment(29120): MSG_FETCH_ADS initFactory final
06-15 11:23:04.401 D/PayUtil (29120): sRid = 
06-15 11:23:04.401 D/PayUtil (29120): sRid = 
06-15 11:23:04.403 D/MainFragment(29120): openStreamFromMoreSetting = false
06-15 11:23:04.404 D/MainActivity(29120): isLoaded:false
06-15 11:23:04.405 E/Reflecting  getMessage(29120): com.alipay.sdk.app.PayTask 
06-15 11:23:04.405 E/Reflecting   getLocalizedMessage(29120): com.alipay.sdk.app.PayTask 
06-15 11:23:04.405 D/Reflecting(29120): com.alipay.sdk.app.PayTask
06-15 11:23:04.413 V/InitialData(29120): capitalize:Pay
06-15 11:23:04.413 V/GameUtil(29120): getCurrentVersionByKey : pay	current_pay_version	PayVersion
06-15 11:23:04.414 V/GameUtil(29120): saveVersionToFileByKey  xml_key :pay  result:1
06-15 11:23:04.417 V/AppShortcutGridAdapter(29120):   parmInt:0 paramViewnull, type = 0
06-15 11:23:04.423 V/GameUtil(29120): getCurrentVersionByKey  pay:1
06-15 11:23:04.424 V/InitialData(29120): capitalize:Pay
06-15 11:23:04.424 D/xx      (18534): onFinishInput: mIsInDockMode=false
06-15 11:23:04.426 D/lyl     (29120): file:pay.jar   pay.jar
06-15 11:23:04.426 D/xx      (18534): onStartInput: mIsInDockMode=false attribute==android.view.inputmethod.EditorInfo@74734bc restarting==false
06-15 11:23:04.427 D/lyl     (29120): file:pay.jar   pay.jar
06-15 11:23:04.431 W/X509TrustManager(29120): checkServerTrusted: SignatureException:null
06-15 11:23:04.431 W/X509TrustManager(29120): checkServerTrusted: SignatureException:error:04000070:RSA routines:OPENSSL_internal:DATA_TOO_LARGE_FOR_MODULUS
06-15 11:23:04.432 V/AppShortcutGridAdapter(29120):   parmInt:0 paramViewandroid.widget.LinearLayout{864465f V.E...... ......I. 0,0-0,0 #7f0c00ed app:id/root}, type = 0
06-15 11:23:04.438 D/MainFragment(29120): size = 1
06-15 11:23:04.438 D/MainFragment(29120): useViewPositionId = 0
06-15 11:23:04.438 D/MainFragment(29120): childView = android.widget.LinearLayout{864465f V.E...... ......ID 0,0-360,360 #7f0c00ed app:id/root}, chilCount = 1, firstVisiblePosition = 0 , count = 1
06-15 11:23:04.438 D/MainFragment(29120): childView = android.widget.LinearLayout{864465f V.E...... ......ID 0,0-360,360 #7f0c00ed app:id/root}
06-15 11:23:04.438 D/MainFragment(29120): appInfoList = 1
06-15 11:23:04.438 D/MainFragment(29120): appInfoList1 = false
06-15 11:23:04.438 D/MainFragment(29120): bt_add width = 360 , height = 360
06-15 11:23:04.439 V/InitialData(29120): payVersion:1    pay_version:1    current_pay_version:1
06-15 11:23:04.439 D/InitialData(29120): identifing = pay, jarPath = /data/data/com.excelliance.dualaid/.platformcache/pay.jar
06-15 11:23:04.439 D/InitialData(29120): mClassLoader = dalvik.system.PathClassLoader[DexPathList[[zip file "/data/app/com.excelliance.dualaid-1/base.apk"],nativeLibraryDirectories=[/data/app/com.excelliance.dualaid-1/lib/arm, /system/fake-libs, /data/app/com.excelliance.dualaid-1/base.apk!/lib/armeabi, /system/lib, /vendor/lib]]]
06-15 11:23:04.440 D/InitialData(29120): HackUtil = class com.excelliance.kxqp.pay.util.HackUtil
06-15 11:23:04.444 W/art     (29120): oat_file_name = /data/data/com.excelliance.dualaid/.platformcache/pay.dex, b = 1
06-15 11:23:04.478 I/Choreographer(29120): Skipped 1 frames!  The application may be doing too much work on its main thread.
06-15 11:23:04.482 V/AppShortcutGridAdapter(29120):   parmInt:0 paramViewnull, type = 0
06-15 11:23:04.483 V/WindowManager( 1685): reevaluateVisibility focusApp:AppWindowToken{59de61b token=Token{981382a ActivityRecord{d5b5d15 u0 com.excelliance.dualaid/com.excelliance.kxqp.ui.MainActivity t21024}}}
06-15 11:23:04.484 I/dex2oat (29455): /system/bin/dex2oat --dex-file=/data/data/com.excelliance.dualaid/.platformcache/pay.jar --oat-fd=83 --oat-location=/data/data/com.excelliance.dualaid/.platformcache/pay.dex --compiler-filter=speed
06-15 11:23:04.484 I/ActivityManager( 1685): Displayed com.excelliance.dualaid/com.excelliance.kxqp.ui.MainActivity: +534ms
06-15 11:23:04.485 V/WindowManager( 1685): reevaluateVisibility focusApp:AppWindowToken{59de61b token=Token{981382a ActivityRecord{d5b5d15 u0 com.excelliance.dualaid/com.excelliance.kxqp.ui.MainActivity t21024}}}
06-15 11:23:04.485 E/ANDR-PERF-RESOURCEQS(  587): Failed to reset optimization [3, 0]
06-15 11:23:04.485 V/WindowManager( 1685): reevaluateVisibility focusApp:AppWindowToken{59de61b token=Token{981382a ActivityRecord{d5b5d15 u0 com.excelliance.dualaid/com.excelliance.kxqp.ui.MainActivity t21024}}}
06-15 11:23:04.489 V/AppShortcutGridAdapter(29120):   parmInt:0 paramViewandroid.widget.LinearLayout{6f2cf47 V.E...... ......I. 0,0-0,0 #7f0c00ed app:id/root}, type = 0
06-15 11:23:04.491 D/MainFragment(29120): size = 1
06-15 11:23:04.491 D/MainFragment(29120): useViewPositionId = 0
06-15 11:23:04.491 D/MainFragment(29120): childView = android.widget.LinearLayout{864465f V.E...... ......I. 0,0-360,360 #7f0c00ed app:id/root}, chilCount = 1, firstVisiblePosition = 0 , count = 1
06-15 11:23:04.491 D/MainFragment(29120): childView = android.widget.LinearLayout{864465f V.E...... ......I. 0,0-360,360 #7f0c00ed app:id/root}
06-15 11:23:04.491 D/MainFragment(29120): appInfoList = 1
06-15 11:23:04.491 D/MainFragment(29120): appInfoList1 = false
06-15 11:23:04.491 D/MainFragment(29120): bt_add width = 360 , height = 360
06-15 11:23:04.492 E/OpenGLRenderer( 3319): hwui_debug::CanvasContext createSurface sur=0x0, isValid =0
06-15 11:23:04.495 E/OpenGLRenderer(29095): hwui_debug::CanvasContext createSurface sur=0x0, isValid =0
06-15 11:23:04.498 D/MainFragment(29120): handleMessage msg.what:36
06-15 11:23:04.498 D/MainFragment(29120): MSG_FETCH_ADS fetBannerAd
06-15 11:23:04.498 V/AdManager(29120): htcbanners.size():0
06-15 11:23:04.499 D/PayUtil (29120): sRid = 
06-15 11:23:04.503 V/WindowManager( 1685): reevaluateVisibility focusApp:AppWindowToken{59de61b token=Token{981382a ActivityRecord{d5b5d15 u0 com.excelliance.dualaid/com.excelliance.kxqp.ui.MainActivity t21024}}}
06-15 11:23:04.504 D/PayUtil (29120): no pay dex...
06-15 11:23:04.504 V/WindowManager( 1685): reevaluateVisibility focusApp:AppWindowToken{59de61b token=Token{981382a ActivityRecord{d5b5d15 u0 com.excelliance.dualaid/com.excelliance.kxqp.ui.MainActivity t21024}}}
06-15 11:23:04.505 V/WindowManager( 1685): reevaluateVisibility focusApp:AppWindowToken{59de61b token=Token{981382a ActivityRecord{d5b5d15 u0 com.excelliance.dualaid/com.excelliance.kxqp.ui.MainActivity t21024}}}
06-15 11:23:04.506 V/AdManager(29120): fetBannerAd of banner
06-15 11:23:04.506 D/MainFragment(29120): MSG_FETCH_ADS fetCpuAd
06-15 11:23:04.506 V/AdManager(29120): fetCpuAd
06-15 11:23:04.506 D/MainFragment(29120): MSG_FETCH_ADS final
06-15 11:23:04.506 D/MainFragment(29120): handleMessage final msg.what:36, take:8
06-15 11:23:04.506 D/MainFragment(29120): success
06-15 11:23:04.507 D/MainFragment(29120): jsonObject = {"activityIcon":[{"iconId":"6","iconName":"数据迁移","iconPath":"http:\/\/cdn.multiopen.cn\/origicon\/3rdicon\/iconredpacket\/6\/f1c3f636c8368dc7362e30d9348ed79a.png","type":"5","url":"","browserType":"1","index":null,"subType":null}]}
06-15 11:23:04.507 D/MainFragment(29120): appAdapter = com.excelliance.kxqp.platforms.AppShortcutGridAdapter@693d912
06-15 11:23:04.507 D/MainFragment(29120): activityArray = [{"iconId":"6","iconName":"数据迁移","iconPath":"http:\/\/cdn.multiopen.cn\/origicon\/3rdicon\/iconredpacket\/6\/f1c3f636c8368dc7362e30d9348ed79a.png","type":"5","url":"","browserType":"1","index":null,"subType":null}]
06-15 11:23:04.507 D/MainFragment(29120): iconObject={"iconId":"6","iconName":"数据迁移","iconPath":"http:\/\/cdn.multiopen.cn\/origicon\/3rdicon\/iconredpacket\/6\/f1c3f636c8368dc7362e30d9348ed79a.png","type":"5","url":"","browserType":"1","index":null,"subType":null}
06-15 11:23:04.507 D/MainFragment(29120): TYPE = 5
06-15 11:23:04.507 D/MainFragment(29120): activityList size = 0
06-15 11:23:04.517 V/AppShortcutGridAdapter(29120):   parmInt:0 paramViewandroid.widget.LinearLayout{864465f V.E...... ........ 0,0-360,360 #7f0c00ed app:id/root}, type = 0
06-15 11:23:04.520 V/AppShortcutGridAdapter(29120):   parmInt:1 paramViewandroid.widget.LinearLayout{6f2cf47 V.E...... ......I. 0,0-0,0 #7f0c00ed app:id/root}, type = 9
06-15 11:23:04.520 D/AppShortcutGridAdapter(29120): type TYPE_DATA_MOVE
06-15 11:23:04.529 D/MainFragment(29120): size = 1
06-15 11:23:04.529 D/MainFragment(29120): useViewPositionId = 0
06-15 11:23:04.529 D/MainFragment(29120): childView = android.widget.LinearLayout{864465f V.E...... ......I. 0,0-360,360 #7f0c00ed app:id/root}, chilCount = 2, firstVisiblePosition = 0 , count = 2
06-15 11:23:04.529 D/MainFragment(29120): childView = android.widget.LinearLayout{864465f V.E...... ......I. 0,0-360,360 #7f0c00ed app:id/root}
06-15 11:23:04.529 D/MainFragment(29120): appInfoList = 1
06-15 11:23:04.529 D/MainFragment(29120): appInfoList1 = false
06-15 11:23:04.529 D/MainFragment(29120): bt_add width = 360 , height = 360
06-15 11:23:04.767 I/dex2oat (29455): dex2oat took 283.553ms (threads: 4) arena alloc=2MB (2800528B) java alloc=350KB (359368B) native alloc=1658KB (1698296B) free=5MB (5641736B)
06-15 11:23:04.776 E/Reflecting  getMessage(29120): com.excelliance.packageplugin.PackagePluginCallbackImpl 
06-15 11:23:04.776 E/Reflecting   getLocalizedMessage(29120): com.excelliance.packageplugin.PackagePluginCallbackImpl 
06-15 11:23:04.776 D/Reflecting(29120): com.excelliance.packageplugin.PackagePluginCallbackImpl
06-15 11:23:04.778 V/InitialData(29120): capitalize:Plugin
06-15 11:23:04.778 V/GameUtil(29120): getCurrentVersionByKey : plugin	current_plugin_version	PluginVersion
06-15 11:23:04.779 V/GameUtil(29120): saveVersionToFileByKey  xml_key :plugin  result:0
06-15 11:23:04.779 V/GameUtil(29120): getCurrentVersionByKey  plugin:0
06-15 11:23:04.779 V/InitialData(29120): capitalize:Plugin
06-15 11:23:04.780 D/lyl     (29120): file:plugin.jar   pay.jar
06-15 11:23:04.780 E/InitialData(29120): plugin.jar not exist
06-15 11:23:04.780 V/InitialData(29120): pluginVersion:0    plugin_version:0    current_plugin_version:0
06-15 11:23:04.780 D/InitialData(29120): current not exits identifing = plugin, current_jar_version = 0
06-15 11:23:04.780 V/GameUtil(29120): saveVersionToFileByKey  xml_key :plugin  result:0
06-15 11:23:04.780 D/InitialData(29120): identifing = plugin, jarPath = /data/data/com.excelliance.dualaid/.platformcache/tmp/plugin/plugin.jar
06-15 11:23:04.800 D/MainFragment(29120): handleMessage msg.what:29
06-15 11:23:04.803 D/MainFragment(29120): checkFreeTimeOut:1529032984
06-15 11:23:04.804 D/PayUtil (29120): sRid = 
06-15 11:23:04.806 D/MainFragment(29120): handleMessage final msg.what:29, take:6
06-15 11:23:04.917 V/WindowManager( 1685): reevaluateVisibility focusApp:AppWindowToken{59de61b token=Token{981382a ActivityRecord{d5b5d15 u0 com.excelliance.dualaid/com.excelliance.kxqp.ui.MainActivity t21024}}}
06-15 11:23:04.938 D/MainFragment(29120): handleMessage msg.what:28
06-15 11:23:04.940 D/MainFragment(29120): handleMessage final msg.what:28, take:2
06-15 11:23:05.098 I/ActivityManager( 1685): Start proc 29473:com.excelliance.dualaid:lebian/u0a1060 for service com.excelliance.dualaid/com.android.ggapsvc.LBService
06-15 11:23:05.101 D/MainFragment(29120): handleMessage msg.what:53
06-15 11:23:05.101 D/MainFragment(29120): MSG_INIT_OFF_STANDARD_POSITION
06-15 11:23:05.101 D/MainFragment(29120): handleMessage final msg.what:53, take:0
06-15 11:23:05.137 D/MainFragment(29120): handleMessage msg.what:49
06-15 11:23:05.138 D/MainFragment(29120): handleMessage final msg.what:49, take:1
06-15 11:23:05.139 D/PlatSdk (29120): current = 0
06-15 11:23:05.148 D/SPAESUtil(29120): v_p_no
06-15 11:23:05.153 D/StatisticsManager(29120): Query time diff:1529032985153
06-15 11:23:05.220 D/elsa    ( 1685): app is ProcessRecord{8147d5e 29095:com.excelliance.dualaid:olle/u0a1060}, isInBlackList is false, isNeedSetProcessGroup is true
06-15 11:23:05.226 I/ActivityManager( 1685): Killing 27670:com.oppo.usercenter/u0a84 (adj 906): empty #17
06-15 11:23:05.228 D/ActivityManager( 1685): back_key destroy activity: com.excelliance.dualaid top activity: com.excelliance.dualaid
06-15 11:23:05.232 V/WindowManager( 1685): reevaluateVisibility focusApp:AppWindowToken{59de61b token=Token{981382a ActivityRecord{d5b5d15 u0 com.excelliance.dualaid/com.excelliance.kxqp.ui.MainActivity t21024}}}
06-15 11:23:05.252 E/OpenGLRenderer(29095): hwui_debug::CanvasContext createSurface sur=0x0, isValid =0
06-15 11:23:05.260 D/ActivityManager( 1685): cleanUpApplicationRecord -- 27670
06-15 11:23:05.261 V/WindowManager( 1685): reevaluateVisibility focusApp:AppWindowToken{59de61b token=Token{981382a ActivityRecord{d5b5d15 u0 com.excelliance.dualaid/com.excelliance.kxqp.ui.MainActivity t21024}}}
06-15 11:23:05.261 D/MainFragment(29120): handleMessage msg.what:45
06-15 11:23:05.261 V/ChannelManager(29120): initChannelDao
06-15 11:23:05.262 D/MainFragment(29120): handleMessage final msg.what:45, take:1
06-15 11:23:05.264 V/ChannelManager(29120): parseChannels
06-15 11:23:05.264 D/Arm64Utils(29120): checkVersion_64
06-15 11:23:05.267 D/MainFragment(29120): initStreamAdFragment
06-15 11:23:05.269 D/PayUtil (29120): sp is empty
06-15 11:23:05.297 D/PayUtil (29120): 本地不存在文件
06-15 11:23:05.299 D/PayUtil (29120): sRid = 
06-15 11:23:05.300 W/Parcel  ( 1685): **** enforceInterface() expected 'com.android.internal.telephony.ITelephonyRegistry' but read ''
06-15 11:23:05.300 W/Parcel  ( 1685): **** enforceInterface() expected 'android.app.INotificationManager' but read ''
06-15 11:23:05.300 W/Parcel  ( 1685): **** enforceInterface() expected 'android.net.IConnectivityManager' but read ''
