06-15 11:24:14.395 I/appium  (28403): Skipping invisible child: android.view.accessibility.AccessibilityNodeInfo@80014fb4; boundsInParent: Rect(0, 0 - 1080, 0); boundsInScreen: Rect(0, 1920 - 1080, 1920); packageName: com.excelliance.dualaid; className: android.widget.FrameLayout; text: null; error: null; maxTextLength: -1; contentDescription: null; viewIdResName: com.excelliance.dualaid:id/fl_stream_new; checkable: false; checked: false; focusable: false; focused: false; selected: false; clickable: false; longClickable: false; contextClickable: false; enabled: true; password: false; scrollable: false; actions: [AccessibilityAction: ACTION_SELECT - null, AccessibilityAction: ACTION_CLEAR_SELECTION - null, AccessibilityAction: ACTION_ACCESSIBILITY_FOCUS - null, AccessibilityAction: ACTION_SHOW_ON_SCREEN - null]
06-15 11:24:14.407 I/appium  (28403): Skipping invisible child: android.view.accessibility.AccessibilityNodeInfo@80012a2a; boundsInParent: Rect(0, 0 - 1080, 0); boundsInScreen: Rect(0, 222 - 1080, 222); packageName: com.excelliance.dualaid; className: android.view.View; text: null; error: null; maxTextLength: -1; contentDescription: null; viewIdResName: com.excelliance.dualaid:id/view_bottom; checkable: false; checked: false; focusable: false; focused: false; selected: false; clickable: false; longClickable: false; contextClickable: false; enabled: true; password: false; scrollable: false; actions: [AccessibilityAction: ACTION_SELECT - null, AccessibilityAction: ACTION_CLEAR_SELECTION - null, AccessibilityAction: ACTION_ACCESSIBILITY_FOCUS - null, AccessibilityAction: ACTION_SHOW_ON_SCREEN - null]
06-15 11:24:14.411 I/appium  (28403): Fetch time: 58ms
06-15 11:24:14.458 I/appium  (28403): AppiumResponse: {"sessionId":"50a3d129-e1c4-4754-9f20-b516f7b4ab53","status":0,"value":"<?xml version=\"1.0\" encoding=\"UTF-8\"?><hierarchy rotation=\"0\"><android.widget.FrameLayout index=\"0\" text=\"\" class=\"android.widget.FrameLayout\" package=\"com.excelliance.dualaid\" content-desc=\"\" checkable=\"false\" checked=\"false\" clickable=\"false\" enabled=\"true\" focusable=\"false\" focused=\"false\" scrollable=\"false\" long-clickable=\"false\" password=\"false\" selected=\"false\" bounds=\"[0,0][1080,1920]\" resource-id=\"\" instance=\"0\"><android.widget.LinearLayout index=\"0\" text=\"\" class=\"android.widget.LinearLayout\" package=\"com.excelliance.dualaid\" content-desc=\"\" checkable=\"false\" checked=\"false\" clickable=\"false\" enabled=\"true\" focusable=\"false\" focused=\"false\" scrollable=\"false\" long-clickable=\"false\" password=\"false\" selected=\"false\" bounds=\"[0,0][1080,1920]\" resource-id=\"\" instance=\"0\"><android.widget.FrameLayout index=\"0\" text=\"\" class=\"android.widget.FrameLayout\" package=\"com.excelliance.dualaid\" content-desc=\"\" checkable=\"false\" checked=\"false\" clickable=\"false\" enabled=\"true\" focusable=\"false\" focused=\"false\" scrollable=\"false\" long-clickable=\"false\" password=\"false\" selected=\"false\" bounds=\"[0,0][1080,1920]\" resource-id=\"android:id\/content\" instance=\"1\"><android.widget.FrameLayout index=\"0\" text=\"\" class=\"android.widget.FrameLayout\" package=\"com.excelliance.dualaid\" content-desc=\"\" checkable=\"false\" checked=\"false\" clickable=\"false\" enabled=\"true\" focusable=\"false\" focused=\"false\" scrollable=\"false\" long-clickable=\"false\" password=\"false\" selected=\"false\" bounds=\"[0,0][1080,1920]\" resource-id=\"com.excelliance.dualaid:id\/mainactivity\" instance=\"2\"><android.widget.FrameLayout index=\"0\" text=\"\" class=\"android.widget.FrameLayout\" package=\"com.excelliance.dualaid\" content-desc=\"\" checkable=\"false\" checked=\"false\" clickable=\"false\" enabled=\"true\" focusable=\"false\" focused=\"false\" scrollable=\"false\" long-clickable=\"false\" password=\"false\" selected=\"false\" bounds=\"[0,0][1080,1920]\" resource-id=\"\" instance=\"3\"><android.widget.RelativeLayout index=\"0\" text=\"\" class=\"android.widget.RelativeLayout\" package=\"com.excelliance.dualaid\" content-desc=\"\" checkable=\"false\" checked=\"false\" clickable=\"true\" enabled=\"true\" focusable=\"false\" focused=\"false\" scrollable=\"false\" long-clickable=\"false\" password=\"false\" selected=\"false\" bounds=\"[0,0][1080,1920]\" resource-id=\"com.excelliance.dualaid:id\/full_layout\" instance=\"0\"><android.widget.ScrollView index=\"1\" text=\"\" class=\"android.widget.ScrollView\" package=\"com.excelliance.dualaid\" content-desc=\"\" checkable=\"false\" checked=\"false\" clickable=\"false\" enabled=\"true\" focusable=\"true\" focused=\"false\" scrollable=\"false\" long-clickable=\"false\" password=\"false\" selected=\"false\" bounds=\"[0,54][1080,1920]\" resource-id=\"com.excelliance.dualaid:id\/main_scroller\" instance=\"0\"><android.widget.RelativeLayout index=\"0\" text=\"\" class=\"android.widget.RelativeLayout\" package=\"com.excelliance.dualaid\" content-desc=\"\" checkable=\"false\" checked=\"false\" clickable=\"false\" enabled=\"true\" focusable=\"false\" focused=\"false\" scrollable=\"false\" long-clickable=\"false\" password=\"false\" selected=\"false\" bounds=\"[0,54][1080,1920]\" resource-id=\"com.excelliance.dualaid:id\/rl_mainScroll\" instance=\"1\"><android.view.View index=\"0\" text=\"\" class=\"android.view.View\" package=\"com.excelliance.dualaid\" content-desc=\"\" checkable=\"false\" checked=\"false\" clickable=\"false\" enabled=\"true\" focusable=\"false\" focused=\"false\" scrollable=\"false\" long-clickable=\"false\" password=\"false\" selected=\"false\" bounds=\"[0,54][1080,222]\" resource-id=\"com.excelliance.dualaid:id\/view_placeholder\" instance=\"0\"\/><android.widget.LinearLayout index=\"1\" text=\"\" class=\"android.widget.LinearLayout\" package=\"co
06-15 11:24:14.468 D/VersionManager(31294): xml=<?xml version="1.0" encoding="utf-8"?><upinfo><info tp="bd_jar" source="https://cdn.multiopen.cn/dynamicsdk/bd/17/6ae631f7bfbb6c345894367a4ccf4596.zip" vcode="17" vsize="393289" vmd5="6ae631f7bfbb6c345894367a4ccf4596" flag="1"/><info tp="cc_jar" source="https://cdn.multiopen.cn/dynamicsdk/cc/14/d2b18a5b4ac4c737d98095d64a1b8d9f.zip" vcode="14" vsize="22254" vmd5="d2b18a5b4ac4c737d98095d64a1b8d9f" flag="1"/><info tp="jrtt_jar" source="https://cdn.multiopen.cn/dynamicsdk/jrtt/10/d2256064ea8c05573342f1955908fcfc.zip" vcode="10" vsize="117582" vmd5="d2256064ea8c05573342f1955908fcfc" flag="1"/><info tp="gdtnew_jar" source="https://cdn.multiopen.cn/dynamicsdk/gdtnew/26/ad8b022c7cc9a6578184dee09518b761.zip" vcode="26" vsize="308036" vmd5="ad8b022c7cc9a6578184dee09518b761" flag="1"/><info tp="xf_jar" source="https://cdn.multiopen.cn/dynamicsdk/xf/4/d19a7d0bee9347939cc622428d1f02f6.zip" vcode="4" vsize="141688" vmd5="d19a7d0bee9347939cc622428d1f02f6" flag="1"/><info tp="pp_jar" source="https://cdn.multiopen.cn/dynamicsdk/pp/2/442517f34b1cc584e12f81027630a3e3.zip" vcode="2" vsize="15031" vmd5="442517f34b1cc584e12f81027630a3e3" flag="1"/><info tp="clib_jar" source="https://cdn.multiopen.cn/dynamicsdk/clib/1/b68304d13ca297cd3df7fa422e70a593.zip" vcode="1" vsize="508125" vmd5="b68304d13ca297cd3df7fa422e70a593" flag="1"/><info tp="yc_jar" source="https://cdn.multiopen.cn/dynamicsdk/yc/3/7f98a14187ab3d115fb72f52f86e633f.zip" vcode="3" vsize="112758" vmd5="7f98a14187ab3d115fb72f52f86e633f" flag="1"/><info tp="kx_jar" source="https://cdn.multiopen.cn/dynamicsdk/kx/8/402016b5a9238d143cab409d310a68dd.zip" vcode="8" vsize="18881" vmd5="402016b5a9238d143cab409d310a68dd" flag="1"/><info tp="it_jar" source="https://cdn.multiopen.cn/dynamicsdk/it/2/810857b911cca0f64e107f443b16285a.zip" vcode="2" vsize="10119" vmd5="810857b911cca0f64e107f443b16285a" flag="1"/><info tp="yz_jar" source="https://cdn.multiopen.cn/dynamicsdk/yz/2/c5d6e5fca23e8802ad3dec3329a1ec64.zip" vcode="2" vsize="306130" vmd5="c5d6e5fca23e8802ad3dec3329a1ec64" flag="1"/><info tp="ht_jar" source="https://cdn.multiopen.cn/dynamicsdk/ht/1/3dc4d198a2e778f952f64b364ba4bc09.zip" vcode="1" vsize="12105" vmd5="3dc4d198a2e778f952f64b364ba4bc09" flag="1"/><info tp="lm_jar" source="https://cdn.multiopen.cn/dynamicsdk/lm/2/1524f953132276b6773da5509eac345f.zip" vcode="2" vsize="13500" vmd5="1524f953132276b6773da5509eac345f" flag="1"/><info tp="av_jar" source="https://cdn.multiopen.cn/dynamicsdk/av/1/9ead96377f83e9575d9e8456221d482a.zip" vcode="1" vsize="19770" vmd5="9ead96377f83e9575d9e8456221d482a" flag="1"/><info tp="wx_jar" source="https://cdn.multiopen.cn/dynamicsdk/wx/2/fe334923830e1ff791557d2a39bc84f4.zip" vcode="2" vsize="56118" vmd5="fe334923830e1ff791557d2a39bc84f4" flag="1"/></upinfo>
06-15 11:24:14.469 D/VersionManager(31294): queryUpdateInfo flag=1, source=https://cdn.multiopen.cn/dynamicsdk/bd/17/6ae631f7bfbb6c345894367a4ccf4596.zip, vcode=17, vsize=393289, vmd5=6ae631f7bfbb6c345894367a4ccf4596, type=bd_jar
06-15 11:24:14.469 D/VersionManager(31294): queryUpdateInfo flag=1, source=https://cdn.multiopen.cn/dynamicsdk/cc/14/d2b18a5b4ac4c737d98095d64a1b8d9f.zip, vcode=14, vsize=22254, vmd5=d2b18a5b4ac4c737d98095d64a1b8d9f, type=cc_jar
06-15 11:24:14.469 D/VersionManager(31294): queryUpdateInfo flag=1, source=https://cdn.multiopen.cn/dynamicsdk/jrtt/10/d2256064ea8c05573342f1955908fcfc.zip, vcode=10, vsize=117582, vmd5=d2256064ea8c05573342f1955908fcfc, type=jrtt_jar
06-15 11:24:14.469 D/VersionManager(31294): queryUpdateInfo flag=1, source=https://cdn.multiopen.cn/dynamicsdk/gdtnew/26/ad8b022c7cc9a6578184dee09518b761.zip, vcode=26, vsize=308036, vmd5=ad8b022c7cc9a6578184dee09518b761, type=gdtnew_jar
06-15 11:24:14.469 D/VersionManager(31294): queryUpdateInfo flag=1, source=https://cdn.multiopen.cn/dynamicsdk/xf/4/d19a7d0bee9347939cc622428d1f02f6.zip, vcode=4, vsize=141688, vmd5=d19a7d0bee9347939cc622428d1f02f6, type=xf_jar
06-15 11:24:14.469 D/VersionManager(31294): queryUpdateInfo flag=1, source=https://cdn.multiopen.cn/dynamicsdk/pp/2/442517f34b1cc584e12f81027630a3e3.zip, vcode=2, vsize=15031, vmd5=442517f34b1cc584e12f81027630a3e3, type=pp_jar
06-15 11:24:14.469 D/VersionManager(31294): queryUpdateInfo flag=1, source=https://cdn.multiopen.cn/dynamicsdk/clib/1/b68304d13ca297cd3df7fa422e70a593.zip, vcode=1, vsize=508125, vmd5=b68304d13ca297cd3df7fa422e70a593, type=clib_jar
06-15 11:24:14.469 D/VersionManager(31294): queryUpdateInfo flag=1, source=https://cdn.multiopen.cn/dynamicsdk/yc/3/7f98a14187ab3d115fb72f52f86e633f.zip, vcode=3, vsize=112758, vmd5=7f98a14187ab3d115fb72f52f86e633f, type=yc_jar
06-15 11:24:14.469 D/VersionManager(31294): queryUpdateInfo flag=1, source=https://cdn.multiopen.cn/dynamicsdk/kx/8/402016b5a9238d143cab409d310a68dd.zip, vcode=8, vsize=18881, vmd5=402016b5a9238d143cab409d310a68dd, type=kx_jar
06-15 11:24:14.469 D/VersionManager(31294): queryUpdateInfo flag=1, source=https://cdn.multiopen.cn/dynamicsdk/it/2/810857b911cca0f64e107f443b16285a.zip, vcode=2, vsize=10119, vmd5=810857b911cca0f64e107f443b16285a, type=it_jar
06-15 11:24:14.469 D/VersionManager(31294): queryUpdateInfo flag=1, source=https://cdn.multiopen.cn/dynamicsdk/yz/2/c5d6e5fca23e8802ad3dec3329a1ec64.zip, vcode=2, vsize=306130, vmd5=c5d6e5fca23e8802ad3dec3329a1ec64, type=yz_jar
06-15 11:24:14.469 D/VersionManager(31294): queryUpdateInfo flag=1, source=https://cdn.multiopen.cn/dynamicsdk/ht/1/3dc4d198a2e778f952f64b364ba4bc09.zip, vcode=1, vsize=12105, vmd5=3dc4d198a2e778f952f64b364ba4bc09, type=ht_jar
06-15 11:24:14.469 D/VersionManager(31294): queryUpdateInfo flag=1, source=https://cdn.multiopen.cn/dynamicsdk/lm/2/1524f953132276b6773da5509eac345f.zip, vcode=2, vsize=13500, vmd5=1524f953132276b6773da5509eac345f, type=lm_jar
06-15 11:24:14.469 D/VersionManager(31294): queryUpdateInfo flag=1, source=https://cdn.multiopen.cn/dynamicsdk/av/1/9ead96377f83e9575d9e8456221d482a.zip, vcode=1, vsize=19770, vmd5=9ead96377f83e9575d9e8456221d482a, type=av_jar
06-15 11:24:14.469 D/VersionManager(31294): queryUpdateInfo flag=1, source=https://cdn.multiopen.cn/dynamicsdk/wx/2/fe334923830e1ff791557d2a39bc84f4.zip, vcode=2, vsize=56118, vmd5=fe334923830e1ff791557d2a39bc84f4, type=wx_jar
06-15 11:24:14.470 V/DownloadComponentService(31294): updateInfoList1:15
06-15 11:24:14.470 D/DownloadComponentService(31294): check update updateInfo.type:bd_jar
06-15 11:24:14.477 D/DownloadComponentService(31294): check update updateInfo.type:cc_jar
06-15 11:24:14.477 D/LBService(31294): add o=com.android.ggapsvc.LBService, busyCount=2
06-15 11:24:14.477 D/LBService(31294): onStartCommand action=com.excelliance.dualaid.action.download
06-15 11:24:14.479 D/LBService(31294): add o=com.android.ggapsvc.LBService, busyCount=3
06-15 11:24:14.479 D/LBService(31294): remove o=com.android.ggapsvc.LBService, busyCount=2
06-15 11:24:14.479 D/DownloadService(31294): url:https://cdn.multiopen.cn/dynamicsdk/bd/17/6ae631f7bfbb6c345894367a4ccf4596.zip fileName:6ae631f7bfbb6c345894367a4ccf4596.zip  dir:/storage/emulated/0/.com.excelliance.dualaid/apk
06-15 11:24:14.479 D/DownloadService(31294): put into downloadMap 6ae631f7bfbb6c345894367a4ccf4596.zip
06-15 11:24:14.480 D/DownloadComponentService(31294): check update updateInfo.type:jrtt_jar
06-15 11:24:14.480 D/LBService(31294): remove o=com.android.ggapsvc.LBService, busyCount=1
06-15 11:24:14.480 D/LBService(31294): add o=com.android.ggapsvc.LBService, busyCount=2
06-15 11:24:14.480 D/LBService(31294): onStartCommand action=com.excelliance.dualaid.action.download
06-15 11:24:14.481 D/LBService(31294): add o=com.excelliance.kxqp.e$1, busyCount=3
06-15 11:24:14.482 D/LBService(31294): add o=com.android.ggapsvc.LBService, busyCount=4
06-15 11:24:14.482 D/LBService(31294): remove o=com.android.ggapsvc.LBService, busyCount=3
06-15 11:24:14.482 D/DownloadService(31294): url:https://cdn.multiopen.cn/dynamicsdk/cc/14/d2b18a5b4ac4c737d98095d64a1b8d9f.zip fileName:d2b18a5b4ac4c737d98095d64a1b8d9f.zip  dir:/storage/emulated/0/.com.excelliance.dualaid/apk
06-15 11:24:14.482 D/DownloadService(31294): put into downloadMap d2b18a5b4ac4c737d98095d64a1b8d9f.zip
06-15 11:24:14.483 D/LBService(31294): remove o=com.android.ggapsvc.LBService, busyCount=2
06-15 11:24:14.483 D/LBService(31294): add o=com.excelliance.kxqp.e$1, busyCount=3
06-15 11:24:14.487 D/DownloadComponentService(31294): check update updateInfo.type:gdtnew_jar
06-15 11:24:14.487 D/LBService(31294): add o=com.android.ggapsvc.LBService, busyCount=4
06-15 11:24:14.487 D/LBService(31294): onStartCommand action=com.excelliance.dualaid.action.download
06-15 11:24:14.488 D/LBService(31294): add o=com.android.ggapsvc.LBService, busyCount=5
06-15 11:24:14.488 D/LBService(31294): remove o=com.android.ggapsvc.LBService, busyCount=4
06-15 11:24:14.489 D/DownloadService(31294): url:https://cdn.multiopen.cn/dynamicsdk/jrtt/10/d2256064ea8c05573342f1955908fcfc.zip fileName:d2256064ea8c05573342f1955908fcfc.zip  dir:/storage/emulated/0/.com.excelliance.dualaid/apk
06-15 11:24:14.489 D/DownloadService(31294): put into downloadMap d2256064ea8c05573342f1955908fcfc.zip
06-15 11:24:14.489 D/LBService(31294): remove o=com.android.ggapsvc.LBService, busyCount=3
06-15 11:24:14.489 D/LBService(31294): add o=com.excelliance.kxqp.e$1, busyCount=4
06-15 11:24:14.494 D/DownloadComponentService(31294): check update updateInfo.type:xf_jar
06-15 11:24:14.494 D/LBService(31294): add o=com.android.ggapsvc.LBService, busyCount=5
06-15 11:24:14.494 D/LBService(31294): onStartCommand action=com.excelliance.dualaid.action.download
06-15 11:24:14.495 D/LBService(31294): add o=com.android.ggapsvc.LBService, busyCount=6
06-15 11:24:14.496 D/LBService(31294): remove o=com.android.ggapsvc.LBService, busyCount=5
06-15 11:24:14.496 D/DownloadService(31294): url:https://cdn.multiopen.cn/dynamicsdk/gdtnew/26/ad8b022c7cc9a6578184dee09518b761.zip fileName:ad8b022c7cc9a6578184dee09518b761.zip  dir:/storage/emulated/0/.com.excelliance.dualaid/apk
06-15 11:24:14.497 D/DownloadService(31294): put into downloadMap ad8b022c7cc9a6578184dee09518b761.zip
06-15 11:24:14.497 D/LBService(31294): remove o=com.android.ggapsvc.LBService, busyCount=4
06-15 11:24:14.501 D/DownloadComponentService(31294): check update updateInfo.type:pp_jar
06-15 11:24:14.501 D/LBService(31294): add o=com.android.ggapsvc.LBService, busyCount=5
06-15 11:24:14.501 D/LBService(31294): onStartCommand action=com.excelliance.dualaid.action.download
06-15 11:24:14.502 D/LBService(31294): add o=com.android.ggapsvc.LBService, busyCount=6
06-15 11:24:14.502 D/LBService(31294): remove o=com.android.ggapsvc.LBService, busyCount=5
06-15 11:24:14.503 D/DownloadService(31294): url:https://cdn.multiopen.cn/dynamicsdk/xf/4/d19a7d0bee9347939cc622428d1f02f6.zip fileName:d19a7d0bee9347939cc622428d1f02f6.zip  dir:/storage/emulated/0/.com.excelliance.dualaid/apk
06-15 11:24:14.503 D/DownloadService(31294): put into downloadMap d19a7d0bee9347939cc622428d1f02f6.zip
06-15 11:24:14.503 D/LBService(31294): remove o=com.android.ggapsvc.LBService, busyCount=4
06-15 11:24:14.508 I/appium  (28403): channel read invoked!
06-15 11:24:14.508 I/appium  (28403): channel read: POST /wd/hub/session/50a3d129-e1c4-4754-9f20-b516f7b4ab53/element/4c3fa680-3295-4788-9079-116b158335e2/click
06-15 11:24:14.509 D/appium  (28403): payload: {"element":"4c3fa680-3295-4788-9079-116b158335e2"}
06-15 11:24:14.509 I/appium  (28403): Click element command
06-15 11:24:14.513 D/DownloadComponentService(31294): check update updateInfo.type:clib_jar
06-15 11:24:14.516 D/LBService(31294): add o=com.excelliance.kxqp.e$1, busyCount=5
06-15 11:24:14.518 D/LBService(31294): add o=com.android.ggapsvc.LBService, busyCount=6
06-15 11:24:14.518 D/LBService(31294): onStartCommand action=com.excelliance.dualaid.action.download
06-15 11:24:14.520 D/LBService(31294): add o=com.android.ggapsvc.LBService, busyCount=7
06-15 11:24:14.520 D/LBService(31294): remove o=com.android.ggapsvc.LBService, busyCount=6
06-15 11:24:14.520 D/DownloadComponentService(31294): check update updateInfo.type:yc_jar
06-15 11:24:14.520 D/LBService(31294): add o=com.android.ggapsvc.LBService, busyCount=7
06-15 11:24:14.520 D/LBService(31294): onStartCommand action=com.excelliance.dualaid.action.download
06-15 11:24:14.520 D/DownloadService(31294): url:https://cdn.multiopen.cn/dynamicsdk/pp/2/442517f34b1cc584e12f81027630a3e3.zip fileName:442517f34b1cc584e12f81027630a3e3.zip  dir:/storage/emulated/0/.com.excelliance.dualaid/apk
06-15 11:24:14.520 D/DownloadService(31294): put into downloadMap 442517f34b1cc584e12f81027630a3e3.zip
06-15 11:24:14.524 D/DownloadComponentService(31294): check update updateInfo.type:kx_jar
06-15 11:24:14.527 E/OpenGLRenderer(30932): hwui_debug::CanvasContext createSurface sur=0x0, isValid =0
06-15 11:24:14.528 D/LBService(31294): add o=com.android.ggapsvc.LBService, busyCount=8
06-15 11:24:14.528 D/LBService(31294): remove o=com.android.ggapsvc.LBService, busyCount=7
06-15 11:24:14.528 D/DownloadComponentService(31294): check update updateInfo.type:it_jar
06-15 11:24:14.529 D/LBService(31294): add o=com.android.ggapsvc.LBService, busyCount=8
06-15 11:24:14.529 D/LBService(31294): onStartCommand action=com.excelliance.dualaid.action.download
06-15 11:24:14.530 D/LBService(31294): add o=com.android.ggapsvc.LBService, busyCount=9
06-15 11:24:14.530 D/LBService(31294): remove o=com.android.ggapsvc.LBService, busyCount=8
06-15 11:24:14.533 V/WindowManager( 1685): reevaluateVisibility focusApp:AppWindowToken{67d1571 token=Token{b28d718 ActivityRecord{15f8afb u0 com.excelliance.dualaid/com.excelliance.kxqp.ui.MainActivity t21028}}}
06-15 11:24:14.533 D/DownloadComponentService(31294): check update updateInfo.type:yz_jar
06-15 11:24:14.533 W/InputEventReceiver(30932): Attempted to finish an input event but the input event receiver has already been disposed.
06-15 11:24:14.534 D/ViewRootImpl(30932): swipeFromBottom mIgnoring === false downY 1692 mStatusBarHeight 54
06-15 11:24:14.539 D/LBService(31294): add o=com.android.ggapsvc.LBService, busyCount=9
06-15 11:24:14.539 D/LBService(31294): onStartCommand action=com.excelliance.dualaid.action.download
06-15 11:24:14.541 D/LBService(31294): add o=com.android.ggapsvc.LBService, busyCount=10
06-15 11:24:14.541 D/LBService(31294): remove o=com.android.ggapsvc.LBService, busyCount=9
06-15 11:24:14.542 D/LBService(31294): add o=com.android.ggapsvc.LBService, busyCount=10
06-15 11:24:14.542 D/LBService(31294): onStartCommand action=com.excelliance.dualaid.action.download
06-15 11:24:14.543 I/appium  (28403): AppiumResponse: {"sessionId":"50a3d129-e1c4-4754-9f20-b516f7b4ab53","status":0,"value":true}
06-15 11:24:14.546 D/DownloadComponentService(31294): check update updateInfo.type:ht_jar
06-15 11:24:14.549 D/StatisticsManager(30932): Query time diff:1529033054549
06-15 11:24:14.556 D/LBService(31294): add o=com.android.ggapsvc.LBService, busyCount=11
06-15 11:24:14.556 D/LBService(31294): remove o=com.android.ggapsvc.LBService, busyCount=10
06-15 11:24:14.557 D/LBService(31294): add o=com.android.ggapsvc.LBService, busyCount=11
06-15 11:24:14.557 D/LBService(31294): onStartCommand action=com.excelliance.dualaid.action.download
06-15 11:24:14.560 D/DownloadComponentService(31294): check update updateInfo.type:lm_jar
06-15 11:24:14.563 D/LBService(31294): add o=com.android.ggapsvc.LBService, busyCount=12
06-15 11:24:14.563 D/LBService(31294): remove o=com.android.ggapsvc.LBService, busyCount=11
06-15 11:24:14.565 D/DownloadComponentService(31294): check update updateInfo.type:av_jar
06-15 11:24:14.567 D/LBService(31294): add o=com.android.ggapsvc.LBService, busyCount=12
06-15 11:24:14.567 D/LBService(31294): onStartCommand action=com.excelliance.dualaid.action.download
06-15 11:24:14.569 E/ANDR-PERF-MPCTL(  587): invalid request, no optimizations performed
06-15 11:24:14.569 D/LBService(31294): remove o=com.android.ggapsvc.LBService, busyCount=11
06-15 11:24:14.569 D/DownloadService(31294): url:https://cdn.multiopen.cn/dynamicsdk/clib/1/b68304d13ca297cd3df7fa422e70a593.zip fileName:b68304d13ca297cd3df7fa422e70a593.zip  dir:/storage/emulated/0/.com.excelliance.dualaid/apk
06-15 11:24:14.569 D/DownloadService(31294): put into downloadMap b68304d13ca297cd3df7fa422e70a593.zip
06-15 11:24:14.570 I/ActivityManager( 1685): START u0 {cmp=com.excelliance.dualaid/com.excelliance.kxqp.platforms.AddGameActivity} from uid 11060 and from pid 30932 on display 0
06-15 11:24:14.572 E/ANDR-PERF-MPCTL(  587): Invalid profile no. 0, total profiles 0 only
06-15 11:24:14.572 I/appium  (28403): channel read invoked!
06-15 11:24:14.572 I/appium  (28403): channel read: GET /wd/hub/session/50a3d129-e1c4-4754-9f20-b516f7b4ab53/source
06-15 11:24:14.573 D/LBService(31294): add o=com.excelliance.kxqp.e$1, busyCount=12
06-15 11:24:14.573 D/LBService(31294): remove o=com.android.ggapsvc.LBService, busyCount=11
06-15 11:24:14.573 D/DownloadService(31294): url:https://cdn.multiopen.cn/dynamicsdk/yc/3/7f98a14187ab3d115fb72f52f86e633f.zip fileName:7f98a14187ab3d115fb72f52f86e633f.zip  dir:/storage/emulated/0/.com.excelliance.dualaid/apk
06-15 11:24:14.573 D/DownloadService(31294): put into downloadMap 7f98a14187ab3d115fb72f52f86e633f.zip
06-15 11:24:14.574 D/ActivityTrigger( 1685): activityStartTrigger: Activity is Triggerred in full screen ApplicationInfo{6118ee2 com.excelliance.dualaid}
06-15 11:24:14.574 E/ActivityTrigger( 1685): activityStartTrigger: not whiteListedcom.excelliance.dualaid/com.excelliance.kxqp.platforms.AddGameActivity/466
06-15 11:24:14.575 D/LBService(31294): remove o=com.android.ggapsvc.LBService, busyCount=10
06-15 11:24:14.575 D/DownloadService(31294): url:https://cdn.multiopen.cn/dynamicsdk/kx/8/402016b5a9238d143cab409d310a68dd.zip fileName:402016b5a9238d143cab409d310a68dd.zip  dir:/storage/emulated/0/.com.excelliance.dualaid/apk
06-15 11:24:14.575 D/DownloadService(31294): put into downloadMap 402016b5a9238d143cab409d310a68dd.zip
06-15 11:24:14.575 V/WindowManager( 1685): Changing focus from Window{a656fea u0 com.excelliance.dualaid/com.excelliance.kxqp.ui.MainActivity} to null
06-15 11:24:14.576 D/LBService(31294): remove o=com.android.ggapsvc.LBService, busyCount=9
06-15 11:24:14.576 D/LBService(31294): add o=com.excelliance.kxqp.e$1, busyCount=10
06-15 11:24:14.576 D/DownloadService(31294): url:https://cdn.multiopen.cn/dynamicsdk/it/2/810857b911cca0f64e107f443b16285a.zip fileName:810857b911cca0f64e107f443b16285a.zip  dir:/storage/emulated/0/.com.excelliance.dualaid/apk
06-15 11:24:14.576 D/DownloadService(31294): put into downloadMap 810857b911cca0f64e107f443b16285a.zip
06-15 11:24:14.576 W/WindowManager( 1685): Skip focus check for application before nougat.
06-15 11:24:14.576 D/LBService(31294): add o=com.excelliance.kxqp.e$1, busyCount=11
06-15 11:24:14.576 D/LBService(31294): remove o=com.android.ggapsvc.LBService, busyCount=10
06-15 11:24:14.577 D/DownloadService(31294): url:https://cdn.multiopen.cn/dynamicsdk/yz/2/c5d6e5fca23e8802ad3dec3329a1ec64.zip fileName:c5d6e5fca23e8802ad3dec3329a1ec64.zip  dir:/storage/emulated/0/.com.excelliance.dualaid/apk
06-15 11:24:14.577 D/DownloadService(31294): put into downloadMap c5d6e5fca23e8802ad3dec3329a1ec64.zip
06-15 11:24:14.577 D/LBService(31294): add o=com.excelliance.kxqp.e$1, busyCount=11
06-15 11:24:14.577 D/LBService(31294): remove o=com.android.ggapsvc.LBService, busyCount=10
06-15 11:24:14.577 D/LBService(31294): add o=com.excelliance.kxqp.e$1, busyCount=11
06-15 11:24:14.579 D/LBService(31294): add o=com.android.ggapsvc.LBService, busyCount=12
06-15 11:24:14.579 D/LBService(31294): remove o=com.android.ggapsvc.LBService, busyCount=11
06-15 11:24:14.579 D/LBService(31294): add o=com.android.ggapsvc.LBService, busyCount=12
06-15 11:24:14.579 D/LBService(31294): onStartCommand action=com.excelliance.dualaid.action.download
06-15 11:24:14.580 D/DownloadService(31294): url:https://cdn.multiopen.cn/dynamicsdk/ht/1/3dc4d198a2e778f952f64b364ba4bc09.zip fileName:3dc4d198a2e778f952f64b364ba4bc09.zip  dir:/storage/emulated/0/.com.excelliance.dualaid/apk
06-15 11:24:14.580 D/DownloadService(31294): put into downloadMap 3dc4d198a2e778f952f64b364ba4bc09.zip
06-15 11:24:14.580 D/DownloadComponentService(31294): check update updateInfo.type:wx_jar
06-15 11:24:14.580 D/LBService(31294): remove o=com.android.ggapsvc.LBService, busyCount=11
06-15 11:24:14.581 D/LBService(31294): add o=com.android.ggapsvc.LBService, busyCount=12
06-15 11:24:14.581 D/LBService(31294): remove o=com.android.ggapsvc.LBService, busyCount=11
06-15 11:24:14.581 D/DownloadService(31294): url:https://cdn.multiopen.cn/dynamicsdk/lm/2/1524f953132276b6773da5509eac345f.zip fileName:1524f953132276b6773da5509eac345f.zip  dir:/storage/emulated/0/.com.excelliance.dualaid/apk
06-15 11:24:14.581 D/LBService(31294): add o=com.android.ggapsvc.LBService, busyCount=12
06-15 11:24:14.581 D/LBService(31294): onStartCommand action=com.excelliance.dualaid.action.download
06-15 11:24:14.581 D/DownloadService(31294): put into downloadMap 1524f953132276b6773da5509eac345f.zip
06-15 11:24:14.581 D/LBService(31294): remove o=com.android.ggapsvc.LBService, busyCount=11
06-15 11:24:14.581 D/LBService(31294): add o=com.android.ggapsvc.LBService, busyCount=12
06-15 11:24:14.582 D/LBService(31294): remove o=com.android.ggapsvc.LBService, busyCount=11
06-15 11:24:14.582 D/DownloadService(31294): url:https://cdn.multiopen.cn/dynamicsdk/av/1/9ead96377f83e9575d9e8456221d482a.zip fileName:9ead96377f83e9575d9e8456221d482a.zip  dir:/storage/emulated/0/.com.excelliance.dualaid/apk
06-15 11:24:14.582 D/DownloadService(31294): put into downloadMap 9ead96377f83e9575d9e8456221d482a.zip
06-15 11:24:14.582 D/LBService(31294): remove o=com.android.ggapsvc.LBService, busyCount=10
06-15 11:24:14.584 V/AppShortcutGridAdapter(30932):   parmInt:0 paramViewandroid.widget.LinearLayout{c30e97b V.E...... ........ 0,0-360,360 #7f0c00ed app:id/root}, type = 1
06-15 11:24:14.584 D/LBService(31294): add o=com.android.ggapsvc.LBService, busyCount=11
06-15 11:24:14.584 D/LBService(31294): onStartCommand action=com.excelliance.dualaid.action.download
06-15 11:24:14.585 D/LBService(31294): add o=com.android.ggapsvc.LBService, busyCount=12
06-15 11:24:14.585 D/LBService(31294): remove o=com.android.ggapsvc.LBService, busyCount=11
06-15 11:24:14.585 D/DownloadService(31294): url:https://cdn.multiopen.cn/dynamicsdk/wx/2/fe334923830e1ff791557d2a39bc84f4.zip fileName:fe334923830e1ff791557d2a39bc84f4.zip  dir:/storage/emulated/0/.com.excelliance.dualaid/apk
06-15 11:24:14.585 D/DownloadService(31294): put into downloadMap fe334923830e1ff791557d2a39bc84f4.zip
06-15 11:24:14.585 D/VersionManager(31294): queryUpdateInfoOfResources
06-15 11:24:14.586 V/AppShortcutGridAdapter(30932):   parmInt:1 paramViewandroid.widget.LinearLayout{651854f V.E...... ........ 360,0-720,360 #7f0c00ed app:id/root}, type = 1
06-15 11:24:14.586 D/LBService(31294): remove o=com.android.ggapsvc.LBService, busyCount=10
06-15 11:24:14.586 D/LBService(31294): add o=com.excelliance.kxqp.e$1, busyCount=11
06-15 11:24:14.587 V/AppShortcutGridAdapter(30932):   parmInt:2 paramViewandroid.widget.LinearLayout{6f2cf47 V.E...... ........ 720,0-1080,360 #7f0c00ed app:id/root}, type = 1
06-15 11:24:14.589 V/AppShortcutGridAdapter(30932):   parmInt:3 paramViewandroid.widget.LinearLayout{1786241 V.E...... ........ 0,360-360,720 #7f0c00ed app:id/root}, type = 9
06-15 11:24:14.589 D/AppShortcutGridAdapter(30932): type TYPE_DATA_MOVE
06-15 11:24:14.590 D/LBService(31294): add o=com.excelliance.kxqp.e$1, busyCount=12
06-15 11:24:14.591 D/LBService(31294): add o=com.excelliance.kxqp.e$1, busyCount=13
06-15 11:24:14.592 D/MainFragment(30932): size = 0
06-15 11:24:14.592 D/LBService(31294): add o=com.excelliance.kxqp.e$1, busyCount=14
06-15 11:24:14.596 D/KXQPApplication(30932): onActivityStopped: com.excelliance.kxqp.ui.MainActivity@eb84bda	
06-15 11:24:14.597 D/MainFragment(30932): onPause
06-15 11:24:14.598 D/MainActivity(30932): onPause
06-15 11:24:14.599 I/appium  (28403): Skipping invisible child: android.view.accessibility.AccessibilityNodeInfo@800122a8; boundsInParent: Rect(0, 0 - 1080, 54); boundsInScreen: Rect(0, 0 - 1080, 54); packageName: com.excelliance.dualaid; className: android.view.View; text: null; error: null; maxTextLength: -1; contentDescription: null; viewIdResName: com.excelliance.dualaid:id/custom_status_bar; checkable: false; checked: false; focusable: false; focused: false; selected: false; clickable: false; longClickable: false; contextClickable: false; enabled: true; password: false; scrollable: false; actions: [AccessibilityAction: ACTION_SELECT - null, AccessibilityAction: ACTION_CLEAR_SELECTION - null, AccessibilityAction: ACTION_ACCESSIBILITY_FOCUS - null, AccessibilityAction: ACTION_SHOW_ON_SCREEN - null]
06-15 11:24:14.601 D/MainActivity(30932): umengtj_switch:_0
06-15 11:24:14.601 D/MainActivity(30932): onPause Umengtj false
06-15 11:24:14.605 D/LBService(31294): add o=com.excelliance.kxqp.e$1, busyCount=15
06-15 11:24:14.607 D/DhcpClient( 1685): Received packet: 40:b8:9a:47:9f:dd OFFER, ip /192.168.1.69, mask /255.255.255.0, DNS servers: /192.168.1.1 , gateways [/192.168.1.1] lease time 86400, domain null
06-15 11:24:14.607 D/DhcpClient( 1685): DhcpBoundState -1ms CMD_RECEIVED_PACKET 0 0 40:b8:9a:47:9f:dd OFFER, ip /192.168.1.69, mask /255.255.255.0, DNS servers: /192.168.1.1 , gateways [/192.168.1.1] lease time 86400, domain null
06-15 11:24:14.607 D/PayUtil (30932): sp is empty
06-15 11:24:14.610 D/PayUtil (30932): 本地不存在文件
06-15 11:24:14.611 D/PayUtil (30932): sRid = 
06-15 11:24:14.612 D/MainFragment(30932): openStreamFromMoreSetting = false
06-15 11:24:14.612 D/MainActivity(30932): isLoaded:true
06-15 11:24:14.612 D/SmtServService(30932): onStartCommand: remove class com.excelliance.kxqp.ui.MainActivity
06-15 11:24:14.612 D/SmtServService(30932): onStartCommand: remove top
06-15 11:24:14.623 D/LBService(31294): add o=com.excelliance.kxqp.e$1, busyCount=16
06-15 11:24:14.624 E/ConvertData(30932): layout not exist:add_game_main_blue
06-15 11:24:14.636 D/DownloadService(31294): publishProgress entered progress:1
06-15 11:24:14.637 D/DownloadService(31294): publishProgress entered progress:2
06-15 11:24:14.639 D/DownloadService(31294): publishProgress entered progress:1
06-15 11:24:14.639 D/DownloadService(31294): publishProgress entered progress:3
06-15 11:24:14.639 D/DownloadService(31294): publishProgress entered progress:4
06-15 11:24:14.640 D/DownloadService(31294): publishProgress entered progress:4
06-15 11:24:14.641 D/DownloadService(31294): publishProgress entered progress:9
06-15 11:24:14.641 D/DownloadService(31294): publishProgress entered progress:5
06-15 11:24:14.642 D/PayUtil (30932): sRid = 
06-15 11:24:14.642 D/DownloadService(31294): publishProgress entered progress:6
06-15 11:24:14.642 D/DownloadService(31294): publishProgress entered progress:13
06-15 11:24:14.643 D/DownloadService(31294): publishProgress entered progress:18
06-15 11:24:14.643 D/DownloadService(31294): publishProgress entered progress:7
06-15 11:24:14.644 D/DownloadService(31294): publishProgress entered progress:2
06-15 11:24:14.644 V/Phone_Manufacturer(31294): Manufacturer:OPPO
06-15 11:24:14.644 D/DownloadService(31294): publishProgress entered progress:23
06-15 11:24:14.644 D/DownloadService(31294): publishProgress entered progress:27
06-15 11:24:14.644 D/DownloadService(31294): publishProgress entered progress:3
06-15 11:24:14.645 D/DownloadService(31294): publishProgress entered progress:8
06-15 11:24:14.645 V/Phone   (31294): isExitAppInManufacturer: no oppo r7
06-15 11:24:14.645 D/KXQPApplication(30932): onActivityStarted: com.excelliance.kxqp.platforms.AddGameActivity@fd1e7d2	
06-15 11:24:14.645 D/DownloadService(31294): publishProgress entered progress:32
06-15 11:24:14.646 D/DownloadService(31294): publishProgress entered progress:4
06-15 11:24:14.646 V/Phone   (31294): isExitstActivityInPkg:exist com.coloros.notificationmanager.NotificationCenterActivity
06-15 11:24:14.646 D/DownloadService(31294): publishProgress entered progress:9
06-15 11:24:14.646 V/Phone   (31294): isExitAppInManufacturer: model:oppo r9 manufacturer:oppo
06-15 11:24:14.647 D/DownloadService(31294): publishProgress entered progress:36
06-15 11:24:14.647 D/DownloadService(31294): publishProgress entered progress:10
06-15 11:24:14.648 D/DownloadService(31294): publishProgress entered progress:11
06-15 11:24:14.648 D/DownloadService(31294): publishProgress entered progress:41
06-15 11:24:14.648 E/test    (30932): hasNotchInScreen ClassNotFoundException
06-15 11:24:14.649 D/DownloadService(31294): publishProgress entered progress:46
06-15 11:24:14.649 E/test    (30932): hasNotchInScreen ClassNotFoundException
06-15 11:24:14.650 D/DownloadService(31294): publishProgress entered progress:50
06-15 11:24:14.650 V/AddGameData(30932): Manufacturer:OPPO
06-15 11:24:14.651 D/AddGameActivity(30932): canReadAppList = true, noRefresh = false, needGenerateCache = false
06-15 11:24:14.651 D/AddGameActivity(30932): MSG_ON_RESUME
06-15 11:24:14.651 D/DownloadService(31294): publishProgress entered progress:12
06-15 11:24:14.651 D/DownloadService(31294): publishProgress entered progress:55
06-15 11:24:14.652 D/DownloadService(31294): publishProgress entered progress:5
06-15 11:24:14.653 D/DownloadService(31294): publishProgress entered progress:59
06-15 11:24:14.653 V/Phone   (31294): isExitstActivityInPkg:exist com.coloros.notificationmanager.NotificationCenterActivity
06-15 11:24:14.653 D/DownloadService(31294): publishProgress entered progress:6
06-15 11:24:14.653 V/Phone   (31294): isExitAppInManufacturer: model:oppo r9 manufacturer:oppo
06-15 11:24:14.653 D/DownloadService(31294): publishProgress entered progress:13
06-15 11:24:14.653 V/ViewRootImpl(30932): enableLogLight: enable = false
06-15 11:24:14.654 D/DownloadService(31294): publishProgress entered progress:7
06-15 11:24:14.655 D/DownloadService(31294): publishProgress entered progress:64
06-15 11:24:14.656 D/DownloadService(31294): publishProgress entered progress:8
06-15 11:24:14.656 D/DownloadService(31294): publishProgress entered progress:69
06-15 11:24:14.656 D/DownloadService(31294): publishProgress entered progress:14
06-15 11:24:14.657 D/DownloadService(31294): publishProgress entered progress:73
06-15 11:24:14.657 D/DownloadService(31294): publishProgress entered progress:9
06-15 11:24:14.660 D/DownloadService(31294): publishProgress entered progress:10
06-15 11:24:14.660 D/DownloadService(31294): publishProgress entered progress:15
06-15 11:24:14.660 D/DownloadService(31294): publishProgress entered progress:78
06-15 11:24:14.662 D/SmtServService(30932): onStartCommand: add class com.excelliance.kxqp.platforms.AddGameActivity
06-15 11:24:14.662 D/AddGameActivity(30932): doInOnResume mUpdating = false
06-15 11:24:14.662 D/DownloadService(31294): publishProgress entered progress:16
06-15 11:24:14.663 D/AddGameActivity(30932): isExitCache = true, isChecking = false
06-15 11:24:14.663 D/DownloadService(31294): publishProgress entered progress:82
06-15 11:24:14.663 D/DownloadService(31294): publishProgress entered progress:11
06-15 11:24:14.663 D/DownloadService(31294): publishProgress entered progress:17
06-15 11:24:14.663 D/DownloadService(31294): publishProgress entered progress:87
06-15 11:24:14.663 D/DownloadService(31294): publishProgress entered progress:12
06-15 11:24:14.664 D/DownloadService(31294): publishProgress entered progress:18
06-15 11:24:14.665 D/DownloadService(31294): publishProgress entered progress:19
06-15 11:24:14.665 D/DownloadService(31294): publishProgress entered progress:92
06-15 11:24:14.665 D/DownloadService(31294): publishProgress entered progress:13
06-15 11:24:14.667 D/DownloadService(31294): publishProgress entered progress:96
06-15 11:24:14.667 D/DownloadService(31294): publishProgress entered progress:14
06-15 11:24:14.667 D/DownloadService(31294): publishProgress entered progress:20
06-15 11:24:14.668 D/DownloadService(31294): publishProgress entered progress:15
06-15 11:24:14.669 D/DownloadService(31294): publishProgress entered progress:100
06-15 11:24:14.669 D/DownloadService(31294): publishProgress entered progress:16
06-15 11:24:14.670 V/AddGameData(30932): Manufacturer:OPPO
06-15 11:24:14.670 D/DownloadService(31294): publishProgress entered progress:21
06-15 11:24:14.670 V/WindowManager( 1685): Changing focus from null to Window{4975bd8 u0 com.excelliance.dualaid/com.excelliance.kxqp.platforms.AddGameActivity}
06-15 11:24:14.670 V/AddGameActivity(30932): parseAppDetailsNew cache count:48
06-15 11:24:14.670 D/PayUtil (30932): sRid = 
06-15 11:24:14.671 V/AddGameActivity(30932): searchLocalAppNew
06-15 11:24:14.671 V/AddGameActivity(30932): checkCacheApp needGeneratgeCache :false
06-15 11:24:14.672 V/DownloadService(31294): unzipDir:cc
06-15 11:24:14.672 D/DownloadService(31294): publishProgress entered progress:22
06-15 11:24:14.672 D/DownloadService(31294): publishProgress entered progress:17
06-15 11:24:14.673 D/DownloadService(31294): publishProgress entered progress:23
06-15 11:24:14.674 D/DownloadService(31294): publishProgress entered progress:18
06-15 11:24:14.677 D/DownloadService(31294): publishProgress entered progress:24
06-15 11:24:14.678 D/DownloadService(31294): publishProgress entered progress:19
06-15 11:24:14.678 W/Parcel  ( 1685): **** enforceInterface() expected 'com.android.internal.telephony.ITelephonyRegistry' but read ''
06-15 11:24:14.678 W/Parcel  ( 1685): **** enforceInterface() expected 'android.app.INotificationManager' but read ''
06-15 11:24:14.678 W/Parcel  ( 1685): **** enforceInterface() expected 'android.net.IConnectivityManager' but read ''
06-15 11:24:14.678 W/Parcel  ( 1685): **** enforceInterface() expected 'android.app.IActivityManager' but read ''
06-15 11:24:14.678 W/Parcel  ( 1685): **** enforceInterface() expected 'android.bluetooth.IBluetooth' but read ''
06-15 11:24:14.678 W/Parcel  ( 1685): **** enforceInterface() expected 'android.bluetooth.IBluetoothManager' but read ''
06-15 11:24:14.678 W/Parcel  ( 1685): **** enforceInterface() expected 'android.location.ILocationManager' but read ''
06-15 11:24:14.678 W/Parcel  ( 1685): **** enforceInterface() expected 'android.view.IWindowSession' but read ''
06-15 11:24:14.678 W/Parcel  ( 1685): **** enforceInterface() expected 'android.content.pm.IPackageManager' but read ''
06-15 11:24:14.678 W/Parcel  ( 1685): **** enforceInterface() expected 'android.net.wifi.IWifiManager' but read ''
06-15 11:24:14.679 D/DownloadService(31294): publishProgress entered progress:25
06-15 11:24:14.680 D/DownloadService(31294): publishProgress entered progress:26
06-15 11:24:14.680 D/DownloadService(31294): publishProgress entered progress:20
06-15 11:24:14.680 W/Parcel  ( 1685): **** enforceInterface() expected 'com.android.internal.telephony.ITelephonyRegistry' but read ''
06-15 11:24:14.681 W/Parcel  ( 1685): **** enforceInterface() expected 'android.app.INotificationManager' but read ''
06-15 11:24:14.681 W/Parcel  ( 1685): **** enforceInterface() expected 'android.net.IConnectivityManager' but read ''
06-15 11:24:14.681 W/Parcel  ( 1685): **** enforceInterface() expected 'android.app.IActivityManager' but read ''
06-15 11:24:14.681 W/Parcel  ( 1685): **** enforceInterface() expected 'android.bluetooth.IBluetooth' but read ''
06-15 11:24:14.681 W/Parcel  ( 1685): **** enforceInterface() expected 'android.bluetooth.IBluetoothManager' but read ''
06-15 11:24:14.681 W/Parcel  ( 1685): **** enforceInterface() expected 'android.location.ILocationManager' but read ''
06-15 11:24:14.681 W/Parcel  ( 1685): **** enforceInterface() expected 'android.view.IWindowSession' but read ''
06-15 11:24:14.681 W/Parcel  ( 1685): **** enforceInterface() expected 'android.content.pm.IPackageManager' but read ''
06-15 11:24:14.681 W/Parcel  ( 1685): **** enforceInterface() expected 'android.net.wifi.IWifiManager' but read ''
06-15 11:24:14.682 D/DownloadService(31294): publishProgress entered progress:1
06-15 11:24:14.685 D/DownloadService(31294): publishProgress entered progress:21
06-15 11:24:14.685 V/WindowManager( 1685): reevaluateVisibility focusApp:AppWindowToken{2dbf39f token=Token{5c8b93e ActivityRecord{882a5f9 u0 com.excelliance.dualaid/com.excelliance.kxqp.platforms.AddGameActivity t21028}}}
06-15 11:24:14.685 D/DownloadService(31294): publishProgress entered progress:2
06-15 11:24:14.686 D/DownloadService(31294): publishProgress entered progress:1
06-15 11:24:14.687 V/GameUtil(31294): saveVersionToFileByKey  xml_key :cc  result:14
06-15 11:24:14.687 D/DownloadService(31294): publishProgress entered progress:27
06-15 11:24:14.688 D/DownloadService(31294): publishProgress entered progress:22
06-15 11:24:14.688 W/Parcel  ( 1685): **** enforceInterface() expected 'com.android.internal.telephony.ITelephonyRegistry' but read ''
06-15 11:24:14.688 W/Parcel  ( 1685): **** enforceInterface() expected 'android.app.INotificationManager' but read ''
06-15 11:24:14.688 W/Parcel  ( 1685): **** enforceInterface() expected 'android.net.IConnectivityManager' but read ''
06-15 11:24:14.688 W/Parcel  ( 1685): **** enforceInterface() expected 'android.app.IActivityManager' but read ''
06-15 11:24:14.688 W/Parcel  ( 1685): **** enforceInterface() expected 'android.bluetooth.IBluetooth' but read ''
06-15 11:24:14.688 W/Parcel  ( 1685): **** enforceInterface() expected 'android.bluetooth.IBluetoothManager' but read ''
06-15 11:24:14.688 W/Parcel  ( 1685): **** enforceInterface() expected 'android.location.ILocationManager' but read ''
06-15 11:24:14.688 W/Parcel  ( 1685): **** enforceInterface() expected 'android.view.IWindowSession' but read ''
06-15 11:24:14.689 W/Parcel  ( 1685): **** enforceInterface() expected 'android.content.pm.IPackageManager' but read ''
06-15 11:24:14.689 W/Parcel  ( 1685): **** enforceInterface() expected 'android.net.wifi.IWifiManager' but read ''
06-15 11:24:14.691 W/Parcel  ( 1685): **** enforceInterface() expected 'com.android.internal.telephony.ITelephonyRegistry' but read ''
06-15 11:24:14.691 W/Parcel  ( 1685): **** enforceInterface() expected 'android.app.INotificationManager' but read ''
06-15 11:24:14.691 W/Parcel  ( 1685): **** enforceInterface() expected 'android.net.IConnectivityManager' but read ''
06-15 11:24:14.691 D/DownloadService(31294): publishProgress entered progress:28
06-15 11:24:14.691 W/Parcel  ( 1685): **** enforceInterface() expected 'android.app.IActivityManager' but read ''
06-15 11:24:14.691 W/Parcel  ( 1685): **** enforceInterface() expected 'android.bluetooth.IBluetooth' but read ''
06-15 11:24:14.691 W/Parcel  ( 1685): **** enforceInterface() expected 'android.bluetooth.IBluetoothManager' but read ''
06-15 11:24:14.691 W/Parcel  ( 1685): **** enforceInterface() expected 'android.location.ILocationManager' but read ''
06-15 11:24:14.691 W/Parcel  ( 1685): **** enforceInterface() expected 'android.view.IWindowSession' but read ''
06-15 11:24:14.691 W/Parcel  ( 1685): **** enforceInterface() expected 'android.content.pm.IPackageManager' but read ''
06-15 11:24:14.691 W/Parcel  ( 1685): **** enforceInterface() expected 'android.net.wifi.IWifiManager' but read ''
06-15 11:24:14.692 V/WindowManager( 1685): reevaluateVisibility focusApp:AppWindowToken{2dbf39f token=Token{5c8b93e ActivityRecord{882a5f9 u0 com.excelliance.dualaid/com.excelliance.kxqp.platforms.AddGameActivity t21028}}}
06-15 11:24:14.692 D/DownloadService(31294): publishProgress entered progress:29
06-15 11:24:14.693 D/DownloadService(31294): publishProgress entered progress:30
06-15 11:24:14.693 D/DownloadService(31294): publishProgress entered progress:23
06-15 11:24:14.694 D/DownloadService(31294): publishProgress entered progress:3
06-15 11:24:14.694 D/DownloadService(31294): publishProgress entered progress:24
06-15 11:24:14.694 I/appium  (28403): Null child 0/1, parent: android.view.accessibility.AccessibilityNodeInfo@800169fb; boundsInParent: Rect(0, 0 - 1080, 120); boundsInScreen: Rect(0, 835 - 1080, 955); packageName: com.excelliance.dualaid; className: android.widget.FrameLayout; text: null; error: null; maxTextLength: -1; contentDescription: null; viewIdResName: com.excelliance.dualaid:id/adv_title_fl; checkable: false; checked: false; focusable: false; focused: false; selected: false; clickable: false; longClickable: false; contextClickable: false; enabled: true; password: false; scrollable: false; actions: [AccessibilityAction: ACTION_SELECT - null, AccessibilityAction: ACTION_CLEAR_SELECTION - null, AccessibilityAction: ACTION_ACCESSIBILITY_FOCUS - null, AccessibilityAction: ACTION_SHOW_ON_SCREEN - null]
06-15 11:24:14.695 I/appium  (28403): Null child 2/4, parent: android.view.accessibility.AccessibilityNodeInfo@80014bf3; boundsInParent: Rect(0, 0 - 1080, 1486); boundsInScreen: Rect(0, 222 - 1080, 1708); packageName: com.excelliance.dualaid; className: android.widget.LinearLayout; text: null; error: null; maxTextLength: -1; contentDescription: null; viewIdResName: com.excelliance.dualaid:id/center; checkable: false; checked: false; focusable: false; focused: false; selected: false; clickable: false; longClickable: false; contextClickable: false; enabled: true; password: false; scrollable: false; actions: [AccessibilityAction: ACTION_SELECT - null, AccessibilityAction: ACTION_CLEAR_SELECTION - null, AccessibilityAction: ACTION_ACCESSIBILITY_FOCUS - null, AccessibilityAction: ACTION_SHOW_ON_SCREEN - null]
06-15 11:24:14.696 D/DownloadService(31294): publishProgress entered progress:4
06-15 11:24:14.696 I/appium  (28403): Null child 3/4, parent: android.view.accessibility.AccessibilityNodeInfo@80014bf3; boundsInParent: Rect(0, 0 - 1080, 1486); boundsInScreen: Rect(0, 222 - 1080, 1708); packageName: com.excelliance.dualaid; className: android.widget.LinearLayout; text: null; error: null; maxTextLength: -1; contentDescription: null; viewIdResName: com.excelliance.dualaid:id/center; checkable: false; checked: false; focusable: false; focused: false; selected: false; clickable: false; longClickable: false; contextClickable: false; enabled: true; password: false; scrollable: false; actions: [AccessibilityAction: ACTION_SELECT - null, AccessibilityAction: ACTION_CLEAR_SELECTION - null, AccessibilityAction: ACTION_ACCESSIBILITY_FOCUS - null, AccessibilityAction: ACTION_SHOW_ON_SCREEN - null]
06-15 11:24:14.696 D/DownloadService(31294): publishProgress entered progress:25
06-15 11:24:14.698 V/AddGameActivity(30932): appCount:244
06-15 11:24:14.698 D/DownloadService(31294): publishProgress entered progress:2
06-15 11:24:14.698 D/DownloadService(31294): publishProgress entered progress:26
06-15 11:24:14.698 D/DownloadService(31294): publishProgress entered progress:5
06-15 11:24:14.700 I/appium  (28403): Null child 2/4, parent: android.view.accessibility.AccessibilityNodeInfo@8000fd1e; boundsInParent: Rect(0, 0 - 1080, 1866); boundsInScreen: Rect(0, 54 - 1080, 1920); packageName: com.excelliance.dualaid; className: android.widget.RelativeLayout; text: null; error: null; maxTextLength: -1; contentDescription: null; viewIdResName: com.excelliance.dualaid:id/rl_mainScroll; checkable: false; checked: false; focusable: false; focused: false; selected: false; clickable: false; longClickable: false; contextClickable: false; enabled: true; password: false; scrollable: false; actions: [AccessibilityAction: ACTION_SELECT - null, AccessibilityAction: ACTION_CLEAR_SELECTION - null, AccessibilityAction: ACTION_ACCESSIBILITY_FOCUS - null, AccessibilityAction: ACTION_SHOW_ON_SCREEN - null]
06-15 11:24:14.700 D/DownloadService(31294): publishProgress entered progress:31
06-15 11:24:14.700 D/DownloadService(31294): publishProgress entered progress:6
