06-15 01:40:11.490 E/ActivityThread( 8463): Failed to find provider info for com.excean.gspace.staticslioprovider
06-15 01:40:11.495 E/ActivityThread( 8463): Failed to find provider info for com.excean.gspace.staticslioprovider
06-15 01:40:11.875 E/ActivityThread( 8463): Failed to find provider info for com.excean.gspace.staticslioprovider
06-15 01:40:11.877 E/ActivityThread( 8463): Failed to find provider info for com.excean.gspace.staticslioprovider
06-15 01:40:11.877 I/chatty  ( 1685): uid=1000(system) Binder:1685_A expire 2 lines
06-15 01:40:11.881 E/ActivityThread( 8463): Failed to find provider info for com.excean.gspace.staticslioprovider
06-15 01:40:11.886 E/ActivityThread( 8463): Failed to find provider info for com.excean.gspace.staticslioprovider
06-15 01:40:11.887 E/ActivityThread( 8463): Failed to find provider info for com.excean.gspace.staticslioprovider
06-15 01:40:11.888 E/ActivityThread( 8463): Failed to find provider info for com.excean.gspace.staticslioprovider
06-15 01:40:11.888 E/ActivityThread( 8463): Failed to find provider info for com.excean.gspace.staticslioprovider
06-15 01:40:12.805 E/ActivityThread( 8463): Failed to find provider info for com.excean.gspace.staticslioprovider
06-15 01:40:12.808 E/ActivityThread( 8463): Failed to find provider info for com.excean.gspace.staticslioprovider
06-15 01:40:15.404 I/chatty  ( 1685): uid=1000(system) Binder:1685_2 expire 1 line
06-15 01:40:15.686 E/ActivityThread( 8463): Failed to find provider info for com.excean.gspace.staticslioprovider
06-15 01:40:15.689 E/ActivityThread( 8463): Failed to find provider info for com.excean.gspace.staticslioprovider
06-15 01:40:16.081 I/chatty  ( 1685): uid=1000(system) Binder:1685_1E expire 2 lines
06-15 01:40:17.819 E/ActivityThread( 8463): Failed to find provider info for com.excean.gspace.staticslioprovider
06-15 01:40:17.828 E/ActivityThread( 8463): Failed to find provider info for com.excean.gspace.staticslioprovider
06-15 01:40:17.834 E/ActivityThread( 8463): Failed to find provider info for com.excean.gspace.staticslioprovider
06-15 01:40:17.836 E/ActivityThread( 8463): Failed to find provider info for com.excean.gspace.staticslioprovider
06-15 01:40:17.846 E/ActivityThread( 8463): Failed to find provider info for com.excean.gspace.staticslioprovider
06-15 01:40:17.860 E/ActivityThread( 8463): Failed to find provider info for com.excean.gspace.staticslioprovider
06-15 01:40:21.019 E/ActivityThread( 8463): Failed to find provider info for com.excean.gspace.staticslioprovider
06-15 01:40:21.021 E/ActivityThread( 8463): Failed to find provider info for com.excean.gspace.staticslioprovider
06-15 01:40:21.273 E/ActivityThread( 8463): Failed to find provider info for com.excean.gspace.staticslioprovider
06-15 01:40:21.275 E/ActivityThread( 8463): Failed to find provider info for com.excean.gspace.staticslioprovider
06-15 01:40:25.277 E/ActivityThread( 8463): Failed to find provider info for com.excean.gspace.staticslioprovider
06-15 01:40:25.289 E/ActivityThread( 8463): Failed to find provider info for com.excean.gspace.staticslioprovider
06-15 01:40:25.301 E/ActivityThread( 8463): Failed to find provider info for com.excean.gspace.staticslioprovider
06-15 01:40:25.308 E/ActivityThread( 8463): Failed to find provider info for com.excean.gspace.staticslioprovider
06-15 01:40:25.315 E/ActivityThread( 8463): Failed to find provider info for com.excean.gspace.staticslioprovider
06-15 01:40:25.323 E/ActivityThread( 8463): Failed to find provider info for com.excean.gspace.staticslioprovider
06-15 01:40:26.029 E/ActivityThread( 8463): Failed to find provider info for com.excean.gspace.staticslioprovider
06-15 01:40:26.032 E/ActivityThread( 8463): Failed to find provider info for com.excean.gspace.staticslioprovider
06-15 01:40:26.034 E/ActivityThread( 8463): Failed to find provider info for com.excean.gspace.staticslioprovider
06-15 01:40:26.037 E/ActivityThread( 8463): Failed to find provider info for com.excean.gspace.staticslioprovider
06-15 01:40:26.040 E/ActivityThread( 8463): Failed to find provider info for com.excean.gspace.staticslioprovider
06-15 01:40:26.042 E/ActivityThread( 8463): Failed to find provider info for com.excean.gspace.staticslioprovider
06-15 01:40:26.044 E/ActivityThread( 8463): Failed to find provider info for com.excean.gspace.staticslioprovider
06-15 01:40:29.275 E/ActivityThread( 8463): Failed to find provider info for com.excean.gspace.staticslioprovider
06-15 01:40:29.283 E/ActivityThread( 8463): Failed to find provider info for com.excean.gspace.staticslioprovider
06-15 01:40:29.298 E/ActivityThread( 8463): Failed to find provider info for com.excean.gspace.staticslioprovider
06-15 01:40:29.305 E/ActivityThread( 8463): Failed to find provider info for com.excean.gspace.staticslioprovider
06-15 01:40:29.313 E/ActivityThread( 8463): Failed to find provider info for com.excean.gspace.staticslioprovider
06-15 01:40:29.320 E/ActivityThread( 8463): Failed to find provider info for com.excean.gspace.staticslioprovider
06-15 01:40:29.842 I/chatty  ( 1685): uid=1000(system) Binder:1685_3 expire 2 lines
06-15 01:40:29.853 I/chatty  ( 1685): uid=1000(system) android.display expire 18 lines
06-15 01:40:31.020 E/ActivityThread( 8463): Failed to find provider info for com.excean.gspace.staticslioprovider
06-15 01:40:31.027 E/ActivityThread( 8463): Failed to find provider info for com.excean.gspace.staticslioprovider
06-15 01:40:31.051 E/ActivityThread( 8463): Failed to find provider info for com.excean.gspace.staticslioprovider
06-15 01:40:31.056 E/ActivityThread( 8463): Failed to find provider info for com.excean.gspace.staticslioprovider
06-15 01:40:31.143 E/ActivityThread( 8463): Failed to find provider info for com.excean.gspace.staticslioprovider
06-15 01:40:31.171 E/ActivityThread( 8463): Failed to find provider info for com.excean.gspace.staticslioprovider
06-15 01:40:31.181 E/ActivityThread( 8463): Failed to find provider info for com.excean.gspace.staticslioprovider
06-15 01:40:32.351 E/ActivityThread( 8463): Failed to find provider info for com.excean.gspace.staticslioprovider
06-15 01:40:32.354 E/ActivityThread( 8463): Failed to find provider info for com.excean.gspace.staticslioprovider
06-15 01:40:32.594 E/ActivityThread( 8463): Failed to find provider info for com.excean.gspace.staticslioprovider
06-15 01:40:32.604 E/ActivityThread( 8463): Failed to find provider info for com.excean.gspace.staticslioprovider
06-15 01:40:33.267 E/ActivityThread( 8463): Failed to find provider info for com.excean.gspace.staticslioprovider
06-15 01:40:33.268 E/ActivityThread( 8463): Failed to find provider info for com.excean.gspace.staticslioprovider
06-15 01:40:33.271 E/ActivityThread( 8463): Failed to find provider info for com.excean.gspace.staticslioprovider
06-15 01:40:33.271 I/chatty  ( 1685): uid=1000(system) Binder:1685_6 expire 3 lines
06-15 01:40:33.273 E/ActivityThread( 8463): Failed to find provider info for com.excean.gspace.staticslioprovider
06-15 01:40:33.289 I/chatty  ( 1685): uid=1000(system) Binder:1685_C expire 2 lines
06-15 01:40:33.353 I/chatty  ( 1685): uid=1000(system) Binder:1685_17 expire 2 lines
06-15 01:40:33.360 I/chatty  ( 1685): uid=1000(system) Binder:1685_1B expire 1 line
06-15 01:40:33.695 I/chatty  ( 1685): uid=1000(system) Binder:1685_7 expire 1 line
06-15 01:40:33.703 I/chatty  ( 1685): uid=1000(system) Binder:1685_13 expire 2 lines
06-15 01:40:33.705 I/chatty  ( 1685): uid=1000(system) Binder:1685_20 expire 4 lines
06-15 01:40:33.708 I/chatty  ( 1685): uid=1000(system) Binder:1685_4 expire 2 lines
06-15 01:40:35.320 E/ActivityThread( 8463): Failed to find provider info for com.excean.gspace.staticslioprovider
06-15 01:40:35.321 E/ActivityThread( 8463): Failed to find provider info for com.excean.gspace.staticslioprovider
06-15 01:40:35.322 E/ActivityThread( 8463): Failed to find provider info for com.excean.gspace.staticslioprovider
06-15 01:40:35.323 E/ActivityThread( 8463): Failed to find provider info for com.excean.gspace.staticslioprovider
06-15 01:40:35.324 E/ActivityThread( 8463): Failed to find provider info for com.excean.gspace.staticslioprovider
06-15 01:40:35.325 E/ActivityThread( 8463): Failed to find provider info for com.excean.gspace.staticslioprovider
06-15 01:40:35.326 E/ActivityThread( 8463): Failed to find provider info for com.excean.gspace.staticslioprovider
06-15 01:40:35.329 E/ActivityThread( 8463): Failed to find provider info for com.excean.gspace.staticslioprovider
06-15 01:40:35.875 I/chatty  ( 1685): uid=1000(system) Binder:1685_5 expire 2 lines
06-15 01:40:35.897 I/chatty  ( 1685): uid=1000(system) Binder:1685_9 expire 3 lines
06-15 01:40:36.453 E/ActivityThread( 8463): Failed to find provider info for com.excean.gspace.staticslioprovider
06-15 01:40:36.464 E/ActivityThread( 8463): Failed to find provider info for com.excean.gspace.staticslioprovider
06-15 01:40:37.268 E/ActivityThread( 8463): Failed to find provider info for com.excean.gspace.staticslioprovider
06-15 01:40:37.269 E/ActivityThread( 8463): Failed to find provider info for com.excean.gspace.staticslioprovider
06-15 01:40:37.482 I/chatty  ( 1685): uid=1000(system) ActivityManager expire 5 lines
06-15 01:40:38.960 I/chatty  ( 1685): uid=1000(system) Binder:1685_1A expire 5 lines
06-15 01:40:40.452 E/ActivityThread( 8463): Failed to find provider info for com.excean.gspace.staticslioprovider
06-15 01:40:40.456 E/ActivityThread( 8463): Failed to find provider info for com.excean.gspace.staticslioprovider
06-15 01:40:40.711 I/chatty  ( 1685): uid=1000(system) Binder:1685_15 expire 1 line
06-15 01:40:40.728 I/chatty  ( 1685): uid=1000(system) android.display expire 26 lines
06-15 01:40:40.802 E/ActivityThread( 8463): Failed to find provider info for com.excean.gspace.staticslioprovider
06-15 01:40:40.805 E/ActivityThread( 8463): Failed to find provider info for com.excean.gspace.staticslioprovider
06-15 01:40:41.268 E/ActivityThread( 8463): Failed to find provider info for com.excean.gspace.staticslioprovider
06-15 01:40:41.270 E/ActivityThread( 8463): Failed to find provider info for com.excean.gspace.staticslioprovider
06-15 01:40:41.458 E/ActivityThread( 8463): Failed to find provider info for com.excean.gspace.staticslioprovider
06-15 01:40:41.460 E/ActivityThread( 8463): Failed to find provider info for com.excean.gspace.staticslioprovider
06-15 01:40:41.461 E/ActivityThread( 8463): Failed to find provider info for com.excean.gspace.staticslioprovider
06-15 01:40:41.463 E/ActivityThread( 8463): Failed to find provider info for com.excean.gspace.staticslioprovider
06-15 01:40:41.464 E/ActivityThread( 8463): Failed to find provider info for com.excean.gspace.staticslioprovider
06-15 01:40:41.465 E/ActivityThread( 8463): Failed to find provider info for com.excean.gspace.staticslioprovider
06-15 01:40:41.467 E/ActivityThread( 8463): Failed to find provider info for com.excean.gspace.staticslioprovider
06-15 01:40:41.505 I/chatty  ( 1685): uid=1000(system) Binder:1685_10 expire 3 lines
06-15 01:40:41.831 I/chatty  ( 1685): uid=1000(system) Binder:1685_D expire 2 lines
06-15 01:40:43.186 I/chatty  ( 1685): uid=1000(system) android.display expire 55 lines
06-15 01:40:44.460 E/ActivityThread( 8463): Failed to find provider info for com.excean.gspace.staticslioprovider
06-15 01:40:44.463 E/ActivityThread( 8463): Failed to find provider info for com.excean.gspace.staticslioprovider
06-15 01:40:44.468 I/chatty  ( 1685): uid=1000(system) LazyTaskWriterT expire 2 lines
06-15 01:40:45.269 E/ActivityThread( 8463): Failed to find provider info for com.excean.gspace.staticslioprovider
06-15 01:40:45.271 E/ActivityThread( 8463): Failed to find provider info for com.excean.gspace.staticslioprovider
06-15 01:40:46.104 I/chatty  ( 1685): uid=1000(system) Binder:1685_19 expire 4 lines
06-15 01:40:46.111 I/chatty  ( 1685): uid=1000(system) Binder:1685_13 expire 1 line
06-15 01:40:46.123 I/chatty  ( 1685): uid=1000(system) Binder:1685_18 expire 1 line
06-15 01:40:46.169 I/chatty  ( 1685): uid=1000(system) Binder:1685_B expire 1 line
06-15 01:40:46.172 I/chatty  ( 1685): uid=1000(system) Binder:1685_E expire 3 lines
06-15 01:40:46.319 I/chatty  ( 1685): uid=1000(system) Binder:1685_15 expire 1 line
06-15 01:40:46.325 I/chatty  ( 1685): uid=1000(system) Binder:1685_4 expire 1 line
06-15 01:40:46.344 I/chatty  ( 1685): uid=1000(system) Binder:1685_10 expire 1 line
06-15 01:40:46.347 I/chatty  ( 1685): uid=1000(system) Binder:1685_17 expire 1 line
06-15 01:40:46.354 I/chatty  ( 1685): uid=1000(system) Binder:1685_1B expire 3 lines
06-15 01:40:47.972 I/chatty  ( 1685): uid=1000(system) Binder:1685_11 expire 3 lines
06-15 01:40:48.249 I/chatty  ( 1685): uid=1000(system) Binder:1685_16 expire 1 line
06-15 01:40:48.260 I/chatty  ( 1685): uid=1000(system) pool-3-thread-1 expire 2 lines
06-15 01:40:48.278 I/chatty  ( 1685): uid=1000(system) Binder:1685_C expire 1 line
06-15 01:40:48.354 I/chatty  ( 1685): uid=1000 system_server expire 2 lines
06-15 01:40:48.455 E/ActivityThread( 8463): Failed to find provider info for com.excean.gspace.staticslioprovider
06-15 01:40:48.461 E/ActivityThread( 8463): Failed to find provider info for com.excean.gspace.staticslioprovider
06-15 01:40:49.270 E/ActivityThread( 8463): Failed to find provider info for com.excean.gspace.staticslioprovider
06-15 01:40:49.272 E/ActivityThread( 8463): Failed to find provider info for com.excean.gspace.staticslioprovider
06-15 01:40:49.475 E/ActivityThread( 8463): Failed to find provider info for com.excean.gspace.staticslioprovider
06-15 01:40:49.482 E/ActivityThread( 8463): Failed to find provider info for com.excean.gspace.staticslioprovider
06-15 01:40:49.483 E/ActivityThread( 8463): Failed to find provider info for com.excean.gspace.staticslioprovider
06-15 01:40:49.484 E/ActivityThread( 8463): Failed to find provider info for com.excean.gspace.staticslioprovider
06-15 01:40:49.485 E/ActivityThread( 8463): Failed to find provider info for com.excean.gspace.staticslioprovider
06-15 01:40:49.487 E/ActivityThread( 8463): Failed to find provider info for com.excean.gspace.staticslioprovider
06-15 01:40:52.464 E/ActivityThread( 8463): Failed to find provider info for com.excean.gspace.staticslioprovider
06-15 01:40:52.468 E/ActivityThread( 8463): Failed to find provider info for com.excean.gspace.staticslioprovider
06-15 01:40:52.595 I/chatty  ( 1685): uid=1000(system) Binder:1685_3 expire 2 lines
06-15 01:40:52.681 I/chatty  ( 1685): uid=1000(system) Binder:1685_1F expire 1 line
06-15 01:40:52.746 I/chatty  ( 1685): uid=1000(system) Binder:1685_14 expire 1 line
06-15 01:40:52.883 I/chatty  ( 1685): uid=1000(system) PackageInstalle expire 1 line
06-15 01:40:52.892 I/chatty  ( 1685): uid=1000(system) PackageManager expire 5 lines
06-15 01:40:53.096 I/chatty  ( 1685): uid=1000(system) ActivityManager expire 1 line
06-15 01:40:53.106 I/chatty  ( 1685): uid=1000(system) Binder:1685_6 expire 3 lines
06-15 01:40:53.270 E/ActivityThread( 8463): Failed to find provider info for com.excean.gspace.staticslioprovider
06-15 01:40:53.281 E/ActivityThread( 8463): Failed to find provider info for com.excean.gspace.staticslioprovider
06-15 01:40:54.390 I/chatty  ( 1685): uid=1000(system) Binder:1685_1E expire 2 lines
06-15 01:40:54.487 I/chatty  ( 1685): uid=1000(system) Binder:1685_12 expire 2 lines
06-15 01:40:54.509 I/chatty  ( 1685): uid=1000(system) Binder:1685_1D expire 1 line
06-15 01:40:54.794 I/chatty  ( 1685): uid=1000(system) android.bg expire 3 lines
06-15 01:40:54.897 I/chatty  ( 1685): uid=1000(system) Binder:1685_3 expire 5 lines
06-15 01:40:54.917 I/chatty  ( 1685): uid=1000(system) Binder:1685_1F expire 12 lines
06-15 01:40:54.944 I/chatty  ( 1685): uid=1000(system) Binder:1685_A expire 2 lines
06-15 01:40:54.984 I/chatty  ( 1685): uid=1000(system) Binder:1685_15 expire 3 lines
06-15 01:40:55.059 I/chatty  ( 1685): uid=1000(system) Binder:1685_B expire 4 lines
06-15 01:40:55.149 I/chatty  ( 1685): uid=1000(system) Binder:1685_12 expire 1 line
06-15 01:40:55.196 I/chatty  ( 1685): uid=1000(system) Binder:1685_7 expire 3 lines
06-15 01:40:55.373 I/chatty  ( 1685): uid=1000(system) Binder:1685_18 expire 6 lines
06-15 01:40:55.434 I/chatty  ( 1685): uid=1000(system) Binder:1685_8 expire 2 lines
06-15 01:40:55.564 I/chatty  ( 1685): uid=1000(system) Binder:1685_2 expire 10 lines
06-15 01:40:55.571 I/chatty  ( 1685): uid=1000(system) android.display expire 26 lines
06-15 01:40:55.581 I/chatty  ( 1685): uid=1000(system) Binder:1685_14 expire 2 lines
06-15 01:40:56.457 E/ActivityThread( 8463): Failed to find provider info for com.excean.gspace.staticslioprovider
06-15 01:40:56.462 E/ActivityThread( 8463): Failed to find provider info for com.excean.gspace.staticslioprovider
06-15 01:40:56.546 I/chatty  ( 1685): uid=1000(system) ActivityManager expire 8 lines
06-15 01:40:56.562 I/chatty  ( 1685): uid=1000(system) Binder:1685_16 expire 2 lines
06-15 01:40:56.918 I/chatty  ( 1685): uid=1000(system) LazyTaskWriterT expire 3 lines
06-15 01:40:57.107 I/chatty  ( 1685): uid=1000(system) backup expire 1 line
06-15 01:40:57.278 E/ActivityThread( 8463): Failed to find provider info for com.excean.gspace.staticslioprovider
06-15 01:40:57.281 E/ActivityThread( 8463): Failed to find provider info for com.excean.gspace.staticslioprovider
06-15 01:40:57.467 E/ActivityThread( 8463): Failed to find provider info for com.excean.gspace.staticslioprovider
06-15 01:40:57.470 E/ActivityThread( 8463): Failed to find provider info for com.excean.gspace.staticslioprovider
06-15 01:40:57.472 E/ActivityThread( 8463): Failed to find provider info for com.excean.gspace.staticslioprovider
06-15 01:40:57.473 E/ActivityThread( 8463): Failed to find provider info for com.excean.gspace.staticslioprovider
06-15 01:40:57.476 E/ActivityThread( 8463): Failed to find provider info for com.excean.gspace.staticslioprovider
06-15 01:40:57.478 E/ActivityThread( 8463): Failed to find provider info for com.excean.gspace.staticslioprovider
06-15 01:40:57.480 E/ActivityThread( 8463): Failed to find provider info for com.excean.gspace.staticslioprovider
06-15 01:40:57.783 E/ActivityThread( 8463): Failed to find provider info for com.excean.gspace.staticslioprovider
06-15 01:40:57.799 E/ActivityThread( 8463): Failed to find provider info for com.excean.gspace.staticslioprovider
06-15 01:40:57.811 I/chatty  ( 1685): uid=1000(system) Binder:1685_13 expire 3 lines
06-15 01:41:01.281 E/ActivityThread( 8463): Failed to find provider info for com.excean.gspace.staticslioprovider
06-15 01:41:01.287 E/ActivityThread( 8463): Failed to find provider info for com.excean.gspace.staticslioprovider
06-15 01:41:02.715 I/chatty  ( 1685): uid=1000(system) Binder:1685_C expire 3 lines
06-15 01:41:02.770 I/chatty  ( 1685): uid=1000(system) Binder:1685_19 expire 1 line
06-15 01:41:02.773 I/chatty  ( 1685): uid=1000(system) BroadcastQueue expire 1 line
06-15 01:41:02.797 E/ActivityThread( 8463): Failed to find provider info for com.excean.gspace.staticslioprovider
06-15 01:41:02.798 E/ActivityThread( 8463): Failed to find provider info for com.excean.gspace.staticslioprovider
06-15 01:41:02.798 E/ActivityThread( 8463): Failed to find provider info for com.excean.gspace.staticslioprovider
06-15 01:41:02.799 E/ActivityThread( 8463): Failed to find provider info for com.excean.gspace.staticslioprovider
06-15 01:41:02.800 E/ActivityThread( 8463): Failed to find provider info for com.excean.gspace.staticslioprovider
06-15 01:41:02.801 E/ActivityThread( 8463): Failed to find provider info for com.excean.gspace.staticslioprovider
06-15 01:41:02.838 I/chatty  ( 1685): uid=1000(system) Binder:1685_1B expire 2 lines
06-15 01:41:02.843 I/chatty  ( 1685): uid=1000(system) Binder:1685_E expire 3 lines
06-15 01:41:02.919 I/chatty  ( 1685): uid=1000(system) PackageManager expire 1 line
06-15 01:41:04.827 E/ActivityThread( 8463): Failed to find provider info for com.excean.gspace.staticslioprovider
06-15 01:41:04.831 E/ActivityThread( 8463): Failed to find provider info for com.excean.gspace.staticslioprovider
06-15 01:41:05.122 E/ActivityThread( 8463): Failed to find provider info for com.excean.gspace.staticslioprovider
06-15 01:41:05.126 E/ActivityThread( 8463): Failed to find provider info for com.excean.gspace.staticslioprovider
06-15 01:41:05.269 E/ActivityThread( 8463): Failed to find provider info for com.excean.gspace.staticslioprovider
06-15 01:41:05.272 E/ActivityThread( 8463): Failed to find provider info for com.excean.gspace.staticslioprovider
06-15 01:41:05.729 E/ActivityThread( 8463): Failed to find provider info for com.excean.gspace.staticslioprovider
06-15 01:41:05.732 E/ActivityThread( 8463): Failed to find provider info for com.excean.gspace.staticslioprovider
06-15 01:41:05.798 I/chatty  ( 1685): uid=1000(system) Binder:1685_F expire 1 line
06-15 01:41:06.434 E/ActivityThread( 8463): Failed to find provider info for com.excean.gspace.staticslioprovider
06-15 01:41:06.436 E/ActivityThread( 8463): Failed to find provider info for com.excean.gspace.staticslioprovider
06-15 01:41:06.717 I/chatty  ( 1685): uid=1000(system) Binder:1685_6 expire 5 lines
06-15 01:41:06.759 I/chatty  ( 1685): uid=1000(system) android.display expire 28 lines
06-15 01:41:08.054 E/ActivityThread( 8463): Failed to find provider info for com.excean.gspace.staticslioprovider
06-15 01:41:08.058 E/ActivityThread( 8463): Failed to find provider info for com.excean.gspace.staticslioprovider
06-15 01:41:08.476 I/chatty  ( 1685): uid=1000(system) Binder:1685_10 expire 1 line
06-15 01:41:08.486 E/ActivityThread( 9219): Failed to find provider info for com.excean.gspace.b64.staticslioprovider
06-15 01:41:08.494 E/ActivityThread( 9219): Failed to find provider info for com.excean.gspace.b64.staticslioprovider
06-15 01:41:08.619 I/chatty  ( 1685): uid=1000(system) Binder:1685_4 expire 1 line
06-15 01:41:08.636 I/chatty  ( 1685): uid=1000(system) Binder:1685_1 expire 1 line
06-15 01:41:08.852 E/ActivityThread( 9219): Failed to find provider info for com.excean.gspace.b64.staticslioprovider
06-15 01:41:08.860 D/ActivityThread( 9340): Loading provider com.excean.gspace.b64:com.excelliance.kxqp.platform.PluginManagerProvider: com.excelliance.kxqp.platform.PluginManagerProvider
06-15 01:41:08.885 I/chatty  ( 1685): uid=1000(system) Binder:1685_1A expire 1 line
06-15 01:41:08.904 E/ActivityThread( 9219): Failed to find provider info for com.excean.gspace.b64.staticslioprovider
06-15 01:41:08.912 E/ActivityThread( 9219): Failed to find provider info for com.excean.gspace.b64.staticslioprovider
06-15 01:41:08.923 I/chatty  ( 1685): uid=1000(system) android.io expire 2 lines
06-15 01:41:08.926 I/chatty  ( 1685): uid=1000(system) Binder:1685_17 expire 1 line
06-15 01:41:09.133 I/chatty  ( 1685): uid=1000(system) Binder:1685_11 expire 1 line
06-15 01:41:09.253 E/ActivityThread( 9219): Failed to find provider info for com.excean.gspace.b64.staticslioprovider
06-15 01:41:09.258 I/chatty  ( 1685): uid=1000(system) Binder:1685_9 expire 1 line
06-15 01:41:09.279 E/ActivityThread( 9219): Failed to find provider info for com.excean.gspace.b64.staticslioprovider
06-15 01:41:09.279 E/ActivityThread( 9219): Failed to find provider info for com.excean.gspace.b64.staticslioprovider
06-15 01:41:09.294 E/ActivityThread( 8463): Failed to find provider info for com.excean.gspace.staticslioprovider
06-15 01:41:09.297 E/ActivityThread( 8463): Failed to find provider info for com.excean.gspace.staticslioprovider
06-15 01:41:09.438 E/ActivityThread( 8463): Failed to find provider info for com.excean.gspace.staticslioprovider
06-15 01:41:09.447 I/chatty  ( 1685): uid=1000 system_server expire 5 lines
06-15 01:41:09.459 E/ActivityThread( 8463): Failed to find provider info for com.excean.gspace.staticslioprovider
06-15 01:41:09.461 E/ActivityThread( 9219): Failed to find provider info for com.excean.gspace.b64.staticslioprovider
06-15 01:41:09.464 E/ActivityThread( 9219): Failed to find provider info for com.excean.gspace.b64.staticslioprovider
06-15 01:41:09.687 E/ActivityThread( 8463): Failed to find provider info for com.excean.gspace.staticslioprovider
06-15 01:41:09.694 E/ActivityThread( 8463): Failed to find provider info for com.excean.gspace.staticslioprovider
06-15 01:41:09.840 E/ActivityThread( 8463): Failed to find provider info for com.excean.gspace.staticslioprovider
06-15 01:41:09.847 E/ActivityThread( 8463): Failed to find provider info for com.excean.gspace.staticslioprovider
06-15 01:41:09.852 E/ActivityThread( 8463): Failed to find provider info for com.excean.gspace.staticslioprovider
06-15 01:41:09.856 E/ActivityThread( 8463): Failed to find provider info for com.excean.gspace.staticslioprovider
06-15 01:41:09.857 E/ActivityThread( 8463): Failed to find provider info for com.excean.gspace.staticslioprovider
06-15 01:41:09.858 E/ActivityThread( 8463): Failed to find provider info for com.excean.gspace.staticslioprovider
06-15 01:41:09.859 E/ActivityThread( 8463): Failed to find provider info for com.excean.gspace.staticslioprovider
06-15 01:41:09.891 I/chatty  ( 1685): uid=1000(system) Binder:1685_1F expire 5 lines
06-15 01:41:10.613 E/ActivityThread( 9219): Failed to find provider info for com.excean.gspace.b64.staticslioprovider
06-15 01:41:10.617 E/ActivityThread( 9219): Failed to find provider info for com.excean.gspace.b64.staticslioprovider
06-15 01:41:13.301 E/ActivityThread( 8463): Failed to find provider info for com.excean.gspace.staticslioprovider
06-15 01:41:13.317 E/ActivityThread( 8463): Failed to find provider info for com.excean.gspace.staticslioprovider
06-15 01:41:13.491 E/ActivityThread( 8463): Failed to find provider info for com.excean.gspace.staticslioprovider
06-15 01:41:13.498 E/ActivityThread( 8463): Failed to find provider info for com.excean.gspace.staticslioprovider
06-15 01:41:13.759 E/ActivityThread( 9219): Failed to find provider info for com.excean.gspace.b64.staticslioprovider
06-15 01:41:13.763 E/ActivityThread( 9219): Failed to find provider info for com.excean.gspace.b64.staticslioprovider
06-15 01:41:13.769 E/ActivityThread( 9219): Failed to find provider info for com.excean.gspace.b64.staticslioprovider
06-15 01:41:13.774 E/ActivityThread( 9219): Failed to find provider info for com.excean.gspace.b64.staticslioprovider
06-15 01:41:13.776 E/ActivityThread( 9219): Failed to find provider info for com.excean.gspace.b64.staticslioprovider
06-15 01:41:13.782 E/ActivityThread( 9219): Failed to find provider info for com.excean.gspace.b64.staticslioprovider
06-15 01:41:14.791 E/ActivityThread( 9219): Failed to find provider info for com.excean.gspace.b64.staticslioprovider
06-15 01:41:14.794 E/ActivityThread( 9219): Failed to find provider info for com.excean.gspace.b64.staticslioprovider
06-15 01:41:17.272 E/ActivityThread( 8463): Failed to find provider info for com.excean.gspace.staticslioprovider
06-15 01:41:17.274 E/ActivityThread( 8463): Failed to find provider info for com.excean.gspace.staticslioprovider
06-15 01:41:17.432 E/ActivityThread( 8463): Failed to find provider info for com.excean.gspace.staticslioprovider
06-15 01:41:17.434 E/ActivityThread( 8463): Failed to find provider info for com.excean.gspace.staticslioprovider
06-15 01:41:18.289 E/ActivityThread( 8463): Failed to find provider info for com.excean.gspace.staticslioprovider
06-15 01:41:18.291 E/ActivityThread( 8463): Failed to find provider info for com.excean.gspace.staticslioprovider
06-15 01:41:18.293 E/ActivityThread( 8463): Failed to find provider info for com.excean.gspace.staticslioprovider
06-15 01:41:18.295 E/ActivityThread( 8463): Failed to find provider info for com.excean.gspace.staticslioprovider
06-15 01:41:18.297 E/ActivityThread( 8463): Failed to find provider info for com.excean.gspace.staticslioprovider
06-15 01:41:18.299 E/ActivityThread( 8463): Failed to find provider info for com.excean.gspace.staticslioprovider
06-15 01:41:19.802 E/ActivityThread( 9219): Failed to find provider info for com.excean.gspace.b64.staticslioprovider
06-15 01:41:19.804 E/ActivityThread( 9219): Failed to find provider info for com.excean.gspace.b64.staticslioprovider
06-15 01:41:19.816 E/ActivityThread( 9219): Failed to find provider info for com.excean.gspace.b64.staticslioprovider
06-15 01:41:19.820 E/ActivityThread( 9219): Failed to find provider info for com.excean.gspace.b64.staticslioprovider
06-15 01:41:19.822 E/ActivityThread( 9219): Failed to find provider info for com.excean.gspace.b64.staticslioprovider
06-15 01:41:19.823 E/ActivityThread( 9219): Failed to find provider info for com.excean.gspace.b64.staticslioprovider
06-15 01:41:19.828 E/ActivityThread( 9219): Failed to find provider info for com.excean.gspace.b64.staticslioprovider
06-15 01:41:20.423 E/ActivityThread( 9219): Failed to find provider info for com.excean.gspace.b64.staticslioprovider
06-15 01:41:20.427 E/ActivityThread( 9219): Failed to find provider info for com.excean.gspace.b64.staticslioprovider
06-15 01:41:20.491 E/ActivityThread( 8463): Failed to find provider info for com.excean.gspace.staticslioprovider
06-15 01:41:20.498 E/ActivityThread( 8463): Failed to find provider info for com.excean.gspace.staticslioprovider
06-15 01:41:20.656 I/chatty  ( 1685): uid=1000(system) Binder:1685_2 expire 2 lines
06-15 01:41:21.088 E/ActivityThread( 9219): Failed to find provider info for com.excean.gspace.b64.staticslioprovider
06-15 01:41:21.097 E/ActivityThread( 9219): Failed to find provider info for com.excean.gspace.b64.staticslioprovider
06-15 01:41:21.114 E/ActivityThread( 9219): Failed to find provider info for com.excean.gspace.b64.staticslioprovider
06-15 01:41:21.116 E/ActivityThread( 9219): Failed to find provider info for com.excean.gspace.b64.staticslioprovider
06-15 01:41:21.152 I/chatty  ( 1685): uid=1000(system) android.display expire 12 lines
06-15 01:41:21.311 E/ActivityThread( 8463): Failed to find provider info for com.excean.gspace.staticslioprovider
06-15 01:41:21.318 E/ActivityThread( 8463): Failed to find provider info for com.excean.gspace.staticslioprovider
06-15 01:41:21.877 E/ActivityThread( 8463): Failed to find provider info for com.excean.gspace.staticslioprovider
06-15 01:41:21.888 E/ActivityThread( 8463): Failed to find provider info for com.excean.gspace.staticslioprovider
06-15 01:41:21.893 E/ActivityThread( 8463): Failed to find provider info for com.excean.gspace.staticslioprovider
06-15 01:41:21.897 E/ActivityThread( 8463): Failed to find provider info for com.excean.gspace.staticslioprovider
06-15 01:41:21.905 E/ActivityThread( 8463): Failed to find provider info for com.excean.gspace.staticslioprovider
06-15 01:41:21.909 E/ActivityThread( 8463): Failed to find provider info for com.excean.gspace.staticslioprovider
06-15 01:41:22.156 I/chatty  ( 1685): uid=1000(system) Binder:1685_1 expire 2 lines
06-15 01:41:22.367 I/chatty  ( 1685): uid=1000(system) Binder:1685_3 expire 5 lines
06-15 01:41:22.508 I/chatty  ( 1685): uid=1000(system) Binder:1685_F expire 3 lines
06-15 01:41:22.998 D/ActivityThread( 9680): Loading provider com.google.android.finsky.FileProvider: android.support.v4.content.FileProvider
06-15 01:41:23.005 D/ActivityThread( 9680): Loading provider com.android.vending.addtohomescreen: com.google.android.finsky.addtohomescreen.AddToHomeScreenSettingProvider
06-15 01:41:23.006 D/ActivityThread( 9680): Loading provider com.google.android.finsky.RecentSuggestionsProvider: com.google.android.finsky.search.RecentSuggestionsProvider
06-15 01:41:23.007 D/ActivityThread( 9680): Loading provider com.google.android.finsky.verifier: com.google.android.finsky.verifier.impl.VerifyAppsContentProvider
06-15 01:41:23.239 I/chatty  ( 1685): uid=1000(system) Binder:1685_11 expire 5 lines
06-15 01:41:23.541 I/chatty  ( 1685): uid=1000(system) Binder:1685_A expire 2 lines
06-15 01:41:23.997 D/ActivityThread( 9709): Loading provider com.google.android.gsf.gservices: com.google.android.gsf.gservices.GservicesProvider
06-15 01:41:24.024 E/ActivityThread( 8463): Failed to find provider info for com.excean.gspace.staticslioprovider
06-15 01:41:24.027 E/ActivityThread( 8463): Failed to find provider info for com.excean.gspace.staticslioprovider
06-15 01:41:24.049 D/ActivityThread( 9709): Loading provider com.google.settings: com.google.android.gsf.settings.GoogleSettingsProvider
06-15 01:41:24.050 D/ActivityThread( 9709): Loading provider subscribedfeeds: com.google.android.gsf.subscribedfeeds.SubscribedFeedsProvider
06-15 01:41:24.494 I/chatty  ( 1685): uid=1000(system) batterystats-sy expire 3 lines
06-15 01:41:24.694 I/chatty  ( 1685): uid=1000(system) Binder:1685_19 expire 5 lines
06-15 01:41:24.709 I/chatty  ( 1685): uid=1000 system_server expire 2 lines
06-15 01:41:25.273 E/ActivityThread( 8463): Failed to find provider info for com.excean.gspace.staticslioprovider
06-15 01:41:25.278 E/ActivityThread( 8463): Failed to find provider info for com.excean.gspace.staticslioprovider
06-15 01:41:25.426 E/ActivityThread( 9219): Failed to find provider info for com.excean.gspace.b64.staticslioprovider
06-15 01:41:25.429 E/ActivityThread( 9219): Failed to find provider info for com.excean.gspace.b64.staticslioprovider
06-15 01:41:25.430 E/ActivityThread( 9219): Failed to find provider info for com.excean.gspace.b64.staticslioprovider
06-15 01:41:25.433 E/ActivityThread( 9219): Failed to find provider info for com.excean.gspace.b64.staticslioprovider
06-15 01:41:25.437 E/ActivityThread( 9219): Failed to find provider info for com.excean.gspace.b64.staticslioprovider
06-15 01:41:25.438 E/ActivityThread( 9219): Failed to find provider info for com.excean.gspace.b64.staticslioprovider
06-15 01:41:25.495 E/ActivityThread( 8463): Failed to find provider info for com.excean.gspace.staticslioprovider
06-15 01:41:25.500 E/ActivityThread( 8463): Failed to find provider info for com.excean.gspace.staticslioprovider
06-15 01:41:25.501 E/ActivityThread( 8463): Failed to find provider info for com.excean.gspace.staticslioprovider
06-15 01:41:25.505 E/ActivityThread( 8463): Failed to find provider info for com.excean.gspace.staticslioprovider
06-15 01:41:25.507 E/ActivityThread( 8463): Failed to find provider info for com.excean.gspace.staticslioprovider
06-15 01:41:25.509 E/ActivityThread( 8463): Failed to find provider info for com.excean.gspace.staticslioprovider
06-15 01:41:25.512 E/ActivityThread( 8463): Failed to find provider info for com.excean.gspace.staticslioprovider
06-15 01:41:25.986 I/chatty  ( 1685): uid=1000(system) Binder:1685_C expire 3 lines
06-15 01:41:26.378 I/chatty  ( 1685): uid=1000(system) Binder:1685_14 expire 2 lines
06-15 01:41:26.630 I/chatty  ( 1685): uid=1000(system) Binder:1685_8 expire 1 line
06-15 01:41:26.633 I/chatty  ( 1685): uid=1000(system) Binder:1685_16 expire 3 lines
06-15 01:41:26.853 D/ActivityThread( 9777): Loading provider downloads: com.android.providers.downloads.DownloadProvider
06-15 01:41:27.045 I/chatty  ( 1685): uid=1000(system) Binder:1685_17 expire 3 lines
06-15 01:41:27.084 I/chatty  ( 1685): uid=1000(system) Binder:1685_1E expire 5 lines
06-15 01:41:27.373 I/chatty  ( 1685): uid=1000(system) Binder:1685_1D expire 3 lines
06-15 01:41:27.417 I/chatty  ( 1685): uid=1000(system) Binder:1685_1C expire 5 lines
06-15 01:41:28.044 I/chatty  ( 1685): uid=1000(system) Binder:1685_E expire 1 line
06-15 01:41:28.117 E/ActivityThread( 8463): Failed to find provider info for com.excean.gspace.staticslioprovider
06-15 01:41:28.154 I/chatty  ( 1685): uid=1000(system) Binder:1685_2 expire 4 lines
06-15 01:41:28.205 E/ActivityThread( 8463): Failed to find provider info for com.excean.gspace.staticslioprovider
06-15 01:41:28.215 D/ActivityThread( 9814): Loading provider com.google.android.gms.auth.accountstate: com.google.android.gms.auth.account.be.accountstate.AccountStateContentProvider
06-15 01:41:28.219 D/ActivityThread( 9814): Loading provider com.google.android.gms.auth.confirm: com.google.android.gms.auth.account.be.accountstate.CredentialStateContentProvider
06-15 01:41:28.219 D/ActivityThread( 9814): Loading provider com.google.android.gms.auth.accounts: com.google.android.gms.auth.account.be.legacy.AccountContentProvider
06-15 01:41:28.222 D/ActivityThread( 9814): Loading provider com.google.android.chimera;com.google.android.gms.chimera: com.google.android.gms.chimera.container.GmsModuleProvider
06-15 01:41:28.290 I/chatty  ( 1685): uid=1000(system) Binder:1685_B expire 1 line
06-15 01:41:28.297 D/ActivityThread( 9802): Loading provider com.google.android.gms.fitness.fileprovider: android.support.v4.content.FileProvider
06-15 01:41:28.302 D/ActivityThread( 9802): Loading provider com.google.android.gms.ads.adinfo: com.google.android.gms.ads.adinfo.AdvertisingInfoContentProvider
06-15 01:41:28.304 D/ActivityThread( 9802): Loading provider com.google.android.gms.appstate: com.google.android.gms.appstate.provider.AppStateContentProvider
06-15 01:41:28.304 D/ActivityThread( 9802): Loading provider com.google.android.gms.auth.api.credentials.be.persistence.TemporaryValueProvider: com.google.android.gms.auth.api.credentials.be.persistence.TemporaryValueProvider
06-15 01:41:28.304 D/ActivityThread( 9802): Loading provider com.google.android.gms.auth.api.credentials: com.google.android.gms.auth.api.credentials.sync.CredentialContentProvider
06-15 01:41:28.305 D/ActivityThread( 9802): Loading provider com.google.android.gms.autofill: com.google.android.gms.autofill.content.AutofillContentProvider
06-15 01:41:28.305 D/ActivityThread( 9802): Loading provider com.google.android.gms.car.fileprovider: com.google.android.gms.car.CarFileProvider
06-15 01:41:28.312 D/ActivityThread( 9802): Loading provider com.google.android.gms.chromesync: com.google.android.gms.chromesync.sync.SyncContentProvider
06-15 01:41:28.313 D/ActivityThread( 9802): Loading provider com.google.android.gms.download: com.google.android.gms.common.download.provider.DownloadsProvider
06-15 01:41:28.313 D/ActivityThread( 9802): Loading provider com.google.android.gms.common.stats.net.contentprovider: com.google.android.gms.common.stats.net.contentprovider.NetworkUsageContentProvider
06-15 01:41:28.313 D/ActivityThread( 9802): Loading provider com.google.android.gms.drive.sync: com.google.android.gms.drive.metadata.sync.syncadapter.StubContentProvider
06-15 01:41:28.314 D/ActivityThread( 9802): Loading provider com.google.android.gms.fonts: com.google.android.gms.fonts.provider.FontsProvider
06-15 01:41:28.314 D/ActivityThread( 9802): Loading provider com.google.android.gms.games.background: com.google.android.gms.games.chimera.GamesContentProviderProxy
06-15 01:41:28.314 D/ActivityThread( 9802): Loading provider com.google.android.gms.icing.indexapi: com.google.android.gms.icing.indexapi.IndexApiContentProvider
06-15 01:41:28.314 D/ActivityThread( 9802): Loading provider com.google.android.gms.icing.proxy.apps: com.google.android.gms.icing.proxy.AppsContentProvider
06-15 01:41:28.314 D/ActivityThread( 9802): Loading provider com.google.android.gms.icing.proxy: com.google.android.gms.icing.proxy.InternalIcingCorporaProvider
06-15 01:41:28.314 D/ActivityThread( 9802): Loading provider com.google.android.gms.icing.proxy.sms: com.google.android.gms.icing.proxy.SmsContentProvider
06-15 01:41:28.314 D/ActivityThread( 9802): Loading provider com.google.android.gms.icing.proxy.suggest_query: com.google.android.gms.icing.proxy.SuggestQueryContentProvider
06-15 01:41:28.315 D/ActivityThread( 9802): Loading provider com.google.android.gms.matchstick.appdataprovider: com.google.android.gms.matchstick.data.AppDataProvider
06-15 01:41:28.315 D/ActivityThread( 9814): Loading provider com.google.android.gms.fitness: com.google.android.gms.fitness.sync.FitnessContentProvider
06-15 01:41:28.315 D/ActivityThread( 9802): Loading provider com.google.android.gms.matchstick.dataprovider: com.google.android.gms.matchstick.data.DatabaseProvider
06-15 01:41:28.315 D/ActivityThread( 9802): Loading provider com.google.android.gms.people.profile.fileprovider: com.google.android.gms.people.profile.AvatarFileProvider
06-15 01:41:28.315 D/ActivityThread( 9814): Loading provider com.google.android.gms.instantapps.provider.api: com.google.android.gms.instantapps.routing.InstantAppsContentProvider
06-15 01:41:28.315 D/ActivityThread( 9802): Loading provider com.google.android.gms.people: com.google.android.gms.people.service.PeopleContentProvider
06-15 01:41:28.315 D/ActivityThread( 9802): Loading provider com.google.android.gms.people.gal.provider: com.google.android.gms.people.service.PeopleGalProvider
06-15 01:41:28.315 D/ActivityThread( 9802): Loading provider com.google.android.gms.plus;com.google.android.gms.plus.action: com.google.android.gms.plus.provider.PlusProvider
06-15 01:41:28.315 D/ActivityThread( 9802): Loading provider com.google.android.gms.reminders: com.google.android.gms.reminders.provider.RemindersProvider
06-15 01:41:28.316 D/ActivityThread( 9802): Loading provider com.google.android.gms.subscribedfeeds: com.google.android.gms.subscribedfeeds.GmsSubscribedFeedsProvider
06-15 01:41:28.316 D/ActivityThread( 9814): Loading provider com.google.android.gms.phenotype: com.google.android.gms.phenotype.provider.ConfigurationProvider
06-15 01:41:28.316 D/ActivityThread( 9802): Loading provider com.google.android.gms.thunderbird.config: com.google.android.gms.thunderbird.config.EmergencyConfigContentProvider
06-15 01:41:28.316 D/ActivityThread( 9814): Loading provider com.google.android.gms.security.provider: com.google.android.gms.security.provider.SecurityProvider
06-15 01:41:28.316 D/ActivityThread( 9802): Loading provider com.google.android.gms.wallet.fileprovider: com.google.android.gms.wallet.provider.WalletFileProvider
06-15 01:41:28.316 D/ActivityThread( 9814): Loading provider com.google.android.gms.trustagent.framework.model.be.provider: com.google.android.gms.trustagent.framework.model.be.ModelContentProvider
06-15 01:41:28.316 D/ActivityThread( 9814): Loading provider com.google.android.location.internal: com.google.android.location.internal.LocationContentProvider
06-15 01:41:28.325 D/ActivityThread( 9814): Loading provider com.google.android.location.reporting: com.google.android.location.reporting.service.utils.ReportingContentProvider
06-15 01:41:28.325 D/ActivityThread( 9802): Loading provider com.google.android.gms.wallet: com.google.android.gms.wallet.setupwizard.PaymentsSetupWizardSuggestionStateProvider
06-15 01:41:28.325 D/ActivityThread( 9802): Loading provider com.google.android.gms.photos.iu.EsGoogleIuProvider: com.google.android.libraries.social.autobackup.AutoBackupProvider
06-15 01:41:28.325 D/ActivityThread( 9802): Loading provider com.google.android.location.internal.server.fileprovider: com.google.android.location.internal.server.HistorianFileProvider
06-15 01:41:28.531 E/ActivityThread( 9219): Failed to find provider info for com.excean.gspace.b64.staticslioprovider
06-15 01:41:28.547 E/ActivityThread( 9219): Failed to find provider info for com.excean.gspace.b64.staticslioprovider
06-15 01:41:28.874 E/ActivityThread( 9219): Failed to find provider info for com.excean.gspace.b64.staticslioprovider
06-15 01:41:28.883 E/ActivityThread( 9219): Failed to find provider info for com.excean.gspace.b64.staticslioprovider
06-15 01:41:29.271 E/ActivityThread( 8463): Failed to find provider info for com.excean.gspace.staticslioprovider
06-15 01:41:29.275 E/ActivityThread( 8463): Failed to find provider info for com.excean.gspace.staticslioprovider
06-15 01:41:29.503 I/chatty  ( 1685): uid=1000(system) BroadcastQueue expire 7 lines
06-15 01:41:29.757 I/chatty  ( 1685): uid=1000(system) BpmThread expire 1 line
06-15 01:41:30.665 W/ActivityThread( 9814): Content provider com.google.android.gsf.gservices.GservicesProvider already published as com.google.android.gsf.gservices
06-15 01:41:31.791 W/ActivityThread( 9814): Content provider com.google.android.gsf.gservices.GservicesProvider already published as com.google.android.gsf.gservices
06-15 01:41:31.814 W/ActivityThread( 9814): Content provider com.google.android.gsf.gservices.GservicesProvider already published as com.google.android.gsf.gservices
06-15 01:41:32.869 E/ActivityThread( 9219): Failed to find provider info for com.excean.gspace.b64.staticslioprovider
06-15 01:41:32.886 E/ActivityThread( 9219): Failed to find provider info for com.excean.gspace.b64.staticslioprovider
06-15 01:41:32.894 E/ActivityThread( 9219): Failed to find provider info for com.excean.gspace.b64.staticslioprovider
06-15 01:41:32.898 E/ActivityThread( 9219): Failed to find provider info for com.excean.gspace.b64.staticslioprovider
06-15 01:41:32.902 E/ActivityThread( 9219): Failed to find provider info for com.excean.gspace.b64.staticslioprovider
06-15 01:41:32.907 E/ActivityThread( 9219): Failed to find provider info for com.excean.gspace.b64.staticslioprovider
06-15 01:41:33.033 E/ActivityThread( 8463): Failed to find provider info for com.excean.gspace.staticslioprovider
06-15 01:41:33.040 E/ActivityThread( 8463): Failed to find provider info for com.excean.gspace.staticslioprovider
06-15 01:41:33.043 E/ActivityThread( 8463): Failed to find provider info for com.excean.gspace.staticslioprovider
06-15 01:41:33.047 E/ActivityThread( 8463): Failed to find provider info for com.excean.gspace.staticslioprovider
06-15 01:41:33.049 E/ActivityThread( 8463): Failed to find provider info for com.excean.gspace.staticslioprovider
06-15 01:41:33.058 E/ActivityThread( 8463): Failed to find provider info for com.excean.gspace.staticslioprovider
06-15 01:41:33.518 E/ActivityThread( 9219): Failed to find provider info for com.excean.gspace.b64.staticslioprovider
06-15 01:41:33.521 E/ActivityThread( 9219): Failed to find provider info for com.excean.gspace.b64.staticslioprovider
06-15 01:41:33.523 E/ActivityThread( 9219): Failed to find provider info for com.excean.gspace.b64.staticslioprovider
06-15 01:41:33.525 E/ActivityThread( 9219): Failed to find provider info for com.excean.gspace.b64.staticslioprovider
06-15 01:41:33.527 E/ActivityThread( 9219): Failed to find provider info for com.excean.gspace.b64.staticslioprovider
06-15 01:41:33.532 E/ActivityThread( 9219): Failed to find provider info for com.excean.gspace.b64.staticslioprovider
06-15 01:41:33.534 E/ActivityThread( 9219): Failed to find provider info for com.excean.gspace.b64.staticslioprovider
06-15 01:41:34.320 I/chatty  ( 1685): uid=1000(system) Binder:1685_20 expire 2 lines
06-15 01:41:34.441 W/ActivityThread( 9680): Content provider com.google.android.gsf.gservices.GservicesProvider already published as com.google.android.gsf.gservices
06-15 01:41:34.802 I/chatty  ( 1685): uid=1000(system) Binder:1685_18 expire 1 line
06-15 01:41:35.508 I/chatty  ( 1685): uid=1000(system) Binder:1685_D expire 1 line
06-15 01:41:35.613 I/chatty  ( 1685): uid=1000(system) Binder:1685_4 expire 2 lines
06-15 01:41:35.648 I/chatty  ( 1685): uid=1000(system) Binder:1685_9 expire 1 line
06-15 01:41:36.117 W/ActivityThread( 9978): Content provider com.google.android.gsf.gservices.GservicesProvider already published as com.google.android.gsf.gservices
06-15 01:41:36.278 I/chatty  ( 1685): uid=1000(system) Binder:1685_6 expire 5 lines
06-15 01:41:36.534 I/chatty  ( 1685): uid=1000(system) android.io expire 2 lines
06-15 01:41:36.717 W/ActivityThread( 9814): Content provider com.google.android.gsf.gservices.GservicesProvider already published as com.google.android.gsf.gservices
06-15 01:41:36.730 W/ActivityThread( 9814): Content provider com.google.android.gsf.gservices.GservicesProvider already published as com.google.android.gsf.gservices
06-15 01:41:36.871 E/ActivityThread( 9219): Failed to find provider info for com.excean.gspace.b64.staticslioprovider
06-15 01:41:36.874 E/ActivityThread( 9219): Failed to find provider info for com.excean.gspace.b64.staticslioprovider
06-15 01:41:36.887 E/ActivityThread( 9219): Failed to find provider info for com.excean.gspace.b64.staticslioprovider
06-15 01:41:36.893 E/ActivityThread( 9219): Failed to find provider info for com.excean.gspace.b64.staticslioprovider
06-15 01:41:36.907 E/ActivityThread( 9219): Failed to find provider info for com.excean.gspace.b64.staticslioprovider
06-15 01:41:36.909 E/ActivityThread( 9219): Failed to find provider info for com.excean.gspace.b64.staticslioprovider
06-15 01:41:37.393 W/ActivityThread( 9814): Content provider com.google.android.gsf.gservices.GservicesProvider already published as com.google.android.gsf.gservices
06-15 01:41:38.102 E/ActivityThread( 8463): Failed to find provider info for com.excean.gspace.staticslioprovider
06-15 01:41:38.138 E/ActivityThread( 8463): Failed to find provider info for com.excean.gspace.staticslioprovider
06-15 01:41:38.143 E/ActivityThread( 8463): Failed to find provider info for com.excean.gspace.staticslioprovider
06-15 01:41:38.178 E/ActivityThread( 8463): Failed to find provider info for com.excean.gspace.staticslioprovider
06-15 01:41:38.181 E/ActivityThread( 8463): Failed to find provider info for com.excean.gspace.staticslioprovider
06-15 01:41:38.183 E/ActivityThread( 8463): Failed to find provider info for com.excean.gspace.staticslioprovider
06-15 01:41:38.185 E/ActivityThread( 8463): Failed to find provider info for com.excean.gspace.staticslioprovider
06-15 01:41:38.259 I/chatty  ( 1685): uid=1000(system) Binder:1685_7 expire 4 lines
06-15 01:41:38.512 E/ActivityThread( 9219): Failed to find provider info for com.excean.gspace.b64.staticslioprovider
06-15 01:41:38.515 I/chatty  ( 1685): uid=1000(system) Binder:1685_10 expire 5 lines
06-15 01:41:38.525 E/ActivityThread( 9219): Failed to find provider info for com.excean.gspace.b64.staticslioprovider
06-15 01:41:38.533 I/chatty  ( 1685): uid=1000(system) android.display expire 3 lines
06-15 01:41:38.596 E/ActivityThread( 9219): Failed to find provider info for com.excean.gspace.b64.staticslioprovider
