--------- beginning of system
06-15 11:23:19.779 I/ActivityManager( 1685): Start proc 30019:com.excelliance.dualaid/u0a1060 for service com.excelliance.dualaid/com.excelliance.kxqp.SmtServService
06-15 11:23:19.858 V/WindowManager( 1685): reevaluateVisibility focusApp:AppWindowToken{6abd59f token=Token{d42e33e ActivityRecord{a4337f9 u0 com.excelliance.dualaid/com.excelliance.kxqp.swipe.NavActivity2 t21026}}}
06-15 11:23:19.971 V/WindowManager( 1685): Changing focus from null to Window{5ded784 u0 com.excelliance.dualaid/com.excelliance.kxqp.swipe.NavActivity2}
06-15 11:23:19.974 V/WindowManager( 1685): reevaluateVisibility focusApp:AppWindowToken{6abd59f token=Token{d42e33e ActivityRecord{a4337f9 u0 com.excelliance.dualaid/com.excelliance.kxqp.swipe.NavActivity2 t21026}}}
06-15 11:23:20.011 V/WindowManager( 1685): reevaluateVisibility focusApp:AppWindowToken{6abd59f token=Token{d42e33e ActivityRecord{a4337f9 u0 com.excelliance.dualaid/com.excelliance.kxqp.swipe.NavActivity2 t21026}}}
06-15 11:23:20.012 V/WindowManager( 1685): reevaluateVisibility focusApp:AppWindowToken{6abd59f token=Token{d42e33e ActivityRecord{a4337f9 u0 com.excelliance.dualaid/com.excelliance.kxqp.swipe.NavActivity2 t21026}}}
06-15 11:23:20.084 I/WindowManager( 1685): finishPostLayoutPolicyLw (statusbar != null ) true topIsFullscreen true top = Window{5ded784 u0 com.excelliance.dualaid/com.excelliance.kxqp.swipe.NavActivity2}
06-15 11:23:20.084 I/StatusBarManagerService( 1685):  topIsFullscreen fullscreen true
06-15 11:23:20.085 V/WindowManager( 1685): reevaluateVisibility focusApp:AppWindowToken{6abd59f token=Token{d42e33e ActivityRecord{a4337f9 u0 com.excelliance.dualaid/com.excelliance.kxqp.swipe.NavActivity2 t21026}}}
06-15 11:23:20.087 V/WindowManager( 1685): reevaluateVisibility focusApp:AppWindowToken{6abd59f token=Token{d42e33e ActivityRecord{a4337f9 u0 com.excelliance.dualaid/com.excelliance.kxqp.swipe.NavActivity2 t21026}}}
06-15 11:23:20.089 V/WindowManager( 1685): reevaluateVisibility focusApp:AppWindowToken{6abd59f token=Token{d42e33e ActivityRecord{a4337f9 u0 com.excelliance.dualaid/com.excelliance.kxqp.swipe.NavActivity2 t21026}}}
06-15 11:23:20.089 D/ActivityManager( 1685): back_key destroy activity: com.excelliance.dualaid top activity: com.excelliance.dualaid
06-15 11:23:20.093 D/elsa    ( 1685): app is ProcessRecord{5532122 3319:com.oppo.launcher/u0a17}, isInBlackList is false, isNeedSetProcessGroup is true
06-15 11:23:20.100 V/WindowManager( 1685): reevaluateVisibility focusApp:AppWindowToken{6abd59f token=Token{d42e33e ActivityRecord{a4337f9 u0 com.excelliance.dualaid/com.excelliance.kxqp.swipe.NavActivity2 t21026}}}
06-15 11:23:20.460 V/WindowManager( 1685): reevaluateVisibility focusApp:AppWindowToken{6abd59f token=Token{d42e33e ActivityRecord{a4337f9 u0 com.excelliance.dualaid/com.excelliance.kxqp.swipe.NavActivity2 t21026}}}
06-15 11:23:21.068 E/TaskPersister( 1685): File error accessing recents directory (directory doesn't exist?).
06-15 11:23:23.400 D/elsa    ( 1685): app is ProcessRecord{60bb6c6 30019:com.excelliance.dualaid/u0a1060}, isInBlackList is false, isNeedSetProcessGroup is true
06-15 11:23:23.632 I/ActivityManager( 1685): Start proc 30096:com.excelliance.dualaid:lbcore/u0a1060 for content provider com.excelliance.dualaid/com.excelliance.kxqp.platform.PluginManagerProvider
06-15 11:23:23.661 D/elsa    ( 1685): app is ProcessRecord{bc4d89e 30096:com.excelliance.dualaid:lbcore/u0a1060}, isInBlackList is false, isNeedSetProcessGroup is true
06-15 11:23:23.945 D/ActivityThread(30096): Loading provider com.excelliance.dualaid:com.excelliance.kxqp.platform.PluginManagerProvider: com.excelliance.kxqp.platform.PluginManagerProvider
06-15 11:23:23.992 D/BluetoothManagerService( 1685): Message: 20
06-15 11:23:23.992 D/BluetoothManagerService( 1685): Added callback: android.bluetooth.IBluetoothManagerCallback$Stub$Proxy@da1e0aa:true
06-15 11:23:23.993 D/BluetoothManagerService( 1685): checkIfCallerIsForegroundUser: valid=true callingUser=0 parentUser=-10000 foregroundUser=0
06-15 11:23:24.431 D/PackageManager( 1685):  getInstalledPackages shareName = oppo.uid.nearme
06-15 11:23:26.403 I/ActivityManager( 1685): Start proc 30157:com.excelliance.dualaid:smtcnt/u0a1060 for service com.excelliance.dualaid/com.excelliance.kxqp.SmtCntService
06-15 11:23:26.437 D/elsa    ( 1685): app is ProcessRecord{ebea8b 30157:com.excelliance.dualaid:smtcnt/u0a1060}, isInBlackList is false, isNeedSetProcessGroup is true
06-15 11:23:26.821 W/ActivityManager( 1685): postNotification return because text and title null or empty 
06-15 11:23:26.821 D/elsa    ( 1685): app is ProcessRecord{bc4d89e 30096:com.excelliance.dualaid:lbcore/u0a1060}, isInBlackList is false, isNeedSetProcessGroup is true
06-15 11:23:26.825 D/elsa    ( 1685): app is ProcessRecord{ebea8b 30157:com.excelliance.dualaid:smtcnt/u0a1060}, isInBlackList is false, isNeedSetProcessGroup is true
06-15 11:23:26.835 D/elsa    ( 1685): app is ProcessRecord{60bb6c6 30019:com.excelliance.dualaid/u0a1060}, isInBlackList is false, isNeedSetProcessGroup is true
06-15 11:23:26.846 E/NotificationService( 1685): Suppressing notification from package by user request.
06-15 11:23:29.392 D/ViewRootImpl(29994): swipeFromBottom mIgnoring === false downY 1738 mStatusBarHeight 54
06-15 11:23:29.428 I/ActivityManager( 1685): START u0 {cmp=com.excelliance.dualaid/com.excelliance.kxqp.ui.HelloActivity (has extras)} from uid 11060 and from pid 29994 on display 0
06-15 11:23:29.432 V/WindowManager( 1685): Changing focus from Window{5ded784 u0 com.excelliance.dualaid/com.excelliance.kxqp.swipe.NavActivity2} to null
06-15 11:23:29.433 W/WindowManager( 1685): Skip focus check for application before nougat.
06-15 11:23:29.588 V/WindowManager( 1685): Changing focus from null to Window{4d6fc0a u0 com.excelliance.dualaid/com.excelliance.kxqp.ui.HelloActivity}
06-15 11:23:29.589 I/WindowManager( 1685): finishPostLayoutPolicyLw (statusbar != null ) true topIsFullscreen false top = Window{5ded784 u0 com.excelliance.dualaid/com.excelliance.kxqp.swipe.NavActivity2}
06-15 11:23:29.589 I/StatusBarManagerService( 1685):  topIsFullscreen fullscreen false
06-15 11:23:29.607 V/WindowManager( 1685): reevaluateVisibility focusApp:AppWindowToken{a439214 token=Token{8aca467 ActivityRecord{3ee1026 u0 com.excelliance.dualaid/com.excelliance.kxqp.ui.HelloActivity t21026}}}
06-15 11:23:29.607 V/WindowManager( 1685): reevaluateVisibility focusApp:AppWindowToken{a439214 token=Token{8aca467 ActivityRecord{3ee1026 u0 com.excelliance.dualaid/com.excelliance.kxqp.ui.HelloActivity t21026}}}
06-15 11:23:29.608 V/WindowManager( 1685): reevaluateVisibility focusApp:AppWindowToken{a439214 token=Token{8aca467 ActivityRecord{3ee1026 u0 com.excelliance.dualaid/com.excelliance.kxqp.ui.HelloActivity t21026}}}
06-15 11:23:29.666 V/WindowManager( 1685): reevaluateVisibility focusApp:AppWindowToken{a439214 token=Token{8aca467 ActivityRecord{3ee1026 u0 com.excelliance.dualaid/com.excelliance.kxqp.ui.HelloActivity t21026}}}
06-15 11:23:29.667 V/WindowManager( 1685): reevaluateVisibility focusApp:AppWindowToken{a439214 token=Token{8aca467 ActivityRecord{3ee1026 u0 com.excelliance.dualaid/com.excelliance.kxqp.ui.HelloActivity t21026}}}
06-15 11:23:29.669 V/WindowManager( 1685): reevaluateVisibility focusApp:AppWindowToken{a439214 token=Token{8aca467 ActivityRecord{3ee1026 u0 com.excelliance.dualaid/com.excelliance.kxqp.ui.HelloActivity t21026}}}
06-15 11:23:29.670 V/WindowManager( 1685): reevaluateVisibility focusApp:AppWindowToken{a439214 token=Token{8aca467 ActivityRecord{3ee1026 u0 com.excelliance.dualaid/com.excelliance.kxqp.ui.HelloActivity t21026}}}
06-15 11:23:29.677 V/WindowManager( 1685): reevaluateVisibility focusApp:AppWindowToken{a439214 token=Token{8aca467 ActivityRecord{3ee1026 u0 com.excelliance.dualaid/com.excelliance.kxqp.ui.HelloActivity t21026}}}
06-15 11:23:29.702 V/WindowManager( 1685): reevaluateVisibility focusApp:AppWindowToken{a439214 token=Token{8aca467 ActivityRecord{3ee1026 u0 com.excelliance.dualaid/com.excelliance.kxqp.ui.HelloActivity t21026}}}
06-15 11:23:29.876 V/WindowManager( 1685): reevaluateVisibility focusApp:AppWindowToken{a439214 token=Token{8aca467 ActivityRecord{3ee1026 u0 com.excelliance.dualaid/com.excelliance.kxqp.ui.HelloActivity t21026}}}
06-15 11:23:29.876 D/ActivityManager( 1685): back_key destroy activity: com.excelliance.dualaid top activity: com.excelliance.dualaid
06-15 11:23:29.878 D/elsa    ( 1685): app is ProcessRecord{5532122 3319:com.oppo.launcher/u0a17}, isInBlackList is false, isNeedSetProcessGroup is true
06-15 11:23:29.883 V/WindowManager( 1685): reevaluateVisibility focusApp:AppWindowToken{a439214 token=Token{8aca467 ActivityRecord{3ee1026 u0 com.excelliance.dualaid/com.excelliance.kxqp.ui.HelloActivity t21026}}}
06-15 11:23:29.891 V/WindowManager( 1685): reevaluateVisibility focusApp:AppWindowToken{a439214 token=Token{8aca467 ActivityRecord{3ee1026 u0 com.excelliance.dualaid/com.excelliance.kxqp.ui.HelloActivity t21026}}}
06-15 11:23:29.893 V/WindowManager( 1685): reevaluateVisibility focusApp:AppWindowToken{a439214 token=Token{8aca467 ActivityRecord{3ee1026 u0 com.excelliance.dualaid/com.excelliance.kxqp.ui.HelloActivity t21026}}}
06-15 11:23:29.909 V/WindowManager( 1685): reevaluateVisibility focusApp:AppWindowToken{a439214 token=Token{8aca467 ActivityRecord{3ee1026 u0 com.excelliance.dualaid/com.excelliance.kxqp.ui.HelloActivity t21026}}}
06-15 11:23:29.944 V/WindowManager( 1685): reevaluateVisibility focusApp:AppWindowToken{a439214 token=Token{8aca467 ActivityRecord{3ee1026 u0 com.excelliance.dualaid/com.excelliance.kxqp.ui.HelloActivity t21026}}}
06-15 11:23:29.944 V/WindowManager( 1685): reevaluateVisibility focusApp:AppWindowToken{a439214 token=Token{8aca467 ActivityRecord{3ee1026 u0 com.excelliance.dualaid/com.excelliance.kxqp.ui.HelloActivity t21026}}}
06-15 11:23:29.947 V/WindowManager( 1685): reevaluateVisibility focusApp:AppWindowToken{a439214 token=Token{8aca467 ActivityRecord{3ee1026 u0 com.excelliance.dualaid/com.excelliance.kxqp.ui.HelloActivity t21026}}}
06-15 11:23:32.465 D/ViewRootImpl(29994): swipeFromBottom mIgnoring === false downY 138 mStatusBarHeight 54
06-15 11:23:32.510 V/WindowManager( 1685): Changing focus from Window{4d6fc0a u0 com.excelliance.dualaid/com.excelliance.kxqp.ui.HelloActivity} to Window{3f0ced6 u0 com.excelliance.dualaid/com.excelliance.kxqp.ui.HelloActivity}
06-15 11:23:32.512 W/WindowManager( 1685): Skip focus check for application before nougat.
06-15 11:23:32.536 V/WindowManager( 1685): reevaluateVisibility focusApp:AppWindowToken{a439214 token=Token{8aca467 ActivityRecord{3ee1026 u0 com.excelliance.dualaid/com.excelliance.kxqp.ui.HelloActivity t21026}}}
06-15 11:23:32.540 V/WindowManager( 1685): reevaluateVisibility focusApp:AppWindowToken{a439214 token=Token{8aca467 ActivityRecord{3ee1026 u0 com.excelliance.dualaid/com.excelliance.kxqp.ui.HelloActivity t21026}}}
06-15 11:23:32.553 I/ActivityManager( 1685): START u0 {flg=0x10000000 cmp=com.excelliance.dualaid/com.excelliance.kxqp.ui.MainActivity (has extras)} from uid 11060 and from pid 29994 on display 0
06-15 11:23:32.558 V/WindowManager( 1685): Changing focus from Window{3f0ced6 u0 com.excelliance.dualaid/com.excelliance.kxqp.ui.HelloActivity} to null
06-15 11:23:32.559 W/WindowManager( 1685): Skip focus check for application before nougat.
06-15 11:23:32.562 E/TaskPersister( 1685): File error accessing recents directory (directory doesn't exist?).
06-15 11:23:32.573 V/WindowManager( 1685): reevaluateVisibility focusApp:AppWindowToken{6a98d2d token=Token{d79a844 ActivityRecord{c117557 u0 com.excelliance.dualaid/com.excelliance.kxqp.ui.MainActivity t21026}}}
06-15 11:23:32.576 D/elsa    ( 1685): app is ProcessRecord{60bb6c6 30019:com.excelliance.dualaid/u0a1060}, isInBlackList is false, isNeedSetProcessGroup is true
06-15 11:23:32.577 D/elsa    ( 1685): app is ProcessRecord{8927154 29994:com.excelliance.dualaid:olle/u0a1060}, isInBlackList is false, isNeedSetProcessGroup is true
06-15 11:23:32.578 D/elsa    ( 1685): app is ProcessRecord{5532122 3319:com.oppo.launcher/u0a17}, isInBlackList is false, isNeedSetProcessGroup is true
06-15 11:23:32.587 V/WindowManager( 1685): reevaluateVisibility focusApp:AppWindowToken{6a98d2d token=Token{d79a844 ActivityRecord{c117557 u0 com.excelliance.dualaid/com.excelliance.kxqp.ui.MainActivity t21026}}}
06-15 11:23:32.590 V/WindowManager( 1685): reevaluateVisibility focusApp:AppWindowToken{6a98d2d token=Token{d79a844 ActivityRecord{c117557 u0 com.excelliance.dualaid/com.excelliance.kxqp.ui.MainActivity t21026}}}
06-15 11:23:32.633 V/WindowManager( 1685): reevaluateVisibility focusApp:AppWindowToken{6a98d2d token=Token{d79a844 ActivityRecord{c117557 u0 com.excelliance.dualaid/com.excelliance.kxqp.ui.MainActivity t21026}}}
06-15 11:23:33.071 E/TaskPersister( 1685): File error accessing recents directory (directory doesn't exist?).
06-15 11:23:33.453 V/WindowManager( 1685): reevaluateVisibility focusApp:AppWindowToken{6a98d2d token=Token{d79a844 ActivityRecord{c117557 u0 com.excelliance.dualaid/com.excelliance.kxqp.ui.MainActivity t21026}}}
06-15 11:23:33.483 V/WindowManager( 1685): Changing focus from null to Window{d207036 u0 com.excelliance.dualaid/com.excelliance.kxqp.ui.MainActivity}
06-15 11:23:33.502 V/WindowManager( 1685): reevaluateVisibility focusApp:AppWindowToken{6a98d2d token=Token{d79a844 ActivityRecord{c117557 u0 com.excelliance.dualaid/com.excelliance.kxqp.ui.MainActivity t21026}}}
06-15 11:23:33.618 V/WindowManager( 1685): reevaluateVisibility focusApp:AppWindowToken{6a98d2d token=Token{d79a844 ActivityRecord{c117557 u0 com.excelliance.dualaid/com.excelliance.kxqp.ui.MainActivity t21026}}}
06-15 11:23:33.636 V/WindowManager( 1685): reevaluateVisibility focusApp:AppWindowToken{6a98d2d token=Token{d79a844 ActivityRecord{c117557 u0 com.excelliance.dualaid/com.excelliance.kxqp.ui.MainActivity t21026}}}
06-15 11:23:33.637 V/WindowManager( 1685): reevaluateVisibility focusApp:AppWindowToken{6a98d2d token=Token{d79a844 ActivityRecord{c117557 u0 com.excelliance.dualaid/com.excelliance.kxqp.ui.MainActivity t21026}}}
06-15 11:23:33.637 V/WindowManager( 1685): reevaluateVisibility focusApp:AppWindowToken{6a98d2d token=Token{d79a844 ActivityRecord{c117557 u0 com.excelliance.dualaid/com.excelliance.kxqp.ui.MainActivity t21026}}}
06-15 11:23:33.651 V/WindowManager( 1685): reevaluateVisibility focusApp:AppWindowToken{6a98d2d token=Token{d79a844 ActivityRecord{c117557 u0 com.excelliance.dualaid/com.excelliance.kxqp.ui.MainActivity t21026}}}
06-15 11:23:33.663 V/WindowManager( 1685): reevaluateVisibility focusApp:AppWindowToken{6a98d2d token=Token{d79a844 ActivityRecord{c117557 u0 com.excelliance.dualaid/com.excelliance.kxqp.ui.MainActivity t21026}}}
06-15 11:23:33.696 I/ActivityManager( 1685): Start proc 30368:com.excelliance.dualaid:lebian/u0a1060 for service com.excelliance.dualaid/com.android.ggapsvc.LBService
06-15 11:23:33.990 D/elsa    ( 1685): app is ProcessRecord{f4f8a2f 30368:com.excelliance.dualaid:lebian/u0a1060}, isInBlackList is false, isNeedSetProcessGroup is true
06-15 11:23:34.040 V/WindowManager( 1685): reevaluateVisibility focusApp:AppWindowToken{6a98d2d token=Token{d79a844 ActivityRecord{c117557 u0 com.excelliance.dualaid/com.excelliance.kxqp.ui.MainActivity t21026}}}
06-15 11:23:34.353 D/elsa    ( 1685): app is ProcessRecord{8927154 29994:com.excelliance.dualaid:olle/u0a1060}, isInBlackList is false, isNeedSetProcessGroup is true
06-15 11:23:34.363 I/ActivityManager( 1685): Killing 27715:com.coloros.safecenter:task/1000 (adj 906): empty #17
06-15 11:23:34.365 D/ActivityManager( 1685): back_key destroy activity: com.excelliance.dualaid top activity: com.excelliance.dualaid
06-15 11:23:34.371 V/WindowManager( 1685): reevaluateVisibility focusApp:AppWindowToken{6a98d2d token=Token{d79a844 ActivityRecord{c117557 u0 com.excelliance.dualaid/com.excelliance.kxqp.ui.MainActivity t21026}}}
06-15 11:23:34.401 D/ActivityManager( 1685): cleanUpApplicationRecord -- 27715
06-15 11:23:34.413 D/elsa    ( 1685): app is ProcessRecord{c63c56c 5426:com.nearme.statistics.rom/1000}, isInBlackList is false, isNeedSetProcessGroup is true
06-15 11:23:34.414 V/WindowManager( 1685): reevaluateVisibility focusApp:AppWindowToken{6a98d2d token=Token{d79a844 ActivityRecord{c117557 u0 com.excelliance.dualaid/com.excelliance.kxqp.ui.MainActivity t21026}}}
06-15 11:23:34.426 I/ActivityManager( 1685): Killing 27812:com.android.browser/u0a25 (adj 906): empty #17
06-15 11:23:34.427 I/libprocessgroup( 1685): Killing pid 27878 in uid 10025 as part of process group 27812
06-15 11:23:34.430 D/elsa    ( 1685): app is ProcessRecord{c63c56c 5426:com.nearme.statistics.rom/1000}, isInBlackList is false, isNeedSetProcessGroup is true
06-15 11:23:34.455 D/ActivityManager( 1685): cleanUpApplicationRecord -- 27812
06-15 11:23:34.457 W/WindowManager( 1685): Failed looking up window
06-15 11:23:34.457 W/WindowManager( 1685): java.lang.IllegalArgumentException: Requested window android.os.BinderProxy@4fdb2f1 does not exist
06-15 11:23:34.457 W/WindowManager( 1685): 	at com.android.server.wm.WindowManagerService.windowForClientLocked(WindowManagerService.java:10681)
06-15 11:23:34.457 W/WindowManager( 1685): 	at com.android.server.wm.WindowManagerService.windowForClientLocked(WindowManagerService.java:10672)
06-15 11:23:34.457 W/WindowManager( 1685): 	at com.android.server.wm.WindowManagerService.removeWindow(WindowManagerService.java:3013)
06-15 11:23:34.457 W/WindowManager( 1685): 	at com.android.server.wm.Session.remove(Session.java:205)
06-15 11:23:34.457 W/WindowManager( 1685): 	at android.view.IWindowSession$Stub.onTransact(IWindowSession.java:242)
06-15 11:23:34.457 W/WindowManager( 1685): 	at com.android.server.wm.Session.onTransact(Session.java:148)
06-15 11:23:34.457 W/WindowManager( 1685): 	at android.os.Binder.transact(Binder.java:499)
06-15 11:23:34.457 W/WindowManager( 1685): 	at oppo.x.filterExecTransact(Unknown Source)
06-15 11:23:34.457 W/WindowManager( 1685): 	at com.oppo.color.safe.jni.JniManager.execTransact(Unknown Source)
06-15 11:23:34.458 V/WindowManager( 1685): reevaluateVisibility focusApp:AppWindowToken{6a98d2d token=Token{d79a844 ActivityRecord{c117557 u0 com.excelliance.dualaid/com.excelliance.kxqp.ui.MainActivity t21026}}}
06-15 11:23:34.605 I/ActivityManager( 1685): Process com.oppo.market:dcs (pid 27543) has died
06-15 11:23:34.606 D/ActivityManager( 1685): cleanUpApplicationRecord -- 27543
06-15 11:23:35.296 V/WindowManager( 1685): reevaluateVisibility focusApp:AppWindowToken{6a98d2d token=Token{d79a844 ActivityRecord{c117557 u0 com.excelliance.dualaid/com.excelliance.kxqp.ui.MainActivity t21026}}}
06-15 11:23:35.304 V/WindowManager( 1685): reevaluateVisibility focusApp:AppWindowToken{6a98d2d token=Token{d79a844 ActivityRecord{c117557 u0 com.excelliance.dualaid/com.excelliance.kxqp.ui.MainActivity t21026}}}
06-15 11:23:35.331 V/WindowManager( 1685): reevaluateVisibility focusApp:AppWindowToken{6a98d2d token=Token{d79a844 ActivityRecord{c117557 u0 com.excelliance.dualaid/com.excelliance.kxqp.ui.MainActivity t21026}}}
06-15 11:23:35.332 V/WindowManager( 1685): reevaluateVisibility focusApp:AppWindowToken{6a98d2d token=Token{d79a844 ActivityRecord{c117557 u0 com.excelliance.dualaid/com.excelliance.kxqp.ui.MainActivity t21026}}}
06-15 11:23:36.902 W/AlarmManager( 1685): Suspiciously short interval 20000 millis; expanding to 60 seconds
06-15 11:23:37.467 E/TaskPersister( 1685): File error accessing recents directory (directory doesn't exist?).
06-15 11:23:37.953 V/WindowManager( 1685): reevaluateVisibility focusApp:AppWindowToken{6a98d2d token=Token{d79a844 ActivityRecord{c117557 u0 com.excelliance.dualaid/com.excelliance.kxqp.ui.MainActivity t21026}}}
06-15 11:23:37.954 D/ViewRootImpl(30019): swipeFromBottom mIgnoring === false downY 1168 mStatusBarHeight 54
06-15 11:23:38.223 V/WindowManager( 1685): reevaluateVisibility focusApp:AppWindowToken{6a98d2d token=Token{d79a844 ActivityRecord{c117557 u0 com.excelliance.dualaid/com.excelliance.kxqp.ui.MainActivity t21026}}}
06-15 11:23:38.226 V/WindowManager( 1685): reevaluateVisibility focusApp:AppWindowToken{6a98d2d token=Token{d79a844 ActivityRecord{c117557 u0 com.excelliance.dualaid/com.excelliance.kxqp.ui.MainActivity t21026}}}
06-15 11:23:40.516 D/elsa    ( 1685): app is ProcessRecord{5532122 3319:com.oppo.launcher/u0a17}, isInBlackList is false, isNeedSetProcessGroup is true
06-15 11:23:40.796 D/elsa    ( 1685): app is ProcessRecord{5532122 3319:com.oppo.launcher/u0a17}, isInBlackList is false, isNeedSetProcessGroup is true
06-15 11:23:43.514 W/RemoteDisplayProvider( 1685): Ignoring remote display provider service because it does not have the CAPTURE_VIDEO_OUTPUT or CAPTURE_SECURE_VIDEO_OUTPUT permission: com.google.android.gms/com.google.android.gms.cast.media.CastRemoteDisplayProviderService
06-15 11:23:43.537 D/elsa    ( 1685): app is ProcessRecord{fda08fd 29875:com.android.printspooler/u0a82}, isInBlackList is false, isNeedSetProcessGroup is true
06-15 11:23:43.555 W/FusedProxy( 1685): Odd, no component found for service com.android.location.service.FusedProvider
06-15 11:23:43.555 W/GeofenceProxy( 1685): Odd, no component found for service com.android.location.service.GeofenceProvider
06-15 11:23:43.556 W/ActivityRecognitionProxy( 1685): Odd, no component found for service com.android.location.service.ActivityRecognitionProvider
06-15 11:23:47.160 D/ViewRootImpl(30019): swipeFromBottom mIgnoring === false downY 1168 mStatusBarHeight 54
06-15 11:23:47.661 I/ActivityManager( 1685): Start proc 30643:com.excelliance.dualaid:platform.gameplugin.P00/u0a1060 for content provider com.excelliance.dualaid/com.excelliance.kxqp.platform.proxy.gameplugin.ContentProviderProxy$P00
06-15 11:23:47.984 D/elsa    ( 1685): app is ProcessRecord{bed79ab 30643:com.excelliance.dualaid:platform.gameplugin.P00/u0a1060}, isInBlackList is false, isNeedSetProcessGroup is true
06-15 11:23:48.008 I/ActivityManager( 1685): START u0 {act=APAP-com.tencent.mm-com.tencent.mm.ui.LauncherUI-0 flg=0x18080000 cmp=com.excelliance.dualaid/com.excelliance.kxqp.platform.proxy.gameplugin.ActivityProxy$P00 (has extras)} from uid 11060 and from pid 30096 on display 0
06-15 11:23:48.012 V/WindowManager( 1685): Changing focus from Window{d207036 u0 com.excelliance.dualaid/com.excelliance.kxqp.ui.MainActivity} to null
06-15 11:23:48.014 W/WindowManager( 1685): Skip focus check for application before nougat.
06-15 11:23:48.028 D/WindowOrientationListener( 1685): WindowOrientationListener enabled
06-15 11:23:48.037 D/WindowOrientationListener( 1685): DPC sensor registered!
06-15 11:23:48.059 D/elsa    ( 1685): app is ProcessRecord{bed79ab 30643:com.excelliance.dualaid:platform.gameplugin.P00/u0a1060}, isInBlackList is false, isNeedSetProcessGroup is true
06-15 11:23:48.060 D/elsa    ( 1685): app is ProcessRecord{60bb6c6 30019:com.excelliance.dualaid/u0a1060}, isInBlackList is false, isNeedSetProcessGroup is true
06-15 11:23:48.303 E/ActivityThread(30643): Failed to find provider info for com.tencent.mm.coolassist.debugprovider
06-15 11:23:48.320 D/ActivityThread(30643): Loading provider com.tencent.mm.sdk.plugin.provider: com.tencent.mm.plugin.base.stub.MMPluginProvider
06-15 11:23:48.321 D/ActivityThread(30643): Loading provider com.tencent.mm.sdk.comm.provider: com.tencent.mm.plugin.base.stub.WXCommProvider
06-15 11:23:48.326 D/ActivityThread(30643): Loading provider com.tencent.mm.storage.provider.emotion: com.tencent.mm.plugin.emoji.provider.EmotionContentProvider
06-15 11:23:48.326 D/ActivityThread(30643): Loading provider com.tencent.mm.plugin.ext.ExtContentProviderBase: com.tencent.mm.plugin.ext.provider.ExtContentProviderBase
06-15 11:23:48.327 D/ActivityThread(30643): Loading provider com.tencent.mm.plugin.ext.AccountSync: com.tencent.mm.plugin.ext.provider.ExtControlProviderAccountSync
06-15 11:23:48.328 D/ActivityThread(30643): Loading provider com.tencent.mm.plugin.ext.entry: com.tencent.mm.plugin.ext.provider.ExtControlProviderEntry
06-15 11:23:48.328 D/ActivityThread(30643): Loading provider com.tencent.mm.plugin.ext.message: com.tencent.mm.plugin.ext.provider.ExtControlProviderMsg
06-15 11:23:48.329 D/ActivityThread(30643): Loading provider com.tencent.mm.plugin.ext.NearBy: com.tencent.mm.plugin.ext.provider.ExtControlProviderNearBy
06-15 11:23:48.331 D/ActivityThread(30643): Loading provider com.tencent.mm.plugin.ext.SNS: com.tencent.mm.plugin.ext.provider.ExtControlProviderSNS
06-15 11:23:48.332 D/ActivityThread(30643): Loading provider com.tencent.mm.plugin.ext.SearchContact: com.tencent.mm.plugin.ext.provider.ExtControlProviderSearchContact
06-15 11:23:48.333 D/ActivityThread(30643): Loading provider com.tencent.mm.plugin.gwallet.queryprovider: com.tencent.mm.plugin.gwallet.GWalletQueryProvider
06-15 11:23:48.334 D/ActivityThread(30643): Loading provider com.tencent.mm.sdk.platformtools.MultiProcessSharedPreferences: com.tencent.mm.sdk.platformtools.MultiProcessSharedPreferences
06-15 11:23:48.417 I/ActivityManager( 1685): START u0 {act=APAP-com.tencent.mm-com.tencent.mm.app.WeChatSplashActivity-0 cmp=com.excelliance.dualaid/com.excelliance.kxqp.platform.proxy.gameplugin.ActivityProxy$P00 (has extras)} from uid 11060 and from pid 30643 on display 0
06-15 11:23:48.562 D/elsa    ( 1685): app is ProcessRecord{fda08fd 29875:com.android.printspooler/u0a82}, isInBlackList is false, isNeedSetProcessGroup is true
06-15 11:23:48.895 V/WindowManager( 1685): Changing focus from null to Window{1b86f49 u0 com.tencent.mm/com.tencent.mm.app.WeChatSplashActivity}
06-15 11:23:48.902 V/WindowManager( 1685): reevaluateVisibility focusApp:AppWindowToken{9515dd9 token=Token{a88e020 ActivityRecord{1557323 u0 com.excelliance.dualaid/com.excelliance.kxqp.platform.proxy.gameplugin.ActivityProxy$P00 t21027}}}
06-15 11:23:48.905 V/WindowManager( 1685): reevaluateVisibility focusApp:AppWindowToken{9515dd9 token=Token{a88e020 ActivityRecord{1557323 u0 com.excelliance.dualaid/com.excelliance.kxqp.platform.proxy.gameplugin.ActivityProxy$P00 t21027}}}
06-15 11:23:48.938 V/WindowManager( 1685): reevaluateVisibility focusApp:AppWindowToken{9515dd9 token=Token{a88e020 ActivityRecord{1557323 u0 com.excelliance.dualaid/com.excelliance.kxqp.platform.proxy.gameplugin.ActivityProxy$P00 t21027}}}
06-15 11:23:48.940 V/WindowManager( 1685): reevaluateVisibility focusApp:AppWindowToken{9515dd9 token=Token{a88e020 ActivityRecord{1557323 u0 com.excelliance.dualaid/com.excelliance.kxqp.platform.proxy.gameplugin.ActivityProxy$P00 t21027}}}
06-15 11:23:48.959 V/WindowManager( 1685): reevaluateVisibility focusApp:AppWindowToken{9515dd9 token=Token{a88e020 ActivityRecord{1557323 u0 com.excelliance.dualaid/com.excelliance.kxqp.platform.proxy.gameplugin.ActivityProxy$P00 t21027}}}
06-15 11:23:49.002 V/WindowManager( 1685): reevaluateVisibility focusApp:AppWindowToken{9515dd9 token=Token{a88e020 ActivityRecord{1557323 u0 com.excelliance.dualaid/com.excelliance.kxqp.platform.proxy.gameplugin.ActivityProxy$P00 t21027}}}
06-15 11:23:49.005 V/WindowManager( 1685): reevaluateVisibility focusApp:AppWindowToken{9515dd9 token=Token{a88e020 ActivityRecord{1557323 u0 com.excelliance.dualaid/com.excelliance.kxqp.platform.proxy.gameplugin.ActivityProxy$P00 t21027}}}
06-15 11:23:49.018 V/WindowManager( 1685): reevaluateVisibility focusApp:AppWindowToken{9515dd9 token=Token{a88e020 ActivityRecord{1557323 u0 com.excelliance.dualaid/com.excelliance.kxqp.platform.proxy.gameplugin.ActivityProxy$P00 t21027}}}
06-15 11:23:49.092 W/WindowManager( 1685): Attempted to set replacing window on non-existing app token Token{7a9dba1 ActivityRecord{4711808 u0 com.excelliance.dualaid/com.excelliance.kxqp.platform.proxy.gameplugin.ActivityProxy$P00 t21027}}
06-15 11:23:49.305 I/ActivityManager( 1685): Start proc 30738:com.excelliance.dualaid:platform.gameplugin.P01/u0a1060 for content provider com.excelliance.dualaid/com.excelliance.kxqp.platform.proxy.gameplugin.ContentProviderProxy$P01
06-15 11:23:49.362 W/WindowManager( 1685): Skip focus check for application before nougat.
06-15 11:23:49.373 V/WindowManager( 1685): Changing focus from Window{1b86f49 u0 com.tencent.mm/com.tencent.mm.app.WeChatSplashActivity} to null
06-15 11:23:49.374 W/WindowManager( 1685): Skip focus check for application before nougat.
06-15 11:23:49.375 V/WindowManager( 1685): reevaluateVisibility focusApp:AppWindowToken{4880587 token=Token{7a9dba1 ActivityRecord{4711808 u0 com.excelliance.dualaid/com.excelliance.kxqp.platform.proxy.gameplugin.ActivityProxy$P00 t21027}}}
06-15 11:23:49.386 V/WindowManager( 1685): reevaluateVisibility focusApp:AppWindowToken{4880587 token=Token{7a9dba1 ActivityRecord{4711808 u0 com.excelliance.dualaid/com.excelliance.kxqp.platform.proxy.gameplugin.ActivityProxy$P00 t21027}}}
06-15 11:23:49.389 V/WindowManager( 1685): reevaluateVisibility focusApp:AppWindowToken{4880587 token=Token{7a9dba1 ActivityRecord{4711808 u0 com.excelliance.dualaid/com.excelliance.kxqp.platform.proxy.gameplugin.ActivityProxy$P00 t21027}}}
06-15 11:23:49.423 V/WindowManager( 1685): reevaluateVisibility focusApp:AppWindowToken{4880587 token=Token{7a9dba1 ActivityRecord{4711808 u0 com.excelliance.dualaid/com.excelliance.kxqp.platform.proxy.gameplugin.ActivityProxy$P00 t21027}}}
06-15 11:23:49.441 V/WindowManager( 1685): Changing focus from null to Window{662c1bd u0 com.tencent.mm/com.tencent.mm.ui.LauncherUI}
06-15 11:23:49.443 V/WindowManager( 1685): reevaluateVisibility focusApp:AppWindowToken{4880587 token=Token{7a9dba1 ActivityRecord{4711808 u0 com.excelliance.dualaid/com.excelliance.kxqp.platform.proxy.gameplugin.ActivityProxy$P00 t21027}}}
06-15 11:23:49.467 V/WindowManager( 1685): reevaluateVisibility focusApp:AppWindowToken{4880587 token=Token{7a9dba1 ActivityRecord{4711808 u0 com.excelliance.dualaid/com.excelliance.kxqp.platform.proxy.gameplugin.ActivityProxy$P00 t21027}}}
06-15 11:23:49.467 V/WindowManager( 1685): reevaluateVisibility focusApp:AppWindowToken{4880587 token=Token{7a9dba1 ActivityRecord{4711808 u0 com.excelliance.dualaid/com.excelliance.kxqp.platform.proxy.gameplugin.ActivityProxy$P00 t21027}}}
06-15 11:23:49.502 V/WindowManager( 1685): reevaluateVisibility focusApp:AppWindowToken{4880587 token=Token{7a9dba1 ActivityRecord{4711808 u0 com.excelliance.dualaid/com.excelliance.kxqp.platform.proxy.gameplugin.ActivityProxy$P00 t21027}}}
06-15 11:23:49.735 D/WindowOrientationListener( 1685): WindowOrientationListener disabled
06-15 11:23:49.739 D/ActivityManager( 1685): back_key destroy activity: com.excelliance.dualaid top activity: com.excelliance.dualaid
06-15 11:23:49.757 V/WindowManager( 1685): reevaluateVisibility focusApp:AppWindowToken{4880587 token=Token{7a9dba1 ActivityRecord{4711808 u0 com.excelliance.dualaid/com.excelliance.kxqp.platform.proxy.gameplugin.ActivityProxy$P00 t21027}}}
06-15 11:23:49.801 E/ActivityThread(30738): Failed to find provider info for com.tencent.mm.coolassist.debugprovider
06-15 11:23:50.112 I/ActivityManager( 1685): Process com.excelliance.dualaid:lebian (pid 30368) has died
06-15 11:23:50.113 D/ActivityManager( 1685): cleanUpApplicationRecord -- 30368
06-15 11:23:51.274 W/WindowManager( 1685): Attempted to remove non-existing token: android.os.Binder@793a68
06-15 11:23:51.274 V/WindowManager( 1685): reevaluateVisibility focusApp:AppWindowToken{4880587 token=Token{7a9dba1 ActivityRecord{4711808 u0 com.excelliance.dualaid/com.excelliance.kxqp.platform.proxy.gameplugin.ActivityProxy$P00 t21027}}}
06-15 11:23:51.280 V/WindowManager( 1685): reevaluateVisibility focusApp:AppWindowToken{4880587 token=Token{7a9dba1 ActivityRecord{4711808 u0 com.excelliance.dualaid/com.excelliance.kxqp.platform.proxy.gameplugin.ActivityProxy$P00 t21027}}}
06-15 11:23:51.823 V/WindowManager( 1685): reevaluateVisibility focusApp:AppWindowToken{4880587 token=Token{7a9dba1 ActivityRecord{4711808 u0 com.excelliance.dualaid/com.excelliance.kxqp.platform.proxy.gameplugin.ActivityProxy$P00 t21027}}}
06-15 11:23:53.714 I/ActivityManager( 1685): Force stopping com.excelliance.dualaid appid=11060 user=0: clear data
06-15 11:23:53.714 I/ActivityManager( 1685): Killing 30643:com.excelliance.dualaid:platform.gameplugin.P00/u0a1060 (adj 0): stop com.excelliance.dualaid
06-15 11:23:53.716 D/ActivityManager( 1685): cleanUpApplicationRecord -- 30643
06-15 11:23:53.717 D/elsa    ( 1685): app is ProcessRecord{820cc8 30738:com.excelliance.dualaid:platform.gameplugin.P01/u0a1060}, isInBlackList is false, isNeedSetProcessGroup is true
06-15 11:23:53.718 W/ActivityManager( 1685): Force removing ActivityRecord{4711808 u0 com.excelliance.dualaid/com.excelliance.kxqp.platform.proxy.gameplugin.ActivityProxy$P00 t21027}: app died, no saved state
06-15 11:23:53.718 V/WindowManager( 1685): Changing focus from Window{662c1bd u0 com.tencent.mm/com.tencent.mm.ui.LauncherUI} to null
06-15 11:23:53.719 W/WindowManager( 1685): Skip focus check for application before nougat.
06-15 11:23:53.732 D/elsa    ( 1685): app is ProcessRecord{60bb6c6 30019:com.excelliance.dualaid/u0a1060}, isInBlackList is false, isNeedSetProcessGroup is true
06-15 11:23:53.749 I/ActivityManager( 1685): Killing 30738:com.excelliance.dualaid:platform.gameplugin.P01/u0a1060 (adj 0): stop com.excelliance.dualaid
06-15 11:23:53.750 D/ActivityManager( 1685): cleanUpApplicationRecord -- 30738
06-15 11:23:53.751 I/ActivityManager( 1685): Killing 30096:com.excelliance.dualaid:lbcore/u0a1060 (adj 0): stop com.excelliance.dualaid
06-15 11:23:53.751 D/ActivityManager( 1685): cleanUpApplicationRecord -- 30096
06-15 11:23:53.752 I/ActivityManager( 1685): Killing 30157:com.excelliance.dualaid:smtcnt/u0a1060 (adj 100): depends on provider com.excelliance.dualaid/com.excelliance.kxqp.platform.PluginManagerProvider in dying proc com.excelliance.dualaid:lbcore (adj 0)
06-15 11:23:53.752 I/ActivityManager( 1685): Killing 30019:com.excelliance.dualaid/u0a1060 (adj 0): depends on provider com.excelliance.dualaid/com.excelliance.kxqp.platform.PluginManagerProvider in dying proc com.excelliance.dualaid:lbcore (adj 0)
06-15 11:23:53.753 D/ActivityManager( 1685): cleanUpApplicationRecord -- 30157
06-15 11:23:53.754 I/ActivityManager( 1685): Killing 29994:com.excelliance.dualaid:olle/u0a1060 (adj 900): stop com.excelliance.dualaid
06-15 11:23:53.755 D/ActivityManager( 1685): cleanUpApplicationRecord -- 29994
06-15 11:23:53.756 D/ActivityManager( 1685): cleanUpApplicationRecord -- 30019
06-15 11:23:53.766 I/ActivityManager( 1685): Start proc 30851:com.excelliance.dualaid/u0a1060 for activity com.excelliance.dualaid/com.excelliance.kxqp.ui.MainActivity
06-15 11:23:53.770 I/ActivityManager( 1685):   Force finishing activity ActivityRecord{c117557 u0 com.excelliance.dualaid/com.excelliance.kxqp.ui.MainActivity t21026}
06-15 11:23:53.775 D/elsa    ( 1685): app is ProcessRecord{5532122 3319:com.oppo.launcher/u0a17}, isInBlackList is false, isNeedSetProcessGroup is true
06-15 11:23:53.779 I/ActivityManager( 1685):   Force finishing activity ActivityRecord{c117557 u0 com.excelliance.dualaid/com.excelliance.kxqp.ui.MainActivity t21026 f}
06-15 11:23:53.779 W/ActivityManager( 1685): Duplicate finish request for ActivityRecord{c117557 u0 com.excelliance.dualaid/com.excelliance.kxqp.ui.MainActivity t21026 f}
06-15 11:23:53.779 I/ActivityManager( 1685):   Force stopping service ServiceRecord{ece0ff3 u0 com.excelliance.dualaid/com.excelliance.kxqp.FloatWindowService}
06-15 11:23:53.779 I/ActivityManager( 1685):   Force stopping service ServiceRecord{866d367 u0 com.excelliance.dualaid/com.excelliance.kxqp.platform.proxy.gameplugin.ServiceProxy$P01}
06-15 11:23:53.779 I/ActivityManager( 1685):   Force stopping service ServiceRecord{ddca49b u0 com.excelliance.dualaid/com.excelliance.kxqp.platform.TrampolineService}
06-15 11:23:53.779 I/ActivityManager( 1685):   Force stopping service ServiceRecord{b765ab5 u0 com.excelliance.dualaid/com.excelliance.kxqp.SmtServService}
06-15 11:23:53.799 I/libprocessgroup( 1685): Killing pid 30198 in uid 11060 as part of process group 30157
06-15 11:23:53.805 I/libprocessgroup( 1685): Killing pid 30198 in uid 11060 as part of process group 30157
06-15 11:23:53.808 D/elsa    ( 1685): app is ProcessRecord{207e29d 30851:com.excelliance.dualaid/u0a1060}, isInBlackList is false, isNeedSetProcessGroup is true
06-15 11:23:53.818 I/ActivityManager( 1685): Force stopping com.excelliance.dualaid appid=11060 user=-1: clearApplicationUserData
06-15 11:23:53.818 I/ActivityManager( 1685): Killing 30851:com.excelliance.dualaid/u0a1060 (adj 900): stop com.excelliance.dualaid
06-15 11:23:53.819 D/ActivityManager( 1685): cleanUpApplicationRecord -- 30851
06-15 11:23:53.822 I/ActivityManager( 1685):   Force finishing activity ActivityRecord{c117557 u0 com.excelliance.dualaid/com.excelliance.kxqp.ui.MainActivity t21026 f}
06-15 11:23:53.822 W/ActivityManager( 1685): Duplicate finish request for ActivityRecord{c117557 u0 com.excelliance.dualaid/com.excelliance.kxqp.ui.MainActivity t21026 f}
06-15 11:23:53.826 D/elsa    ( 1685): app is ProcessRecord{20b6023 20138:com.android.defcontainer/u0a5}, isInBlackList is false, isNeedSetProcessGroup is true
06-15 11:23:53.831 E/TaskPersister( 1685): File error accessing recents directory (directory doesn't exist?).
06-15 11:23:53.834 E/TaskPersister( 1685): File error accessing recents directory (directory doesn't exist?).
06-15 11:23:53.835 D/WindowManager( 1685): relayoutVisibleWindow: Window{1410897 u0 com.oppo.launcher/com.oppo.launcher.Launcher EXITING} mAnimatingExit=true, mRemoveOnExit=false, mDestroying=true
06-15 11:23:53.836 V/WindowManager( 1685): Changing focus from null to Window{1410897 u0 com.oppo.launcher/com.oppo.launcher.Launcher}
06-15 11:23:53.844 D/elsa    ( 1685): app is ProcessRecord{20b6023 20138:com.android.defcontainer/u0a5}, isInBlackList is false, isNeedSetProcessGroup is true
06-15 11:23:53.847 I/WindowManager( 1685): WIN DEATH: Window{a11298b u0 com.excelliance.dualaid}
06-15 11:23:53.855 W/RemoteDisplayProvider( 1685): Ignoring remote display provider service because it does not have the CAPTURE_VIDEO_OUTPUT or CAPTURE_SECURE_VIDEO_OUTPUT permission: com.google.android.gms/com.google.android.gms.cast.media.CastRemoteDisplayProviderService
06-15 11:23:53.855 W/AppOps  ( 1685): Finishing op nesting under-run: uid 11060 pkg com.excelliance.dualaid code 24 time=0 duration=0 nesting=0
06-15 11:23:53.857 I/WindowManager( 1685): WIN DEATH: Window{d207036 u0 com.excelliance.dualaid/com.excelliance.kxqp.ui.MainActivity}
06-15 11:23:53.867 V/WindowManager( 1685): reevaluateVisibility focusApp:AppWindowToken{10b39e0 token=Token{b3e5b9d ActivityRecord{19ba247 u0 com.oppo.launcher/.Launcher t2604}}}
06-15 11:23:53.867 V/WindowManager( 1685): reevaluateVisibility focusApp:AppWindowToken{10b39e0 token=Token{b3e5b9d ActivityRecord{19ba247 u0 com.oppo.launcher/.Launcher t2604}}}
06-15 11:23:53.868 V/WindowManager( 1685): reevaluateVisibility focusApp:AppWindowToken{10b39e0 token=Token{b3e5b9d ActivityRecord{19ba247 u0 com.oppo.launcher/.Launcher t2604}}}
06-15 11:23:53.870 V/WindowManager( 1685): reevaluateVisibility focusApp:AppWindowToken{10b39e0 token=Token{b3e5b9d ActivityRecord{19ba247 u0 com.oppo.launcher/.Launcher t2604}}}
06-15 11:23:53.871 V/WindowManager( 1685): reevaluateVisibility focusApp:AppWindowToken{10b39e0 token=Token{b3e5b9d ActivityRecord{19ba247 u0 com.oppo.launcher/.Launcher t2604}}}
06-15 11:23:53.872 V/WindowManager( 1685): reevaluateVisibility focusApp:AppWindowToken{10b39e0 token=Token{b3e5b9d ActivityRecord{19ba247 u0 com.oppo.launcher/.Launcher t2604}}}
06-15 11:23:53.872 V/WindowManager( 1685): reevaluateVisibility focusApp:AppWindowToken{10b39e0 token=Token{b3e5b9d ActivityRecord{19ba247 u0 com.oppo.launcher/.Launcher t2604}}}
06-15 11:23:53.883 V/WindowManager( 1685): reevaluateVisibility focusApp:AppWindowToken{10b39e0 token=Token{b3e5b9d ActivityRecord{19ba247 u0 com.oppo.launcher/.Launcher t2604}}}
06-15 11:23:53.883 V/WindowManager( 1685): reevaluateVisibility focusApp:AppWindowToken{10b39e0 token=Token{b3e5b9d ActivityRecord{19ba247 u0 com.oppo.launcher/.Launcher t2604}}}
06-15 11:23:53.884 V/WindowManager( 1685): reevaluateVisibility focusApp:AppWindowToken{10b39e0 token=Token{b3e5b9d ActivityRecord{19ba247 u0 com.oppo.launcher/.Launcher t2604}}}
06-15 11:23:53.886 V/WindowManager( 1685): reevaluateVisibility focusApp:AppWindowToken{10b39e0 token=Token{b3e5b9d ActivityRecord{19ba247 u0 com.oppo.launcher/.Launcher t2604}}}
06-15 11:23:53.887 V/WindowManager( 1685): reevaluateVisibility focusApp:AppWindowToken{10b39e0 token=Token{b3e5b9d ActivityRecord{19ba247 u0 com.oppo.launcher/.Launcher t2604}}}
06-15 11:23:53.888 D/elsa    ( 1685): app is ProcessRecord{bffd3cd 20469:com.google.android.gms/u0a181}, isInBlackList is false, isNeedSetProcessGroup is true
06-15 11:23:53.897 D/elsa    ( 1685): app is ProcessRecord{bffd3cd 20469:com.google.android.gms/u0a181}, isInBlackList is false, isNeedSetProcessGroup is true
06-15 11:23:54.143 V/WindowManager( 1685): reevaluateVisibility focusApp:AppWindowToken{10b39e0 token=Token{b3e5b9d ActivityRecord{19ba247 u0 com.oppo.launcher/.Launcher t2604}}}
06-15 11:23:54.144 V/WindowManager( 1685): reevaluateVisibility focusApp:AppWindowToken{10b39e0 token=Token{b3e5b9d ActivityRecord{19ba247 u0 com.oppo.launcher/.Launcher t2604}}}
--------- beginning of main
06-15 11:23:55.358 D/TrafficStatsHelper( 6003): ifaceNames[0]:lo
06-15 11:23:55.358 D/TrafficStatsHelper( 6003): ifaceNames[1]:tun0
06-15 11:23:55.358 D/TrafficStatsHelper( 6003): ifaceNames[2]:wlan0
06-15 11:23:55.358 D/TrafficStatsHelper( 6003): ifaceNames[3]:dummy0
06-15 11:23:55.358 D/TrafficStatsHelper( 6003): ifaceNames[4]:rmnet_data0
06-15 11:23:55.359 D/TrafficStatsHelper( 6003): transmitted_validWifiData.get(0) = wlan0
06-15 11:23:55.865 W/ResourceType( 3319): No known package when getting name for resource number 0x9ce90000
06-15 11:23:55.866 W/ResourceType( 3319): No known package when getting name for resource number 0x9ce90100
06-15 11:23:55.866 W/ResourceType( 3319): No known package when getting name for resource number 0x9ce90100
06-15 11:23:55.866 W/ResourceType( 3319): No known package when getting name for resource number 0x9ce90200
06-15 11:23:55.867 W/ResourceType( 3319): No known package when getting name for resource number 0x9ce90300
06-15 11:23:55.867 W/ResourceType( 3319): No known package when getting name for resource number 0x9ce90001
06-15 11:23:55.867 W/ResourceType( 3319): No known package when getting name for resource number 0x9ce90101
06-15 11:23:55.867 W/ResourceType( 3319): No known package when getting name for resource number 0x9ce90301
06-15 11:23:55.868 W/ResourceType( 3319): No known package when getting name for resource number 0x9ce80000
06-15 11:23:55.868 W/ResourceType( 3319): No known package when getting name for resource number 0x9ce80100
06-15 11:23:55.876 I/appium  (28403): Skipping invisible child: android.view.accessibility.AccessibilityNodeInfo@8000cb9f; boundsInParent: Rect(0, 0 - 1080, 1503); boundsInScreen: Rect(0, 60 - 0, 1563); packageName: com.oppo.launcher; className: android.view.ViewGroup; text: null; error: null; maxTextLength: -1; contentDescription: null; viewIdResName: null; checkable: false; checked: false; focusable: false; focused: false; selected: false; clickable: true; longClickable: false; contextClickable: false; enabled: true; password: false; scrollable: false; actions: [AccessibilityAction: ACTION_SELECT - null, AccessibilityAction: ACTION_CLEAR_SELECTION - null, AccessibilityAction: ACTION_CLICK - null, AccessibilityAction: ACTION_ACCESSIBILITY_FOCUS - null, AccessibilityAction: ACTION_SHOW_ON_SCREEN - null]
06-15 11:23:55.880 I/appium  (28403): Fetch time: 8ms
06-15 11:23:55.884 D/AndroidRuntime(30894): >>>>>> START com.android.internal.os.RuntimeInit uid 2000 <<<<<<
06-15 11:23:55.890 D/AndroidRuntime(30894): CheckJNI is OFF
06-15 11:23:55.896 I/appium  (28403): AppiumResponse: {"sessionId":"50a3d129-e1c4-4754-9f20-b516f7b4ab53","status":0,"value":"<?xml version=\"1.0\" encoding=\"UTF-8\"?><hierarchy rotation=\"0\"><android.widget.FrameLayout index=\"0\" text=\"\" class=\"android.widget.FrameLayout\" package=\"com.oppo.launcher\" content-desc=\"\" checkable=\"false\" checked=\"false\" clickable=\"false\" enabled=\"true\" focusable=\"false\" focused=\"false\" scrollable=\"false\" long-clickable=\"false\" password=\"false\" selected=\"false\" bounds=\"[0,0][1080,1920]\" resource-id=\"\" instance=\"0\"><android.widget.LinearLayout index=\"0\" text=\"\" class=\"android.widget.LinearLayout\" package=\"com.oppo.launcher\" content-desc=\"\" checkable=\"false\" checked=\"false\" clickable=\"false\" enabled=\"true\" focusable=\"false\" focused=\"false\" scrollable=\"false\" long-clickable=\"false\" password=\"false\" selected=\"false\" bounds=\"[0,0][1080,1920]\" resource-id=\"\" instance=\"0\"><android.widget.FrameLayout index=\"0\" text=\"\" class=\"android.widget.FrameLayout\" package=\"com.oppo.launcher\" content-desc=\"\" checkable=\"false\" checked=\"false\" clickable=\"false\" enabled=\"true\" focusable=\"false\" focused=\"false\" scrollable=\"false\" long-clickable=\"false\" password=\"false\" selected=\"false\" bounds=\"[0,0][1080,1920]\" resource-id=\"android:id\/content\" instance=\"1\"><android.widget.FrameLayout index=\"0\" text=\"\" class=\"android.widget.FrameLayout\" package=\"com.oppo.launcher\" content-desc=\"\" checkable=\"false\" checked=\"false\" clickable=\"false\" enabled=\"true\" focusable=\"false\" focused=\"false\" scrollable=\"false\" long-clickable=\"false\" password=\"false\" selected=\"false\" bounds=\"[0,0][1080,1920]\" resource-id=\"com.oppo.launcher:id\/drag_layer\" instance=\"2\"><android.view.ViewGroup index=\"0\" text=\"\" class=\"android.view.ViewGroup\" package=\"com.oppo.launcher\" content-desc=\"\" checkable=\"false\" checked=\"false\" clickable=\"false\" enabled=\"true\" focusable=\"false\" focused=\"false\" scrollable=\"true\" long-clickable=\"false\" password=\"false\" selected=\"false\" bounds=\"[0,0][1080,1920]\" resource-id=\"com.oppo.launcher:id\/workspace\" instance=\"0\"><android.view.ViewGroup index=\"1\" text=\"\" class=\"android.view.ViewGroup\" package=\"com.oppo.launcher\" content-desc=\"\" checkable=\"false\" checked=\"false\" clickable=\"true\" enabled=\"true\" focusable=\"false\" focused=\"false\" scrollable=\"false\" long-clickable=\"false\" password=\"false\" selected=\"false\" bounds=\"[0,60][1080,1563]\" resource-id=\"\" instance=\"1\"><android.widget.LinearLayout index=\"0\" text=\"\" class=\"android.widget.LinearLayout\" package=\"com.oppo.launcher\" content-desc=\"文件夹： SocialNetworking\" checkable=\"false\" checked=\"false\" clickable=\"false\" enabled=\"true\" focusable=\"true\" focused=\"false\" scrollable=\"false\" long-clickable=\"true\" password=\"false\" selected=\"false\" bounds=\"[36,72][288,366]\" resource-id=\"\" instance=\"1\"><android.widget.ImageView index=\"0\" text=\"\" class=\"android.widget.ImageView\" package=\"com.oppo.launcher\" content-desc=\"\" checkable=\"false\" checked=\"false\" clickable=\"false\" enabled=\"true\" focusable=\"false\" focused=\"false\" scrollable=\"false\" long-clickable=\"false\" password=\"false\" selected=\"false\" bounds=\"[80,102][244,266]\" resource-id=\"com.oppo.launcher:id\/preview_background\" instance=\"0\"\/><android.widget.TextView index=\"1\" text=\"社交\" class=\"android.widget.TextView\" package=\"com.oppo.launcher\" content-desc=\"\" checkable=\"false\" checked=\"false\" clickable=\"false\" enabled=\"true\" focusable=\"false\" focused=\"false\" scrollable=\"false\" long-clickable=\"false\" password=\"false\" selected=\"false\" bounds=\"[120,266][204,329]\" resource-id=\"com.oppo.launcher:id\/folder_icon_name\" instance=\"0\"\/><\/android.widget.LinearLayout><android.widget.TextView index=\"1\" text=\"双开助手\" class=\"android.widget.TextView\" package=\"com.oppo.launcher\" content-desc=\"\" checkable=\"false\" check
06-15 11:23:55.937 I/appium  (28403): channel read invoked!
06-15 11:23:55.937 I/appium  (28403): channel read: GET /wd/hub/session/50a3d129-e1c4-4754-9f20-b516f7b4ab53/source
06-15 11:23:55.940 W/ResourceType( 3319): No known package when getting name for resource number 0x9ce90000
06-15 11:23:55.941 W/ResourceType( 3319): No known package when getting name for resource number 0x9ce90100
06-15 11:23:55.941 W/ResourceType( 3319): No known package when getting name for resource number 0x9ce90100
06-15 11:23:55.941 W/ResourceType( 3319): No known package when getting name for resource number 0x9ce90200
06-15 11:23:55.941 W/ResourceType( 3319): No known package when getting name for resource number 0x9ce90300
06-15 11:23:55.941 W/ResourceType( 3319): No known package when getting name for resource number 0x9ce90001
06-15 11:23:55.942 W/ResourceType( 3319): No known package when getting name for resource number 0x9ce90101
06-15 11:23:55.942 W/ResourceType( 3319): No known package when getting name for resource number 0x9ce90301
06-15 11:23:55.942 W/ResourceType( 3319): No known package when getting name for resource number 0x9ce80000
06-15 11:23:55.942 W/ResourceType( 3319): No known package when getting name for resource number 0x9ce80100
