06-27 21:39:04.772 D/HwCust  (11369): Create obj success use class android.net.HwCustConnectivityManagerImpl
06-27 21:39:04.773 I/NetworkSpeedManagerEx( 1789): value=1817.6666speed = 1.8
06-27 21:39:04.773 I/NetworkSpeedManagerEx( 1789): K/smIsShowLastSpeedValuefalse
06-27 21:39:04.773 I/NetworkSpeedView( 1789): /update(), speed=1.8
06-27 21:39:04.773 I/NetworkSpeedView( 1789): K/s parent class:class com.android.systemui.statusbar.HwSystemIcons
06-27 21:39:04.773 D/NetworkStateReceiver(11369): netWorkConnected = true
06-27 21:39:04.773 D/AirPushUtils(11369): startPushInfo
06-27 21:39:04.778 D/PMS1000 (  702): package:com.excelliance.dualaid, input flags:8192, output hwFlags:0
06-27 21:39:04.782 D/PMS1001 (  702): package:com.excelliance.dualaid, input flags:0, output hwFlags:0
06-27 21:39:04.784 D/AirPushService(11369): Alarm
06-27 21:39:04.784 D/AirPushService(11369): resetPushAlarm
06-27 21:39:04.787 D/PMS11326(  702): package:com.excelliance.dualaid, input flags:0, output hwFlags:0
06-27 21:39:04.788 D/SmtServService(11369): pull info
06-27 21:39:04.788 D/SmtServService(11369): diffTime = 1530106744788
06-27 21:39:04.788 D/SmtServService(11369): pushInfoFromServer
06-27 21:39:04.793 D/AirPushPreferences(11369): setLastPushTime
06-27 21:39:04.803 D/PMS11326(  702): package:com.excelliance.dualaid, input flags:128, output hwFlags:0
06-27 21:39:04.804 D/StatisticsManager(11369): Query time diff:1530106744804
06-27 21:39:04.813 I/zygote  (11369): Do partial code cache collection, code=27KB, data=31KB
06-27 21:39:04.815 D/launch-time-RU(11369): preload 24 classes cost 28ms
06-27 21:39:04.816 I/zygote  (11369): After code cache collection, code=11KB, data=18KB
06-27 21:39:04.816 I/zygote  (11369): Increasing code cache capacity to 128KB
06-27 21:39:04.818 D/PMS11326(  702): package:com.excelliance.dualaid, input flags:128, output hwFlags:0
06-27 21:39:04.827 D/StatisticsManager(11369): Query time diff:1530106744827
06-27 21:39:04.828 I/chatty  (  702): uid=1000(system) Binder:702_13 identical 4 lines
06-27 21:39:04.828 D/PMS11326(  702): package:com.excelliance.dualaid, input flags:128, output hwFlags:0
06-27 21:39:04.828 D/PMS11326(  702): package:com.excelliance.dualaid, input flags:128, output hwFlags:0
06-27 21:39:04.829 I/chatty  (  702): uid=1000(system) Binder:702_11 identical 1 line
06-27 21:39:04.829 D/PMS11326(  702): package:com.excelliance.dualaid, input flags:128, output hwFlags:0
06-27 21:39:04.832 D/PMS11326(  702): package:com.excelliance.dualaid, input flags:128, output hwFlags:0
06-27 21:39:04.834 D/StatisticsManager(11369): Query time diff:1530106744834
06-27 21:39:04.835 I/chatty  (  702): uid=1000(system) Binder:702_13 identical 2 lines
06-27 21:39:04.835 D/PMS11326(  702): package:com.excelliance.dualaid, input flags:128, output hwFlags:0
06-27 21:39:04.838 D/PMS11326(  702): package:com.excelliance.dualaid, input flags:128, output hwFlags:0
06-27 21:39:04.852 D/AirPushDBHelper(11369): onCreate: pushitemnew
06-27 21:39:04.854 D/AirPushDBHelper(11369): selection = type=? and index_=(select max(index_) from pushitemnew where type=?) , key = vip
06-27 21:39:04.855 D/AirPushDBHelper(11369): selection = type=? and index_=(select max(index_) from pushitemnew where type=?) , key = update
06-27 21:39:04.855 D/AirPushDBHelper(11369): selection = type=? and index_=(select max(index_) from pushitemnew where type=?) , key = officalActivity
06-27 21:39:04.855 D/AirPushDBHelper(11369): selection = type=? and index_=(select max(index_) from pushitemnew where type=?) , key = news
06-27 21:39:04.855 D/AirPushDBHelper(11369): selection = type=? and index_=(select max(index_) from pushitemnew where type=?) , key = target
06-27 21:39:04.855 D/AirPushDBHelper(11369): selection = type=? and index_=(select max(index_) from pushitemnew where type=?) , key = batch
06-27 21:39:04.856 D/AirPushDBHelper(11369): selection = type=? and index_=(select max(index_) from pushitemnew where type=?) , key = skipTarget
06-27 21:39:04.856 D/AirPushDBHelper(11369): selection = type=? and index_=(select max(index_) from pushitemnew where type=?) , key = thirdApp
06-27 21:39:04.857 D/PushItem(11369): indexJson = {}
06-27 21:39:04.857 D/AirPushService(11369): dataJson = {}
06-27 21:39:04.857 V/AirPushService(11369): ver :e30%3D%0A
06-27 21:39:04.857 D/VersionManager(11369): httpsRequest getURL = https://mto.multiopen.cn/pushmess.php?ver=466&mainver=231200&data=e30%3D%0A&wxCode=1321&subchid=1&sdkV=8.0.0&pkg=com.excelliance.dualaid&chid=10022&issl=1&compver=54302&wxVerName=6.6.7&vn=4.0.6&model=stf-al10&api=26&brand=honor&aid=f0c2426fc7560cf5
06-27 21:39:04.858 D/NetworkSecurityConfig(11369): No Network Security Config specified, using platform default
06-27 21:39:04.897 D/GameUtil(11369): getSDKDataParam totalmem:5.60GB
06-27 21:39:04.902 W/X509TrustManager(11369): checkServerTrusted: SignatureException:null
06-27 21:39:04.902 W/X509TrustManager(11369): checkServerTrusted: SignatureException:error:04000073:RSA routines:OPENSSL_internal:DATA_TOO_LARGE_FOR_MODULUS
06-27 21:39:04.915 D/VersionManager(11369): httpsRequest getURL = https://folder.appota.cn/genuser.php?chid=10022&subchid=1&vc=466&type=4&data=tbCbI6ooWmOSi%2BhP8At3K55rUDjOXjUCTTE1Q7OqeVGzpiL1Dx8z2UKsv%2F2w066OKzL65VOc%2FHNVNculXvpkfbOlpWKAPUf5ryVSFynVNa8UucDwm5e36rJ6e2Kpu%2B5ykc4DARTfkZV4Ad5N96d4%2BjApQCWZuWchybogtHpbAp5JGb2oE4RYpIUqF8au1pxTSmwBdD5PozvBfX2%2Bj4RIW8u13M8ksM63bQoy2eR4WdDx%2BqZexoey63Hms3xqJyQkd3PFvljbOMDFV5%2BIsI0F%2B0cTu0Poz37kp440m4BdEnDxUpl%2F2SWQiyGENywr4rII2GFixGV6F3FTP2B6Iz%2Bp9XPgTT1Q8jOobYd0%2B7qf7bpZ2AyYZuCae%2FN%2FDrbd9ARIKpXrBwZ7SdplMO1nzphjQUqGRQMAlrO9Oa0Du6EV17%2FgN7YtgBzuJRHbP0GgVSdnIEYbOUnjg9adLEk2nhpRcwGYdX7bJ5%2FC%2FGVy8QMvFO%2FVJ5uAYH82VV6bvSarVkuFeotJT4yadRHbDkYGgVZfCDPVS%2FOPcQttSZtkoN3AjIdEC3B%2BjPtytpdTQYFvI9Ol&issl=1
06-27 21:39:04.926 D/PMS1000 (  702): package:com.excelliance.dualaid, input flags:1024, output hwFlags:0
06-27 21:39:04.926 I/ActivityManager(  702): Need to start process com.excelliance.dualaid:lbcore for provider ContentProviderInfo{name=com.excelliance.dualaid:com.excelliance.kxqp.platform.PluginManagerProvider className=com.excelliance.kxqp.platform.PluginManagerProvider}, callerApp: ProcessRecord{692a748 11369:com.excelliance.dualaid/u0a1326}
06-27 21:39:04.926 V/ActivityManager(  702): startProcess: name=com.excelliance.dualaid:lbcore app=null knownToBeDead=false thread=null pid=-1
06-27 21:39:04.926 D/PMS1000 (  702): package:com.excelliance.dualaid, input flags:0, output hwFlags:0
06-27 21:39:04.938 I/ActivityManager(  702): Start proc 11460:com.excelliance.dualaid:lbcore/u0a1326 for content provider com.excelliance.dualaid/com.excelliance.kxqp.platform.PluginManagerProvider
06-27 21:39:04.939 V/ActivityManager_MU(  702): Waiting to start provider ContentProviderRecord{c7045af u0 com.excelliance.dualaid/com.excelliance.kxqp.platform.PluginManagerProvider} launchingApp=ProcessRecord{231c98e 11460:com.excelliance.dualaid:lbcore/u0a1326} caller pid= 11369
06-27 21:39:04.940 I/        (11460): power log dlsym ok
06-27 21:39:04.942 I/zygote  (11460): Reinit property: dalvik.vm.checkjni= false
06-27 21:39:04.947 D/AirPushService(11369): result = {"period":"r","vip":{"index_":"","data":""},"update":{"index_":"","data":""},"officalActivity":{"index_":"","data":""},"news":{"index_":"","data":""},"target":{"index_":"","data":""},"batch":{"index_":"","data":""},"skipTarget":{"index_":"","data":""},"thirdApp":{"index_":"","data":""}}
06-27 21:39:04.948 D/AirPushService(11369): handleCheckerSaveToDB
06-27 21:39:04.948 D/AirPushUtils(11369): startDbOver
06-27 21:39:04.951 W/X509TrustManager(11369): checkServerTrusted: SignatureException:null
06-27 21:39:04.951 W/X509TrustManager(11369): checkServerTrusted: SignatureException:error:04000073:RSA routines:OPENSSL_internal:DATA_TOO_LARGE_FOR_MODULUS
06-27 21:39:04.952 D/ActivityThread(11460): ActivityThread,attachApplication
06-27 21:39:04.952 D/ActivityManager(  702): ActivityManagerService,attachApplication,callingPid = 11460
06-27 21:39:04.953 D/SmtServService(11369): db write over
06-27 21:39:04.954 D/SmtServService(11369): gameCenterFirstStart = true
06-27 21:39:04.960 W//system/bin/hwservicemanager(  416): Cannot open /odm/manifest.xml
06-27 21:39:04.968 W//system/bin/hwservicemanager(  416): Cannot open /odm/manifest.xml
06-27 21:39:04.969 I/GRALLOC (  667): 	 shrFd=10,fmt=0x1,intFmt=0x1,btStrd=256,size=4096,pid=667 
06-27 21:39:04.969 I/GRALLOC (  667): 	 yuv=2,w=16,h=16,Stride u=0 v=0,offset u=0 v=0 
06-27 21:39:04.969 I/GRALLOC (  667): 	 iova_size=4096,conUsg=0x100,proUsg=0x100,	 strd=64,[afbc]HdrStrd=0 PyldStrd=0 Scrmbl=0,ionhnd = 1 
06-27 21:39:04.971 D/HwFLClassLoader(11460): get used feature list :/feature/used-list failed!
06-27 21:39:04.971 D/HwFLClassLoader(11460): USE_FEATURE_LIST had not init! 
06-27 21:39:04.983 D/PMS11326(  702): package:com.excelliance.dualaid, input flags:128, output hwFlags:0
06-27 21:39:05.023 D/launch-time-RU(11460): preload 24 classes cost 15ms
06-27 21:39:05.032 D/VersionManager(11369): uid=15295827
06-27 21:39:05.054 D/ActivityThread(11460): Loading provider com.excelliance.dualaid:com.excelliance.kxqp.platform.PluginManagerProvider: com.excelliance.kxqp.platform.PluginManagerProvider
06-27 21:39:05.054 D/PMS11326(  702): package:com.excelliance.dualaid, input flags:0, output hwFlags:0
06-27 21:39:05.068 D/PMS1000 (  702): package:com.excelliance.dualaid, input flags:8192, output hwFlags:0
06-27 21:39:05.071 D/PMS1001 (  702): package:com.excelliance.dualaid, input flags:0, output hwFlags:0
06-27 21:39:05.078 D/PMS11326(  702): package:com.excelliance.dualaid, input flags:0, output hwFlags:0
06-27 21:39:05.080 D/PMS11326(  702): package:com.excelliance.dualaid:lbcore, input flags:0, output is null
06-27 21:39:05.081 I/Bluetooth_framework(  702): BluetoothManagerService:Added callback: android.bluetooth.IBluetoothManagerCallback$Stub$Proxy@c04f09a:true pid = 11460
06-27 21:39:05.084 D/PMS11326(  702): package:com.excelliance.dualaid, input flags:128, output hwFlags:0
06-27 21:39:05.101 I/LBVMD-LBPMS(11460): LBVMRT: version 54302:543.02
06-27 21:39:05.102 E/zygote  (11460): Invalid capacity given to EnsureLocalCapacity: 800
06-27 21:39:05.111 I/HwCust  (11460): Constructor found for class android.net.HwCustConnectivityManagerImpl
06-27 21:39:05.111 D/HwCust  (11460): Create obj success use class android.net.HwCustConnectivityManagerImpl
06-27 21:39:05.117 D/PMS11326(  702): package:com.excelliance.dualaid, input flags:0, output hwFlags:0
06-27 21:39:05.129 D/PMS11326(  702): package:com.excelliance.dualaid, input flags:0, output hwFlags:0
06-27 21:39:05.130 D/PMS11326(  702): package:com.excelliance.dualaid, input flags:0, output hwFlags:0
06-27 21:39:05.132 V/ActivityManager(  702): Successfully start provider ContentProviderRecord{c7045af u0 com.excelliance.dualaid/com.excelliance.kxqp.platform.PluginManagerProvider} launchingApp=ProcessRecord{231c98e 11460:com.excelliance.dualaid:lbcore/u0a1326} caller pid= 11369
06-27 21:39:05.134 E/MemoryLeakMonitorManager(11460): MemoryLeakMonitor.jar is not exist!
06-27 21:39:05.135 D/KXQPApplication(11460): run: initUserManager
06-27 21:39:05.136 E/MemoryLeakMonitorManager(11460): MemoryLeakMonitor.jar is not exist!
06-27 21:39:05.137 E/MemoryLeakMonitorManager(11369): MemoryLeakMonitor.jar is not exist!
06-27 21:39:05.138 D/SmtServService(11369): MSG_LOAD_PLT after msg.obj
06-27 21:39:05.138 V/HwWidgetFactory(11460): : successes to get AllImpl object and return....
06-27 21:39:05.139 E/Minikin (11460): Could not get cmap table size!
06-27 21:39:05.139 D/PMS11326(  702): package:com.excelliance.dualaid, input flags:128, output hwFlags:0
06-27 21:39:05.142 V/ActivityManager(  702): Attempted to start a foreground service (ComponentInfo{com.excelliance.dualaid/com.excelliance.kxqp.platform.TrampolineService}) with a broken notification (no icon: Notification(channel=null pri=0 contentView=null vibrate=null sound=null defaults=0x0 flags=0x40 color=0x00000000 vis=PRIVATE))
06-27 21:39:05.145 E/zygote  (11460): Invalid capacity given to EnsureLocalCapacity: 592
06-27 21:39:05.148 W/PackageParser(11460): No actions in intent filter at /data/app/com.huawei.hwid-Sc7ADDdoDYIYREll7tj_iw==/base.apk Binary XML file line #1412
06-27 21:39:05.150 W/PackageParser(11460): No actions in intent filter at /data/app/com.huawei.hwid-Sc7ADDdoDYIYREll7tj_iw==/base.apk Binary XML file line #1680
06-27 21:39:05.150 W/PackageParser(11460): No actions in intent filter at /data/app/com.huawei.hwid-Sc7ADDdoDYIYREll7tj_iw==/base.apk Binary XML file line #1694
06-27 21:39:05.180 D/HwNotificationManagerService(  702): recognize: tag=null, id=268435456, user=UserHandle{0}, pkg=com.excelliance.dualaid, uid=11326, callingPid=11460
06-27 21:39:05.180 D/PMS1000 (  702): package:com.excelliance.dualaid, input flags:0, output hwFlags:0
06-27 21:39:05.181 I/[HwRecSys]HwRecSysAidlService( 2885): doNotificationCollect -> current num:1
06-27 21:39:05.181 I/[HwRecSys]-Notification-NotificationUpdateController( 2885): startNotificationUpdate start!
06-27 21:39:05.181 W/SettingsEx( 2885): SettingsEx.Systemex.getInt deprecated use Settings.System.getInt instead ;callers=com.huawei.recsys.util.SystemUtil.getNotificationUpdateMode:169 com.huawei.recsys.util.SystemUtil.isAllowUpdate:104 com.huawei.recsys.controller.notification.http.NotificationUpdateController.startNotificationUpdate:85 
06-27 21:39:05.181 I/[HwRecSys]SystemUtil( 2885): isAllowUpdate mode:1
06-27 21:39:05.182 I/[HwRecSys]SystemUtil( 2885): isAllowUpdate isAllowUpdate:true
06-27 21:39:05.182 I/[HwRecSys]-Notification-NotificationUpdateController( 2885):  -> currentYear:2018
06-27 21:39:05.182 I/[HwRecSys]-Notification-NotificationUpdateController( 2885):  -> currentMonth:5
06-27 21:39:05.182 I/[HwRecSys]-Notification-NotificationUpdateController( 2885):  -> currentDay:27
06-27 21:39:05.182 I/[HwRecSys]-Notification-NotificationUpdateController( 2885):  -> oldYear:2018
06-27 21:39:05.182 I/[HwRecSys]-Notification-NotificationUpdateController( 2885):  -> oldMonth:5
06-27 21:39:05.182 I/[HwRecSys]-Notification-NotificationUpdateController( 2885):  -> oldDay:27
06-27 21:39:05.182 E/[HwRecSys]-Notification-NotificationUpdateController( 2885): startNotificationUpdate time is valid no need request
06-27 21:39:05.182 I/[HwRecSys]-Notification-NotificationController( 2885): doNotificationCollect start!
06-27 21:39:05.182 E/[HwRecSys]-Notification-NotificationController( 2885): HwDefaultLabels returnStr:107
06-27 21:39:05.182 E/[HwRecSys]-Notification-NotificationController( 2885): getChinese paramValue is null!
06-27 21:39:05.183 E/[HwRecSys]-Notification-NotificationController( 2885): doNotificationCollect getLabelByRegRules label:107
06-27 21:39:05.183 I/[HwRecSys]HwRecSysAidlService( 2885): doNotificationCollect ->  finally remote Num - 1 !
06-27 21:39:05.184 I/HwNotificationManagerService(  702): doNotificationCollect: pkg=com.excelliance.dualaid, uid=11326, hw_type=107, hw_btw=true
06-27 21:39:05.184 D/PMS1000 (  702): package:com.excelliance.dualaid, input flags:268435456, output hwFlags:0
06-27 21:39:05.184 D/PMS1000 (  702): package:com.excelliance.dualaid, input flags:0, output hwFlags:0
06-27 21:39:05.184 W/NotificationRecord(  702): Use default channel, The importance is:2
06-27 21:39:05.184 D/PMS1000 (  702): package:com.excelliance.dualaid, input flags:0, output hwFlags:0
06-27 21:39:05.184 V/ActivityManager(  702): Attempted to start a foreground service (ComponentInfo{com.excelliance.dualaid/com.excelliance.kxqp.platform.TrampolineService$EmptyService}) with a broken notification (no icon: Notification(channel=null pri=0 contentView=null vibrate=null sound=null defaults=0x0 flags=0x40 color=0x00000000 vis=PRIVATE))
06-27 21:39:05.187 D/NotificationService(  702): mGameDndStatus is:false ,isGameDndSwitchOn is:false
06-27 21:39:05.187 D/HwNotificationManagerService(  702): recognize: tag=null, id=268435456, user=UserHandle{0}, pkg=com.excelliance.dualaid, uid=11326, callingPid=11460
06-27 21:39:05.187 D/PMS1000 (  702): package:com.excelliance.dualaid, input flags:0, output hwFlags:0
06-27 21:39:05.188 I/[HwRecSys]HwRecSysAidlService( 2885): doNotificationCollect -> current num:1
06-27 21:39:05.188 I/[HwRecSys]-Notification-NotificationUpdateController( 2885): startNotificationUpdate start!
06-27 21:39:05.188 W/SettingsEx( 2885): SettingsEx.Systemex.getInt deprecated use Settings.System.getInt instead ;callers=com.huawei.recsys.util.SystemUtil.getNotificationUpdateMode:169 com.huawei.recsys.util.SystemUtil.isAllowUpdate:104 com.huawei.recsys.controller.notification.http.NotificationUpdateController.startNotificationUpdate:85 
06-27 21:39:05.188 I/[HwRecSys]SystemUtil( 2885): isAllowUpdate mode:1
06-27 21:39:05.188 I/[HwRecSys]SystemUtil( 2885): isAllowUpdate isAllowUpdate:true
06-27 21:39:05.188 I/[HwRecSys]-Notification-NotificationUpdateController( 2885):  -> currentYear:2018
06-27 21:39:05.188 I/[HwRecSys]-Notification-NotificationUpdateController( 2885):  -> currentMonth:5
06-27 21:39:05.189 I/[HwRecSys]-Notification-NotificationUpdateController( 2885):  -> currentDay:27
06-27 21:39:05.189 I/[HwRecSys]-Notification-NotificationUpdateController( 2885):  -> oldYear:2018
06-27 21:39:05.189 I/[HwRecSys]-Notification-NotificationUpdateController( 2885):  -> oldMonth:5
06-27 21:39:05.189 I/[HwRecSys]-Notification-NotificationUpdateController( 2885):  -> oldDay:27
06-27 21:39:05.189 E/[HwRecSys]-Notification-NotificationUpdateController( 2885): startNotificationUpdate time is valid no need request
06-27 21:39:05.189 I/[HwRecSys]-Notification-NotificationController( 2885): doNotificationCollect start!
06-27 21:39:05.189 E/[HwRecSys]-Notification-NotificationController( 2885): HwDefaultLabels returnStr:107
06-27 21:39:05.190 E/[HwRecSys]-Notification-NotificationController( 2885): getChinese paramValue is null!
06-27 21:39:05.191 I/AppManager( 2168): app:com.excelliance.dualaid Notification update time:783058001
06-27 21:39:05.191 I/AppManager( 2168): app:com.excelliance.dualaid Notification persist:true  Ids:[268435456]
06-27 21:39:05.192 E/[HwRecSys]-Notification-NotificationController( 2885): doNotificationCollect getLabelByRegRules label:107
06-27 21:39:05.193 I/[HwRecSys]HwRecSysAidlService( 2885): doNotificationCollect ->  finally remote Num - 1 !
06-27 21:39:05.193 I/HwNotificationManagerService(  702): doNotificationCollect: pkg=com.excelliance.dualaid, uid=11326, hw_type=107, hw_btw=true
06-27 21:39:05.193 D/PMS1000 (  702): package:com.excelliance.dualaid, input flags:268435456, output hwFlags:0
06-27 21:39:05.193 D/PMS1000 (  702): package:com.excelliance.dualaid, input flags:0, output hwFlags:0
06-27 21:39:05.193 W/NotificationRecord(  702): Use default channel, The importance is:2
06-27 21:39:05.196 W/zygote  (11460): Throwing OutOfMemoryError "EnsureLocalCapacity"
06-27 21:39:05.202 W/IPMSI   (11460): request permission: com.huawei.permission.sec.MDM.v2
06-27 21:39:05.202 W/IPMSI   (11460): request permission: com.huawei.authentication.HW_ACCESS_AUTH_SERVICE
06-27 21:39:05.202 W/IPMSI   (11460): request permission: com.huawei.appmarket.provider.readPermission
06-27 21:39:05.202 W/IPMSI   (11460): request permission: com.huawei.pushagent.permission.RICHMEDIA_PROVIDER
06-27 21:39:05.202 D/NotificationService(  702): mGameDndStatus is:false ,isGameDndSwitchOn is:false
06-27 21:39:05.211 D/PMS10039(  702): package:com.excelliance.dualaid, input flags:1024, output hwFlags:0
06-27 21:39:05.215 D/HwCust  ( 1789): Create obj success use class com.android.systemui.statusbar.notification.HwCustNotificationInflaterImpl
06-27 21:39:05.217 I/FakeShadowView( 1789): radius18
06-27 21:39:05.219 D/PMS10039(  702): package:com.excelliance.dualaid, input flags:8704, output hwFlags:0
06-27 21:39:05.220 D/PMS10039(  702): package:com.excelliance.dualaid, input flags:8192, output hwFlags:0
06-27 21:39:05.222 W/HwPhoneLayoutInflater( 1789): onCreateView : ClassNotFoundException, In this case we want to let the base class take a crack at it
06-27 21:39:05.227 I/chatty  ( 1789): uid=10039(u0_a39) com.android.systemui identical 2 lines
06-27 21:39:05.227 W/HwPhoneLayoutInflater( 1789): onCreateView : ClassNotFoundException, In this case we want to let the base class take a crack at it
06-27 21:39:05.228 W/ResourceType( 1789): Failure getting entry for 0x01040255 (t=3 e=597) (error -75)
06-27 21:39:05.229 W/HwPhoneLayoutInflater( 1789): onCreateView : ClassNotFoundException, In this case we want to let the base class take a crack at it
06-27 21:39:05.231 I/chatty  ( 1789): uid=10039(u0_a39) com.android.systemui identical 2 lines
06-27 21:39:05.231 W/HwPhoneLayoutInflater( 1789): onCreateView : ClassNotFoundException, In this case we want to let the base class take a crack at it
06-27 21:39:05.231 W/ResourceType( 1789): Failure getting entry for 0x01040255 (t=3 e=597) (error -75)
06-27 21:39:05.234 W/HwPhoneLayoutInflater( 1789): onCreateView : ClassNotFoundException, In this case we want to let the base class take a crack at it
06-27 21:39:05.236 I/chatty  ( 1789): uid=10039(u0_a39) com.android.systemui identical 2 lines
06-27 21:39:05.236 W/HwPhoneLayoutInflater( 1789): onCreateView : ClassNotFoundException, In this case we want to let the base class take a crack at it
06-27 21:39:05.236 W/ResourceType( 1789): Failure getting entry for 0x01040255 (t=3 e=597) (error -75)
06-27 21:39:05.239 W/HwPhoneLayoutInflater( 1789): onCreateView : ClassNotFoundException, In this case we want to let the base class take a crack at it
06-27 21:39:05.240 I/chatty  ( 1789): uid=10039(u0_a39) com.android.systemui identical 2 lines
06-27 21:39:05.240 W/HwPhoneLayoutInflater( 1789): onCreateView : ClassNotFoundException, In this case we want to let the base class take a crack at it
06-27 21:39:05.240 W/ResourceType( 1789): Failure getting entry for 0x01040255 (t=3 e=597) (error -75)
06-27 21:39:05.242 D/PMS10039(  702): package:com.excelliance.dualaid, input flags:0, output hwFlags:0
06-27 21:39:05.244 D/HwPhoneStatusBar( 1789): No peeking: not allowed notification: 0|com.excelliance.dualaid|268435456|null|11326
06-27 21:39:05.247 I/PhoneStatusBar( 1789): updateNotificationShade: total=33, active=33
06-27 21:39:05.247 W/PhoneStatusBar( 1789): updateNotificationShade hasFaceDT: false; Detected:false
06-27 21:39:05.248 V/PhoneStatusBar( 1789): mStackScroller size:10,activeCount:33, childCnt:14
06-27 21:39:05.259 D/ReporterUtil( 1789):  e id:344 type:{pkg:com.excelliance.dualaid,hw_type:107,hw_btw:true,onGoing:true,importance:2}
06-27 21:39:05.260 E/BDLog   ( 2138): BD.FilterImpl:com.android.systemui 344 times= 200 over threshold
06-27 21:39:05.260 E/BDLog   ( 2138): BD.FilterImpl:com.android.systemui344 is illLegal
06-27 21:39:05.265 W/HwKeyguardDragHelper( 1789): AnimationBlocked
06-27 21:39:05.270 D/StatusBar( 1789): updateNotification(StatusBarNotification(pkg=com.excelliance.dualaid user=UserHandle{0} id=268435456 tag=null key=0|com.excelliance.dualaid|268435456|null|11326: Notification(channel=null pri=0 contentView=com.excelliance.dualaid/0x1090090 vibrate=null sound=null defaults=0x0 flags=0x62 color=0xff607d8b vis=PRIVATE)))
06-27 21:39:05.271 D/SmtServService(11369): MSG_LOAD_PLT GameUtil.isPtLoaded() = true
06-27 21:39:05.273 D/HwPhoneStatusBar( 1789): No peeking: not allowed notification: 0|com.excelliance.dualaid|268435456|null|11326
06-27 21:39:05.273 D/StatusBar( 1789): applyInPlace=true shouldPeek=false alertAgain=true
06-27 21:39:05.273 D/StatusBar( 1789): reusing notification for key: 0|com.excelliance.dualaid|268435456|null|11326
06-27 21:39:05.274 D/PMS10039(  702): package:com.excelliance.dualaid, input flags:8192, output hwFlags:0
06-27 21:39:05.279 I/PhoneStatusBar( 1789): updateNotificationShade: total=33, active=33
06-27 21:39:05.279 W/PhoneStatusBar( 1789): updateNotificationShade hasFaceDT: false; Detected:false
06-27 21:39:05.279 V/PhoneStatusBar( 1789): mStackScroller size:10,activeCount:33, childCnt:14
06-27 21:39:05.289 W/HwKeyguardDragHelper( 1789): AnimationBlocked
06-27 21:39:05.843 D/HwArpVerifier(  702): performPollAndLog:
06-27 21:39:05.848 E/WifiHAL (  694): enter wifi_get_link_stats
06-27 21:39:05.861 D/hw_netstat(  702): total/13075/4576,com.excelliance.dualaid/12211/4336,unknown:0/864/240
06-27 21:39:05.861 E/wificond(  801): Failed to get NL80211_STA_INFO_CNAHLOAD
06-27 21:39:05.862 E/WificondControl(  702): Noise: -92, Snr: 0, Chload: -1
06-27 21:39:05.863 D/HwWifiCHRStateManager(  702): handleMessage : 1001
06-27 21:39:05.863 D/HwWifiCHRStateManager(  702): handleUpdateChannel:5805
06-27 21:39:05.863 V/HwWifiServiceFactory(  702): get AllImpl object = com.android.server.wifi.HwWifiServiceFactoryImpl@8e45e98
06-27 21:39:05.865 D/WifiScoreReport(  702): Score = 100, wifiConnectivityManagerEnabled = false, lowScoreCount = 0
06-27 21:39:06.126 I/TrafficMonitor(  702): update:rxPkts:18,txPkts:20,rxBytes:8254,txBytes:2748
06-27 21:39:06.127 I/TrafficMonitor(  702): start expired. level:-1
06-27 21:39:06.127 I/TrafficMonitor(  702): gettimer:interval=2000
06-27 21:39:06.241 D/HwQoEUtils(  702): onForegroundAppWifiSleepChange: config:false, sleeptime:-1,type: -1, appname:com.excelliance.dualaid:olle
06-27 21:39:06.241 D/HwQoEUtils(  702): RealAppName:com.excelliance.dualaid
06-27 21:39:06.242 D/HwQoEUtils(  702): APP type: -1 appName= com.excelliance.dualaid:olle
06-27 21:39:06.242 D/HwQoEUtils(  702): RealAppName:com.excelliance.dualaid
06-27 21:39:06.243 D/HwQoEUtils(  702): no game, APP_TYPE_GAME, appName =com.excelliance.dualaid:olle
06-27 21:39:06.487 E/QueryController( 2032): Got null root node from accessibility - Retrying...
06-27 21:39:06.522 D/MainActivity(11342): onPageSelected: 1
06-27 21:39:06.782 I/appium  ( 2032): Skipping invisible child: android.view.accessibility.AccessibilityNodeInfo@8112; boundsInParent: Rect(0, 0 - 1080, 1920); boundsInScreen: Rect(0, 0 - 0, 1920); packageName: com.excelliance.dualaid; className: android.widget.RelativeLayout; text: null; error: null; maxTextLength: -1; contentDescription: null; viewIdResName: null; checkable: false; checked: false; focusable: false; focused: false; selected: false; clickable: false; longClickable: false; contextClickable: false; enabled: true; password: false; scrollable: false; importantForAccessibility: false; actions: [AccessibilityAction: ACTION_SELECT - null, AccessibilityAction: ACTION_CLEAR_SELECTION - null, AccessibilityAction: ACTION_ACCESSIBILITY_FOCUS - null, AccessibilityAction: ACTION_SHOW_ON_SCREEN - null]
06-27 21:39:06.783 I/appium  ( 2032): Skipping invisible child: android.view.accessibility.AccessibilityNodeInfo@c4a4; boundsInParent: Rect(0, 0 - 669, 180); boundsInScreen: Rect(330, 504 - 999, 684); packageName: com.excelliance.dualaid; className: android.widget.ImageView; text: null; error: null; maxTextLength: -1; contentDescription: null; viewIdResName: com.excelliance.dualaid:id/nav_two_item2; checkable: false; checked: false; focusable: false; focused: false; selected: false; clickable: false; longClickable: false; contextClickable: false; enabled: true; password: false; scrollable: false; importantForAccessibility: false; actions: [AccessibilityAction: ACTION_SELECT - null, AccessibilityAction: ACTION_CLEAR_SELECTION - null, AccessibilityAction: ACTION_ACCESSIBILITY_FOCUS - null, AccessibilityAction: ACTION_SHOW_ON_SCREEN - null]
06-27 21:39:06.784 I/appium  ( 2032): Skipping invisible child: android.view.accessibility.AccessibilityNodeInfo@c865; boundsInParent: Rect(0, 0 - 636, 179); boundsInScreen: Rect(363, 732 - 999, 911); packageName: com.excelliance.dualaid; className: android.widget.ImageView; text: null; error: null; maxTextLength: -1; contentDescription: null; viewIdResName: com.excelliance.dualaid:id/nav_two_item1; checkable: false; checked: false; focusable: false; focused: false; selected: false; clickable: false; longClickable: false; contextClickable: false; enabled: true; password: false; scrollable: false; importantForAccessibility: false; actions: [AccessibilityAction: ACTION_SELECT - null, AccessibilityAction: ACTION_CLEAR_SELECTION - null, AccessibilityAction: ACTION_ACCESSIBILITY_FOCUS - null, AccessibilityAction: ACTION_SHOW_ON_SCREEN - null]
06-27 21:39:06.785 I/appium  ( 2032): Skipping invisible child: android.view.accessibility.AccessibilityNodeInfo@cfe7; boundsInParent: Rect(0, 0 - 29, 21); boundsInScreen: Rect(501, 1182 - 530, 1203); packageName: com.excelliance.dualaid; className: android.widget.ImageView; text: null; error: null; maxTextLength: -1; contentDescription: null; viewIdResName: com.excelliance.dualaid:id/nav_two_person_light; checkable: false; checked: false; focusable: false; focused: false; selected: false; clickable: false; longClickable: false; contextClickable: false; enabled: true; password: false; scrollable: false; importantForAccessibility: false; actions: [AccessibilityAction: ACTION_SELECT - null, AccessibilityAction: ACTION_CLEAR_SELECTION - null, AccessibilityAction: ACTION_ACCESSIBILITY_FOCUS - null, AccessibilityAction: ACTION_SHOW_ON_SCREEN - null]
06-27 21:39:06.786 I/appium  ( 2032): Skipping invisible child: android.view.accessibility.AccessibilityNodeInfo@d3a8; boundsInParent: Rect(0, 0 - 279, 306); boundsInScreen: Rect(513, 963 - 792, 1269); packageName: com.excelliance.dualaid; className: android.widget.ImageView; text: null; error: null; maxTextLength: -1; contentDescription: null; viewIdResName: com.excelliance.dualaid:id/nav_two_prop; checkable: false; checked: false; focusable: false; focused: false; selected: false; clickable: false; longClickable: false; contextClickable: false; enabled: true; password: false; scrollable: false; importantForAccessibility: false; actions: [AccessibilityAction: ACTION_SELECT - null, AccessibilityAction: ACTION_CLEAR_SELECTION - null, AccessibilityAction: ACTION_ACCESSIBILITY_FOCUS - null, AccessibilityAction: ACTION_SHOW_ON_SCREEN - null]
06-27 21:39:06.794 I/appium  ( 2032): Skipping invisible child: android.view.accessibility.AccessibilityNodeInfo@aa5d; boundsInParent: Rect(0, 0 - 1080, 1920); boundsInScreen: Rect(1080, 0 - 1080, 1920); packageName: com.excelliance.dualaid; className: android.widget.RelativeLayout; text: null; error: null; maxTextLength: -1; contentDescription: null; viewIdResName: null; checkable: false; checked: false; focusable: false; focused: false; selected: false; clickable: false; longClickable: false; contextClickable: false; enabled: true; password: false; scrollable: false; importantForAccessibility: false; actions: [AccessibilityAction: ACTION_SELECT - null, AccessibilityAction: ACTION_CLEAR_SELECTION - null, AccessibilityAction: ACTION_ACCESSIBILITY_FOCUS - null, AccessibilityAction: ACTION_SHOW_ON_SCREEN - null]
06-27 21:39:06.794 I/appium  ( 2032): Fetch time: 31ms
06-27 21:39:06.810 I/appium  ( 2032): AppiumResponse: {"sessionId":"c2102299-332e-417d-b2d1-92546da42b89","status":0,"value":"<?xml version=\"1.0\" encoding=\"UTF-8\"?><hierarchy rotation=\"0\"><android.widget.FrameLayout index=\"0\" text=\"\" class=\"android.widget.FrameLayout\" package=\"com.excelliance.dualaid\" content-desc=\"\" checkable=\"false\" checked=\"false\" clickable=\"false\" enabled=\"true\" focusable=\"false\" focused=\"false\" scrollable=\"false\" long-clickable=\"false\" password=\"false\" selected=\"false\" bounds=\"[0,0][1080,1920]\" resource-id=\"\" instance=\"0\"><android.widget.LinearLayout index=\"0\" text=\"\" class=\"android.widget.LinearLayout\" package=\"com.excelliance.dualaid\" content-desc=\"\" checkable=\"false\" checked=\"false\" clickable=\"false\" enabled=\"true\" focusable=\"false\" focused=\"false\" scrollable=\"false\" long-clickable=\"false\" password=\"false\" selected=\"false\" bounds=\"[0,0][1080,1920]\" resource-id=\"\" instance=\"0\"><android.widget.FrameLayout index=\"0\" text=\"\" class=\"android.widget.FrameLayout\" package=\"com.excelliance.dualaid\" content-desc=\"\" checkable=\"false\" checked=\"false\" clickable=\"false\" enabled=\"true\" focusable=\"false\" focused=\"false\" scrollable=\"false\" long-clickable=\"false\" password=\"false\" selected=\"false\" bounds=\"[0,0][1080,1920]\" resource-id=\"android:id\/content\" instance=\"1\"><android.widget.FrameLayout index=\"0\" text=\"\" class=\"android.widget.FrameLayout\" package=\"com.excelliance.dualaid\" content-desc=\"\" checkable=\"false\" checked=\"false\" clickable=\"false\" enabled=\"true\" focusable=\"false\" focused=\"false\" scrollable=\"false\" long-clickable=\"false\" password=\"false\" selected=\"false\" bounds=\"[0,0][1080,1920]\" resource-id=\"\" instance=\"2\"><android.widget.RelativeLayout index=\"0\" text=\"\" class=\"android.widget.RelativeLayout\" package=\"com.excelliance.dualaid\" content-desc=\"\" checkable=\"false\" checked=\"false\" clickable=\"false\" enabled=\"true\" focusable=\"false\" focused=\"false\" scrollable=\"false\" long-clickable=\"false\" password=\"false\" selected=\"false\" bounds=\"[0,0][1080,1920]\" resource-id=\"com.excelliance.dualaid:id\/rl_guide_original\" instance=\"0\"><android.support.v4.view.ViewPager index=\"0\" text=\"\" class=\"android.support.v4.view.ViewPager\" package=\"com.excelliance.dualaid\" content-desc=\"\" checkable=\"false\" checked=\"false\" clickable=\"false\" enabled=\"true\" focusable=\"true\" focused=\"false\" scrollable=\"true\" long-clickable=\"false\" password=\"false\" selected=\"false\" bounds=\"[0,0][1080,1920]\" resource-id=\"com.excelliance.dualaid:id\/vp_nav\" instance=\"0\"><android.widget.RelativeLayout index=\"1\" text=\"\" class=\"android.widget.RelativeLayout\" package=\"com.excelliance.dualaid\" content-desc=\"\" checkable=\"false\" checked=\"false\" clickable=\"false\" enabled=\"true\" focusable=\"false\" focused=\"false\" scrollable=\"false\" long-clickable=\"false\" password=\"false\" selected=\"false\" bounds=\"[0,0][1080,1920]\" resource-id=\"\" instance=\"1\"><android.view.View index=\"0\" text=\"\" class=\"android.view.View\" package=\"com.excelliance.dualaid\" content-desc=\"\" checkable=\"false\" checked=\"false\" clickable=\"false\" enabled=\"true\" focusable=\"false\" focused=\"false\" scrollable=\"false\" long-clickable=\"false\" password=\"false\" selected=\"false\" bounds=\"[0,0][1080,1920]\" resource-id=\"\" instance=\"0\"\/><android.widget.TextView index=\"3\" text=\"\" class=\"android.widget.TextView\" package=\"com.excelliance.dualaid\" content-desc=\"\" checkable=\"false\" checked=\"false\" clickable=\"false\" enabled=\"true\" focusable=\"false\" focused=\"false\" scrollable=\"false\" long-clickable=\"false\" password=\"false\" selected=\"false\" bounds=\"[144,1527][936,1624]\" resource-id=\"\" instance=\"0\"\/><android.widget.ImageView index=\"4\" text=\"\" class=\"android.widget.ImageView\" package=\"com.excelliance.dualaid\" content-desc=\"\" checkable=\"false\" checked=\"false\" click
06-27 21:39:06.846 W/libc    (  468): Set property "hw.wifi.dns_stat" to "11565,5044,10014,1,148544"
06-27 21:39:06.856 I/appium  ( 2032): channel read invoked!
06-27 21:39:06.856 I/appium  ( 2032): channel read: GET /wd/hub/session/c2102299-332e-417d-b2d1-92546da42b89/source
06-27 21:39:07.228 D/HwWifiStatStore(  702): handleMessage : 200
06-27 21:39:07.246 D/NetWorkUtils( 1789): mVSimCurCardType is -1
06-27 21:39:07.248 W/ResourceType( 1789): No package identifier when getting value for resource number 0x00000000
06-27 21:39:07.249 E/HwNotchUtils( 1789): setIconForView iconId is not found
06-27 21:39:07.252 D/NetWorkUtils( 1789): mVSimCurCardType is -1
06-27 21:39:07.254 W/ResourceType( 1789): No package identifier when getting value for resource number 0x00000000
06-27 21:39:07.254 E/HwNotchUtils( 1789): setIconForView iconId is not found
06-27 21:39:07.418 D/LogUtil_LogConfig( 6009): obtainSavePath(): path = 1
06-27 21:39:07.420 D/LogUtil_LogConfig( 6009): getLogFile(): logFilePath = /data/data/com.huawei.health/files/com.huawei.health/com.huawei.health_DaemonService/
06-27 21:39:07.420 D/LogUtil_LogConfig( 6009): obtainSavePath(): path = 1
06-27 21:39:07.420 D/LogUtil_LogConfig( 6009): acquireMaxLogFileLengthContainsOffset describe: com.huawei.health:DaemonService result:5242880
06-27 21:39:07.421 D/LogUtil_LogConfig( 6009): obtainSavePath(): path = 1
06-27 21:39:07.422 D/LogUtil_LogConfig( 6009): getLogFileRoot(): logFilePath = /data/data/com.huawei.health/files/com.huawei.health/com.huawei.health_DaemonService/
06-27 21:39:07.756 I/NetworkSpeedManagerEx( 1789): mIsStop = false
06-27 21:39:07.758 I/NetworkSpeedManagerEx( 1789):  runInThread getTetherStats
06-27 21:39:07.761 I/NetworkSpeedManagerEx( 1789):  runInUI refreshSpeed
06-27 21:39:07.763 I/NetworkSpeedManagerEx( 1789): value=3641.3333speed = 3.6
06-27 21:39:07.763 I/NetworkSpeedManagerEx( 1789): K/smIsShowLastSpeedValuefalse
06-27 21:39:07.764 I/NetworkSpeedView( 1789): /update(), speed=3.6
06-27 21:39:07.764 I/NetworkSpeedView( 1789): K/s parent class:class com.android.systemui.statusbar.HwSystemIcons
06-27 21:39:07.775 V/ActivityManager(  702): startProcess: name=com.excelliance.dualaid:smtcnt app=null knownToBeDead=true thread=null pid=-1
06-27 21:39:07.778 D/PMS1000 (  702): package:com.excelliance.dualaid, input flags:0, output hwFlags:0
06-27 21:39:07.787 I/NetworkSpeedManagerEx( 1789): mIsStop = false
06-27 21:39:07.788 I/NetworkSpeedManagerEx( 1789):  runInThread getTetherStats
06-27 21:39:07.789 I/NetworkSpeedManagerEx( 1789):  runInUI refreshSpeed
06-27 21:39:07.791 I/NetworkSpeedManagerEx( 1789): value=3688.3333speed = 3.6
06-27 21:39:07.791 I/NetworkSpeedManagerEx( 1789): K/smIsShowLastSpeedValuefalse
06-27 21:39:07.791 I/NetworkSpeedView( 1789): /update(), speed=3.6
06-27 21:39:07.791 I/NetworkSpeedView( 1789): K/s parent class:class com.android.systemui.statusbar.HwSystemIcons
06-27 21:39:07.811 I/        (11509): power log dlsym ok
06-27 21:39:07.811 I/ActivityManager(  702): Start proc 11509:com.excelliance.dualaid:smtcnt/u0a1326 for service com.excelliance.dualaid/com.excelliance.kxqp.SmtCntService
06-27 21:39:07.818 I/zygote  (11509): Reinit property: dalvik.vm.checkjni= false
06-27 21:39:07.835 E/Auth    (30882): [GoogleAccountDataServiceImpl] getToken() -> NETWORK_ERROR. Account: <ELLIDED:718006122>, App: com.google.android.gms, Service: oauth2:https://www.googleapis.com/auth/playatoms
06-27 21:39:07.835 E/Auth    (30882): fzk: Error when calling server.
06-27 21:39:07.835 E/Auth    (30882): 	at fzl.b(:com.google.android.gms@12685025@12.6.85 (040408-197041431):157)
06-27 21:39:07.835 E/Auth    (30882): 	at fzl.a(:com.google.android.gms@12685025@12.6.85 (040408-197041431):50)
06-27 21:39:07.835 E/Auth    (30882): 	at fxv.a(:com.google.android.gms@12685025@12.6.85 (040408-197041431):38)
06-27 21:39:07.835 E/Auth    (30882): 	at hox.a(:com.google.android.gms@12685025@12.6.85 (040408-197041431):8)
06-27 21:39:07.835 E/Auth    (30882): 	at hox.a(:com.google.android.gms@12685025@12.6.85 (040408-197041431):189)
06-27 21:39:07.835 E/Auth    (30882): 	at hnx.a(:com.google.android.gms@12685025@12.6.85 (040408-197041431):2)
06-27 21:39:07.835 E/Auth    (30882): 	at hnu.a(:com.google.android.gms@12685025@12.6.85 (040408-197041431):17)
06-27 21:39:07.835 E/Auth    (30882): 	at hnu.a(:com.google.android.gms@12685025@12.6.85 (040408-197041431):6)
06-27 21:39:07.835 E/Auth    (30882): 	at cyb.a(:com.google.android.gms@12685025@12.6.85 (040408-197041431):25)
06-27 21:39:07.835 E/Auth    (30882): 	at cyb.a(:com.google.android.gms@12685025@12.6.85 (040408-197041431):82)
06-27 21:39:07.835 E/Auth    (30882): 	at fur.a(:com.google.android.gms@12685025@12.6.85 (040408-197041431):6)
06-27 21:39:07.835 E/Auth    (30882): 	at fuq.a(:com.google.android.gms@12685025@12.6.85 (040408-197041431):2)
06-27 21:39:07.835 E/Auth    (30882): 	at fuq.e(:com.google.android.gms@12685025@12.6.85 (040408-197041431):6)
06-27 21:39:07.835 E/Auth    (30882): 	at fup.a(:com.google.android.gms@12685025@12.6.85 (040408-197041431):1)
06-27 21:39:07.835 E/Auth    (30882): 	at fwm.getAuthToken(:com.google.android.gms@12685025@12.6.85 (040408-197041431):7)
06-27 21:39:07.835 E/Auth    (30882): 	at android.accounts.AbstractAccountAuthenticator$Transport.getAuthToken(AbstractAccountAuthenticator.java:244)
06-27 21:39:07.835 E/Auth    (30882): 	at android.accounts.IAccountAuthenticator$Stub.onTransact(IAccountAuthenticator.java:113)
06-27 21:39:07.835 E/Auth    (30882): 	at android.os.Binder.transact(Binder.java:605)
06-27 21:39:07.835 E/Auth    (30882): 	at dah.onTransact(:com.google.android.gms@12685025@12.6.85 (040408-197041431):3)
06-27 21:39:07.835 E/Auth    (30882): 	at android.os.Binder.execTransact(Binder.java:675)
06-27 21:39:07.835 E/Auth    (30882): Caused by: java.net.SocketTimeoutException: failed to connect to android.clients.google.com/74.125.204.139 (port 443) from /10.0.0.51 (port 60938) after 30000ms
06-27 21:39:07.835 E/Auth    (30882): 	at libcore.io.IoBridge.connectErrno(IoBridge.java:185)
06-27 21:39:07.835 E/Auth    (30882): 	at libcore.io.IoBridge.connect(IoBridge.java:130)
06-27 21:39:07.835 E/Auth    (30882): 	at java.net.PlainSocketImpl.socketConnect(PlainSocketImpl.java:129)
06-27 21:39:07.835 E/Auth    (30882): 	at java.net.AbstractPlainSocketImpl.doConnect(AbstractPlainSocketImpl.java:357)
06-27 21:39:07.835 E/Auth    (30882): 	at java.net.AbstractPlainSocketImpl.connectToAddress(AbstractPlainSocketImpl.java:201)
06-27 21:39:07.835 E/Auth    (30882): 	at java.net.AbstractPlainSocketImpl.connect(AbstractPlainSocketImpl.java:183)
06-27 21:39:07.835 E/Auth    (30882): 	at java.net.SocksSocketImpl.connect(SocksSocketImpl.java:356)
06-27 21:39:07.835 E/Auth    (30882): 	at java.net.Socket.connect(Socket.java:616)
06-27 21:39:07.835 E/Auth    (30882): 	at com.android.okhttp.internal.Platform.connectSocket(Platform.java:145)
06-27 21:39:07.835 E/Auth    (30882): 	at com.android.okhttp.internal.io.RealConnection.connectSocket(RealConnection.java:141)
06-27 21:39:07.835 E/Auth    (30882): 	at com.android.okhttp.internal.io.RealConnection.connect(RealConnection.java:112)
06-27 21:39:07.835 E/Auth    (30882): 	at com.android.okhttp.internal.http.StreamAllocation.findConnection(StreamAllocation.java:184)
06-27 21:39:07.835 E/Auth    (30882): 	at com.android.okhttp.internal.http.StreamAllocation.findHealthyConnection(StreamAllocation.java:126)
06-27 21:39:07.835 E/Auth    (30882): 	at com.android.okhttp.internal.http.StreamAllocation.newStream(StreamAllocation.java:95)
06-27 21:39:07.835 E/Auth    (30882): 	at com.android.okhttp.internal.http.HttpEngine.connect(HttpEngine.java:281)
06-27 21:39:07.835 E/Auth    (30882): 	at com.android.okhttp.internal.http.HttpEngine.sendRequest(HttpEngine.java:224)
06-27 21:39:07.835 E/Auth    (30882): 	at com.android.okhttp.internal.huc.HttpURLConnectionImpl.execute(HttpURLConnectionImpl.java:461)
06-27 21:39:07.835 E/Auth    (30882): 	at com.android.okhttp.internal.huc.HttpURLConnectionImpl.connect(HttpURLConnectionImpl.java:127)
06-27 21:39:07.835 E/Auth    (30882): 	at com.android.okhttp.internal.huc.HttpURLConnectionImpl.getOutputStream(HttpURLConnectionImpl.java:258)
06-27 21:39:07.835 E/Auth    (30882): 	at com.android.okhttp.internal.huc.DelegatingHttpsURLConnection.getOutputStream(DelegatingHttpsURLConnection.java:218)
06-27 21:39:07.835 E/Auth    (30882): 	at com.android.okhttp.internal.huc.HttpsURLConnectionImpl.getOutputStream(Unknown Source:0)
06-27 21:39:07.835 E/Auth    (30882): 	at wvi.a(:com.google.android.gms@12685025@12.6.85 (040408-197041431):60)
06-27 21:39:07.835 E/Auth    (30882): 	at hww.a(Unknown Source:20)
06-27 21:39:07.835 E/Auth    (30882): 	at fyw.a(:com.google.android.gms@12685025@12.6.85 (040408-197041431):6)
06-27 21:39:07.835 E/Auth    (30882): 	at fyw.a(:com.google.android.gms@12685025@12.6.85 (040408-197041431):2)
06-27 21:39:07.835 E/Auth    (30882): 	at fzl.b(:com.google.android.gms@12685025@12.6.85 (040408-197041431):154)
06-27 21:39:07.835 E/Auth    (30882): 	... 19 more
06-27 21:39:07.836 W/Auth    (30882): [GetToken] GetToken failed with status code: NetworkError
06-27 21:39:07.837 W/GLSActivity(30882): 
06-27 21:39:07.837 W/GLSActivity(30882): java.io.IOException: NetworkError
06-27 21:39:07.837 W/GLSActivity(30882): 	at fur.a(:com.google.android.gms@12685025@12.6.85 (040408-197041431):13)
06-27 21:39:07.837 W/GLSActivity(30882): 	at fuq.a(:com.google.android.gms@12685025@12.6.85 (040408-197041431):2)
06-27 21:39:07.837 W/GLSActivity(30882): 	at fuq.e(:com.google.android.gms@12685025@12.6.85 (040408-197041431):6)
06-27 21:39:07.837 W/GLSActivity(30882): 	at fup.a(:com.google.android.gms@12685025@12.6.85 (040408-197041431):1)
06-27 21:39:07.837 W/GLSActivity(30882): 	at fwm.getAuthToken(:com.google.android.gms@12685025@12.6.85 (040408-197041431):7)
06-27 21:39:07.837 W/GLSActivity(30882): 	at android.accounts.AbstractAccountAuthenticator$Transport.getAuthToken(AbstractAccountAuthenticator.java:244)
06-27 21:39:07.837 W/GLSActivity(30882): 	at android.accounts.IAccountAuthenticator$Stub.onTransact(IAccountAuthenticator.java:113)
06-27 21:39:07.837 W/GLSActivity(30882): 	at android.os.Binder.transact(Binder.java:605)
06-27 21:39:07.837 W/GLSActivity(30882): 	at dah.onTransact(:com.google.android.gms@12685025@12.6.85 (040408-197041431):3)
06-27 21:39:07.837 W/GLSActivity(30882): 	at android.os.Binder.execTransact(Binder.java:675)
06-27 21:39:07.838 D/ActivityThread(11509): ActivityThread,attachApplication
06-27 21:39:07.856 D/ActivityManager(  702): ActivityManagerService,attachApplication,callingPid = 11509
06-27 21:39:07.859 E/InstantApps(30882): getTokenWithNotification failed
06-27 21:39:07.859 E/InstantApps(30882): java.io.IOException: NetworkError
06-27 21:39:07.859 E/InstantApps(30882): 	at android.accounts.AccountManager.convertErrorToException(AccountManager.java:2496)
06-27 21:39:07.859 E/InstantApps(30882): 	at android.accounts.AccountManager.-wrap0(Unknown Source:0)
06-27 21:39:07.859 E/InstantApps(30882): 	at android.accounts.AccountManager$AmsTask$Response.onError(AccountManager.java:2347)
06-27 21:39:07.859 E/InstantApps(30882): 	at android.accounts.IAccountManagerResponse$Stub.onTransact(IAccountManagerResponse.java:69)
06-27 21:39:07.859 E/InstantApps(30882): 	at android.os.Binder.execTransact(Binder.java:675)
06-27 21:39:07.861 E/InstantApps(30882): DomainFilterImpl: Error while reading domain filter from WHAPI
06-27 21:39:07.861 E/InstantApps(30882): java.util.concurrent.ExecutionException: blku: UNAUTHENTICATED
06-27 21:39:07.861 E/InstantApps(30882): 	at java.util.concurrent.FutureTask.report(FutureTask.java:123)
06-27 21:39:07.861 E/InstantApps(30882): 	at java.util.concurrent.FutureTask.get(FutureTask.java:193)
06-27 21:39:07.861 E/InstantApps(30882): 	at yha.get(:com.google.android.gms@12685025@12.6.85 (040408-197041431):2)
06-27 21:39:07.861 E/InstantApps(30882): 	at yni.a(:com.google.android.gms@12685025@12.6.85 (040408-197041431):7)
06-27 21:39:07.861 E/InstantApps(30882): 	at yni.a(:com.google.android.gms@12685025@12.6.85 (040408-197041431):57)
06-27 21:39:07.861 E/InstantApps(30882): 	at yni.a(:com.google.android.gms@12685025@12.6.85 (040408-197041431):175)
06-27 21:39:07.861 E/InstantApps(30882): 	at ynf.a(:com.google.android.gms@12685025@12.6.85 (040408-197041431):1)
06-27 21:39:07.861 E/InstantApps(30882): 	at com.google.android.gms.instantapps.routing.DomainFilterUpdateChimeraService.a(:com.google.android.gms@12685025@12.6.85 (040408-197041431):11)
06-27 21:39:07.861 E/InstantApps(30882): 	at vqa.run(:com.google.android.gms@12685025@12.6.85 (040408-197041431):1)
06-27 21:39:07.861 E/InstantApps(30882): 	at java.util.concurrent.ThreadPoolExecutor.runWorker(ThreadPoolExecutor.java:1162)
06-27 21:39:07.861 E/InstantApps(30882): 	at java.util.concurrent.ThreadPoolExecutor$Worker.run(ThreadPoolExecutor.java:636)
06-27 21:39:07.861 E/InstantApps(30882): 	at java.lang.Thread.run(Thread.java:784)
06-27 21:39:07.861 E/InstantApps(30882): Caused by: blku: UNAUTHENTICATED
06-27 21:39:07.861 E/InstantApps(30882): 	at ygo.b(:com.google.android.gms@12685025@12.6.85 (040408-197041431):40)
06-27 21:39:07.861 E/InstantApps(30882): 	at ygo.a(Unknown Source:0)
06-27 21:39:07.861 E/InstantApps(30882): 	at yhb.call(:com.google.android.gms@12685025@12.6.85 (040408-197041431):2)
06-27 21:39:07.861 E/InstantApps(30882): 	at java.util.concurrent.FutureTask.run(FutureTask.java:266)
06-27 21:39:07.861 E/InstantApps(30882): 	at ovb.run(:com.google.android.gms@12685025@12.6.85 (040408-197041431):27)
06-27 21:39:07.861 E/InstantApps(30882): 	at java.util.concurrent.ThreadPoolExecutor.runWorker(ThreadPoolExecutor.java:1162)
06-27 21:39:07.861 E/InstantApps(30882): 	at java.util.concurrent.ThreadPoolExecutor$Worker.run(ThreadPoolExecutor.java:636)
06-27 21:39:07.861 E/InstantApps(30882): 	at pbc.run(Unknown Source:7)
06-27 21:39:07.861 E/InstantApps(30882): 	... 1 more
06-27 21:39:07.862 W/InstantApps(30882): DomainFilterUpdateChimeraService: Will not retry
06-27 21:39:07.862 E/NetworkScheduler.ATC(30882): Trying to release unacquired lock: com.google.android.gms/.instantapps.routing.DomainFilterUpdateService
06-27 21:39:07.863 D/PGGoogleServicePolicy(  702): prevent gms/gsf hold partial wakelock
06-27 21:39:07.876 W//system/bin/hwservicemanager(  416): Cannot open /odm/manifest.xml
06-27 21:39:07.884 D/PGGoogleServicePolicy(  702): prevent gms/gsf hold partial wakelock
06-27 21:39:07.894 I/PlayCommon(16634): [25008] com.google.android.play.b.h.a(522): Connecting to server: https://play.googleapis.com/play/log?format=raw&proto_v2=true
06-27 21:39:07.904 D/PMS10089(  702): package:com.google.android.gms, input flags:0, output hwFlags:0
06-27 21:39:07.919 D/GetCtrlInfoTask(11369): debugMode = false
06-27 21:39:07.924 V/BroadcastQueue(  702): Finished with ordered broadcast BroadcastRecord{9fa2b33 u0 com.action.broadreceiver.schedulermanager}
06-27 21:39:07.929 W//system/bin/hwservicemanager(  416): Cannot open /odm/manifest.xml
