--------- beginning of system
06-15 01:22:08.366 E/ActivityThread(30905): Failed to find provider info for com.excean.gspace.staticslioprovider
06-15 01:22:08.370 E/ActivityThread(30905): Failed to find provider info for com.excean.gspace.staticslioprovider
06-15 01:22:08.645 E/ActivityThread(30905): Failed to find provider info for com.excean.gspace.staticslioprovider
06-15 01:22:08.651 E/ActivityThread(30905): Failed to find provider info for com.excean.gspace.staticslioprovider
06-15 01:22:08.732 E/ActivityThread(30905): Failed to find provider info for com.excean.gspace.staticslioprovider
06-15 01:22:08.737 E/ActivityThread(30905): Failed to find provider info for com.excean.gspace.staticslioprovider
06-15 01:22:10.979 I/chatty  (31246): uid=11053 com.excean.gspace.b64 expire 9 lines
06-15 01:22:10.984 I/chatty  ( 1685): uid=1000(system) Binder:1685_12 expire 2 lines
06-15 01:22:10.989 I/chatty  ( 1685): uid=1000(system) android.display expire 21 lines
06-15 01:22:11.118 I/chatty  ( 1685): uid=1000(system) Binder:1685_8 expire 1 line
06-15 01:22:11.130 W/ViewRootImpl[MainActivity](30905): Cancelling event due to no window focus: KeyEvent { action=ACTION_UP, keyCode=KEYCODE_BACK, scanCode=158, metaState=0, flags=0x28, repeatCount=0, eventTime=658746710, downTime=658746607, deviceId=4, source=0x101 }, hasFocus:false, mStopped:false, mPausedForTransition:false
06-15 01:22:11.130 W/ViewRootImpl[MainActivity](30905): Cancelling event due to no window focus: KeyEvent { action=ACTION_UP, keyCode=KEYCODE_BACK, scanCode=158, metaState=0, flags=0x28, repeatCount=0, eventTime=658746710, downTime=658746607, deviceId=4, source=0x101 }, hasFocus:false, mStopped:false, mPausedForTransition:false
06-15 01:22:11.130 W/ViewRootImpl[MainActivity](30905): Cancelling event due to no window focus: KeyEvent { action=ACTION_UP, keyCode=KEYCODE_BACK, scanCode=158, metaState=0, flags=0x28, repeatCount=0, eventTime=658746710, downTime=658746607, deviceId=4, source=0x101 }, hasFocus:false, mStopped:false, mPausedForTransition:false
06-15 01:22:11.130 W/ViewRootImpl[MainActivity](30905): Cancelling event due to no window focus: KeyEvent { action=ACTION_UP, keyCode=KEYCODE_BACK, scanCode=158, metaState=0, flags=0x28, repeatCount=0, eventTime=658746710, downTime=658746607, deviceId=4, source=0x101 }, hasFocus:false, mStopped:false, mPausedForTransition:false
06-15 01:22:11.131 W/ViewRootImpl[MainActivity](30905): Cancelling event due to no window focus: KeyEvent { action=ACTION_UP, keyCode=KEYCODE_BACK, scanCode=158, metaState=0, flags=0x28, repeatCount=0, eventTime=658746710, downTime=658746607, deviceId=4, source=0x101 }, hasFocus:false, mStopped:false, mPausedForTransition:false
06-15 01:22:11.131 W/ViewRootImpl[MainActivity](30905): Cancelling event due to no window focus: KeyEvent { action=ACTION_UP, keyCode=KEYCODE_BACK, scanCode=158, metaState=0, flags=0x28, repeatCount=0, eventTime=658746710, downTime=658746607, deviceId=4, source=0x101 }, hasFocus:false, mStopped:false, mPausedForTransition:false
06-15 01:22:11.131 W/ViewRootImpl[MainActivity](30905): Cancelling event due to no window focus: KeyEvent { action=ACTION_UP, keyCode=KEYCODE_BACK, scanCode=158, metaState=0, flags=0x28, repeatCount=0, eventTime=658746710, downTime=658746607, deviceId=4, source=0x101 }, hasFocus:false, mStopped:false, mPausedForTransition:false
06-15 01:22:11.131 W/ViewRootImpl[MainActivity](30905): Cancelling event due to no window focus: KeyEvent { action=ACTION_UP, keyCode=KEYCODE_BACK, scanCode=158, metaState=0, flags=0x28, repeatCount=0, eventTime=658746710, downTime=658746607, deviceId=4, source=0x101 }, hasFocus:false, mStopped:false, mPausedForTransition:false
06-15 01:22:11.131 W/ViewRootImpl[MainActivity](30905): Cancelling event due to no window focus: KeyEvent { action=ACTION_UP, keyCode=KEYCODE_BACK, scanCode=158, metaState=0, flags=0x28, repeatCount=0, eventTime=658746710, downTime=658746607, deviceId=4, source=0x101 }, hasFocus:false, mStopped:false, mPausedForTransition:false
06-15 01:22:11.427 I/chatty  ( 1685): uid=1000(system) ActivityManager expire 18 lines
06-15 01:22:11.922 I/chatty  (31246): uid=11053 com.excean.gspace.b64 expire 2 lines
06-15 01:22:12.493 E/ActivityThread(30905): Failed to find provider info for com.excean.gspace.staticslioprovider
06-15 01:22:12.495 E/ActivityThread(30905): Failed to find provider info for com.excean.gspace.staticslioprovider
06-15 01:22:12.704 E/ActivityThread(30905): Failed to find provider info for com.excean.gspace.staticslioprovider
06-15 01:22:12.708 E/ActivityThread(30905): Failed to find provider info for com.excean.gspace.staticslioprovider
06-15 01:22:12.757 E/ActivityThread(30905): Failed to find provider info for com.excean.gspace.staticslioprovider
06-15 01:22:12.759 E/ActivityThread(30905): Failed to find provider info for com.excean.gspace.staticslioprovider
06-15 01:22:13.365 E/ActivityThread(30905): Failed to find provider info for com.excean.gspace.staticslioprovider
06-15 01:22:13.367 E/ActivityThread(30905): Failed to find provider info for com.excean.gspace.staticslioprovider
06-15 01:22:13.368 E/ActivityThread(30905): Failed to find provider info for com.excean.gspace.staticslioprovider
06-15 01:22:13.368 E/ActivityThread(30905): Failed to find provider info for com.excean.gspace.staticslioprovider
06-15 01:22:13.369 E/ActivityThread(30905): Failed to find provider info for com.excean.gspace.staticslioprovider
06-15 01:22:13.370 E/ActivityThread(30905): Failed to find provider info for com.excean.gspace.staticslioprovider
06-15 01:22:14.023 E/ActivityThread(30905): Failed to find provider info for com.excean.gspace.staticslioprovider
06-15 01:22:14.025 E/ActivityThread(30905): Failed to find provider info for com.excean.gspace.staticslioprovider
06-15 01:22:16.510 E/ActivityThread(30905): Failed to find provider info for com.excean.gspace.staticslioprovider
06-15 01:22:16.512 E/ActivityThread(30905): Failed to find provider info for com.excean.gspace.staticslioprovider
06-15 01:22:16.745 E/ActivityThread(30905): Failed to find provider info for com.excean.gspace.staticslioprovider
06-15 01:22:16.747 E/ActivityThread(30905): Failed to find provider info for com.excean.gspace.staticslioprovider
06-15 01:22:18.362 E/ActivityThread(30905): Failed to find provider info for com.excean.gspace.staticslioprovider
06-15 01:22:18.364 E/ActivityThread(30905): Failed to find provider info for com.excean.gspace.staticslioprovider
06-15 01:22:19.031 E/ActivityThread(30905): Failed to find provider info for com.excean.gspace.staticslioprovider
06-15 01:22:19.033 E/ActivityThread(30905): Failed to find provider info for com.excean.gspace.staticslioprovider
06-15 01:22:19.034 E/ActivityThread(30905): Failed to find provider info for com.excean.gspace.staticslioprovider
06-15 01:22:19.035 E/ActivityThread(30905): Failed to find provider info for com.excean.gspace.staticslioprovider
06-15 01:22:19.036 E/ActivityThread(30905): Failed to find provider info for com.excean.gspace.staticslioprovider
06-15 01:22:19.037 E/ActivityThread(30905): Failed to find provider info for com.excean.gspace.staticslioprovider
06-15 01:22:19.038 E/ActivityThread(30905): Failed to find provider info for com.excean.gspace.staticslioprovider
06-15 01:22:20.193 I/chatty  ( 1685): uid=1000(system) Binder:1685_10 expire 2 lines
06-15 01:22:20.209 I/chatty  ( 1685): uid=1000(system) Binder:1685_3 expire 5 lines
06-15 01:22:20.241 I/chatty  ( 1685): uid=1000(system) Binder:1685_D expire 2 lines
06-15 01:22:20.244 I/chatty  ( 1685): uid=1000(system) BroadcastQueue expire 8 lines
06-15 01:22:20.259 I/chatty  ( 1685): uid=1000(system) Binder:1685_1F expire 5 lines
06-15 01:22:20.305 I/chatty  ( 1685): uid=1000(system) Binder:1685_C expire 3 lines
06-15 01:22:20.393 I/chatty  ( 1685): uid=1000(system) Binder:1685_12 expire 8 lines
06-15 01:22:20.397 I/chatty  ( 1685): uid=1000(system) android.display expire 51 lines
06-15 01:22:20.499 E/ActivityThread(30905): Failed to find provider info for com.excean.gspace.staticslioprovider
06-15 01:22:20.503 E/ActivityThread(30905): Failed to find provider info for com.excean.gspace.staticslioprovider
06-15 01:22:20.606 I/chatty  (31550): uid=11053 com.excean.gspace.b64 expire 2 lines
06-15 01:22:20.733 E/ActivityThread(30905): Failed to find provider info for com.excean.gspace.staticslioprovider
06-15 01:22:20.741 E/ActivityThread(30905): Failed to find provider info for com.excean.gspace.staticslioprovider
06-15 01:22:20.759 I/chatty  ( 1685): uid=1000(system) Binder:1685_20 expire 6 lines
06-15 01:22:20.871 I/chatty  (31550): uid=11053 com.excean.gspace.b64 expire 1 line
06-15 01:22:20.897 I/chatty  ( 1685): uid=1000(system) Binder:1685_6 expire 3 lines
06-15 01:22:20.952 I/chatty  (31550): uid=11053 com.excean.gspace.b64 expire 2 lines
06-15 01:22:20.975 I/chatty  (31550): uid=11053 com.excean.gspace.b64 expire 1 line
06-15 01:22:21.047 I/chatty  (31585): uid=11053 com.excean.gspace.b64:lbcore expire 1 line
06-15 01:22:21.165 I/chatty  ( 1685): uid=1000(system) Binder:1685_11 expire 4 lines
06-15 01:22:21.168 I/chatty  ( 1685): uid=1000(system) android.io expire 2 lines
06-15 01:22:21.198 I/chatty  ( 1685): uid=1000(system) Binder:1685_1A expire 1 line
06-15 01:22:21.357 I/chatty  ( 1685): uid=1000(system) Binder:1685_19 expire 3 lines
06-15 01:22:21.365 I/chatty  ( 1685): uid=1000(system) Binder:1685_7 expire 4 lines
06-15 01:22:21.371 E/ActivityThread(30905): Failed to find provider info for com.excean.gspace.staticslioprovider
06-15 01:22:21.382 E/ActivityThread(30905): Failed to find provider info for com.excean.gspace.staticslioprovider
06-15 01:22:21.526 I/chatty  ( 1685): uid=1000 system_server expire 8 lines
06-15 01:22:21.549 I/chatty  ( 1685): uid=1000(system) Binder:1685_4 expire 3 lines
06-15 01:22:23.058 I/chatty  ( 1685): uid=1000(system) Binder:1685_18 expire 4 lines
06-15 01:22:23.898 I/chatty  (31550): uid=11053 com.excean.gspace.b64 expire 9 lines
06-15 01:22:24.042 I/chatty  ( 1685): uid=1000(system) Binder:1685_1C expire 15 lines
06-15 01:22:24.056 W/ViewRootImpl[MainActivity](30905): Cancelling event due to no window focus: KeyEvent { action=ACTION_UP, keyCode=KEYCODE_BACK, scanCode=158, metaState=0, flags=0x28, repeatCount=0, eventTime=658759640, downTime=658759525, deviceId=4, source=0x101 }, hasFocus:false, mStopped:false, mPausedForTransition:false
06-15 01:22:24.056 W/ViewRootImpl[MainActivity](30905): Cancelling event due to no window focus: KeyEvent { action=ACTION_UP, keyCode=KEYCODE_BACK, scanCode=158, metaState=0, flags=0x28, repeatCount=0, eventTime=658759640, downTime=658759525, deviceId=4, source=0x101 }, hasFocus:false, mStopped:false, mPausedForTransition:false
06-15 01:22:24.056 W/ViewRootImpl[MainActivity](30905): Cancelling event due to no window focus: KeyEvent { action=ACTION_UP, keyCode=KEYCODE_BACK, scanCode=158, metaState=0, flags=0x28, repeatCount=0, eventTime=658759640, downTime=658759525, deviceId=4, source=0x101 }, hasFocus:false, mStopped:false, mPausedForTransition:false
06-15 01:22:24.056 W/ViewRootImpl[MainActivity](30905): Cancelling event due to no window focus: KeyEvent { action=ACTION_UP, keyCode=KEYCODE_BACK, scanCode=158, metaState=0, flags=0x28, repeatCount=0, eventTime=658759640, downTime=658759525, deviceId=4, source=0x101 }, hasFocus:false, mStopped:false, mPausedForTransition:false
06-15 01:22:24.056 W/ViewRootImpl[MainActivity](30905): Cancelling event due to no window focus: KeyEvent { action=ACTION_UP, keyCode=KEYCODE_BACK, scanCode=158, metaState=0, flags=0x28, repeatCount=0, eventTime=658759640, downTime=658759525, deviceId=4, source=0x101 }, hasFocus:false, mStopped:false, mPausedForTransition:false
06-15 01:22:24.056 W/ViewRootImpl[MainActivity](30905): Cancelling event due to no window focus: KeyEvent { action=ACTION_UP, keyCode=KEYCODE_BACK, scanCode=158, metaState=0, flags=0x28, repeatCount=0, eventTime=658759640, downTime=658759525, deviceId=4, source=0x101 }, hasFocus:false, mStopped:false, mPausedForTransition:false
06-15 01:22:24.056 W/ViewRootImpl[MainActivity](30905): Cancelling event due to no window focus: KeyEvent { action=ACTION_UP, keyCode=KEYCODE_BACK, scanCode=158, metaState=0, flags=0x28, repeatCount=0, eventTime=658759640, downTime=658759525, deviceId=4, source=0x101 }, hasFocus:false, mStopped:false, mPausedForTransition:false
06-15 01:22:24.056 W/ViewRootImpl[MainActivity](30905): Cancelling event due to no window focus: KeyEvent { action=ACTION_UP, keyCode=KEYCODE_BACK, scanCode=158, metaState=0, flags=0x28, repeatCount=0, eventTime=658759640, downTime=658759525, deviceId=4, source=0x101 }, hasFocus:false, mStopped:false, mPausedForTransition:false
06-15 01:22:24.057 W/ViewRootImpl[MainActivity](30905): Cancelling event due to no window focus: KeyEvent { action=ACTION_UP, keyCode=KEYCODE_BACK, scanCode=158, metaState=0, flags=0x28, repeatCount=0, eventTime=658759640, downTime=658759525, deviceId=4, source=0x101 }, hasFocus:false, mStopped:false, mPausedForTransition:false
06-15 01:22:24.070 I/chatty  ( 1685): uid=1000(system) ActivityManager expire 46 lines
06-15 01:22:24.248 I/chatty  ( 1685): uid=1000(system) Binder:1685_1E expire 20 lines
06-15 01:22:24.496 E/ActivityThread(30905): Failed to find provider info for com.excean.gspace.staticslioprovider
06-15 01:22:24.498 E/ActivityThread(30905): Failed to find provider info for com.excean.gspace.staticslioprovider
06-15 01:22:24.730 E/ActivityThread(30905): Failed to find provider info for com.excean.gspace.staticslioprovider
06-15 01:22:24.732 E/ActivityThread(30905): Failed to find provider info for com.excean.gspace.staticslioprovider
06-15 01:22:24.875 I/chatty  (31550): uid=11053 com.excean.gspace.b64 expire 2 lines
06-15 01:22:25.500 E/ActivityThread(30905): Failed to find provider info for com.excean.gspace.staticslioprovider
06-15 01:22:25.501 E/ActivityThread(30905): Failed to find provider info for com.excean.gspace.staticslioprovider
06-15 01:22:25.502 E/ActivityThread(30905): Failed to find provider info for com.excean.gspace.staticslioprovider
06-15 01:22:25.503 E/ActivityThread(30905): Failed to find provider info for com.excean.gspace.staticslioprovider
06-15 01:22:25.504 E/ActivityThread(30905): Failed to find provider info for com.excean.gspace.staticslioprovider
06-15 01:22:25.505 E/ActivityThread(30905): Failed to find provider info for com.excean.gspace.staticslioprovider
06-15 01:22:26.513 I/chatty  ( 1685): uid=1000(system) LazyTaskWriterT expire 6 lines
06-15 01:22:26.711 W/ViewRootImpl[MainActivity](30905): Cancelling event due to no window focus: KeyEvent { action=ACTION_UP, keyCode=KEYCODE_BACK, scanCode=158, metaState=0, flags=0x28, repeatCount=0, eventTime=658762346, downTime=658762336, deviceId=4, source=0x101 }, hasFocus:false, mStopped:false, mPausedForTransition:false
06-15 01:22:26.711 W/ViewRootImpl[MainActivity](30905): Cancelling event due to no window focus: KeyEvent { action=ACTION_UP, keyCode=KEYCODE_BACK, scanCode=158, metaState=0, flags=0x28, repeatCount=0, eventTime=658762346, downTime=658762336, deviceId=4, source=0x101 }, hasFocus:false, mStopped:false, mPausedForTransition:false
06-15 01:22:26.711 W/ViewRootImpl[MainActivity](30905): Cancelling event due to no window focus: KeyEvent { action=ACTION_UP, keyCode=KEYCODE_BACK, scanCode=158, metaState=0, flags=0x28, repeatCount=0, eventTime=658762346, downTime=658762336, deviceId=4, source=0x101 }, hasFocus:false, mStopped:false, mPausedForTransition:false
06-15 01:22:26.745 W/ViewRootImpl[MainActivity](30905): Cancelling event due to no window focus: KeyEvent { action=ACTION_UP, keyCode=KEYCODE_BACK, scanCode=158, metaState=0, flags=0x28, repeatCount=0, eventTime=658762346, downTime=658762336, deviceId=4, source=0x101 }, hasFocus:false, mStopped:false, mPausedForTransition:false
06-15 01:22:26.745 W/ViewRootImpl[MainActivity](30905): Cancelling event due to no window focus: KeyEvent { action=ACTION_UP, keyCode=KEYCODE_BACK, scanCode=158, metaState=0, flags=0x28, repeatCount=0, eventTime=658762346, downTime=658762336, deviceId=4, source=0x101 }, hasFocus:false, mStopped:false, mPausedForTransition:false
06-15 01:22:26.745 W/ViewRootImpl[MainActivity](30905): Cancelling event due to no window focus: KeyEvent { action=ACTION_UP, keyCode=KEYCODE_BACK, scanCode=158, metaState=0, flags=0x28, repeatCount=0, eventTime=658762346, downTime=658762336, deviceId=4, source=0x101 }, hasFocus:false, mStopped:false, mPausedForTransition:false
06-15 01:22:26.747 W/ViewRootImpl[MainActivity](30905): Cancelling event due to no window focus: KeyEvent { action=ACTION_UP, keyCode=KEYCODE_BACK, scanCode=158, metaState=0, flags=0x28, repeatCount=0, eventTime=658762346, downTime=658762336, deviceId=4, source=0x101 }, hasFocus:false, mStopped:false, mPausedForTransition:false
06-15 01:22:26.747 W/ViewRootImpl[MainActivity](30905): Cancelling event due to no window focus: KeyEvent { action=ACTION_UP, keyCode=KEYCODE_BACK, scanCode=158, metaState=0, flags=0x28, repeatCount=0, eventTime=658762346, downTime=658762336, deviceId=4, source=0x101 }, hasFocus:false, mStopped:false, mPausedForTransition:false
06-15 01:22:26.747 W/ViewRootImpl[MainActivity](30905): Cancelling event due to no window focus: KeyEvent { action=ACTION_UP, keyCode=KEYCODE_BACK, scanCode=158, metaState=0, flags=0x28, repeatCount=0, eventTime=658762346, downTime=658762336, deviceId=4, source=0x101 }, hasFocus:false, mStopped:false, mPausedForTransition:false
06-15 01:22:27.040 E/ActivityThread(30905): Failed to find provider info for com.excean.gspace.staticslioprovider
06-15 01:22:27.042 E/ActivityThread(30905): Failed to find provider info for com.excean.gspace.staticslioprovider
06-15 01:22:27.782 I/chatty  ( 1685): uid=1000(system) ActivityManager expire 7 lines
06-15 01:22:28.182 I/chatty  ( 1685): uid=1000(system) Binder:1685_1 expire 22 lines
06-15 01:22:29.177 I/chatty  ( 1685): uid=1000(system) Binder:1685_1B expire 7 lines
06-15 01:22:29.994 I/chatty  ( 1685): uid=1000(system) Binder:1685_A expire 22 lines
06-15 01:22:29.997 I/chatty  ( 1685): uid=1000(system) Binder:1685_17 expire 15 lines
06-15 01:22:30.396 I/chatty  ( 1685): uid=1000(system) Binder:1685_10 expire 16 lines
06-15 01:22:30.423 I/chatty  ( 1685): uid=1000(system) Binder:1685_F expire 4 lines
06-15 01:22:30.522 I/chatty  ( 1685): uid=1000(system) PackageManager expire 9 lines
06-15 01:22:31.430 I/chatty  ( 1685): uid=1000(system) android.bg expire 11 lines
06-15 01:22:31.687 I/chatty  ( 1685): uid=1000(system) Binder:1685_E expire 19 lines
06-15 01:22:31.725 I/chatty  ( 1685): uid=1000(system) Binder:1685_B expire 17 lines
06-15 01:22:31.726 I/chatty  ( 1685): uid=1000(system) Binder:1685_8 expire 11 lines
06-15 01:22:31.910 I/chatty  ( 1685): uid=1000(system) Binder:1685_2 expire 25 lines
06-15 01:22:32.052 I/chatty  ( 1685): uid=1000(system) pool-3-thread-1 expire 4 lines
06-15 01:22:32.068 I/chatty  ( 1685): uid=1000(system) Binder:1685_1D expire 15 lines
06-15 01:22:32.270 I/chatty  ( 1685): uid=1000(system) PackageInstalle expire 4 lines
06-15 01:22:32.719 I/chatty  ( 1685): uid=1000(system) Binder:1685_9 expire 12 lines
06-15 01:22:33.170 I/chatty  ( 1685): uid=1000(system) android.display expire 142 lines
06-15 01:22:33.170 I/chatty  ( 1685): uid=1000(system) Binder:1685_15 expire 5 lines
06-15 01:22:33.786 I/chatty  ( 1685): uid=1000(system) Binder:1685_5 expire 24 lines
06-15 01:22:33.819 I/chatty  ( 1685): uid=1000(system) Binder:1685_19 expire 13 lines
06-15 01:22:33.848 I/chatty  ( 1685): uid=1000(system) Binder:1685_12 expire 18 lines
06-15 01:22:33.877 I/chatty  ( 1685): uid=1000(system) Binder:1685_6 expire 19 lines
06-15 01:22:37.421 I/chatty  ( 1685): uid=1000(system) Binder:1685_3 expire 18 lines
06-15 01:22:37.423 I/chatty  ( 1685): uid=1000(system) Binder:1685_C expire 22 lines
06-15 01:22:37.479 I/chatty  ( 1685): uid=1000(system) Binder:1685_1A expire 1 line
06-15 01:22:37.481 I/chatty  ( 1685): uid=1000(system) Binder:1685_1F expire 4 lines
06-15 01:22:39.067 I/chatty  ( 1685): uid=1000(system) Binder:1685_7 expire 14 lines
06-15 01:22:39.407 I/chatty  ( 1685): uid=1000(system) Binder:1685_14 expire 4 lines
06-15 01:22:39.493 I/chatty  ( 1685): uid=1000 system_server expire 12 lines
06-15 01:22:42.774 I/chatty  ( 1685): uid=1000(system) Binder:1685_13 expire 15 lines
06-15 01:22:43.129 I/chatty  ( 1685): uid=1000(system) Binder:1685_D expire 3 lines
06-15 01:22:43.818 I/chatty  ( 1685): uid=1000(system) Binder:1685_11 expire 2 lines
06-15 01:22:44.106 I/chatty  ( 1685): uid=1000(system) Binder:1685_16 expire 1 line
06-15 01:22:44.352 I/chatty  ( 1685): uid=1000(system) Binder:1685_18 expire 1 line
06-15 01:22:44.885 I/chatty  ( 1685): uid=1000(system) Binder:1685_20 expire 16 lines
06-15 01:22:44.913 I/chatty  ( 1685): uid=1000(system) BroadcastQueue expire 7 lines
06-15 01:22:46.423 I/chatty  ( 1685): uid=1000(system) backup expire 1 line
06-15 01:22:49.574 E/ActivityThread(32158): Failed to find provider info for com.excean.gspace.staticslioprovider
06-15 01:22:49.586 E/ActivityThread(32158): Failed to find provider info for com.excean.gspace.staticslioprovider
06-15 01:22:49.834 E/ActivityThread(32158): Failed to find provider info for com.excean.gspace.staticslioprovider
06-15 01:22:49.869 D/ActivityThread(32245): Loading provider com.excean.gspace:com.excelliance.kxqp.platform.PluginManagerProvider: com.excelliance.kxqp.platform.PluginManagerProvider
06-15 01:22:49.879 E/ActivityThread(32158): Failed to find provider info for com.excean.gspace.staticslioprovider
06-15 01:22:49.885 E/ActivityThread(32158): Failed to find provider info for com.excean.gspace.staticslioprovider
06-15 01:22:49.901 I/chatty  ( 1685): uid=1000(system) android.io expire 6 lines
06-15 01:22:50.141 E/ActivityThread(32158): Failed to find provider info for com.excean.gspace.staticslioprovider
06-15 01:22:50.147 E/ActivityThread(32158): Failed to find provider info for com.excean.gspace.staticslioprovider
06-15 01:22:50.149 E/ActivityThread(32158): Failed to find provider info for com.excean.gspace.staticslioprovider
06-15 01:22:50.315 E/ActivityThread(32158): Failed to find provider info for com.excean.gspace.staticslioprovider
06-15 01:22:50.317 E/ActivityThread(32158): Failed to find provider info for com.excean.gspace.staticslioprovider
06-15 01:22:50.925 I/chatty  ( 1685): uid=1000(system) ActivityManager expire 10 lines
06-15 01:22:51.324 E/ActivityThread(32158): Failed to find provider info for com.excean.gspace.staticslioprovider
06-15 01:22:51.327 E/ActivityThread(32158): Failed to find provider info for com.excean.gspace.staticslioprovider
06-15 01:22:52.235 E/ActivityThread(32158): Failed to find provider info for com.excean.gspace.staticslioprovider
06-15 01:22:52.238 E/ActivityThread(32158): Failed to find provider info for com.excean.gspace.staticslioprovider
06-15 01:22:52.308 E/ActivityThread(32158): Failed to find provider info for com.excean.gspace.staticslioprovider
06-15 01:22:52.310 E/ActivityThread(32158): Failed to find provider info for com.excean.gspace.staticslioprovider
06-15 01:22:54.272 E/ActivityThread(32158): Failed to find provider info for com.excean.gspace.staticslioprovider
06-15 01:22:54.278 E/ActivityThread(32158): Failed to find provider info for com.excean.gspace.staticslioprovider
06-15 01:22:54.775 E/ActivityThread(32158): Failed to find provider info for com.excean.gspace.staticslioprovider
06-15 01:22:54.777 E/ActivityThread(32158): Failed to find provider info for com.excean.gspace.staticslioprovider
06-15 01:22:54.780 E/ActivityThread(32158): Failed to find provider info for com.excean.gspace.staticslioprovider
06-15 01:22:54.781 E/ActivityThread(32158): Failed to find provider info for com.excean.gspace.staticslioprovider
06-15 01:22:54.783 E/ActivityThread(32158): Failed to find provider info for com.excean.gspace.staticslioprovider
06-15 01:22:54.785 E/ActivityThread(32158): Failed to find provider info for com.excean.gspace.staticslioprovider
06-15 01:22:55.787 E/ActivityThread(32158): Failed to find provider info for com.excean.gspace.staticslioprovider
06-15 01:22:55.799 E/ActivityThread(32158): Failed to find provider info for com.excean.gspace.staticslioprovider
06-15 01:22:58.289 E/ActivityThread(32158): Failed to find provider info for com.excean.gspace.staticslioprovider
06-15 01:22:58.296 E/ActivityThread(32158): Failed to find provider info for com.excean.gspace.staticslioprovider
06-15 01:22:58.784 I/chatty  ( 1685): uid=1000(system) android.display expire 21 lines
06-15 01:23:00.795 E/ActivityThread(32158): Failed to find provider info for com.excean.gspace.staticslioprovider
06-15 01:23:00.798 E/ActivityThread(32158): Failed to find provider info for com.excean.gspace.staticslioprovider
06-15 01:23:00.800 E/ActivityThread(32158): Failed to find provider info for com.excean.gspace.staticslioprovider
06-15 01:23:00.801 E/ActivityThread(32158): Failed to find provider info for com.excean.gspace.staticslioprovider
06-15 01:23:00.803 E/ActivityThread(32158): Failed to find provider info for com.excean.gspace.staticslioprovider
06-15 01:23:00.805 E/ActivityThread(32158): Failed to find provider info for com.excean.gspace.staticslioprovider
06-15 01:23:00.807 E/ActivityThread(32158): Failed to find provider info for com.excean.gspace.staticslioprovider
06-15 01:23:01.634 E/ActivityThread(32158): Failed to find provider info for com.excean.gspace.staticslioprovider
06-15 01:23:01.645 E/ActivityThread(32158): Failed to find provider info for com.excean.gspace.staticslioprovider
06-15 01:23:04.586 I/chatty  ( 1685): uid=1000(system) Binder:1685_4 expire 10 lines
06-15 01:23:05.032 I/chatty  (32585): uid=11053 com.excean.gspace.b64 expire 2 lines
06-15 01:23:05.388 I/chatty  (32585): uid=11053 com.excean.gspace.b64 expire 1 line
06-15 01:23:05.468 I/chatty  (32585): uid=11053 com.excean.gspace.b64 expire 2 lines
06-15 01:23:05.501 I/chatty  (32585): uid=11053 com.excean.gspace.b64 expire 1 line
06-15 01:23:05.615 I/chatty  (32631): uid=11053 com.excean.gspace.b64:lbcore expire 1 line
06-15 01:23:05.984 E/ActivityThread(32158): Failed to find provider info for com.excean.gspace.staticslioprovider
06-15 01:23:05.986 E/ActivityThread(32158): Failed to find provider info for com.excean.gspace.staticslioprovider
06-15 01:23:06.642 E/ActivityThread(32158): Failed to find provider info for com.excean.gspace.staticslioprovider
06-15 01:23:06.644 E/ActivityThread(32158): Failed to find provider info for com.excean.gspace.staticslioprovider
06-15 01:23:06.645 E/ActivityThread(32158): Failed to find provider info for com.excean.gspace.staticslioprovider
06-15 01:23:06.646 E/ActivityThread(32158): Failed to find provider info for com.excean.gspace.staticslioprovider
06-15 01:23:06.648 E/ActivityThread(32158): Failed to find provider info for com.excean.gspace.staticslioprovider
06-15 01:23:06.657 E/ActivityThread(32158): Failed to find provider info for com.excean.gspace.staticslioprovider
06-15 01:23:07.052 I/chatty  (32585): uid=11053 com.excean.gspace.b64 expire 2 lines
06-15 01:23:09.848 E/ActivityThread(32158): Failed to find provider info for com.excean.gspace.staticslioprovider
06-15 01:23:09.852 E/ActivityThread(32158): Failed to find provider info for com.excean.gspace.staticslioprovider
06-15 01:23:10.211 E/ActivityThread(32585): Failed to find provider info for com.excean.gspace.b64.staticslioprovider
06-15 01:23:10.222 E/ActivityThread(32585): Failed to find provider info for com.excean.gspace.b64.staticslioprovider
06-15 01:23:10.224 E/ActivityThread(32585): Failed to find provider info for com.excean.gspace.b64.staticslioprovider
06-15 01:23:10.225 E/ActivityThread(32585): Failed to find provider info for com.excean.gspace.b64.staticslioprovider
06-15 01:23:10.227 E/ActivityThread(32585): Failed to find provider info for com.excean.gspace.b64.staticslioprovider
06-15 01:23:10.228 E/ActivityThread(32585): Failed to find provider info for com.excean.gspace.b64.staticslioprovider
06-15 01:23:10.229 E/ActivityThread(32585): Failed to find provider info for com.excean.gspace.b64.staticslioprovider
06-15 01:23:10.230 E/ActivityThread(32585): Failed to find provider info for com.excean.gspace.b64.staticslioprovider
06-15 01:23:10.968 E/ActivityThread(32585): Failed to find provider info for com.excean.gspace.b64.staticslioprovider
06-15 01:23:10.971 E/ActivityThread(32585): Failed to find provider info for com.excean.gspace.b64.staticslioprovider
06-15 01:23:12.362 I/chatty  ( 1685): uid=1000(system) batterystats-sy expire 2 lines
06-15 01:23:13.849 E/ActivityThread(32158): Failed to find provider info for com.excean.gspace.staticslioprovider
06-15 01:23:13.857 E/ActivityThread(32158): Failed to find provider info for com.excean.gspace.staticslioprovider
06-15 01:23:13.864 E/ActivityThread(32158): Failed to find provider info for com.excean.gspace.staticslioprovider
06-15 01:23:13.866 E/ActivityThread(32158): Failed to find provider info for com.excean.gspace.staticslioprovider
06-15 01:23:13.868 E/ActivityThread(32158): Failed to find provider info for com.excean.gspace.staticslioprovider
06-15 01:23:13.874 E/ActivityThread(32158): Failed to find provider info for com.excean.gspace.staticslioprovider
06-15 01:23:14.212 E/ActivityThread(32585): Failed to find provider info for com.excean.gspace.b64.staticslioprovider
06-15 01:23:14.214 E/ActivityThread(32585): Failed to find provider info for com.excean.gspace.b64.staticslioprovider
06-15 01:23:14.601 E/ActivityThread(32158): Failed to find provider info for com.excean.gspace.staticslioprovider
06-15 01:23:14.607 E/ActivityThread(32158): Failed to find provider info for com.excean.gspace.staticslioprovider
06-15 01:23:14.869 E/ActivityThread(32158): Failed to find provider info for com.excean.gspace.staticslioprovider
06-15 01:23:14.872 E/ActivityThread(32158): Failed to find provider info for com.excean.gspace.staticslioprovider
06-15 01:23:14.873 E/ActivityThread(32158): Failed to find provider info for com.excean.gspace.staticslioprovider
06-15 01:23:14.875 E/ActivityThread(32158): Failed to find provider info for com.excean.gspace.staticslioprovider
06-15 01:23:14.879 E/ActivityThread(32158): Failed to find provider info for com.excean.gspace.staticslioprovider
06-15 01:23:14.881 E/ActivityThread(32158): Failed to find provider info for com.excean.gspace.staticslioprovider
06-15 01:23:14.883 E/ActivityThread(32158): Failed to find provider info for com.excean.gspace.staticslioprovider
06-15 01:23:14.977 E/ActivityThread(32585): Failed to find provider info for com.excean.gspace.b64.staticslioprovider
06-15 01:23:14.984 E/ActivityThread(32585): Failed to find provider info for com.excean.gspace.b64.staticslioprovider
06-15 01:23:15.978 E/ActivityThread(32585): Failed to find provider info for com.excean.gspace.b64.staticslioprovider
06-15 01:23:15.981 E/ActivityThread(32585): Failed to find provider info for com.excean.gspace.b64.staticslioprovider
06-15 01:23:15.983 E/ActivityThread(32585): Failed to find provider info for com.excean.gspace.b64.staticslioprovider
06-15 01:23:15.986 E/ActivityThread(32585): Failed to find provider info for com.excean.gspace.b64.staticslioprovider
06-15 01:23:15.990 E/ActivityThread(32585): Failed to find provider info for com.excean.gspace.b64.staticslioprovider
06-15 01:23:15.993 E/ActivityThread(32585): Failed to find provider info for com.excean.gspace.b64.staticslioprovider
06-15 01:23:15.998 E/ActivityThread(32585): Failed to find provider info for com.excean.gspace.b64.staticslioprovider
06-15 01:23:17.847 E/ActivityThread(32158): Failed to find provider info for com.excean.gspace.staticslioprovider
06-15 01:23:17.850 E/ActivityThread(32158): Failed to find provider info for com.excean.gspace.staticslioprovider
06-15 01:23:17.857 E/ActivityThread(32158): Failed to find provider info for com.excean.gspace.staticslioprovider
06-15 01:23:17.861 E/ActivityThread(32158): Failed to find provider info for com.excean.gspace.staticslioprovider
06-15 01:23:17.865 E/ActivityThread(32158): Failed to find provider info for com.excean.gspace.staticslioprovider
06-15 01:23:17.869 E/ActivityThread(32158): Failed to find provider info for com.excean.gspace.staticslioprovider
06-15 01:23:18.188 I/chatty  ( 1685): uid=1000(system) Binder:1685_D expire 12 lines
06-15 01:23:18.215 E/ActivityThread(32585): Failed to find provider info for com.excean.gspace.b64.staticslioprovider
06-15 01:23:18.220 E/ActivityThread(32585): Failed to find provider info for com.excean.gspace.b64.staticslioprovider
06-15 01:23:18.968 E/ActivityThread(32585): Failed to find provider info for com.excean.gspace.b64.staticslioprovider
06-15 01:23:18.977 E/ActivityThread(32585): Failed to find provider info for com.excean.gspace.b64.staticslioprovider
06-15 01:23:19.598 E/ActivityThread(32158): Failed to find provider info for com.excean.gspace.staticslioprovider
06-15 01:23:19.604 E/ActivityThread(32158): Failed to find provider info for com.excean.gspace.staticslioprovider
06-15 01:23:19.627 E/ActivityThread(32158): Failed to find provider info for com.excean.gspace.staticslioprovider
06-15 01:23:19.633 E/ActivityThread(32158): Failed to find provider info for com.excean.gspace.staticslioprovider
06-15 01:23:19.717 E/ActivityThread(32158): Failed to find provider info for com.excean.gspace.staticslioprovider
06-15 01:23:19.737 E/ActivityThread(32158): Failed to find provider info for com.excean.gspace.staticslioprovider
06-15 01:23:19.743 E/ActivityThread(32158): Failed to find provider info for com.excean.gspace.staticslioprovider
06-15 01:23:21.848 E/ActivityThread(32158): Failed to find provider info for com.excean.gspace.staticslioprovider
06-15 01:23:21.855 E/ActivityThread(32158): Failed to find provider info for com.excean.gspace.staticslioprovider
06-15 01:23:21.863 E/ActivityThread(32158): Failed to find provider info for com.excean.gspace.staticslioprovider
06-15 01:23:21.869 E/ActivityThread(32158): Failed to find provider info for com.excean.gspace.staticslioprovider
06-15 01:23:22.215 E/ActivityThread(32585): Failed to find provider info for com.excean.gspace.b64.staticslioprovider
06-15 01:23:22.223 E/ActivityThread(32585): Failed to find provider info for com.excean.gspace.b64.staticslioprovider
06-15 01:23:22.965 E/ActivityThread(32585): Failed to find provider info for com.excean.gspace.b64.staticslioprovider
06-15 01:23:22.969 E/ActivityThread(32585): Failed to find provider info for com.excean.gspace.b64.staticslioprovider
06-15 01:23:23.228 E/ActivityThread(32585): Failed to find provider info for com.excean.gspace.b64.staticslioprovider
06-15 01:23:23.230 E/ActivityThread(32585): Failed to find provider info for com.excean.gspace.b64.staticslioprovider
06-15 01:23:23.232 E/ActivityThread(32585): Failed to find provider info for com.excean.gspace.b64.staticslioprovider
06-15 01:23:23.235 E/ActivityThread(32585): Failed to find provider info for com.excean.gspace.b64.staticslioprovider
06-15 01:23:23.237 E/ActivityThread(32585): Failed to find provider info for com.excean.gspace.b64.staticslioprovider
06-15 01:23:23.239 E/ActivityThread(32585): Failed to find provider info for com.excean.gspace.b64.staticslioprovider
06-15 01:23:24.936 E/ActivityThread(32158): Failed to find provider info for com.excean.gspace.staticslioprovider
06-15 01:23:24.938 E/ActivityThread(32158): Failed to find provider info for com.excean.gspace.staticslioprovider
06-15 01:23:24.942 E/ActivityThread(32158): Failed to find provider info for com.excean.gspace.staticslioprovider
06-15 01:23:24.948 E/ActivityThread(32158): Failed to find provider info for com.excean.gspace.staticslioprovider
06-15 01:23:24.950 E/ActivityThread(32158): Failed to find provider info for com.excean.gspace.staticslioprovider
06-15 01:23:24.951 E/ActivityThread(32158): Failed to find provider info for com.excean.gspace.staticslioprovider
06-15 01:23:24.953 E/ActivityThread(32158): Failed to find provider info for com.excean.gspace.staticslioprovider
06-15 01:23:24.955 E/ActivityThread(32158): Failed to find provider info for com.excean.gspace.staticslioprovider
06-15 01:23:24.957 E/ActivityThread(32158): Failed to find provider info for com.excean.gspace.staticslioprovider
06-15 01:23:25.090 I/chatty  ( 1685): uid=1000(system) Binder:1685_18 expire 10 lines
06-15 01:23:25.851 E/ActivityThread(32158): Failed to find provider info for com.excean.gspace.staticslioprovider
06-15 01:23:25.858 E/ActivityThread(32158): Failed to find provider info for com.excean.gspace.staticslioprovider
06-15 01:23:26.217 E/ActivityThread(32585): Failed to find provider info for com.excean.gspace.b64.staticslioprovider
06-15 01:23:26.231 E/ActivityThread(32585): Failed to find provider info for com.excean.gspace.b64.staticslioprovider
06-15 01:23:26.624 I/chatty  ( 1685): uid=1000(system) Binder:1685_F expire 14 lines
06-15 01:23:27.352 E/ActivityThread(32585): Failed to find provider info for com.excean.gspace.b64.staticslioprovider
06-15 01:23:27.359 E/ActivityThread(32585): Failed to find provider info for com.excean.gspace.b64.staticslioprovider
06-15 01:23:29.017 I/chatty  ( 1685): uid=1000 system_server expire 7 lines
06-15 01:23:29.694 E/ActivityThread(32158): Failed to find provider info for com.excean.gspace.staticslioprovider
06-15 01:23:29.698 E/ActivityThread(32158): Failed to find provider info for com.excean.gspace.staticslioprovider
06-15 01:23:29.703 E/ActivityThread(32158): Failed to find provider info for com.excean.gspace.staticslioprovider
06-15 01:23:29.707 E/ActivityThread(32158): Failed to find provider info for com.excean.gspace.staticslioprovider
06-15 01:23:29.845 E/ActivityThread(32158): Failed to find provider info for com.excean.gspace.staticslioprovider
06-15 01:23:29.849 E/ActivityThread(32158): Failed to find provider info for com.excean.gspace.staticslioprovider
06-15 01:23:30.212 E/ActivityThread(32585): Failed to find provider info for com.excean.gspace.b64.staticslioprovider
06-15 01:23:30.215 E/ActivityThread(32585): Failed to find provider info for com.excean.gspace.b64.staticslioprovider
06-15 01:23:30.871 E/ActivityThread(32158): Failed to find provider info for com.excean.gspace.staticslioprovider
06-15 01:23:30.878 E/ActivityThread(32158): Failed to find provider info for com.excean.gspace.staticslioprovider
06-15 01:23:30.879 E/ActivityThread(32158): Failed to find provider info for com.excean.gspace.staticslioprovider
06-15 01:23:30.884 E/ActivityThread(32158): Failed to find provider info for com.excean.gspace.staticslioprovider
06-15 01:23:30.891 E/ActivityThread(32158): Failed to find provider info for com.excean.gspace.staticslioprovider
06-15 01:23:30.898 E/ActivityThread(32158): Failed to find provider info for com.excean.gspace.staticslioprovider
06-15 01:23:31.238 E/ActivityThread(32585): Failed to find provider info for com.excean.gspace.b64.staticslioprovider
06-15 01:23:31.242 E/ActivityThread(32585): Failed to find provider info for com.excean.gspace.b64.staticslioprovider
06-15 01:23:31.243 E/ActivityThread(32585): Failed to find provider info for com.excean.gspace.b64.staticslioprovider
06-15 01:23:31.244 E/ActivityThread(32585): Failed to find provider info for com.excean.gspace.b64.staticslioprovider
06-15 01:23:31.246 E/ActivityThread(32585): Failed to find provider info for com.excean.gspace.b64.staticslioprovider
06-15 01:23:31.248 E/ActivityThread(32585): Failed to find provider info for com.excean.gspace.b64.staticslioprovider
06-15 01:23:31.249 E/ActivityThread(32585): Failed to find provider info for com.excean.gspace.b64.staticslioprovider
06-15 01:23:32.794 E/ActivityThread(32585): Failed to find provider info for com.excean.gspace.b64.staticslioprovider
06-15 01:23:32.798 E/ActivityThread(32585): Failed to find provider info for com.excean.gspace.b64.staticslioprovider
06-15 01:23:33.847 E/ActivityThread(32158): Failed to find provider info for com.excean.gspace.staticslioprovider
06-15 01:23:33.853 E/ActivityThread(32158): Failed to find provider info for com.excean.gspace.staticslioprovider
06-15 01:23:33.899 E/ActivityThread(32158): Failed to find provider info for com.excean.gspace.staticslioprovider
06-15 01:23:33.905 E/ActivityThread(32158): Failed to find provider info for com.excean.gspace.staticslioprovider
06-15 01:23:34.220 E/ActivityThread(32585): Failed to find provider info for com.excean.gspace.b64.staticslioprovider
06-15 01:23:34.222 E/ActivityThread(32585): Failed to find provider info for com.excean.gspace.b64.staticslioprovider
06-15 01:23:37.819 E/ActivityThread(32585): Failed to find provider info for com.excean.gspace.b64.staticslioprovider
06-15 01:23:37.833 E/ActivityThread(32585): Failed to find provider info for com.excean.gspace.b64.staticslioprovider
06-15 01:23:37.834 E/ActivityThread(32585): Failed to find provider info for com.excean.gspace.b64.staticslioprovider
06-15 01:23:37.837 E/ActivityThread(32585): Failed to find provider info for com.excean.gspace.b64.staticslioprovider
06-15 01:23:37.838 E/ActivityThread(32585): Failed to find provider info for com.excean.gspace.b64.staticslioprovider
06-15 01:23:37.844 E/ActivityThread(32585): Failed to find provider info for com.excean.gspace.b64.staticslioprovider
06-15 01:23:37.845 E/ActivityThread(32158): Failed to find provider info for com.excean.gspace.staticslioprovider
06-15 01:23:37.849 E/ActivityThread(32158): Failed to find provider info for com.excean.gspace.staticslioprovider
06-15 01:23:37.900 E/ActivityThread(32158): Failed to find provider info for com.excean.gspace.staticslioprovider
06-15 01:23:37.902 E/ActivityThread(32158): Failed to find provider info for com.excean.gspace.staticslioprovider
06-15 01:23:38.855 E/ActivityThread(32158): Failed to find provider info for com.excean.gspace.staticslioprovider
06-15 01:23:38.856 E/ActivityThread(32158): Failed to find provider info for com.excean.gspace.staticslioprovider
06-15 01:23:38.858 E/ActivityThread(32158): Failed to find provider info for com.excean.gspace.staticslioprovider
06-15 01:23:38.859 E/ActivityThread(32158): Failed to find provider info for com.excean.gspace.staticslioprovider
06-15 01:23:38.863 E/ActivityThread(32158): Failed to find provider info for com.excean.gspace.staticslioprovider
06-15 01:23:38.871 E/ActivityThread(32158): Failed to find provider info for com.excean.gspace.staticslioprovider
06-15 01:23:38.872 E/ActivityThread(32158): Failed to find provider info for com.excean.gspace.staticslioprovider
06-15 01:23:41.850 E/ActivityThread(32158): Failed to find provider info for com.excean.gspace.staticslioprovider
06-15 01:23:41.852 E/ActivityThread(32158): Failed to find provider info for com.excean.gspace.staticslioprovider
06-15 01:23:41.892 E/ActivityThread(32158): Failed to find provider info for com.excean.gspace.staticslioprovider
06-15 01:23:41.894 E/ActivityThread(32158): Failed to find provider info for com.excean.gspace.staticslioprovider
06-15 01:23:42.859 E/ActivityThread(32585): Failed to find provider info for com.excean.gspace.b64.staticslioprovider
06-15 01:23:42.863 E/ActivityThread(32585): Failed to find provider info for com.excean.gspace.b64.staticslioprovider
06-15 01:23:42.864 E/ActivityThread(32585): Failed to find provider info for com.excean.gspace.b64.staticslioprovider
06-15 01:23:42.866 E/ActivityThread(32585): Failed to find provider info for com.excean.gspace.b64.staticslioprovider
06-15 01:23:42.867 E/ActivityThread(32585): Failed to find provider info for com.excean.gspace.b64.staticslioprovider
06-15 01:23:42.868 E/ActivityThread(32585): Failed to find provider info for com.excean.gspace.b64.staticslioprovider
06-15 01:23:42.869 E/ActivityThread(32585): Failed to find provider info for com.excean.gspace.b64.staticslioprovider
06-15 01:23:45.402 E/ActivityThread(32585): Failed to find provider info for com.excean.gspace.b64.staticslioprovider
06-15 01:23:45.405 E/ActivityThread(32585): Failed to find provider info for com.excean.gspace.b64.staticslioprovider
06-15 01:23:45.522 E/ActivityThread(32585): Failed to find provider info for com.excean.gspace.b64.staticslioprovider
06-15 01:23:45.529 E/ActivityThread(32585): Failed to find provider info for com.excean.gspace.b64.staticslioprovider
06-15 01:23:45.861 E/ActivityThread(32158): Failed to find provider info for com.excean.gspace.staticslioprovider
06-15 01:23:45.865 E/ActivityThread(32158): Failed to find provider info for com.excean.gspace.staticslioprovider
06-15 01:23:45.893 E/ActivityThread(32158): Failed to find provider info for com.excean.gspace.staticslioprovider
06-15 01:23:45.896 E/ActivityThread(32158): Failed to find provider info for com.excean.gspace.staticslioprovider
06-15 01:23:45.958 E/ActivityThread(32585): Failed to find provider info for com.excean.gspace.b64.staticslioprovider
06-15 01:23:45.961 E/ActivityThread(32585): Failed to find provider info for com.excean.gspace.b64.staticslioprovider
06-15 01:23:46.507 E/ActivityThread(32585): Failed to find provider info for com.excean.gspace.b64.staticslioprovider
06-15 01:23:46.509 E/ActivityThread(32585): Failed to find provider info for com.excean.gspace.b64.staticslioprovider
06-15 01:23:46.854 E/ActivityThread(32158): Failed to find provider info for com.excean.gspace.staticslioprovider
06-15 01:23:46.858 E/ActivityThread(32158): Failed to find provider info for com.excean.gspace.staticslioprovider
06-15 01:23:46.862 E/ActivityThread(32158): Failed to find provider info for com.excean.gspace.staticslioprovider
06-15 01:23:46.863 E/ActivityThread(32158): Failed to find provider info for com.excean.gspace.staticslioprovider
06-15 01:23:46.876 E/ActivityThread(32158): Failed to find provider info for com.excean.gspace.staticslioprovider
06-15 01:23:46.884 E/ActivityThread(32158): Failed to find provider info for com.excean.gspace.staticslioprovider
06-15 01:23:47.785 E/ActivityThread(32585): Failed to find provider info for com.excean.gspace.b64.staticslioprovider
06-15 01:23:47.787 E/ActivityThread(32585): Failed to find provider info for com.excean.gspace.b64.staticslioprovider
06-15 01:23:49.029 E/ActivityThread(32585): Failed to find provider info for com.excean.gspace.b64.staticslioprovider
06-15 01:23:49.038 E/ActivityThread(32585): Failed to find provider info for com.excean.gspace.b64.staticslioprovider
06-15 01:23:49.852 E/ActivityThread(32158): Failed to find provider info for com.excean.gspace.staticslioprovider
06-15 01:23:49.862 E/ActivityThread(32158): Failed to find provider info for com.excean.gspace.staticslioprovider
06-15 01:23:49.894 E/ActivityThread(32158): Failed to find provider info for com.excean.gspace.staticslioprovider
06-15 01:23:49.897 E/ActivityThread(32158): Failed to find provider info for com.excean.gspace.staticslioprovider
06-15 01:23:49.956 E/ActivityThread(32585): Failed to find provider info for com.excean.gspace.b64.staticslioprovider
06-15 01:23:49.964 E/ActivityThread(32585): Failed to find provider info for com.excean.gspace.b64.staticslioprovider
06-15 01:23:50.423 E/ActivityThread(32585): Failed to find provider info for com.excean.gspace.b64.staticslioprovider
06-15 01:23:50.431 E/ActivityThread(32585): Failed to find provider info for com.excean.gspace.b64.staticslioprovider
06-15 01:23:50.433 E/ActivityThread(32585): Failed to find provider info for com.excean.gspace.b64.staticslioprovider
06-15 01:23:50.434 E/ActivityThread(32585): Failed to find provider info for com.excean.gspace.b64.staticslioprovider
06-15 01:23:50.435 E/ActivityThread(32585): Failed to find provider info for com.excean.gspace.b64.staticslioprovider
06-15 01:23:50.437 E/ActivityThread(32585): Failed to find provider info for com.excean.gspace.b64.staticslioprovider
06-15 01:23:53.034 E/ActivityThread(32585): Failed to find provider info for com.excean.gspace.b64.staticslioprovider
06-15 01:23:53.045 E/ActivityThread(32585): Failed to find provider info for com.excean.gspace.b64.staticslioprovider
06-15 01:23:53.872 E/ActivityThread(32158): Failed to find provider info for com.excean.gspace.staticslioprovider
06-15 01:23:53.876 E/ActivityThread(32158): Failed to find provider info for com.excean.gspace.staticslioprovider
06-15 01:23:53.953 E/ActivityThread(32585): Failed to find provider info for com.excean.gspace.b64.staticslioprovider
06-15 01:23:53.956 E/ActivityThread(32585): Failed to find provider info for com.excean.gspace.b64.staticslioprovider
06-15 01:23:54.858 E/ActivityThread(32158): Failed to find provider info for com.excean.gspace.staticslioprovider
06-15 01:23:54.864 E/ActivityThread(32158): Failed to find provider info for com.excean.gspace.staticslioprovider
06-15 01:23:54.865 E/ActivityThread(32158): Failed to find provider info for com.excean.gspace.staticslioprovider
06-15 01:23:54.867 E/ActivityThread(32158): Failed to find provider info for com.excean.gspace.staticslioprovider
06-15 01:23:54.868 E/ActivityThread(32158): Failed to find provider info for com.excean.gspace.staticslioprovider
06-15 01:23:54.869 E/ActivityThread(32158): Failed to find provider info for com.excean.gspace.staticslioprovider
06-15 01:23:54.870 E/ActivityThread(32158): Failed to find provider info for com.excean.gspace.staticslioprovider
06-15 01:23:56.951 E/ActivityThread(32585): Failed to find provider info for com.excean.gspace.b64.staticslioprovider
06-15 01:23:56.953 E/ActivityThread(32585): Failed to find provider info for com.excean.gspace.b64.staticslioprovider
06-15 01:23:57.027 E/ActivityThread(32585): Failed to find provider info for com.excean.gspace.b64.staticslioprovider
06-15 01:23:57.029 E/ActivityThread(32585): Failed to find provider info for com.excean.gspace.b64.staticslioprovider
06-15 01:23:57.860 E/ActivityThread(32158): Failed to find provider info for com.excean.gspace.staticslioprovider
