--------- beginning of main
06-15 11:25:21.632 D/AndroidRuntime(32249): >>>>>> START com.android.internal.os.RuntimeInit uid 2000 <<<<<<
--------- beginning of system
06-15 11:25:22.041 I/ActivityManager( 1685):   Force finishing activity ActivityRecord{50ff8c6 u0 com.excelliance.dualaid/com.excelliance.kxqp.ui.HelloActivity t21031 f}
06-15 11:25:22.041 W/ActivityManager( 1685): Duplicate finish request for ActivityRecord{50ff8c6 u0 com.excelliance.dualaid/com.excelliance.kxqp.ui.HelloActivity t21031 f}
06-15 11:25:22.048 D/elsa    ( 1685): app is ProcessRecord{bd16211 32344:com.excelliance.dualaid:olle/u0a1061}, isInBlackList is false, isNeedSetProcessGroup is true
06-15 11:25:22.049 I/ActivityManager( 1685): Killing 31666:com.android.keychain/1000 (adj 906): empty #17
06-15 11:25:22.050 V/WindowManager( 1685): reevaluateVisibility focusApp:AppWindowToken{10b39e0 token=Token{b3e5b9d ActivityRecord{19ba247 u0 com.oppo.launcher/.Launcher t2604}}}
06-15 11:25:22.057 V/WindowManager( 1685): reevaluateVisibility focusApp:AppWindowToken{10b39e0 token=Token{b3e5b9d ActivityRecord{19ba247 u0 com.oppo.launcher/.Launcher t2604}}}
06-15 11:25:22.064 I/ActivityManager( 1685): Force stopping com.excelliance.dualaid appid=11061 user=-1: clearApplicationUserData
06-15 11:25:22.064 I/ActivityManager( 1685): Killing 32344:com.excelliance.dualaid:olle/u0a1061 (adj 900): stop com.excelliance.dualaid
06-15 11:25:22.065 D/ActivityManager( 1685): cleanUpApplicationRecord -- 32344
06-15 11:25:22.068 D/ActivityManager( 1685): cleanUpApplicationRecord -- 31666
06-15 11:25:22.070 E/TaskPersister( 1685): File error accessing recents directory (directory doesn't exist?).
06-15 11:25:22.071 V/WindowManager( 1685): reevaluateVisibility focusApp:AppWindowToken{10b39e0 token=Token{b3e5b9d ActivityRecord{19ba247 u0 com.oppo.launcher/.Launcher t2604}}}
06-15 11:25:22.086 W/RemoteDisplayProvider( 1685): Ignoring remote display provider service because it does not have the CAPTURE_VIDEO_OUTPUT or CAPTURE_SECURE_VIDEO_OUTPUT permission: com.google.android.gms/com.google.android.gms.cast.media.CastRemoteDisplayProviderService
06-15 11:25:22.103 I/ActivityManager( 1685): Start proc 32368:com.coloros.speechassist.engine/u0a76 for broadcast com.coloros.speechassist.engine/.service.impl.PackageDataClearReceiver
06-15 11:25:22.109 D/elsa    ( 1685): app is ProcessRecord{ae8ea5a 32368:com.coloros.speechassist.engine/u0a76}, isInBlackList is false, isNeedSetProcessGroup is true
06-15 11:25:22.117 D/elsa    ( 1685): app is ProcessRecord{bffd3cd 20469:com.google.android.gms/u0a181}, isInBlackList is false, isNeedSetProcessGroup is true
06-15 11:25:22.120 D/elsa    ( 1685): app is ProcessRecord{bffd3cd 20469:com.google.android.gms/u0a181}, isInBlackList is false, isNeedSetProcessGroup is true
06-15 11:25:22.125 W/System  (32368): ClassLoader referenced unknown path: /system/app/OppoSpeechService/lib/arm
06-15 11:25:22.125 I/LocationSettingsChecker(20469): Removing dialog suppression flag for package com.excelliance.dualaid
06-15 11:25:22.135 I/Icing   (20469): doRemovePackageData com.excelliance.dualaid
06-15 11:25:22.331 D/        ( 1685): jni writeStringContentData: dataContent size:43, contentSize:43, str:com.excelliance.dualaid|2018-06-15 11:25:21, dataType:9
06-15 11:25:23.368 D/TrafficStatsHelper( 6003): ifaceNames[0]:lo
06-15 11:25:23.368 D/TrafficStatsHelper( 6003): ifaceNames[1]:tun0
06-15 11:25:23.368 D/TrafficStatsHelper( 6003): ifaceNames[2]:wlan0
06-15 11:25:23.368 D/TrafficStatsHelper( 6003): ifaceNames[3]:dummy0
06-15 11:25:23.368 D/TrafficStatsHelper( 6003): ifaceNames[4]:rmnet_data0
06-15 11:25:23.369 D/TrafficStatsHelper( 6003): transmitted_validWifiData.get(0) = wlan0
06-15 11:25:23.871 D/AndroidRuntime(32441): >>>>>> START com.android.internal.os.RuntimeInit uid 2000 <<<<<<
06-15 11:25:23.877 D/AndroidRuntime(32441): CheckJNI is OFF
06-15 11:25:23.922 E/ANDR-PERF-RESOURCEQS(  587): Failed to reset optimization [3, 0]
06-15 11:25:24.073 D/ICU     (32441): No timezone override file found: /data/misc/zoneinfo/current/icu/icu_tzdata.dat
06-15 11:25:24.108 I/Radio-JNI(32441): register_android_hardware_Radio DONE
06-15 11:25:24.140 D/AndroidRuntime(32441): Calling main entry com.android.commands.am.Am
06-15 11:25:24.148 E/ANDR-PERF-MPCTL(  587): invalid request, no optimizations performed
06-15 11:25:24.150 I/ActivityManager( 1685): START u0 {act=android.intent.action.MAIN cat=[android.intent.category.LAUNCHER] flg=0x10000000 cmp=com.excelliance.dualaid/com.excelliance.kxqp.ui.HelloActivity} from uid 2000 and from pid 32441 on display 0
06-15 11:25:24.153 D/ActivityTrigger( 1685): activityStartTrigger: Activity is Triggerred in full screen ApplicationInfo{c207ffe com.excelliance.dualaid}
06-15 11:25:24.153 E/ActivityTrigger( 1685): activityStartTrigger: not whiteListedcom.excelliance.dualaid/com.excelliance.kxqp.ui.HelloActivity/466
06-15 11:25:24.155 V/WindowManager( 1685): Changing focus from Window{1410897 u0 com.oppo.launcher/com.oppo.launcher.Launcher} to null
06-15 11:25:24.158 D/AndroidRuntime(32441): Shutting down VM
06-15 11:25:24.167 I/art     (32441): WaitForSignal ShouldHalt is true
06-15 11:25:24.167 I/art     (32441): SignalCatcher::Run ShouldHalt is true
06-15 11:25:24.171 I/ActivityManager( 1685): Start proc 32487:com.excelliance.dualaid:olle/u0a1061 for activity com.excelliance.dualaid/com.excelliance.kxqp.ui.HelloActivity
06-15 11:25:24.173 D/elsa    ( 1685): app is ProcessRecord{5532122 3319:com.oppo.launcher/u0a17}, isInBlackList is false, isNeedSetProcessGroup is true
06-15 11:25:24.189 D/elsa    ( 1685): app is ProcessRecord{182ec98 32487:com.excelliance.dualaid:olle/u0a1061}, isInBlackList is false, isNeedSetProcessGroup is true
06-15 11:25:24.209 W/ContextImpl(32487): Failed to ensure /data/user/0/com.excelliance.dualaid/cache: chown failed: EPERM (Operation not permitted)
06-15 11:25:24.209 E/ContextImpl(32487): ensurePrivateDirExists xattr: user.inode_cache value :[B@9a2940d
06-15 11:25:24.210 W/ContextImpl(32487): Failed to ensure /data/user_de/0/com.excelliance.dualaid/code_cache: chown failed: EPERM (Operation not permitted)
06-15 11:25:24.210 E/ContextImpl(32487): ensurePrivateDirExists xattr: user.inode_code_cache value :[B@2632fc2
06-15 11:25:24.213 D/KXQPApplication(32487): run: initUserManager
06-15 11:25:24.214 D/CrashHandler(32487): CrashHandler
06-15 11:25:24.225 D/HelloActivity(32487): Memory:35697M
06-15 11:25:24.226 D/HelloActivity(32487): onCreate: true
06-15 11:25:24.229 D/HelloActivity(32487): is code boot
06-15 11:25:24.232 D/HelloActivity(32487): mIsNav = false
06-15 11:25:24.237 D/elsa    ( 1685): app is ProcessRecord{20b6023 20138:com.android.defcontainer/u0a5}, isInBlackList is false, isNeedSetProcessGroup is true
06-15 11:25:24.241 I/ActivityManager( 1685): Killing 31710:com.coloros.oppomultiapp/1000 (adj 906): empty #17
06-15 11:25:24.246 D/HelloActivity(32487): defDisplayStyle:5
06-15 11:25:24.251 D/ActivityManager( 1685): cleanUpApplicationRecord -- 31710
06-15 11:25:24.255 D/HttpUtils(32487): getDownloadMode()
06-15 11:25:24.255 D/NetUtils(32487): init inited = true
06-15 11:25:24.256 D/HelloActivity(32487): enter Nav2
06-15 11:25:24.257 D/NetworkSecurityConfig(32487): No Network Security Config specified, using platform default
06-15 11:25:24.258 I/DpmTcmClient(32487): RegisterTcmMonitor from: com.android.okhttp.TcmIdleTimerMonitor
06-15 11:25:24.259 E/ANDR-PERF-MPCTL(  587): invalid request, no optimizations performed
06-15 11:25:24.260 I/ActivityManager( 1685): START u0 {pkg=com.excelliance.dualaid cmp=com.excelliance.dualaid/com.excelliance.kxqp.swipe.NavActivity2 (has extras)} from uid 11061 and from pid 32487 on display 0
06-15 11:25:24.260 I/System.out(32487): Not need to boost!
06-15 11:25:24.262 D/ActivityTrigger( 1685): activityStartTrigger: Activity is Triggerred in full screen ApplicationInfo{c207ffe com.excelliance.dualaid}
06-15 11:25:24.262 E/ActivityTrigger( 1685): activityStartTrigger: not whiteListedcom.excelliance.dualaid/com.excelliance.kxqp.swipe.NavActivity2/466
06-15 11:25:24.263 D/libc-netbsd(32487): [getaddrinfo]:  hostname=mto.multiopen.cn;  servname=(null);  app_pid=32487;  app_uid=11061;  ai_flags=1024;  ai_family=0; ai_socktype=1 from prox result 0
06-15 11:25:24.284 I/ActivityManager( 1685): Start proc 32517:com.excelliance.dualaid/u0a1061 for service com.excelliance.dualaid/com.excelliance.kxqp.SmtServService
06-15 11:25:24.309 W/X509TrustManager(32487): checkServerTrusted: SignatureException:null
06-15 11:25:24.310 W/X509TrustManager(32487): checkServerTrusted: SignatureException:error:04000070:RSA routines:OPENSSL_internal:DATA_TOO_LARGE_FOR_MODULUS
06-15 11:25:24.315 D/NavActivity2(32487): onCreate
06-15 11:25:24.334 E/test    (32487): hw notch screen flag api error
06-15 11:25:24.341 E/test    (32487): hasNotchInScreen ClassNotFoundException
06-15 11:25:24.342 E/ViewUtils(32487): setBgColor: view==null:top
06-15 11:25:24.349 V/ViewRootImpl(32487): enableLogLight: enable = false
06-15 11:25:24.350 D/HttpUtils(32487): getResponseCode():200
06-15 11:25:24.351 D/WHEG    (32487): {"status":"0","controls":"","skip":"0"}
06-15 11:25:24.373 V/WindowManager( 1685): reevaluateVisibility focusApp:AppWindowToken{37ee462 token=Token{fffb72d ActivityRecord{f063a44 u0 com.excelliance.dualaid/com.excelliance.kxqp.swipe.NavActivity2 t21032}}}
06-15 11:25:24.438 I/art     (32517): Compiler allocated 6MB to compile boolean com.excelliance.kxqp.KXQPApplication.b(int)
06-15 11:25:24.483 D/MainActivity(32487): instantiateItem: 2	android.widget.RelativeLayout{2e87191 V.E...... ......I. 0,0-0,0}
06-15 11:25:24.484 D/MainActivity(32487): initPage3: 
06-15 11:25:24.492 V/WindowManager( 1685): Changing focus from null to Window{1e2046b u0 com.excelliance.dualaid/com.excelliance.kxqp.swipe.NavActivity2}
06-15 11:25:24.494 I/art     (32517): Do partial code cache collection, code=16KB, data=30KB
06-15 11:25:24.495 I/art     (32517): After code cache collection, code=16KB, data=30KB
06-15 11:25:24.495 I/art     (32517): Increasing code cache capacity to 128KB
06-15 11:25:24.495 I/Adreno  (32487): QUALCOMM build                   : 21e2e72, Ia8660bee96
06-15 11:25:24.495 I/Adreno  (32487): Build Date                       : 11/14/17
06-15 11:25:24.495 I/Adreno  (32487): OpenGL ES Shader Compiler Version: XE031.14.00.04
06-15 11:25:24.495 I/Adreno  (32487): Local Branch                     : 
06-15 11:25:24.495 I/Adreno  (32487): Remote Branch                    : 
06-15 11:25:24.495 I/Adreno  (32487): Remote Branch                    : 
06-15 11:25:24.495 I/Adreno  (32487): Reconstruct Branch               : 
06-15 11:25:24.498 I/Adreno  (32487): PFP: 0x005ff087, ME: 0x005ff063
06-15 11:25:24.499 I/OpenGLRenderer(32487): Initialized EGL, version 1.4
06-15 11:25:24.500 D/OpenGLRenderer(32487): Swap behavior 1
06-15 11:25:24.500 V/WindowManager( 1685): reevaluateVisibility focusApp:AppWindowToken{37ee462 token=Token{fffb72d ActivityRecord{f063a44 u0 com.excelliance.dualaid/com.excelliance.kxqp.swipe.NavActivity2 t21032}}}
06-15 11:25:24.509 D/MainActivity(32487): run: initPage3
06-15 11:25:24.510 V/MainActivity(32487): onWindowFocusChanged: true
06-15 11:25:24.525 V/WindowManager( 1685): reevaluateVisibility focusApp:AppWindowToken{37ee462 token=Token{fffb72d ActivityRecord{f063a44 u0 com.excelliance.dualaid/com.excelliance.kxqp.swipe.NavActivity2 t21032}}}
06-15 11:25:24.525 V/WindowManager( 1685): reevaluateVisibility focusApp:AppWindowToken{37ee462 token=Token{fffb72d ActivityRecord{f063a44 u0 com.excelliance.dualaid/com.excelliance.kxqp.swipe.NavActivity2 t21032}}}
06-15 11:25:24.527 D/xx      (18534): onFinishInput: mIsInDockMode=false
06-15 11:25:24.529 D/xx      (18534): onStartInput: mIsInDockMode=false attribute==android.view.inputmethod.EditorInfo@4afe6dd restarting==false
06-15 11:25:24.545 E/rutils  (16321): releaseProcess gCount = 1
06-15 11:25:24.554 I/art     (32517): Do partial code cache collection, code=16KB, data=30KB
06-15 11:25:24.554 I/art     (32517): After code cache collection, code=16KB, data=30KB
06-15 11:25:24.554 I/art     (32517): Increasing code cache capacity to 256KB
06-15 11:25:24.556 I/art     (32517): Compiler allocated 6MB to compile boolean com.excelliance.kxqp.KXQPApplication.b(int)
06-15 11:25:24.598 I/WindowManager( 1685): finishPostLayoutPolicyLw (statusbar != null ) true topIsFullscreen true top = Window{1e2046b u0 com.excelliance.dualaid/com.excelliance.kxqp.swipe.NavActivity2}
06-15 11:25:24.598 I/StatusBarManagerService( 1685):  topIsFullscreen fullscreen true
06-15 11:25:24.599 V/WindowManager( 1685): reevaluateVisibility focusApp:AppWindowToken{37ee462 token=Token{fffb72d ActivityRecord{f063a44 u0 com.excelliance.dualaid/com.excelliance.kxqp.swipe.NavActivity2 t21032}}}
06-15 11:25:24.600 I/ActivityManager( 1685): Displayed com.excelliance.dualaid/com.excelliance.kxqp.swipe.NavActivity2: +305ms (total +2s668ms)
06-15 11:25:24.601 V/WindowManager( 1685): reevaluateVisibility focusApp:AppWindowToken{37ee462 token=Token{fffb72d ActivityRecord{f063a44 u0 com.excelliance.dualaid/com.excelliance.kxqp.swipe.NavActivity2 t21032}}}
06-15 11:25:24.602 V/WindowManager( 1685): reevaluateVisibility focusApp:AppWindowToken{37ee462 token=Token{fffb72d ActivityRecord{f063a44 u0 com.excelliance.dualaid/com.excelliance.kxqp.swipe.NavActivity2 t21032}}}
06-15 11:25:24.603 D/ActivityManager( 1685): back_key destroy activity: com.excelliance.dualaid top activity: com.excelliance.dualaid
06-15 11:25:24.604 D/elsa    ( 1685): app is ProcessRecord{5532122 3319:com.oppo.launcher/u0a17}, isInBlackList is false, isNeedSetProcessGroup is true
06-15 11:25:24.607 E/OpenGLRenderer( 3319): hwui_debug::CanvasContext createSurface sur=0x0, isValid =0
06-15 11:25:24.607 I/art     (32517): Compiler allocated 6MB to compile boolean com.excelliance.kxqp.KXQPApplication.b(int)
06-15 11:25:24.613 I/Launcher.LauncherTraceUtil( 3319): writeLauncherStateToFile. The mStateTrace is null!
06-15 11:25:24.613 V/WindowManager( 1685): reevaluateVisibility focusApp:AppWindowToken{37ee462 token=Token{fffb72d ActivityRecord{f063a44 u0 com.excelliance.dualaid/com.excelliance.kxqp.swipe.NavActivity2 t21032}}}
06-15 11:25:24.653 W/art     (32517): oat_file_name = /data/user/0/com.excelliance.dualaid/.platformcache/main.dex, b = 1
06-15 11:25:24.683 I/dex2oat (32557): /system/bin/dex2oat --dex-file=/data/user/0/com.excelliance.dualaid/.platformcache/main.jar --oat-fd=44 --oat-location=/data/user/0/com.excelliance.dualaid/.platformcache/main.dex --compiler-filter=speed
06-15 11:25:24.978 V/WindowManager( 1685): reevaluateVisibility focusApp:AppWindowToken{37ee462 token=Token{fffb72d ActivityRecord{f063a44 u0 com.excelliance.dualaid/com.excelliance.kxqp.swipe.NavActivity2 t21032}}}
