06-15 01:41:38.610 E/ActivityThread( 9219): Failed to find provider info for com.excean.gspace.b64.staticslioprovider
06-15 01:41:38.660 E/ActivityThread( 9219): Failed to find provider info for com.excean.gspace.b64.staticslioprovider
06-15 01:41:38.768 E/ActivityThread( 9219): Failed to find provider info for com.excean.gspace.b64.staticslioprovider
06-15 01:41:38.780 E/ActivityThread( 9219): Failed to find provider info for com.excean.gspace.b64.staticslioprovider
06-15 01:41:39.643 W/ActivityThread( 9814): Content provider com.google.android.gsf.gservices.GservicesProvider already published as com.google.android.gsf.gservices
06-15 01:41:40.426 I/chatty  ( 1685): uid=1000(system) Binder:1685_5 expire 2 lines
06-15 01:41:40.574 I/chatty  ( 1685): uid=1000(system) Binder:1685_12 expire 2 lines
06-15 01:41:40.578 I/chatty  ( 1685): uid=1000(system) Binder:1685_1A expire 2 lines
06-15 01:41:40.657 I/chatty  ( 1685): uid=1000(system) Binder:1685_15 expire 3 lines
06-15 01:41:40.893 E/ActivityThread( 9219): Failed to find provider info for com.excean.gspace.b64.staticslioprovider
06-15 01:41:40.898 E/ActivityThread( 9219): Failed to find provider info for com.excean.gspace.b64.staticslioprovider
06-15 01:41:40.905 E/ActivityThread( 9219): Failed to find provider info for com.excean.gspace.b64.staticslioprovider
06-15 01:41:40.915 E/ActivityThread( 9219): Failed to find provider info for com.excean.gspace.b64.staticslioprovider
06-15 01:41:41.055 I/chatty  ( 1685): uid=1000(system) Binder:1685_1 expire 6 lines
06-15 01:41:41.059 I/chatty  ( 1685): uid=1000(system) Binder:1685_1D expire 5 lines
06-15 01:41:41.094 I/chatty  ( 1685): uid=1000(system) Binder:1685_10 expire 2 lines
06-15 01:41:41.098 I/chatty  ( 1685): uid=1000(system) Binder:1685_5 expire 3 lines
06-15 01:41:41.170 I/chatty  ( 1685): uid=1000(system) Binder:1685_3 expire 3 lines
06-15 01:41:41.174 I/chatty  ( 1685): uid=1000(system) Binder:1685_1E expire 4 lines
06-15 01:41:41.228 I/chatty  ( 1685): uid=1000(system) Binder:1685_E expire 3 lines
06-15 01:41:41.273 I/chatty  ( 1685): uid=1000(system) Binder:1685_C expire 7 lines
06-15 01:41:41.329 I/chatty  ( 1685): uid=1000(system) Binder:1685_6 expire 4 lines
06-15 01:41:41.385 I/chatty  ( 1685): uid=1000(system) Binder:1685_9 expire 6 lines
06-15 01:41:41.392 I/chatty  ( 1685): uid=1000(system) Binder:1685_17 expire 8 lines
06-15 01:41:41.438 I/chatty  ( 1685): uid=1000(system) Binder:1685_F expire 8 lines
06-15 01:41:41.443 I/chatty  ( 1685): uid=1000(system) Binder:1685_14 expire 3 lines
06-15 01:41:41.479 I/chatty  ( 1685): uid=1000(system) Binder:1685_2 expire 5 lines
06-15 01:41:41.484 I/chatty  ( 1685): uid=1000(system) Binder:1685_1B expire 3 lines
06-15 01:41:41.518 I/chatty  ( 1685): uid=1000(system) Binder:1685_A expire 4 lines
06-15 01:41:41.579 I/chatty  ( 1685): uid=1000(system) Binder:1685_11 expire 3 lines
06-15 01:41:41.637 I/chatty  ( 1685): uid=1000(system) Binder:1685_4 expire 4 lines
06-15 01:41:41.642 I/chatty  ( 1685): uid=1000(system) Binder:1685_16 expire 2 lines
06-15 01:41:41.694 I/chatty  ( 1685): uid=1000(system) Binder:1685_19 expire 4 lines
06-15 01:41:41.765 I/chatty  ( 1685): uid=1000(system) Binder:1685_1C expire 3 lines
06-15 01:41:41.872 I/chatty  ( 1685): uid=1000(system) Binder:1685_18 expire 2 lines
06-15 01:41:41.875 I/chatty  ( 1685): uid=1000(system) Binder:1685_13 expire 5 lines
06-15 01:41:41.965 E/ActivityThread( 9219): Failed to find provider info for com.excean.gspace.b64.staticslioprovider
06-15 01:41:41.967 E/ActivityThread( 9219): Failed to find provider info for com.excean.gspace.b64.staticslioprovider
06-15 01:41:41.970 E/ActivityThread( 9219): Failed to find provider info for com.excean.gspace.b64.staticslioprovider
06-15 01:41:41.980 E/ActivityThread( 9219): Failed to find provider info for com.excean.gspace.b64.staticslioprovider
06-15 01:41:41.982 E/ActivityThread( 9219): Failed to find provider info for com.excean.gspace.b64.staticslioprovider
06-15 01:41:41.983 E/ActivityThread( 9219): Failed to find provider info for com.excean.gspace.b64.staticslioprovider
06-15 01:41:41.984 E/ActivityThread( 9219): Failed to find provider info for com.excean.gspace.b64.staticslioprovider
06-15 01:41:41.985 E/ActivityThread( 9219): Failed to find provider info for com.excean.gspace.b64.staticslioprovider
06-15 01:41:42.171 I/chatty  ( 1685): uid=1000(system) Binder:1685_1F expire 2 lines
06-15 01:41:42.175 I/chatty  ( 1685): uid=1000(system) Binder:1685_12 expire 1 line
06-15 01:41:42.215 I/chatty  ( 1685): uid=1000(system) Binder:1685_20 expire 3 lines
06-15 01:41:42.524 I/chatty  ( 1685): uid=1000(system) Binder:1685_7 expire 4 lines
06-15 01:41:42.818 I/chatty  ( 1685): uid=1000(system) Binder:1685_D expire 1 line
06-15 01:41:42.926 I/chatty  ( 1685): uid=1000(system) Binder:1685_8 expire 6 lines
06-15 01:41:43.206 E/ActivityThread( 8463): Failed to find provider info for com.excean.gspace.staticslioprovider
06-15 01:41:43.213 E/ActivityThread( 8463): Failed to find provider info for com.excean.gspace.staticslioprovider
06-15 01:41:43.222 E/ActivityThread( 8463): Failed to find provider info for com.excean.gspace.staticslioprovider
06-15 01:41:43.228 I/chatty  ( 1685): uid=1000(system) Binder:1685_1A expire 3 lines
06-15 01:41:43.247 E/ActivityThread( 8463): Failed to find provider info for com.excean.gspace.staticslioprovider
06-15 01:41:43.254 E/ActivityThread( 8463): Failed to find provider info for com.excean.gspace.staticslioprovider
06-15 01:41:43.255 E/ActivityThread( 8463): Failed to find provider info for com.excean.gspace.staticslioprovider
06-15 01:41:43.303 I/chatty  ( 1685): uid=1000(system) android.display expire 21 lines
06-15 01:41:43.511 E/ActivityThread( 9219): Failed to find provider info for com.excean.gspace.b64.staticslioprovider
06-15 01:41:43.517 E/ActivityThread( 9219): Failed to find provider info for com.excean.gspace.b64.staticslioprovider
06-15 01:41:43.622 E/ActivityThread( 9219): Failed to find provider info for com.excean.gspace.b64.staticslioprovider
06-15 01:41:43.625 E/ActivityThread( 9219): Failed to find provider info for com.excean.gspace.b64.staticslioprovider
06-15 01:41:44.869 E/ActivityThread( 9219): Failed to find provider info for com.excean.gspace.b64.staticslioprovider
06-15 01:41:44.880 E/ActivityThread( 9219): Failed to find provider info for com.excean.gspace.b64.staticslioprovider
06-15 01:41:45.661 I/chatty  ( 1685): uid=1000(system) Binder:1685_1A expire 5 lines
06-15 01:41:45.684 I/chatty  ( 1685): uid=1000(system) Binder:1685_C expire 4 lines
06-15 01:41:45.779 I/chatty  ( 1685): uid=1000(system) Binder:1685_20 expire 4 lines
06-15 01:41:45.864 I/chatty  ( 1685): uid=1000(system) Binder:1685_14 expire 5 lines
06-15 01:41:46.831 I/chatty  ( 1685): uid=1000(system) Binder:1685_15 expire 5 lines
06-15 01:41:46.909 I/chatty  ( 1685): uid=1000(system) Binder:1685_1D expire 1 line
06-15 01:41:46.952 I/chatty  ( 1685): uid=1000(system) Binder:1685_E expire 6 lines
06-15 01:41:46.955 I/chatty  ( 1685): uid=1000(system) Binder:1685_13 expire 6 lines
06-15 01:41:47.639 W/ActivityThread( 9802): Content provider com.google.android.gms.phenotype.provider.ConfigurationProvider already published as com.google.android.gms.phenotype
06-15 01:41:47.822 E/ActivityThread( 9219): Failed to find provider info for com.excean.gspace.b64.staticslioprovider
06-15 01:41:47.840 E/ActivityThread( 9219): Failed to find provider info for com.excean.gspace.b64.staticslioprovider
06-15 01:41:48.543 E/ActivityThread( 9219): Failed to find provider info for com.excean.gspace.b64.staticslioprovider
06-15 01:41:48.547 E/ActivityThread( 9219): Failed to find provider info for com.excean.gspace.b64.staticslioprovider
06-15 01:41:48.550 E/ActivityThread( 9219): Failed to find provider info for com.excean.gspace.b64.staticslioprovider
06-15 01:41:48.559 E/ActivityThread( 9219): Failed to find provider info for com.excean.gspace.b64.staticslioprovider
06-15 01:41:48.570 E/ActivityThread( 9219): Failed to find provider info for com.excean.gspace.b64.staticslioprovider
06-15 01:41:48.576 E/ActivityThread( 9219): Failed to find provider info for com.excean.gspace.b64.staticslioprovider
06-15 01:41:48.579 E/ActivityThread( 9219): Failed to find provider info for com.excean.gspace.b64.staticslioprovider
06-15 01:41:48.876 E/ActivityThread( 9219): Failed to find provider info for com.excean.gspace.b64.staticslioprovider
06-15 01:41:48.879 E/ActivityThread( 9219): Failed to find provider info for com.excean.gspace.b64.staticslioprovider
06-15 01:41:50.682 I/chatty  ( 1685): uid=1000(system) Binder:1685_18 expire 8 lines
06-15 01:41:51.834 E/ActivityThread( 9219): Failed to find provider info for com.excean.gspace.b64.staticslioprovider
06-15 01:41:51.841 E/ActivityThread( 9219): Failed to find provider info for com.excean.gspace.b64.staticslioprovider
06-15 01:41:52.738 I/chatty  ( 1685): uid=1000(system) Binder:1685_11 expire 4 lines
06-15 01:41:52.892 E/ActivityThread( 9219): Failed to find provider info for com.excean.gspace.b64.staticslioprovider
06-15 01:41:52.917 E/ActivityThread( 9219): Failed to find provider info for com.excean.gspace.b64.staticslioprovider
06-15 01:41:53.875 E/ActivityThread( 9219): Failed to find provider info for com.excean.gspace.b64.staticslioprovider
06-15 01:41:53.896 E/ActivityThread( 9219): Failed to find provider info for com.excean.gspace.b64.staticslioprovider
06-15 01:41:53.909 E/ActivityThread( 9219): Failed to find provider info for com.excean.gspace.b64.staticslioprovider
06-15 01:41:53.914 E/ActivityThread( 9219): Failed to find provider info for com.excean.gspace.b64.staticslioprovider
06-15 01:41:53.916 E/ActivityThread( 9219): Failed to find provider info for com.excean.gspace.b64.staticslioprovider
06-15 01:41:53.919 E/ActivityThread( 9219): Failed to find provider info for com.excean.gspace.b64.staticslioprovider
06-15 01:41:54.411 W/ActivityThread( 9814): Content provider com.google.android.gsf.gservices.GservicesProvider already published as com.google.android.gsf.gservices
06-15 01:41:54.555 W/ActivityThread( 9814): Content provider com.google.android.gsf.gservices.GservicesProvider already published as com.google.android.gsf.gservices
06-15 01:41:54.817 I/chatty  ( 1685): uid=1000(system) Binder:1685_4 expire 2 lines
06-15 01:41:54.822 I/chatty  ( 1685): uid=1000(system) Binder:1685_F expire 2 lines
06-15 01:41:54.911 I/chatty  ( 1685): uid=1000(system) Binder:1685_17 expire 2 lines
06-15 01:41:55.761 I/chatty  ( 1685): uid=1000(system) Binder:1685_12 expire 3 lines
06-15 01:41:55.767 I/chatty  ( 1685): uid=1000(system) Binder:1685_3 expire 2 lines
06-15 01:41:55.836 E/ActivityThread( 9219): Failed to find provider info for com.excean.gspace.b64.staticslioprovider
06-15 01:41:55.880 E/ActivityThread( 9219): Failed to find provider info for com.excean.gspace.b64.staticslioprovider
06-15 01:41:56.894 E/ActivityThread( 9219): Failed to find provider info for com.excean.gspace.b64.staticslioprovider
06-15 01:41:56.904 E/ActivityThread( 9219): Failed to find provider info for com.excean.gspace.b64.staticslioprovider
06-15 01:41:57.054 I/chatty  ( 1685): uid=1000(system) Binder:1685_6 expire 3 lines
06-15 01:41:57.059 I/chatty  ( 1685): uid=1000(system) Binder:1685_8 expire 4 lines
06-15 01:41:57.231 I/chatty  ( 1685): uid=1000(system) Binder:1685_7 expire 2 lines
06-15 01:41:59.823 E/ActivityThread( 9219): Failed to find provider info for com.excean.gspace.b64.staticslioprovider
06-15 01:41:59.836 E/ActivityThread( 9219): Failed to find provider info for com.excean.gspace.b64.staticslioprovider
06-15 01:42:00.634 I/chatty  ( 1685): uid=1000(system) Binder:1685_1E expire 2 lines
06-15 01:42:00.715 I/chatty  ( 1685): uid=1000(system) Binder:1685_19 expire 4 lines
06-15 01:42:00.853 E/ActivityThread( 9219): Failed to find provider info for com.excean.gspace.b64.staticslioprovider
06-15 01:42:00.881 E/ActivityThread( 9219): Failed to find provider info for com.excean.gspace.b64.staticslioprovider
06-15 01:42:00.915 E/ActivityThread( 9219): Failed to find provider info for com.excean.gspace.b64.staticslioprovider
06-15 01:42:00.916 E/ActivityThread( 9219): Failed to find provider info for com.excean.gspace.b64.staticslioprovider
06-15 01:42:00.919 E/ActivityThread( 9219): Failed to find provider info for com.excean.gspace.b64.staticslioprovider
06-15 01:42:00.920 E/ActivityThread( 9219): Failed to find provider info for com.excean.gspace.b64.staticslioprovider
06-15 01:42:00.936 E/ActivityThread( 9219): Failed to find provider info for com.excean.gspace.b64.staticslioprovider
06-15 01:42:00.993 E/ActivityThread( 9219): Failed to find provider info for com.excean.gspace.b64.staticslioprovider
06-15 01:42:00.999 E/ActivityThread( 9219): Failed to find provider info for com.excean.gspace.b64.staticslioprovider
06-15 01:42:01.058 I/chatty  ( 1685): uid=1000 system_server expire 7 lines
06-15 01:42:01.065 I/chatty  ( 1685): uid=1000(system) batterystats-sy expire 2 lines
06-15 01:42:01.264 I/chatty  ( 1685): uid=1000(system) BroadcastQueue expire 8 lines
06-15 01:42:01.277 W/ActivityThread( 9802): Content provider com.google.android.gms.phenotype.provider.ConfigurationProvider already published as com.google.android.gms.phenotype
06-15 01:42:01.319 I/chatty  ( 1685): uid=1000(system) pool-3-thread-1 expire 2 lines
06-15 01:42:01.323 I/chatty  ( 1685): uid=1000(system) Binder:1685_1 expire 10 lines
06-15 01:42:01.337 W/ActivityThread( 9802): Content provider com.google.android.gms.phenotype.provider.ConfigurationProvider already published as com.google.android.gms.phenotype
06-15 01:42:01.347 W/ActivityThread( 9802): Content provider com.google.android.gms.phenotype.provider.ConfigurationProvider already published as com.google.android.gms.phenotype
06-15 01:42:01.447 I/chatty  ( 1685): uid=1000(system) Binder:1685_D expire 3 lines
06-15 01:42:01.497 I/chatty  ( 1685): uid=1000(system) android.bg expire 1 line
06-15 01:42:01.511 I/chatty  ( 1685): uid=1000(system) Binder:1685_5 expire 2 lines
06-15 01:42:01.589 W/ActivityThread( 9802): Content provider com.google.android.gms.phenotype.provider.ConfigurationProvider already published as com.google.android.gms.phenotype
06-15 01:42:01.637 W/ActivityThread( 9802): Content provider com.google.android.gsf.gservices.GservicesProvider already published as com.google.android.gsf.gservices
06-15 01:42:01.760 I/chatty  ( 1685): uid=1000(system) android.display expire 28 lines
06-15 01:42:01.867 I/chatty  ( 1685): uid=1000(system) Binder:1685_9 expire 3 lines
06-15 01:42:01.996 I/chatty  ( 1685): uid=1000(system) Binder:1685_1B expire 2 lines
06-15 01:42:02.003 I/chatty  ( 1685): uid=1000(system) ActivityManager expire 1 line
06-15 01:42:02.902 I/chatty  ( 1685): uid=1000(system) Binder:1685_1F expire 3 lines
06-15 01:42:03.818 E/ActivityThread( 9219): Failed to find provider info for com.excean.gspace.b64.staticslioprovider
06-15 01:42:03.822 E/ActivityThread( 9219): Failed to find provider info for com.excean.gspace.b64.staticslioprovider
06-15 01:42:04.531 I/chatty  ( 1685): uid=1000(system) Binder:1685_2 expire 2 lines
06-15 01:42:04.778 I/chatty  ( 1685): uid=1000(system) Binder:1685_A expire 2 lines
06-15 01:42:04.884 E/ActivityThread( 9219): Failed to find provider info for com.excean.gspace.b64.staticslioprovider
06-15 01:42:04.895 E/ActivityThread( 9219): Failed to find provider info for com.excean.gspace.b64.staticslioprovider
06-15 01:42:05.944 E/ActivityThread( 9219): Failed to find provider info for com.excean.gspace.b64.staticslioprovider
06-15 01:42:05.946 E/ActivityThread( 9219): Failed to find provider info for com.excean.gspace.b64.staticslioprovider
06-15 01:42:05.959 E/ActivityThread( 9219): Failed to find provider info for com.excean.gspace.b64.staticslioprovider
06-15 01:42:05.960 E/ActivityThread( 9219): Failed to find provider info for com.excean.gspace.b64.staticslioprovider
06-15 01:42:05.996 E/ActivityThread( 9219): Failed to find provider info for com.excean.gspace.b64.staticslioprovider
06-15 01:42:06.017 E/ActivityThread( 9219): Failed to find provider info for com.excean.gspace.b64.staticslioprovider
06-15 01:42:06.332 I/chatty  ( 1685): uid=1000(system) BpmThread expire 1 line
06-15 01:42:08.871 E/ActivityThread( 9219): Failed to find provider info for com.excean.gspace.b64.staticslioprovider
06-15 01:42:08.874 E/ActivityThread( 9219): Failed to find provider info for com.excean.gspace.b64.staticslioprovider
06-15 01:42:12.871 E/ActivityThread( 9219): Failed to find provider info for com.excean.gspace.b64.staticslioprovider
06-15 01:42:12.875 E/ActivityThread( 9219): Failed to find provider info for com.excean.gspace.b64.staticslioprovider
06-15 01:42:13.896 E/ActivityThread( 9219): Failed to find provider info for com.excean.gspace.b64.staticslioprovider
06-15 01:42:13.899 E/ActivityThread( 9219): Failed to find provider info for com.excean.gspace.b64.staticslioprovider
06-15 01:42:13.901 E/ActivityThread( 9219): Failed to find provider info for com.excean.gspace.b64.staticslioprovider
06-15 01:42:13.902 E/ActivityThread( 9219): Failed to find provider info for com.excean.gspace.b64.staticslioprovider
06-15 01:42:13.904 E/ActivityThread( 9219): Failed to find provider info for com.excean.gspace.b64.staticslioprovider
06-15 01:42:13.906 E/ActivityThread( 9219): Failed to find provider info for com.excean.gspace.b64.staticslioprovider
06-15 01:42:13.907 E/ActivityThread( 9219): Failed to find provider info for com.excean.gspace.b64.staticslioprovider
06-15 01:42:14.473 I/chatty  ( 1685): uid=1000(system) android.display expire 9 lines
06-15 01:42:14.477 I/chatty  ( 1685): uid=1000(system) Binder:1685_1 expire 1 line
06-15 01:42:14.536 I/chatty  ( 1685): uid=1000(system) Binder:1685_10 expire 1 line
06-15 01:42:16.871 E/ActivityThread( 9219): Failed to find provider info for com.excean.gspace.b64.staticslioprovider
06-15 01:42:16.877 E/ActivityThread( 9219): Failed to find provider info for com.excean.gspace.b64.staticslioprovider
06-15 01:42:21.877 E/ActivityThread( 9219): Failed to find provider info for com.excean.gspace.b64.staticslioprovider
06-15 01:42:21.879 E/ActivityThread( 9219): Failed to find provider info for com.excean.gspace.b64.staticslioprovider
06-15 01:42:21.880 E/ActivityThread( 9219): Failed to find provider info for com.excean.gspace.b64.staticslioprovider
06-15 01:42:21.881 E/ActivityThread( 9219): Failed to find provider info for com.excean.gspace.b64.staticslioprovider
06-15 01:42:21.882 E/ActivityThread( 9219): Failed to find provider info for com.excean.gspace.b64.staticslioprovider
06-15 01:42:21.882 E/ActivityThread( 9219): Failed to find provider info for com.excean.gspace.b64.staticslioprovider
06-15 01:42:22.004 E/ActivityThread( 9219): Failed to find provider info for com.excean.gspace.b64.staticslioprovider
06-15 01:42:22.010 E/ActivityThread( 9219): Failed to find provider info for com.excean.gspace.b64.staticslioprovider
06-15 01:42:22.180 I/chatty  ( 1685): uid=1000(system) AlarmManager expire 2 lines
06-15 01:42:22.330 E/ActivityThread( 9219): Failed to find provider info for com.excean.gspace.b64.staticslioprovider
06-15 01:42:22.334 E/ActivityThread( 9219): Failed to find provider info for com.excean.gspace.b64.staticslioprovider
06-15 01:42:22.430 E/ActivityThread( 9219): Failed to find provider info for com.excean.gspace.b64.staticslioprovider
06-15 01:42:22.431 E/ActivityThread( 9219): Failed to find provider info for com.excean.gspace.b64.staticslioprovider
06-15 01:42:22.548 W/ActivityThread( 9814): Content provider com.google.android.gsf.gservices.GservicesProvider already published as com.google.android.gsf.gservices
06-15 01:42:22.865 E/ActivityThread( 9219): Failed to find provider info for com.excean.gspace.b64.staticslioprovider
06-15 01:42:22.869 E/ActivityThread( 9219): Failed to find provider info for com.excean.gspace.b64.staticslioprovider
06-15 01:42:23.461 E/ActivityThread( 9219): Failed to find provider info for com.excean.gspace.b64.staticslioprovider
06-15 01:42:23.465 E/ActivityThread( 9219): Failed to find provider info for com.excean.gspace.b64.staticslioprovider
06-15 01:42:24.626 E/ActivityThread( 9219): Failed to find provider info for com.excean.gspace.b64.staticslioprovider
06-15 01:42:24.630 E/ActivityThread( 9219): Failed to find provider info for com.excean.gspace.b64.staticslioprovider
06-15 01:42:26.551 E/ActivityThread( 9219): Failed to find provider info for com.excean.gspace.b64.staticslioprovider
06-15 01:42:26.553 E/ActivityThread( 9219): Failed to find provider info for com.excean.gspace.b64.staticslioprovider
06-15 01:42:26.867 E/ActivityThread( 9219): Failed to find provider info for com.excean.gspace.b64.staticslioprovider
06-15 01:42:26.874 E/ActivityThread( 9219): Failed to find provider info for com.excean.gspace.b64.staticslioprovider
06-15 01:42:27.006 E/ActivityThread( 9219): Failed to find provider info for com.excean.gspace.b64.staticslioprovider
06-15 01:42:27.012 E/ActivityThread( 9219): Failed to find provider info for com.excean.gspace.b64.staticslioprovider
06-15 01:42:27.014 E/ActivityThread( 9219): Failed to find provider info for com.excean.gspace.b64.staticslioprovider
06-15 01:42:27.018 E/ActivityThread( 9219): Failed to find provider info for com.excean.gspace.b64.staticslioprovider
06-15 01:42:27.021 E/ActivityThread( 9219): Failed to find provider info for com.excean.gspace.b64.staticslioprovider
06-15 01:42:27.022 E/ActivityThread( 9219): Failed to find provider info for com.excean.gspace.b64.staticslioprovider
06-15 01:42:27.024 E/ActivityThread( 9219): Failed to find provider info for com.excean.gspace.b64.staticslioprovider
06-15 01:42:30.552 E/ActivityThread( 9219): Failed to find provider info for com.excean.gspace.b64.staticslioprovider
06-15 01:42:30.555 E/ActivityThread( 9219): Failed to find provider info for com.excean.gspace.b64.staticslioprovider
06-15 01:42:30.864 E/ActivityThread( 9219): Failed to find provider info for com.excean.gspace.b64.staticslioprovider
06-15 01:42:30.866 E/ActivityThread( 9219): Failed to find provider info for com.excean.gspace.b64.staticslioprovider
06-15 01:42:31.835 E/ActivityThread( 9219): Failed to find provider info for com.excean.gspace.b64.staticslioprovider
06-15 01:42:31.839 E/ActivityThread( 9219): Failed to find provider info for com.excean.gspace.b64.staticslioprovider
06-15 01:42:32.823 E/ActivityThread( 9219): Failed to find provider info for com.excean.gspace.b64.staticslioprovider
06-15 01:42:32.827 E/ActivityThread( 9219): Failed to find provider info for com.excean.gspace.b64.staticslioprovider
06-15 01:42:32.830 E/ActivityThread( 9219): Failed to find provider info for com.excean.gspace.b64.staticslioprovider
06-15 01:42:32.834 E/ActivityThread( 9219): Failed to find provider info for com.excean.gspace.b64.staticslioprovider
06-15 01:42:32.889 E/ActivityThread( 9219): Failed to find provider info for com.excean.gspace.b64.staticslioprovider
06-15 01:42:32.895 E/ActivityThread( 9219): Failed to find provider info for com.excean.gspace.b64.staticslioprovider
06-15 01:42:34.540 D/ActivityThread(10790): Loading provider com.google.android.finsky.FileProvider: android.support.v4.content.FileProvider
06-15 01:42:34.561 E/ActivityThread( 9219): Failed to find provider info for com.excean.gspace.b64.staticslioprovider
06-15 01:42:34.563 D/ActivityThread(10790): Loading provider com.android.vending.addtohomescreen: com.google.android.finsky.addtohomescreen.AddToHomeScreenSettingProvider
06-15 01:42:34.568 D/ActivityThread(10790): Loading provider com.google.android.finsky.RecentSuggestionsProvider: com.google.android.finsky.search.RecentSuggestionsProvider
06-15 01:42:34.572 E/ActivityThread( 9219): Failed to find provider info for com.excean.gspace.b64.staticslioprovider
06-15 01:42:34.579 D/ActivityThread(10790): Loading provider com.google.android.finsky.verifier: com.google.android.finsky.verifier.impl.VerifyAppsContentProvider
06-15 01:42:34.842 I/chatty  ( 1685): uid=1000(system) Binder:1685_1C expire 3 lines
06-15 01:42:34.872 E/ActivityThread( 9219): Failed to find provider info for com.excean.gspace.b64.staticslioprovider
06-15 01:42:34.875 E/ActivityThread( 9219): Failed to find provider info for com.excean.gspace.b64.staticslioprovider
06-15 01:42:35.558 E/ActivityThread( 9219): Failed to find provider info for com.excean.gspace.b64.staticslioprovider
06-15 01:42:35.560 E/ActivityThread( 9219): Failed to find provider info for com.excean.gspace.b64.staticslioprovider
06-15 01:42:35.562 E/ActivityThread( 9219): Failed to find provider info for com.excean.gspace.b64.staticslioprovider
06-15 01:42:35.563 E/ActivityThread( 9219): Failed to find provider info for com.excean.gspace.b64.staticslioprovider
06-15 01:42:35.564 E/ActivityThread( 9219): Failed to find provider info for com.excean.gspace.b64.staticslioprovider
06-15 01:42:35.565 E/ActivityThread( 9219): Failed to find provider info for com.excean.gspace.b64.staticslioprovider
06-15 01:42:35.625 D/ActivityThread(10820): Loading provider com.google.android.gsf.gservices: com.google.android.gsf.gservices.GservicesProvider
06-15 01:42:35.736 D/ActivityThread(10820): Loading provider com.google.settings: com.google.android.gsf.settings.GoogleSettingsProvider
06-15 01:42:35.742 D/ActivityThread(10820): Loading provider subscribedfeeds: com.google.android.gsf.subscribedfeeds.SubscribedFeedsProvider
06-15 01:42:36.252 W/ActivityThread( 9802): Content provider com.google.android.gsf.gservices.GservicesProvider already published as com.google.android.gsf.gservices
06-15 01:42:38.555 E/ActivityThread( 9219): Failed to find provider info for com.excean.gspace.b64.staticslioprovider
06-15 01:42:38.560 E/ActivityThread( 9219): Failed to find provider info for com.excean.gspace.b64.staticslioprovider
06-15 01:42:38.674 I/chatty  ( 1685): uid=1000(system) Binder:1685_16 expire 10 lines
06-15 01:42:38.866 E/ActivityThread( 9219): Failed to find provider info for com.excean.gspace.b64.staticslioprovider
06-15 01:42:38.868 E/ActivityThread( 9219): Failed to find provider info for com.excean.gspace.b64.staticslioprovider
06-15 01:42:38.874 D/ActivityThread(10891): Loading provider downloads: com.android.providers.downloads.DownloadProvider
06-15 01:42:42.088 D/ActivityThread(10960): Loading provider com.google.android.gms.lifecycle-trojan: android.arch.lifecycle.ProcessLifecycleOwnerInitializer
06-15 01:42:42.091 D/ActivityThread(10960): Loading provider com.google.android.gms.fitness.fileprovider: android.support.v4.content.FileProvider
06-15 01:42:42.098 D/ActivityThread(10960): Loading provider com.google.android.gms.ads.adinfo: com.google.android.gms.ads.adinfo.AdvertisingInfoContentProvider
06-15 01:42:42.100 D/ActivityThread(10960): Loading provider com.google.android.gms.appstate: com.google.android.gms.appstate.provider.AppStateContentProvider
06-15 01:42:42.100 D/ActivityThread(10960): Loading provider com.google.android.gms.auth.api.credentials.be.persistence.TemporaryValueProvider: com.google.android.gms.auth.api.credentials.be.persistence.TemporaryValueProvider
06-15 01:42:42.100 D/ActivityThread(10960): Loading provider com.google.android.gms.auth.api.credentials: com.google.android.gms.auth.api.credentials.sync.CredentialContentProvider
06-15 01:42:42.101 D/ActivityThread(10960): Loading provider com.google.android.gms.autofill: com.google.android.gms.autofill.content.AutofillContentProvider
06-15 01:42:42.101 D/ActivityThread(10960): Loading provider com.google.android.gms.car.fileprovider: com.google.android.gms.car.CarFileProvider
06-15 01:42:42.107 D/ActivityThread(10960): Loading provider com.google.android.gms.chromesync: com.google.android.gms.chromesync.sync.SyncContentProvider
06-15 01:42:42.108 D/ActivityThread(10960): Loading provider com.google.android.gms.download: com.google.android.gms.common.download.provider.DownloadsProvider
06-15 01:42:42.108 D/ActivityThread(10960): Loading provider com.google.android.gms.common.stats.net.contentprovider: com.google.android.gms.common.stats.net.contentprovider.NetworkUsageContentProvider
06-15 01:42:42.108 D/ActivityThread(10960): Loading provider com.google.android.gms.drive.sync: com.google.android.gms.drive.metadata.sync.syncadapter.StubContentProvider
06-15 01:42:42.109 D/ActivityThread(10960): Loading provider com.google.android.gms.fonts: com.google.android.gms.fonts.provider.FontsProvider
06-15 01:42:42.109 D/ActivityThread(10960): Loading provider com.google.android.gms.games.background: com.google.android.gms.games.chimera.GamesContentProviderProxy
06-15 01:42:42.109 D/ActivityThread(10960): Loading provider com.google.android.gms.icing.indexapi: com.google.android.gms.icing.indexapi.IndexApiContentProvider
06-15 01:42:42.109 D/ActivityThread(10960): Loading provider com.google.android.gms.icing.proxy.apps: com.google.android.gms.icing.proxy.AppsContentProvider
06-15 01:42:42.109 D/ActivityThread(10960): Loading provider com.google.android.gms.icing.proxy: com.google.android.gms.icing.proxy.InternalIcingCorporaProvider
06-15 01:42:42.109 D/ActivityThread(10960): Loading provider com.google.android.gms.icing.proxy.sms: com.google.android.gms.icing.proxy.SmsContentProvider
06-15 01:42:42.110 D/ActivityThread(10960): Loading provider com.google.android.gms.matchstick.appdataprovider: com.google.android.gms.matchstick.data.AppDataProvider
06-15 01:42:42.110 D/ActivityThread(10960): Loading provider com.google.android.gms.matchstick.dataprovider: com.google.android.gms.matchstick.data.DatabaseProvider
06-15 01:42:42.110 D/ActivityThread(10960): Loading provider com.google.android.gms.people.profile.fileprovider: com.google.android.gms.people.profile.AvatarFileProvider
06-15 01:42:42.110 D/ActivityThread(10960): Loading provider com.google.android.gms.people: com.google.android.gms.people.service.PeopleContentProvider
06-15 01:42:42.110 D/ActivityThread(10960): Loading provider com.google.android.gms.people.gal.provider: com.google.android.gms.people.service.PeopleGalProvider
06-15 01:42:42.110 D/ActivityThread(10960): Loading provider com.google.android.gms.plus;com.google.android.gms.plus.action: com.google.android.gms.plus.provider.PlusProvider
06-15 01:42:42.111 D/ActivityThread(10960): Loading provider com.google.android.gms.reminders: com.google.android.gms.reminders.provider.RemindersProvider
06-15 01:42:42.111 D/ActivityThread(10960): Loading provider com.google.android.gms.subscribedfeeds: com.google.android.gms.subscribedfeeds.GmsSubscribedFeedsProvider
06-15 01:42:42.111 D/ActivityThread(10960): Loading provider com.google.android.gms.thunderbird.config: com.google.android.gms.thunderbird.config.EmergencyConfigContentProvider
06-15 01:42:42.111 D/ActivityThread(10960): Loading provider com.google.android.gms.wallet.fileprovider: com.google.android.gms.wallet.provider.WalletFileProvider
06-15 01:42:42.118 D/ActivityThread(10960): Loading provider com.google.android.gms.wallet: com.google.android.gms.wallet.setupwizard.PaymentsSetupWizardSuggestionStateProvider
06-15 01:42:42.118 D/ActivityThread(10960): Loading provider com.google.android.libraries.matchstick.provider.fileprovider: com.google.android.libraries.matchstick.provider.MatchstickFileProvider
06-15 01:42:42.126 D/ActivityThread(10960): Loading provider com.google.android.gms.photos.iu.EsGoogleIuProvider: com.google.android.libraries.social.autobackup.AutoBackupProvider
06-15 01:42:42.127 D/ActivityThread(10960): Loading provider com.google.android.location.internal.server.fileprovider: com.google.android.location.internal.server.HistorianFileProvider
06-15 01:42:42.439 D/ActivityThread(10980): Loading provider com.google.android.gms.auth.accountstate: com.google.android.gms.auth.account.be.accountstate.AccountStateContentProvider
06-15 01:42:42.441 D/ActivityThread(10980): Loading provider com.google.android.gms.auth.confirm: com.google.android.gms.auth.account.be.accountstate.CredentialStateContentProvider
06-15 01:42:42.441 D/ActivityThread(10980): Loading provider com.google.android.gms.auth.accounts: com.google.android.gms.auth.account.be.legacy.AccountContentProvider
06-15 01:42:42.442 D/ActivityThread(10980): Loading provider com.google.android.chimera;com.google.android.gms.chimera: com.google.android.gms.chimera.container.GmsModuleProvider
06-15 01:42:42.450 D/ActivityThread(10980): Loading provider com.google.android.gms.fitness: com.google.android.gms.fitness.sync.FitnessContentProvider
06-15 01:42:42.451 D/ActivityThread(10980): Loading provider com.google.android.gms.instantapps.provider.api: com.google.android.gms.instantapps.routing.InstantAppsContentProvider
06-15 01:42:42.451 D/ActivityThread(10980): Loading provider com.google.android.gms.phenotype: com.google.android.gms.phenotype.provider.ConfigurationProvider
06-15 01:42:42.452 D/ActivityThread(10980): Loading provider com.google.android.gms.security.provider: com.google.android.gms.security.provider.SecurityProvider
06-15 01:42:42.452 D/ActivityThread(10980): Loading provider com.google.android.gms.trustagent.framework.model.be.provider: com.google.android.gms.trustagent.framework.model.be.ModelContentProvider
06-15 01:42:42.452 D/ActivityThread(10980): Loading provider com.google.android.location.internal: com.google.android.location.internal.LocationContentProvider
06-15 01:42:42.452 D/ActivityThread(10980): Loading provider com.google.android.location.reporting: com.google.android.location.reporting.service.utils.ReportingContentProvider
06-15 01:42:42.585 E/ActivityThread( 9219): Failed to find provider info for com.excean.gspace.b64.staticslioprovider
06-15 01:42:42.589 E/ActivityThread( 9219): Failed to find provider info for com.excean.gspace.b64.staticslioprovider
06-15 01:42:43.555 E/ActivityThread( 9219): Failed to find provider info for com.excean.gspace.b64.staticslioprovider
06-15 01:42:43.559 E/ActivityThread( 9219): Failed to find provider info for com.excean.gspace.b64.staticslioprovider
06-15 01:42:43.563 E/ActivityThread( 9219): Failed to find provider info for com.excean.gspace.b64.staticslioprovider
06-15 01:42:43.564 E/ActivityThread( 9219): Failed to find provider info for com.excean.gspace.b64.staticslioprovider
06-15 01:42:43.566 E/ActivityThread( 9219): Failed to find provider info for com.excean.gspace.b64.staticslioprovider
06-15 01:42:43.567 E/ActivityThread( 9219): Failed to find provider info for com.excean.gspace.b64.staticslioprovider
06-15 01:42:43.568 E/ActivityThread( 9219): Failed to find provider info for com.excean.gspace.b64.staticslioprovider
06-15 01:42:46.207 W/ActivityThread(10980): Content provider com.google.android.gsf.gservices.GservicesProvider already published as com.google.android.gsf.gservices
06-15 01:42:46.253 W/ActivityThread(10980): Content provider com.google.android.gsf.gservices.GservicesProvider already published as com.google.android.gsf.gservices
06-15 01:42:46.282 W/ActivityThread(10980): Content provider com.google.android.gsf.gservices.GservicesProvider already published as com.google.android.gsf.gservices
06-15 01:42:46.355 W/ActivityThread(10980): Content provider com.google.android.gsf.gservices.GservicesProvider already published as com.google.android.gsf.gservices
06-15 01:42:46.443 W/ActivityThread(10980): Content provider com.google.android.gsf.gservices.GservicesProvider already published as com.google.android.gsf.gservices
06-15 01:42:48.521 I/chatty  ( 1685): uid=1000(system) Binder:1685_20 expire 8 lines
06-15 01:42:48.556 I/chatty  ( 1685): uid=1000(system) android.display expire 25 lines
06-15 01:42:48.577 E/ActivityThread( 9219): Failed to find provider info for com.excean.gspace.b64.staticslioprovider
06-15 01:42:48.578 E/ActivityThread( 9219): Failed to find provider info for com.excean.gspace.b64.staticslioprovider
06-15 01:42:48.582 E/ActivityThread( 9219): Failed to find provider info for com.excean.gspace.b64.staticslioprovider
06-15 01:42:48.587 E/ActivityThread( 9219): Failed to find provider info for com.excean.gspace.b64.staticslioprovider
06-15 01:42:48.593 E/ActivityThread( 9219): Failed to find provider info for com.excean.gspace.b64.staticslioprovider
06-15 01:42:48.603 E/ActivityThread( 9219): Failed to find provider info for com.excean.gspace.b64.staticslioprovider
06-15 01:42:48.961 I/chatty  ( 1685): uid=1000(system) Binder:1685_8 expire 7 lines
06-15 01:42:49.121 I/chatty  ( 1685): uid=1000(system) Binder:1685_1E expire 8 lines
06-15 01:42:49.188 I/chatty  ( 1685): uid=1000(system) Binder:1685_15 expire 3 lines
06-15 01:42:49.189 I/chatty  ( 1685): uid=1000(system) Binder:1685_4 expire 5 lines
06-15 01:42:49.213 I/chatty  ( 1685): uid=1000(system) Binder:1685_D expire 8 lines
06-15 01:42:49.239 I/chatty  ( 1685): uid=1000(system) Binder:1685_14 expire 1 line
06-15 01:42:49.245 W/ActivityThread(11118): Content provider com.google.android.gsf.gservices.GservicesProvider already published as com.google.android.gsf.gservices
06-15 01:42:49.447 I/chatty  ( 1685): uid=1000(system) android.io expire 2 lines
06-15 01:42:49.664 I/chatty  ( 1685): uid=1000(system) Binder:1685_A expire 3 lines
06-15 01:42:50.381 W/ActivityThread(10980): Content provider com.google.android.gsf.gservices.GservicesProvider already published as com.google.android.gsf.gservices
06-15 01:42:50.546 W/ActivityThread(10980): Content provider com.google.android.gsf.gservices.GservicesProvider already published as com.google.android.gsf.gservices
06-15 01:42:50.570 W/ActivityThread(10980): Content provider com.google.android.gsf.gservices.GservicesProvider already published as com.google.android.gsf.gservices
06-15 01:42:50.674 W/ActivityThread(10980): Content provider com.google.android.gsf.gservices.GservicesProvider already published as com.google.android.gsf.gservices
06-15 01:42:52.592 W/ActivityThread(10960): Content provider com.google.android.gsf.gservices.GservicesProvider already published as com.google.android.gsf.gservices
06-15 01:42:52.626 I/chatty  ( 1685): uid=1000(system) Binder:1685_B expire 2 lines
06-15 01:42:52.628 I/chatty  ( 1685): uid=1000(system) BroadcastQueue expire 6 lines
06-15 01:42:52.640 I/chatty  ( 1685): uid=1000(system) Binder:1685_13 expire 3 lines
06-15 01:42:53.619 E/ActivityThread( 9219): Failed to find provider info for com.excean.gspace.b64.staticslioprovider
06-15 01:42:53.620 E/ActivityThread( 9219): Failed to find provider info for com.excean.gspace.b64.staticslioprovider
06-15 01:42:53.621 E/ActivityThread( 9219): Failed to find provider info for com.excean.gspace.b64.staticslioprovider
06-15 01:42:53.623 E/ActivityThread( 9219): Failed to find provider info for com.excean.gspace.b64.staticslioprovider
06-15 01:42:53.626 E/ActivityThread( 9219): Failed to find provider info for com.excean.gspace.b64.staticslioprovider
06-15 01:42:53.627 E/ActivityThread( 9219): Failed to find provider info for com.excean.gspace.b64.staticslioprovider
06-15 01:42:53.628 E/ActivityThread( 9219): Failed to find provider info for com.excean.gspace.b64.staticslioprovider
06-15 01:42:54.812 I/chatty  ( 1685): uid=1000(system) Binder:1685_5 expire 6 lines
06-15 01:42:56.820 W/ActivityThread(10960): Content provider com.google.android.gsf.gservices.GservicesProvider already published as com.google.android.gsf.gservices
06-15 01:42:57.786 W/ActivityThread(10960): Content provider com.google.android.gsf.gservices.GservicesProvider already published as com.google.android.gsf.gservices
06-15 01:42:58.098 W/ActivityThread(10960): Content provider com.google.android.gsf.gservices.GservicesProvider already published as com.google.android.gsf.gservices
06-15 01:42:58.203 I/chatty  ( 1685): uid=1000(system) AlarmManager expire 1 line
06-15 01:42:58.215 I/chatty  ( 1685): uid=1000(system) Binder:1685_F expire 1 line
06-15 01:42:58.287 W/ActivityThread(10960): Content provider com.google.android.gms.phenotype.provider.ConfigurationProvider already published as com.google.android.gms.phenotype
06-15 01:42:58.570 I/chatty  ( 1685): uid=1000(system) Binder:1685_C expire 6 lines
06-15 01:42:58.634 W/ActivityThread(10960): Content provider com.google.android.gsf.gservices.GservicesProvider already published as com.google.android.gsf.gservices
06-15 01:42:58.643 I/chatty  ( 1685): uid=1000(system) Binder:1685_12 expire 10 lines
06-15 01:43:01.217 I/chatty  ( 1685): uid=1000(system) Binder:1685_9 expire 4 lines
06-15 01:43:01.310 I/chatty  ( 1685): uid=1000(system) Binder:1685_18 expire 8 lines
06-15 01:43:02.173 I/chatty  ( 1685): uid=1000(system) ActivityManager expire 1 line
06-15 01:43:02.175 I/chatty  ( 1685): uid=1000(system) Binder:1685_6 expire 3 lines
06-15 01:43:02.233 I/chatty  ( 1685): uid=1000 system_server expire 1 line
06-15 01:43:08.681 I/chatty  ( 1685): uid=1000(system) Binder:1685_7 expire 8 lines
06-15 01:43:08.738 I/chatty  ( 1685): uid=1000(system) Binder:1685_17 expire 5 lines
06-15 01:43:18.749 I/chatty  ( 1685): uid=1000(system) Binder:1685_3 expire 8 lines
06-15 01:43:18.827 I/chatty  ( 1685): uid=1000(system) Binder:1685_1 expire 11 lines
06-15 01:43:20.171 W/ActivityThread(10960): Content provider com.google.android.gsf.gservices.GservicesProvider already published as com.google.android.gsf.gservices
06-15 01:43:20.192 W/ActivityThread(10960): Content provider com.google.android.gsf.gservices.GservicesProvider already published as com.google.android.gsf.gservices
06-15 01:43:21.066 W/ActivityThread(10960): Content provider com.google.android.gsf.gservices.GservicesProvider already published as com.google.android.gsf.gservices
06-15 01:43:21.105 W/ActivityThread(10960): Content provider com.google.android.gsf.gservices.GservicesProvider already published as com.google.android.gsf.gservices
06-15 01:43:21.197 W/ActivityThread(10960): Content provider com.google.android.gsf.gservices.GservicesProvider already published as com.google.android.gsf.gservices
06-15 01:43:22.249 W/ActivityThread( 9814): Content provider com.google.android.gsf.gservices.GservicesProvider already published as com.google.android.gsf.gservices
06-15 01:43:22.458 I/chatty  ( 1685): uid=1000(system) Binder:1685_10 expire 4 lines
06-15 01:43:22.692 I/chatty  ( 1685): uid=1000(system) Binder:1685_19 expire 7 lines
06-15 01:43:22.835 E/ActivityThread(10980): Failed to find provider info for com.google.android.gms.common.phenotype
06-15 01:43:22.841 W/ActivityThread(11118): Content provider com.google.android.gsf.gservices.GservicesProvider already published as com.google.android.gsf.gservices
06-15 01:43:24.277 I/chatty  ( 1685): uid=1000(system) Binder:1685_1C expire 7 lines
06-15 01:43:24.323 I/chatty  ( 1685): uid=1000(system) Binder:1685_1D expire 5 lines
06-15 01:43:24.340 I/chatty  ( 1685): uid=1000(system) Binder:1685_2 expire 2 lines
06-15 01:43:24.353 I/chatty  ( 1685): uid=1000(system) Binder:1685_1F expire 3 lines
06-15 01:43:24.481 I/chatty  ( 1685): uid=1000(system) Binder:1685_11 expire 5 lines
06-15 01:43:24.580 I/chatty  ( 1685): uid=1000(system) Binder:1685_1A expire 3 lines
06-15 01:43:25.248 I/chatty  ( 1685): uid=1000(system) Binder:1685_E expire 7 lines
06-15 01:43:25.354 I/chatty  ( 1685): uid=1000(system) Binder:1685_16 expire 6 lines
06-15 01:43:25.363 I/chatty  ( 1685): uid=1000(system) Binder:1685_12 expire 10 lines
06-15 01:43:25.403 I/chatty  ( 1685): uid=1000(system) Binder:1685_4 expire 7 lines
06-15 01:43:25.431 I/chatty  ( 1685): uid=1000(system) Binder:1685_1F expire 11 lines
06-15 01:43:25.439 I/chatty  ( 1685): uid=1000(system) Binder:1685_13 expire 5 lines
06-15 01:43:25.491 I/chatty  ( 1685): uid=1000(system) Binder:1685_10 expire 5 lines
06-15 01:43:25.495 I/chatty  ( 1685): uid=1000(system) Binder:1685_5 expire 4 lines
06-15 01:43:25.503 I/chatty  ( 1685): uid=1000(system) Binder:1685_9 expire 4 lines
06-15 01:43:25.512 I/chatty  ( 1685): uid=1000(system) Binder:1685_A expire 13 lines
06-15 01:43:25.522 I/chatty  ( 1685): uid=1000(system) Binder:1685_C expire 7 lines
06-15 01:43:25.549 I/chatty  ( 1685): uid=1000(system) Binder:1685_8 expire 6 lines
06-15 01:43:25.553 I/chatty  ( 1685): uid=1000(system) Binder:1685_1B expire 8 lines
06-15 01:43:25.587 I/chatty  ( 1685): uid=1000(system) Binder:1685_2 expire 8 lines
06-15 01:43:25.603 I/chatty  ( 1685): uid=1000(system) Binder:1685_19 expire 9 lines
06-15 01:43:25.616 I/chatty  ( 1685): uid=1000(system) Binder:1685_17 expire 8 lines
06-15 01:43:25.632 I/chatty  ( 1685): uid=1000(system) Binder:1685_15 expire 8 lines
06-15 01:43:25.637 I/chatty  ( 1685): uid=1000(system) Binder:1685_1E expire 3 lines
06-15 01:43:25.694 I/chatty  ( 1685): uid=1000(system) Binder:1685_20 expire 9 lines
06-15 01:43:25.700 I/chatty  ( 1685): uid=1000(system) Binder:1685_3 expire 5 lines
06-15 01:43:25.751 I/chatty  ( 1685): uid=1000(system) Binder:1685_D expire 7 lines
06-15 01:43:25.789 I/chatty  ( 1685): uid=1000(system) Binder:1685_1A expire 7 lines
06-15 01:43:25.828 I/chatty  ( 1685): uid=1000(system) Binder:1685_11 expire 14 lines
06-15 01:43:25.905 I/chatty  ( 1685): uid=1000(system) Binder:1685_7 expire 4 lines
06-15 01:43:25.964 I/chatty  ( 1685): uid=1000(system) Binder:1685_1D expire 4 lines
06-15 01:43:25.979 I/chatty  ( 1685): uid=1000(system) Binder:1685_18 expire 10 lines
06-15 01:43:26.197 I/chatty  ( 1685): uid=1000(system) Binder:1685_1 expire 6 lines
06-15 01:43:26.254 I/chatty  ( 1685): uid=1000(system) Binder:1685_1C expire 5 lines
06-15 01:43:28.858 I/chatty  ( 1685): uid=1000(system) android.display expire 7 lines
06-15 01:43:28.931 I/chatty  ( 1685): uid=1000(system) Binder:1685_14 expire 9 lines
06-15 01:43:32.288 I/chatty  ( 1685): uid=1000(system) Binder:1685_16 expire 6 lines
06-15 01:43:32.317 I/chatty  ( 1685): uid=1000(system) Binder:1685_C expire 9 lines
06-15 01:43:32.999 I/chatty  ( 1685): uid=1000(system) Binder:1685_3 expire 4 lines
06-15 01:43:33.140 I/chatty  ( 1685): uid=1000(system) Binder:1685_17 expire 5 lines
06-15 01:43:33.428 I/chatty  ( 1685): uid=1000(system) Binder:1685_20 expire 5 lines
06-15 01:43:33.491 I/chatty  ( 1685): uid=1000(system) Binder:1685_19 expire 3 lines
06-15 01:43:33.509 I/chatty  ( 1685): uid=1000(system) Binder:1685_13 expire 8 lines
06-15 01:43:33.530 I/chatty  ( 1685): uid=1000(system) Binder:1685_5 expire 3 lines
06-15 01:43:33.539 I/chatty  ( 1685): uid=1000(system) Binder:1685_7 expire 8 lines
06-15 01:43:33.771 I/chatty  ( 1685): uid=1000(system) Binder:1685_12 expire 3 lines
06-15 01:43:33.777 I/chatty  ( 1685): uid=1000(system) Binder:1685_A expire 3 lines
06-15 01:43:34.071 I/chatty  ( 1685): uid=1000(system) Binder:1685_B expire 3 lines
06-15 01:43:34.079 I/chatty  ( 1685): uid=1000(system) Binder:1685_1B expire 11 lines
06-15 01:43:34.145 I/chatty  ( 1685): uid=1000(system) Binder:1685_9 expire 3 lines
06-15 01:43:34.181 I/chatty  ( 1685): uid=1000(system) Binder:1685_1D expire 8 lines
06-15 01:43:34.274 I/chatty  ( 1685): uid=1000(system) Binder:1685_8 expire 3 lines
06-15 01:43:34.323 I/chatty  ( 1685): uid=1000(system) Binder:1685_E expire 6 lines
06-15 01:43:34.663 I/chatty  ( 1685): uid=1000(system) Binder:1685_18 expire 4 lines
06-15 01:43:34.730 I/chatty  ( 1685): uid=1000(system) Binder:1685_1A expire 3 lines
06-15 01:43:34.819 I/chatty  ( 1685): uid=1000(system) Binder:1685_10 expire 5 lines
06-15 01:43:35.314 I/chatty  ( 1685): uid=1000(system) Binder:1685_11 expire 7 lines
06-15 01:43:35.369 I/chatty  ( 1685): uid=1000(system) Binder:1685_15 expire 8 lines
06-15 01:43:35.633 I/chatty  ( 1685): uid=1000(system) Binder:1685_2 expire 4 lines
06-15 01:43:35.770 I/chatty  ( 1685): uid=1000(system) Binder:1685_1 expire 8 lines
06-15 01:43:35.992 I/chatty  ( 1685): uid=1000(system) Binder:1685_D expire 2 lines
06-15 01:43:36.443 I/chatty  ( 1685): uid=1000(system) Binder:1685_1C expire 5 lines
06-15 01:43:37.775 I/chatty  ( 1685): uid=1000(system) Binder:1685_F expire 2 lines
06-15 01:43:38.931 I/chatty  ( 1685): uid=1000(system) android.display expire 42 lines
06-15 01:43:38.993 I/chatty  ( 1685): uid=1000(system) Binder:1685_1F expire 6 lines
06-15 01:43:41.560 I/chatty  ( 1685): uid=1000(system) batterystats-sy expire 2 lines
06-15 01:43:47.174 I/chatty  ( 1685): uid=1000 system_server expire 2 lines
06-15 01:43:47.254 I/chatty  ( 1685): uid=1000(system) BroadcastQueue expire 5 lines
06-15 01:43:47.768 E/ActivityThread(11803): Failed to find provider info for com.tencent.mm.coolassist.debugprovider
06-15 01:43:57.564 I/chatty  ( 1685): uid=1000(system) AlarmManager expire 2 lines
06-15 01:43:57.604 I/chatty  ( 1685): uid=1000(system) Binder:1685_4 expire 5 lines
06-15 01:43:57.619 I/chatty  ( 1685): uid=1000(system) Binder:1685_1E expire 2 lines
06-15 01:44:09.043 I/chatty  ( 1685): uid=1000(system) ActivityManager expire 1 line
06-15 01:44:31.154 E/ActivityThread(10891): Failed to find provider info for com.excelliance.demo:UserInfoProvider
06-15 01:44:31.169 E/ActivityThread(10891): Failed to find provider info for com.excelliance.demo:UserInfoProvider
06-15 01:44:39.446 I/chatty  ( 1685): uid=1000(system) android.display expire 8 lines
06-15 01:44:46.432 W/ActivityThread(10960): Content provider com.android.providers.downloads.DownloadProvider already published as downloads
06-15 01:44:49.538 I/chatty  ( 1685): uid=1000(system) Binder:1685_1B expire 3 lines
06-15 01:44:49.541 I/chatty  ( 1685): uid=1000(system) Binder:1685_6 expire 3 lines
06-15 01:44:49.542 I/chatty  ( 1685): uid=1000(system) Binder:1685_11 expire 2 lines
06-15 01:44:49.556 I/chatty  ( 1685): uid=1000(system) Binder:1685_8 expire 9 lines
06-15 01:44:49.585 I/chatty  ( 1685): uid=1000(system) android.display expire 13 lines
06-15 01:44:59.568 I/chatty  ( 1685): uid=1000(system) Binder:1685_1D expire 4 lines
06-15 01:44:59.597 I/chatty  ( 1685): uid=1000(system) Binder:1685_E expire 8 lines
06-15 01:44:59.637 I/chatty  ( 1685): uid=1000(system) Binder:1685_1E expire 4 lines
06-15 01:44:59.650 I/chatty  ( 1685): uid=1000(system) Binder:1685_2 expire 2 lines
