06-15 01:25:01.417 E/ActivityThread(32158): Failed to find provider info for com.excean.gspace.staticslioprovider
06-15 01:25:01.420 E/ActivityThread(32158): Failed to find provider info for com.excean.gspace.staticslioprovider
06-15 01:25:01.423 E/ActivityThread(32158): Failed to find provider info for com.excean.gspace.staticslioprovider
06-15 01:25:01.425 E/ActivityThread(32158): Failed to find provider info for com.excean.gspace.staticslioprovider
06-15 01:25:02.420 W/ActivityThread( 2675): Content provider com.google.android.gsf.gservices.GservicesProvider already published as com.google.android.gsf.gservices
06-15 01:25:02.528 I/chatty  ( 1685): uid=1000 system_server expire 1 line
06-15 01:25:04.496 I/chatty  ( 1685): uid=1000(system) Binder:1685_1 expire 1 line
06-15 01:25:04.861 I/chatty  ( 1685): uid=1000(system) Binder:1685_9 expire 1 line
06-15 01:25:05.223 I/chatty  ( 1685): uid=1000(system) Binder:1685_8 expire 1 line
06-15 01:25:05.363 W/ActivityThread( 2857): Content provider com.google.android.gsf.gservices.GservicesProvider already published as com.google.android.gsf.gservices
06-15 01:25:05.779 I/chatty  ( 1685): uid=1000(system) Binder:1685_7 expire 2 lines
06-15 01:25:05.897 I/chatty  ( 1685): uid=1000(system) ActivityManager expire 4 lines
06-15 01:25:06.441 E/ActivityThread(32158): Failed to find provider info for com.excean.gspace.staticslioprovider
06-15 01:25:06.448 E/ActivityThread(32158): Failed to find provider info for com.excean.gspace.staticslioprovider
06-15 01:25:06.462 E/ActivityThread(32158): Failed to find provider info for com.excean.gspace.staticslioprovider
06-15 01:25:06.463 E/ActivityThread(32158): Failed to find provider info for com.excean.gspace.staticslioprovider
06-15 01:25:06.464 E/ActivityThread(32158): Failed to find provider info for com.excean.gspace.staticslioprovider
06-15 01:25:06.467 E/ActivityThread(32158): Failed to find provider info for com.excean.gspace.staticslioprovider
06-15 01:25:07.139 I/chatty  ( 1685): uid=1000 system_server expire 1 line
06-15 01:25:07.544 W/ActivityThread( 2675): Content provider com.google.android.gsf.gservices.GservicesProvider already published as com.google.android.gsf.gservices
06-15 01:25:07.748 I/chatty  ( 1685): uid=1000(system) Binder:1685_6 expire 1 line
06-15 01:25:07.759 I/chatty  ( 1685): uid=1000(system) Binder:1685_16 expire 1 line
06-15 01:25:07.839 I/chatty  ( 1685): uid=1000(system) Binder:1685_19 expire 1 line
06-15 01:25:07.943 I/chatty  ( 1685): uid=1000(system) Binder:1685_1E expire 1 line
06-15 01:25:07.970 I/chatty  ( 1685): uid=1000(system) Binder:1685_7 expire 1 line
06-15 01:25:08.220 I/chatty  ( 1685): uid=1000(system) Binder:1685_12 expire 1 line
06-15 01:25:08.230 I/chatty  ( 1685): uid=1000(system) Binder:1685_1C expire 5 lines
06-15 01:25:08.360 I/chatty  ( 1685): uid=1000(system) Binder:1685_1B expire 1 line
06-15 01:25:08.378 I/chatty  ( 1685): uid=1000(system) android.display expire 2 lines
06-15 01:25:08.400 I/chatty  ( 1685): uid=1000(system) Binder:1685_1C expire 1 line
06-15 01:25:08.418 I/chatty  ( 1685): uid=1000(system) Binder:1685_1B expire 1 line
06-15 01:25:08.428 I/chatty  ( 1685): uid=1000(system) android.display expire 1 line
06-15 01:25:08.429 I/chatty  ( 1685): uid=1000(system) Binder:1685_6 expire 1 line
06-15 01:25:08.450 I/chatty  ( 1685): uid=1000(system) Binder:1685_3 expire 1 line
06-15 01:25:08.465 I/chatty  ( 1685): uid=1000(system) Binder:1685_18 expire 1 line
06-15 01:25:08.532 I/chatty  ( 1685): uid=1000(system) android.io expire 2 lines
06-15 01:25:09.069 I/chatty  ( 1685): uid=1000(system) Binder:1685_1 expire 1 line
06-15 01:25:09.392 I/chatty  ( 1685): uid=1000(system) Binder:1685_8 expire 3 lines
06-15 01:25:09.398 I/chatty  ( 1685): uid=1000(system) android.display expire 2 lines
06-15 01:25:09.400 I/chatty  ( 1685): uid=1000(system) Binder:1685_1D expire 1 line
06-15 01:25:09.421 I/chatty  ( 1685): uid=1000(system) Binder:1685_15 expire 1 line
06-15 01:25:09.425 I/chatty  ( 1685): uid=1000(system) Binder:1685_8 expire 1 line
06-15 01:25:09.766 I/chatty  ( 1685): uid=1000(system) android.display expire 1 line
06-15 01:25:10.212 I/chatty  ( 1685): uid=1000(system) Binder:1685_20 expire 1 line
06-15 01:25:10.502 W/ActivityThread( 2675): Content provider com.google.android.gsf.gservices.GservicesProvider already published as com.google.android.gsf.gservices
06-15 01:25:10.518 I/chatty  ( 1685): uid=1000(system) Binder:1685_18 expire 1 line
06-15 01:25:10.849 I/chatty  ( 1685): uid=1000(system) Binder:1685_6 expire 1 line
06-15 01:25:11.480 E/ActivityThread(32158): Failed to find provider info for com.excean.gspace.staticslioprovider
06-15 01:25:11.487 E/ActivityThread(32158): Failed to find provider info for com.excean.gspace.staticslioprovider
06-15 01:25:11.494 I/chatty  ( 1685): uid=1000(system) Binder:1685_19 expire 1 line
06-15 01:25:11.499 E/ActivityThread(32158): Failed to find provider info for com.excean.gspace.staticslioprovider
06-15 01:25:11.527 E/ActivityThread(32158): Failed to find provider info for com.excean.gspace.staticslioprovider
06-15 01:25:11.534 E/ActivityThread(32158): Failed to find provider info for com.excean.gspace.staticslioprovider
06-15 01:25:11.536 E/ActivityThread(32158): Failed to find provider info for com.excean.gspace.staticslioprovider
06-15 01:25:11.537 E/ActivityThread(32158): Failed to find provider info for com.excean.gspace.staticslioprovider
06-15 01:25:12.181 W/ActivityThread( 2647): Content provider com.google.android.gsf.gservices.GservicesProvider already published as com.google.android.gsf.gservices
06-15 01:25:12.584 W/ActivityThread( 2675): Content provider com.google.android.gsf.gservices.GservicesProvider already published as com.google.android.gsf.gservices
06-15 01:25:12.931 I/chatty  ( 1685): uid=1000(system) Binder:1685_10 expire 1 line
06-15 01:25:12.933 I/chatty  ( 1685): uid=1000(system) BroadcastQueue expire 6 lines
06-15 01:25:13.135 W/ActivityThread( 2647): Content provider com.google.android.gsf.gservices.GservicesProvider already published as com.google.android.gsf.gservices
06-15 01:25:13.526 I/chatty  ( 1685): uid=1000(system) Binder:1685_13 expire 1 line
06-15 01:25:13.840 I/chatty  ( 1685): uid=1000(system) Binder:1685_14 expire 1 line
06-15 01:25:13.848 I/chatty  ( 1685): uid=1000(system) Binder:1685_4 expire 1 line
06-15 01:25:13.901 I/chatty  ( 1685): uid=1000(system) Binder:1685_E expire 1 line
06-15 01:25:13.907 I/chatty  ( 1685): uid=1000(system) Binder:1685_9 expire 1 line
06-15 01:25:13.965 I/chatty  ( 1685): uid=1000(system) Binder:1685_1F expire 1 line
06-15 01:25:13.978 I/chatty  ( 1685): uid=1000(system) Binder:1685_C expire 1 line
06-15 01:25:14.003 I/chatty  ( 1685): uid=1000(system) Binder:1685_A expire 1 line
06-15 01:25:14.009 I/chatty  ( 1685): uid=1000(system) Binder:1685_12 expire 7 lines
06-15 01:25:14.016 W/ActivityThread( 2647): Content provider com.google.android.gsf.gservices.GservicesProvider already published as com.google.android.gsf.gservices
06-15 01:25:14.029 W/ActivityThread( 2647): Content provider com.google.android.gsf.gservices.GservicesProvider already published as com.google.android.gsf.gservices
06-15 01:25:14.040 I/chatty  ( 1685): uid=1000(system) Binder:1685_13 expire 7 lines
06-15 01:25:14.050 I/chatty  ( 1685): uid=1000(system) Binder:1685_E expire 9 lines
06-15 01:25:14.074 I/chatty  ( 1685): uid=1000(system) Binder:1685_9 expire 2 lines
06-15 01:25:14.095 I/chatty  ( 1685): uid=1000(system) Binder:1685_1D expire 6 lines
06-15 01:25:14.114 I/chatty  ( 1685): uid=1000(system) Binder:1685_18 expire 1 line
06-15 01:25:14.127 I/chatty  ( 1685): uid=1000(system) Binder:1685_1 expire 6 lines
06-15 01:25:14.134 I/chatty  ( 1685): uid=1000(system) Binder:1685_1F expire 5 lines
06-15 01:25:14.175 I/chatty  ( 1685): uid=1000(system) Binder:1685_10 expire 5 lines
06-15 01:25:14.214 I/chatty  ( 1685): uid=1000(system) Binder:1685_F expire 6 lines
06-15 01:25:14.250 I/chatty  ( 1685): uid=1000(system) Binder:1685_1A expire 10 lines
06-15 01:25:14.340 I/chatty  ( 1685): uid=1000(system) Binder:1685_5 expire 11 lines
06-15 01:25:14.378 I/chatty  ( 1685): uid=1000(system) Binder:1685_1C expire 6 lines
06-15 01:25:14.444 I/chatty  ( 1685): uid=1000(system) Binder:1685_11 expire 4 lines
06-15 01:25:14.535 I/chatty  ( 1685): uid=1000(system) Binder:1685_3 expire 4 lines
06-15 01:25:14.615 I/chatty  ( 1685): uid=1000(system) Binder:1685_19 expire 6 lines
06-15 01:25:14.669 I/chatty  ( 1685): uid=1000(system) Binder:1685_17 expire 4 lines
06-15 01:25:14.674 I/chatty  ( 1685): uid=1000(system) Binder:1685_D expire 5 lines
06-15 01:25:14.705 I/chatty  ( 1685): uid=1000(system) Binder:1685_6 expire 2 lines
06-15 01:25:14.788 I/chatty  ( 1685): uid=1000(system) Binder:1685_1B expire 9 lines
06-15 01:25:14.862 I/chatty  ( 1685): uid=1000(system) Binder:1685_14 expire 7 lines
06-15 01:25:14.957 I/chatty  ( 1685): uid=1000(system) Binder:1685_15 expire 4 lines
06-15 01:25:15.058 I/chatty  ( 1685): uid=1000(system) Binder:1685_8 expire 3 lines
06-15 01:25:15.064 I/chatty  ( 1685): uid=1000(system) Binder:1685_A expire 6 lines
06-15 01:25:15.169 I/chatty  ( 1685): uid=1000(system) Binder:1685_C expire 6 lines
06-15 01:25:15.271 I/chatty  ( 1685): uid=1000(system) Binder:1685_B expire 4 lines
06-15 01:25:15.609 I/chatty  ( 1685): uid=1000(system) Binder:1685_2 expire 2 lines
06-15 01:25:15.669 I/chatty  ( 1685): uid=1000(system) Binder:1685_20 expire 1 line
06-15 01:25:15.673 I/chatty  ( 1685): uid=1000(system) Binder:1685_4 expire 6 lines
06-15 01:25:15.865 I/chatty  ( 1685): uid=1000(system) Binder:1685_7 expire 7 lines
06-15 01:25:16.084 I/chatty  ( 1685): uid=1000(system) Binder:1685_1E expire 5 lines
06-15 01:25:16.378 I/chatty  ( 1685): uid=1000(system) Binder:1685_16 expire 2 lines
06-15 01:25:17.230 I/chatty  ( 1685): uid=1000(system) android.display expire 26 lines
06-15 01:25:17.398 W/ActivityThread( 2647): Content provider com.google.android.gsf.gservices.GservicesProvider already published as com.google.android.gsf.gservices
06-15 01:25:17.450 W/ActivityThread( 2647): Content provider com.google.android.gsf.gservices.GservicesProvider already published as com.google.android.gsf.gservices
06-15 01:25:18.031 W/ActivityThread( 2647): Content provider com.google.android.gsf.gservices.GservicesProvider already published as com.google.android.gsf.gservices
06-15 01:25:20.200 W/ActivityThread( 2647): Content provider com.google.android.gsf.gservices.GservicesProvider already published as com.google.android.gsf.gservices
06-15 01:25:21.709 E/ActivityThread(32585): Failed to find provider info for com.excean.gspace.b64.staticslioprovider
06-15 01:25:21.723 E/ActivityThread(32585): Failed to find provider info for com.excean.gspace.b64.staticslioprovider
06-15 01:25:21.737 E/ActivityThread(32585): Failed to find provider info for com.excean.gspace.b64.staticslioprovider
06-15 01:25:21.742 E/ActivityThread(32585): Failed to find provider info for com.excean.gspace.b64.staticslioprovider
06-15 01:25:22.842 I/chatty  ( 1685): uid=1000(system) ActivityManager expire 28 lines
06-15 01:25:23.142 I/chatty  ( 1685): uid=1000(system) android.display expire 8 lines
06-15 01:25:23.150 E/ActivityThread(32158): Failed to find provider info for com.excean.gspace.staticslioprovider
06-15 01:25:23.157 E/ActivityThread(32158): Failed to find provider info for com.excean.gspace.staticslioprovider
06-15 01:25:23.294 I/chatty  ( 1685): uid=1000 system_server expire 9 lines
06-15 01:25:23.506 I/chatty  ( 1685): uid=1000(system) Binder:1685_1A expire 10 lines
06-15 01:25:23.516 I/chatty  ( 1685): uid=1000(system) Binder:1685_D expire 3 lines
06-15 01:25:23.530 I/chatty  ( 1685): uid=1000(system) Binder:1685_13 expire 12 lines
06-15 01:25:23.576 I/chatty  ( 1685): uid=1000(system) Binder:1685_3 expire 11 lines
06-15 01:25:23.584 I/chatty  ( 1685): uid=1000(system) Binder:1685_E expire 4 lines
06-15 01:25:23.662 I/chatty  ( 1685): uid=1000(system) Binder:1685_18 expire 3 lines
06-15 01:25:24.525 I/chatty  ( 1685): uid=1000(system) Binder:1685_A expire 3 lines
06-15 01:25:24.562 W/ActivityThread( 2675): Content provider com.google.android.gsf.gservices.GservicesProvider already published as com.google.android.gsf.gservices
06-15 01:25:24.566 I/chatty  ( 1685): uid=1000(system) Binder:1685_1 expire 6 lines
06-15 01:25:24.609 I/chatty  ( 1685): uid=1000(system) Binder:1685_1B expire 8 lines
06-15 01:25:24.823 I/chatty  ( 1685): uid=1000(system) Binder:1685_14 expire 7 lines
06-15 01:25:24.848 I/chatty  ( 1685): uid=1000(system) Binder:1685_12 expire 12 lines
06-15 01:25:25.154 I/chatty  ( 1685): uid=1000(system) Binder:1685_16 expire 3 lines
06-15 01:25:25.667 I/chatty  ( 1685): uid=1000(system) Binder:1685_17 expire 3 lines
06-15 01:25:26.186 I/chatty  ( 1685): uid=1000(system) Binder:1685_B expire 5 lines
06-15 01:25:26.483 D/ActivityThread( 3641): Loading provider com.google.android.gsf.gservices: com.google.android.gsf.gservices.GservicesProvider
06-15 01:25:26.507 I/chatty  ( 1685): uid=1000(system) LazyTaskWriterT expire 1 line
06-15 01:25:26.714 D/ActivityThread( 3641): Loading provider com.google.settings: com.google.android.gsf.settings.GoogleSettingsProvider
06-15 01:25:26.715 E/ActivityThread(32585): Failed to find provider info for com.excean.gspace.b64.staticslioprovider
06-15 01:25:26.716 E/ActivityThread(32585): Failed to find provider info for com.excean.gspace.b64.staticslioprovider
06-15 01:25:26.719 E/ActivityThread(32585): Failed to find provider info for com.excean.gspace.b64.staticslioprovider
06-15 01:25:26.720 D/ActivityThread( 3641): Loading provider subscribedfeeds: com.google.android.gsf.subscribedfeeds.SubscribedFeedsProvider
06-15 01:25:26.720 E/ActivityThread(32585): Failed to find provider info for com.excean.gspace.b64.staticslioprovider
06-15 01:25:26.722 E/ActivityThread(32585): Failed to find provider info for com.excean.gspace.b64.staticslioprovider
06-15 01:25:26.723 E/ActivityThread(32585): Failed to find provider info for com.excean.gspace.b64.staticslioprovider
06-15 01:25:26.724 E/ActivityThread(32585): Failed to find provider info for com.excean.gspace.b64.staticslioprovider
06-15 01:25:27.028 D/ActivityThread( 3572): Loading provider com.google.android.gms.auth.accountstate: com.google.android.gms.auth.account.be.accountstate.AccountStateContentProvider
06-15 01:25:27.040 D/ActivityThread( 3593): Loading provider com.google.android.gms.lifecycle-trojan: android.arch.lifecycle.ProcessLifecycleOwnerInitializer
06-15 01:25:27.044 D/ActivityThread( 3572): Loading provider com.google.android.gms.auth.confirm: com.google.android.gms.auth.account.be.accountstate.CredentialStateContentProvider
06-15 01:25:27.045 D/ActivityThread( 3572): Loading provider com.google.android.gms.auth.accounts: com.google.android.gms.auth.account.be.legacy.AccountContentProvider
06-15 01:25:27.045 D/ActivityThread( 3572): Loading provider com.google.android.chimera;com.google.android.gms.chimera: com.google.android.gms.chimera.container.GmsModuleProvider
06-15 01:25:27.065 D/ActivityThread( 3593): Loading provider com.google.android.gms.fitness.fileprovider: android.support.v4.content.FileProvider
06-15 01:25:27.070 D/ActivityThread( 3593): Loading provider com.google.android.gms.ads.adinfo: com.google.android.gms.ads.adinfo.AdvertisingInfoContentProvider
06-15 01:25:27.072 D/ActivityThread( 3593): Loading provider com.google.android.gms.appstate: com.google.android.gms.appstate.provider.AppStateContentProvider
06-15 01:25:27.072 D/ActivityThread( 3593): Loading provider com.google.android.gms.auth.api.credentials.be.persistence.TemporaryValueProvider: com.google.android.gms.auth.api.credentials.be.persistence.TemporaryValueProvider
06-15 01:25:27.072 D/ActivityThread( 3593): Loading provider com.google.android.gms.auth.api.credentials: com.google.android.gms.auth.api.credentials.sync.CredentialContentProvider
06-15 01:25:27.074 D/ActivityThread( 3593): Loading provider com.google.android.gms.autofill: com.google.android.gms.autofill.content.AutofillContentProvider
06-15 01:25:27.074 D/ActivityThread( 3593): Loading provider com.google.android.gms.car.fileprovider: com.google.android.gms.car.CarFileProvider
06-15 01:25:27.081 D/ActivityThread( 3572): Loading provider com.google.android.gms.fitness: com.google.android.gms.fitness.sync.FitnessContentProvider
06-15 01:25:27.081 D/ActivityThread( 3593): Loading provider com.google.android.gms.chromesync: com.google.android.gms.chromesync.sync.SyncContentProvider
06-15 01:25:27.082 D/ActivityThread( 3593): Loading provider com.google.android.gms.download: com.google.android.gms.common.download.provider.DownloadsProvider
06-15 01:25:27.082 D/ActivityThread( 3593): Loading provider com.google.android.gms.common.stats.net.contentprovider: com.google.android.gms.common.stats.net.contentprovider.NetworkUsageContentProvider
06-15 01:25:27.082 D/ActivityThread( 3593): Loading provider com.google.android.gms.drive.sync: com.google.android.gms.drive.metadata.sync.syncadapter.StubContentProvider
06-15 01:25:27.082 D/ActivityThread( 3593): Loading provider com.google.android.gms.fonts: com.google.android.gms.fonts.provider.FontsProvider
06-15 01:25:27.082 D/ActivityThread( 3593): Loading provider com.google.android.gms.games.background: com.google.android.gms.games.chimera.GamesContentProviderProxy
06-15 01:25:27.082 D/ActivityThread( 3593): Loading provider com.google.android.gms.icing.indexapi: com.google.android.gms.icing.indexapi.IndexApiContentProvider
06-15 01:25:27.083 D/ActivityThread( 3593): Loading provider com.google.android.gms.icing.proxy.apps: com.google.android.gms.icing.proxy.AppsContentProvider
06-15 01:25:27.083 D/ActivityThread( 3593): Loading provider com.google.android.gms.icing.proxy: com.google.android.gms.icing.proxy.InternalIcingCorporaProvider
06-15 01:25:27.083 D/ActivityThread( 3593): Loading provider com.google.android.gms.icing.proxy.sms: com.google.android.gms.icing.proxy.SmsContentProvider
06-15 01:25:27.083 D/ActivityThread( 3593): Loading provider com.google.android.gms.matchstick.appdataprovider: com.google.android.gms.matchstick.data.AppDataProvider
06-15 01:25:27.084 D/ActivityThread( 3593): Loading provider com.google.android.gms.matchstick.dataprovider: com.google.android.gms.matchstick.data.DatabaseProvider
06-15 01:25:27.085 D/ActivityThread( 3593): Loading provider com.google.android.gms.people.profile.fileprovider: com.google.android.gms.people.profile.AvatarFileProvider
06-15 01:25:27.085 D/ActivityThread( 3572): Loading provider com.google.android.gms.instantapps.provider.api: com.google.android.gms.instantapps.routing.InstantAppsContentProvider
06-15 01:25:27.085 D/ActivityThread( 3593): Loading provider com.google.android.gms.people: com.google.android.gms.people.service.PeopleContentProvider
06-15 01:25:27.085 D/ActivityThread( 3593): Loading provider com.google.android.gms.people.gal.provider: com.google.android.gms.people.service.PeopleGalProvider
06-15 01:25:27.086 D/ActivityThread( 3593): Loading provider com.google.android.gms.plus;com.google.android.gms.plus.action: com.google.android.gms.plus.provider.PlusProvider
06-15 01:25:27.086 D/ActivityThread( 3593): Loading provider com.google.android.gms.reminders: com.google.android.gms.reminders.provider.RemindersProvider
06-15 01:25:27.087 D/ActivityThread( 3593): Loading provider com.google.android.gms.subscribedfeeds: com.google.android.gms.subscribedfeeds.GmsSubscribedFeedsProvider
06-15 01:25:27.088 D/ActivityThread( 3572): Loading provider com.google.android.gms.phenotype: com.google.android.gms.phenotype.provider.ConfigurationProvider
06-15 01:25:27.088 D/ActivityThread( 3572): Loading provider com.google.android.gms.security.provider: com.google.android.gms.security.provider.SecurityProvider
06-15 01:25:27.088 D/ActivityThread( 3572): Loading provider com.google.android.gms.trustagent.framework.model.be.provider: com.google.android.gms.trustagent.framework.model.be.ModelContentProvider
06-15 01:25:27.089 D/ActivityThread( 3572): Loading provider com.google.android.location.internal: com.google.android.location.internal.LocationContentProvider
06-15 01:25:27.089 D/ActivityThread( 3572): Loading provider com.google.android.location.reporting: com.google.android.location.reporting.service.utils.ReportingContentProvider
06-15 01:25:27.094 D/ActivityThread( 3593): Loading provider com.google.android.gms.thunderbird.config: com.google.android.gms.thunderbird.config.EmergencyConfigContentProvider
06-15 01:25:27.094 D/ActivityThread( 3593): Loading provider com.google.android.gms.wallet.fileprovider: com.google.android.gms.wallet.provider.WalletFileProvider
06-15 01:25:27.110 D/ActivityThread( 3593): Loading provider com.google.android.gms.wallet: com.google.android.gms.wallet.setupwizard.PaymentsSetupWizardSuggestionStateProvider
06-15 01:25:27.110 D/ActivityThread( 3593): Loading provider com.google.android.libraries.matchstick.provider.fileprovider: com.google.android.libraries.matchstick.provider.MatchstickFileProvider
06-15 01:25:27.119 D/ActivityThread( 3593): Loading provider com.google.android.gms.photos.iu.EsGoogleIuProvider: com.google.android.libraries.social.autobackup.AutoBackupProvider
06-15 01:25:27.120 D/ActivityThread( 3593): Loading provider com.google.android.location.internal.server.fileprovider: com.google.android.location.internal.server.HistorianFileProvider
06-15 01:25:27.131 W/ActivityThread( 2675): Content provider com.google.android.gsf.gservices.GservicesProvider already published as com.google.android.gsf.gservices
06-15 01:25:27.669 I/chatty  ( 1685): uid=1000(system) Binder:1685_6 expire 13 lines
06-15 01:25:28.147 E/ActivityThread(32158): Failed to find provider info for com.excean.gspace.staticslioprovider
06-15 01:25:28.176 E/ActivityThread(32158): Failed to find provider info for com.excean.gspace.staticslioprovider
06-15 01:25:28.185 E/ActivityThread(32158): Failed to find provider info for com.excean.gspace.staticslioprovider
06-15 01:25:28.201 E/ActivityThread(32158): Failed to find provider info for com.excean.gspace.staticslioprovider
06-15 01:25:28.203 E/ActivityThread(32158): Failed to find provider info for com.excean.gspace.staticslioprovider
06-15 01:25:28.204 E/ActivityThread(32158): Failed to find provider info for com.excean.gspace.staticslioprovider
06-15 01:25:28.209 E/ActivityThread(32158): Failed to find provider info for com.excean.gspace.staticslioprovider
06-15 01:25:28.515 I/chatty  ( 1685): uid=1000(system) android.bg expire 2 lines
06-15 01:25:28.522 I/chatty  ( 1685): uid=1000(system) Binder:1685_4 expire 6 lines
06-15 01:25:29.270 W/ActivityThread( 2675): Content provider com.google.android.gsf.gservices.GservicesProvider already published as com.google.android.gsf.gservices
06-15 01:25:29.599 I/chatty  ( 1685): uid=1000(system) Binder:1685_1F expire 6 lines
06-15 01:25:29.616 W/ActivityThread( 2675): Content provider com.google.android.gsf.gservices.GservicesProvider already published as com.google.android.gsf.gservices
06-15 01:25:29.654 I/chatty  ( 1685): uid=1000(system) Binder:1685_7 expire 5 lines
06-15 01:25:30.883 I/chatty  ( 1685): uid=1000(system) Binder:1685_1D expire 2 lines
06-15 01:25:30.931 I/chatty  ( 1685): uid=1000(system) Binder:1685_F expire 9 lines
06-15 01:25:30.942 I/chatty  ( 1685): uid=1000(system) Binder:1685_1E expire 6 lines
06-15 01:25:30.984 I/chatty  ( 1685): uid=1000(system) Binder:1685_19 expire 5 lines
06-15 01:25:31.036 I/chatty  ( 1685): uid=1000(system) Binder:1685_2 expire 3 lines
06-15 01:25:31.241 W/ActivityThread( 2647): Content provider com.google.android.gms.phenotype.provider.ConfigurationProvider already published as com.google.android.gms.phenotype
06-15 01:25:31.743 I/chatty  ( 1685): uid=1000(system) Binder:1685_9 expire 5 lines
06-15 01:25:31.771 E/ActivityThread(32585): Failed to find provider info for com.excean.gspace.b64.staticslioprovider
06-15 01:25:31.776 E/ActivityThread(32585): Failed to find provider info for com.excean.gspace.b64.staticslioprovider
06-15 01:25:31.785 I/chatty  ( 1685): uid=1000(system) Binder:1685_10 expire 5 lines
06-15 01:25:31.788 E/ActivityThread(32585): Failed to find provider info for com.excean.gspace.b64.staticslioprovider
06-15 01:25:31.797 E/ActivityThread(32585): Failed to find provider info for com.excean.gspace.b64.staticslioprovider
06-15 01:25:31.804 I/chatty  ( 1685): uid=1000(system) Binder:1685_15 expire 3 lines
06-15 01:25:31.808 E/ActivityThread(32585): Failed to find provider info for com.excean.gspace.b64.staticslioprovider
06-15 01:25:31.810 E/ActivityThread(32585): Failed to find provider info for com.excean.gspace.b64.staticslioprovider
06-15 01:25:33.226 E/ActivityThread(32158): Failed to find provider info for com.excean.gspace.staticslioprovider
06-15 01:25:33.229 E/ActivityThread(32158): Failed to find provider info for com.excean.gspace.staticslioprovider
06-15 01:25:33.230 E/ActivityThread(32158): Failed to find provider info for com.excean.gspace.staticslioprovider
06-15 01:25:33.230 E/ActivityThread(32158): Failed to find provider info for com.excean.gspace.staticslioprovider
06-15 01:25:33.232 E/ActivityThread(32158): Failed to find provider info for com.excean.gspace.staticslioprovider
06-15 01:25:33.233 E/ActivityThread(32158): Failed to find provider info for com.excean.gspace.staticslioprovider
06-15 01:25:36.819 E/ActivityThread(32585): Failed to find provider info for com.excean.gspace.b64.staticslioprovider
06-15 01:25:36.824 E/ActivityThread(32585): Failed to find provider info for com.excean.gspace.b64.staticslioprovider
06-15 01:25:36.826 E/ActivityThread(32585): Failed to find provider info for com.excean.gspace.b64.staticslioprovider
06-15 01:25:36.828 E/ActivityThread(32585): Failed to find provider info for com.excean.gspace.b64.staticslioprovider
06-15 01:25:36.830 E/ActivityThread(32585): Failed to find provider info for com.excean.gspace.b64.staticslioprovider
06-15 01:25:36.836 E/ActivityThread(32585): Failed to find provider info for com.excean.gspace.b64.staticslioprovider
06-15 01:25:36.860 E/ActivityThread(32585): Failed to find provider info for com.excean.gspace.b64.staticslioprovider
06-15 01:25:37.614 I/chatty  ( 1685): uid=1000(system) Binder:1685_C expire 9 lines
06-15 01:25:38.252 E/ActivityThread(32158): Failed to find provider info for com.excean.gspace.staticslioprovider
06-15 01:25:38.256 E/ActivityThread(32158): Failed to find provider info for com.excean.gspace.staticslioprovider
06-15 01:25:38.260 E/ActivityThread(32158): Failed to find provider info for com.excean.gspace.staticslioprovider
06-15 01:25:38.262 E/ActivityThread(32158): Failed to find provider info for com.excean.gspace.staticslioprovider
06-15 01:25:38.263 E/ActivityThread(32158): Failed to find provider info for com.excean.gspace.staticslioprovider
06-15 01:25:38.263 E/ActivityThread(32158): Failed to find provider info for com.excean.gspace.staticslioprovider
06-15 01:25:38.265 E/ActivityThread(32158): Failed to find provider info for com.excean.gspace.staticslioprovider
06-15 01:25:38.548 W/ActivityThread( 3572): Content provider com.google.android.gsf.gservices.GservicesProvider already published as com.google.android.gsf.gservices
06-15 01:25:38.563 W/ActivityThread( 3572): Content provider com.google.android.gsf.gservices.GservicesProvider already published as com.google.android.gsf.gservices
06-15 01:25:38.617 W/ActivityThread( 3572): Content provider com.google.android.gsf.gservices.GservicesProvider already published as com.google.android.gsf.gservices
06-15 01:25:38.737 W/ActivityThread( 3593): Content provider com.google.android.gsf.gservices.GservicesProvider already published as com.google.android.gsf.gservices
06-15 01:25:38.829 I/chatty  ( 1685): uid=1000(system) android.io expire 2 lines
06-15 01:25:38.867 W/ActivityThread( 3593): Content provider com.google.android.gsf.gservices.GservicesProvider already published as com.google.android.gsf.gservices
06-15 01:25:39.767 I/chatty  ( 1685): uid=1000(system) Binder:1685_11 expire 2 lines
06-15 01:25:41.152 W/ActivityThread( 3593): Content provider com.google.android.gsf.gservices.GservicesProvider already published as com.google.android.gsf.gservices
06-15 01:25:41.174 W/ActivityThread( 3593): Content provider com.google.android.gsf.gservices.GservicesProvider already published as com.google.android.gsf.gservices
06-15 01:25:41.307 W/ActivityThread( 3572): Content provider com.google.android.gsf.gservices.GservicesProvider already published as com.google.android.gsf.gservices
06-15 01:25:41.464 W/ActivityThread( 3593): Content provider com.google.android.gsf.gservices.GservicesProvider already published as com.google.android.gsf.gservices
06-15 01:25:41.578 W/ActivityThread( 3572): Content provider com.google.android.gsf.gservices.GservicesProvider already published as com.google.android.gsf.gservices
06-15 01:25:42.103 W/ActivityThread( 3572): Content provider com.google.android.gsf.gservices.GservicesProvider already published as com.google.android.gsf.gservices
06-15 01:25:46.400 D/ActivityThread( 4027): Loading provider com.google.android.finsky.FileProvider: android.support.v4.content.FileProvider
06-15 01:25:46.452 D/ActivityThread( 4027): Loading provider com.android.vending.addtohomescreen: com.google.android.finsky.addtohomescreen.AddToHomeScreenSettingProvider
06-15 01:25:46.458 D/ActivityThread( 4027): Loading provider com.google.android.finsky.RecentSuggestionsProvider: com.google.android.finsky.search.RecentSuggestionsProvider
06-15 01:25:46.464 D/ActivityThread( 4027): Loading provider com.google.android.finsky.verifier: com.google.android.finsky.verifier.impl.VerifyAppsContentProvider
06-15 01:25:46.854 W/ActivityThread( 3572): Content provider com.google.android.gsf.gservices.GservicesProvider already published as com.google.android.gsf.gservices
06-15 01:25:46.949 W/ActivityThread( 3572): Content provider com.google.android.gsf.gservices.GservicesProvider already published as com.google.android.gsf.gservices
06-15 01:25:47.073 W/ActivityThread( 3572): Content provider com.google.android.gsf.gservices.GservicesProvider already published as com.google.android.gsf.gservices
06-15 01:25:50.394 W/ActivityThread( 2675): Content provider com.google.android.gsf.gservices.GservicesProvider already published as com.google.android.gsf.gservices
06-15 01:25:51.124 W/ActivityThread( 3572): Content provider com.google.android.gsf.gservices.GservicesProvider already published as com.google.android.gsf.gservices
06-15 01:25:52.381 I/chatty  ( 1685): uid=1000(system) Binder:1685_1C expire 2 lines
06-15 01:25:52.709 I/chatty  ( 1685): uid=1000(system) Binder:1685_5 expire 3 lines
06-15 01:25:52.774 I/chatty  ( 1685): uid=1000(system) Binder:1685_20 expire 2 lines
06-15 01:25:53.828 W/ActivityThread( 4146): Content provider com.google.android.gsf.gservices.GservicesProvider already published as com.google.android.gsf.gservices
06-15 01:25:53.972 W/ActivityThread( 4146): Content provider com.google.android.gsf.gservices.GservicesProvider already published as com.google.android.gsf.gservices
06-15 01:26:39.599 I/chatty  ( 1685): uid=1000(system) Binder:1685_8 expire 5 lines
06-15 01:26:56.181 I/chatty  ( 1685): uid=1000(system) AlarmManager expire 1 line
06-15 01:26:56.201 I/chatty  ( 1685): uid=1000(system) NetworkStats expire 1 line
06-15 01:26:56.230 I/chatty  ( 1685): uid=1000(system) Binder:1685_1A expire 7 lines
06-15 01:27:36.990 I/chatty  ( 1685): uid=1000(system) ActivityManager expire 44 lines
06-15 01:27:37.530 I/chatty  ( 1685): uid=1000 system_server expire 15 lines
06-15 01:27:53.984 I/chatty  ( 1685): uid=1000(system) Binder:1685_3 expire 5 lines
06-15 01:27:54.044 I/chatty  ( 1685): uid=1000(system) ActivityManager expire 1 line
06-15 01:27:54.048 I/chatty  ( 1685): uid=1000(system) pool-3-thread-1 expire 1 line
06-15 01:27:54.057 I/chatty  ( 1685): uid=1000(system) Binder:1685_B expire 3 lines
06-15 01:27:54.082 I/chatty  ( 1685): uid=1000(system) Binder:1685_6 expire 1 line
06-15 01:27:54.151 I/chatty  ( 1685): uid=1000(system) Binder:1685_1 expire 1 line
06-15 01:27:54.175 I/chatty  ( 1685): uid=1000(system) Binder:1685_1F expire 8 lines
06-15 01:27:55.038 I/chatty  ( 1685): uid=1000(system) Binder:1685_10 expire 8 lines
06-15 01:27:55.499 I/chatty  ( 1685): uid=1000(system) Binder:1685_15 expire 8 lines
06-15 01:28:02.606 I/chatty  ( 1685): uid=1000(system) batterystats-sy expire 2 lines
06-15 01:28:09.598 I/chatty  ( 1685): uid=1000(system) Binder:1685_1E expire 2 lines
06-15 01:28:27.604 I/chatty  ( 1685): uid=1000(system) Binder:1685_13 expire 4 lines
06-15 01:28:28.675 I/chatty  ( 1685): uid=1000(system) Binder:1685_2 expire 5 lines
06-15 01:28:29.166 I/chatty  ( 1685): uid=1000(system) Binder:1685_8 expire 3 lines
06-15 01:28:30.985 I/chatty  ( 1685): uid=1000(system) Binder:1685_14 expire 1 line
06-15 01:28:31.029 I/chatty  ( 1685): uid=1000(system) Binder:1685_7 expire 1 line
06-15 01:29:01.267 I/chatty  ( 1685): uid=1000(system) Binder:1685_1B expire 6 lines
06-15 01:29:02.797 I/chatty  ( 1685): uid=1000(system) Binder:1685_18 expire 4 lines
06-15 01:29:35.972 I/chatty  ( 1685): uid=1000(system) Binder:1685_1C expire 2 lines
06-15 01:29:36.533 I/chatty  ( 1685): uid=1000(system) Binder:1685_D expire 4 lines
06-15 01:30:08.651 I/chatty  ( 1685): uid=1000(system) Binder:1685_16 expire 8 lines
06-15 01:30:08.981 I/chatty  ( 1685): uid=1000(system) AlarmManager expire 1 line
06-15 01:30:10.183 I/chatty  ( 1685): uid=1000(system) Binder:1685_5 expire 6 lines
06-15 01:30:43.338 I/chatty  ( 1685): uid=1000(system) Binder:1685_20 expire 1 line
06-15 01:30:57.793 I/chatty  ( 1685): uid=1000(system) Binder:1685_19 expire 2 lines
06-15 01:31:15.905 I/chatty  ( 1685): uid=1000(system) Binder:1685_1D expire 4 lines
06-15 01:31:31.308 I/chatty  ( 1685): uid=1000(system) Binder:1685_C expire 2 lines
06-15 01:31:48.939 I/chatty  ( 1685): uid=1000(system) android.display expire 27 lines
06-15 01:31:48.972 I/chatty  ( 1685): uid=1000(system) Binder:1685_4 expire 2 lines
06-15 01:31:49.320 W/ViewRootImpl[MainActivity](32158): Dropping event due to no window focus: KeyEvent { action=ACTION_DOWN, keyCode=KEYCODE_BACK, scanCode=158, metaState=0, flags=0x8, repeatCount=0, eventTime=659324953, downTime=659324953, deviceId=4, source=0x101 }, hasFocus:false, mStopped:false, mPausedForTransition:false
06-15 01:31:50.196 I/chatty  ( 1685): uid=1000(system) ActivityManager expire 4 lines
06-15 01:31:50.241 E/ActivityThread(32585): Failed to find provider info for com.excean.gspace.b64.staticslioprovider
06-15 01:31:50.250 E/ActivityThread(32585): Failed to find provider info for com.excean.gspace.b64.staticslioprovider
06-15 01:31:50.625 I/chatty  ( 1685): uid=1000(system) BroadcastQueue expire 1 line
06-15 01:31:50.638 I/chatty  ( 1685): uid=1000(system) InputDispatcher expire 3 lines
06-15 01:31:50.926 I/chatty  ( 1685): uid=1000 system_server expire 1 line
06-15 01:31:51.010 E/ActivityThread(32158): Failed to find provider info for com.excean.gspace.staticslioprovider
06-15 01:31:51.012 E/ActivityThread(32158): Failed to find provider info for com.excean.gspace.staticslioprovider
06-15 01:31:52.144 I/chatty  ( 1685): uid=1000(system) Binder:1685_17 expire 1 line
06-15 01:31:53.871 I/chatty  ( 1685): uid=1000(system) Binder:1685_A expire 3 lines
06-15 01:31:54.291 I/chatty  ( 1685): uid=1000(system) LazyTaskWriterT expire 1 line
06-15 01:31:54.934 I/chatty  ( 1685): uid=1000(system) Binder:1685_9 expire 1 line
06-15 01:31:54.950 I/chatty  ( 1685): uid=1000(system) Binder:1685_12 expire 1 line
06-15 01:31:55.274 I/chatty  ( 1685): uid=1000(system) PackageManager expire 73 lines
06-15 01:31:55.279 E/ActivityThread(32585): Failed to find provider info for com.excean.gspace.b64.staticslioprovider
06-15 01:31:55.384 I/chatty  ( 1685): uid=1000(system) LazyTaskWriterT expire 2 lines
06-15 01:31:55.441 I/chatty  ( 1685): uid=1000(system) ActivityManager expire 2 lines
06-15 01:31:55.489 I/chatty  ( 1685): uid=1000(system) Binder:1685_B expire 2 lines
06-15 01:31:55.520 I/chatty  ( 1685): uid=1000(system) Binder:1685_F expire 6 lines
06-15 01:31:55.550 I/chatty  ( 1685): uid=1000(system) ActivityManager expire 5 lines
06-15 01:31:55.950 I/chatty  ( 1685): uid=1000(system) Binder:1685_18 expire 5 lines
06-15 01:31:55.964 I/chatty  ( 1685): uid=1000(system) android.display expire 24 lines
06-15 01:31:55.978 I/chatty  ( 1685): uid=1000 system_server expire 5 lines
06-15 01:31:56.015 I/chatty  ( 1685): uid=1000(system) android.bg expire 17 lines
06-15 01:31:56.017 E/ActivityThread(32158): Failed to find provider info for com.excean.gspace.staticslioprovider
06-15 01:31:56.018 E/ActivityThread(32158): Failed to find provider info for com.excean.gspace.staticslioprovider
06-15 01:31:56.020 E/ActivityThread(32158): Failed to find provider info for com.excean.gspace.staticslioprovider
06-15 01:31:56.020 E/ActivityThread(32158): Failed to find provider info for com.excean.gspace.staticslioprovider
06-15 01:31:56.021 E/ActivityThread(32158): Failed to find provider info for com.excean.gspace.staticslioprovider
06-15 01:31:56.022 E/ActivityThread(32158): Failed to find provider info for com.excean.gspace.staticslioprovider
06-15 01:31:56.023 E/ActivityThread(32158): Failed to find provider info for com.excean.gspace.staticslioprovider
06-15 01:31:57.448 I/chatty  ( 1685): uid=1000(system) Binder:1685_17 expire 5 lines
06-15 01:31:57.475 I/chatty  ( 1685): uid=1000(system) Binder:1685_E expire 4 lines
06-15 01:31:57.477 I/chatty  ( 1685): uid=1000(system) Binder:1685_1C expire 2 lines
06-15 01:31:57.485 I/chatty  ( 1685): uid=1000(system) Binder:1685_5 expire 2 lines
06-15 01:31:57.696 I/chatty  ( 1685): uid=1000(system) Binder:1685_13 expire 3 lines
06-15 01:31:57.938 I/chatty  ( 1685): uid=1000(system) Binder:1685_1B expire 2 lines
06-15 01:31:57.943 I/chatty  ( 1685): uid=1000(system) Binder:1685_8 expire 5 lines
06-15 01:31:57.955 I/chatty  ( 1685): uid=1000(system) Binder:1685_10 expire 5 lines
06-15 01:31:58.000 I/chatty  ( 1685): uid=1000(system) BroadcastQueue expire 11 lines
06-15 01:31:58.008 E/ActivityThread(32245): Failed to find provider info for com.excean.gspace:com.excelliance.kxqp.platform.proxy.gameplugin.ContentProviderProxy.P08
06-15 01:31:58.126 I/chatty  ( 1685): uid=1000(system) Binder:1685_3 expire 2 lines
06-15 01:31:58.209 E/ActivityThread(32245): Failed to find provider info for com.excean.gspace:com.excelliance.kxqp.platform.proxy.gameplugin.ContentProviderProxy.P08
06-15 01:31:58.214 I/chatty  ( 1685): uid=1000(system) Binder:1685_14 expire 1 line
06-15 01:31:58.431 I/chatty  ( 1685): uid=1000(system) Binder:1685_C expire 1 line
06-15 01:31:58.695 I/chatty  ( 1685): uid=1000(system) Binder:1685_6 expire 1 line
06-15 01:31:58.843 I/chatty  ( 1685): uid=1000(system) Binder:1685_12 expire 5 lines
06-15 01:31:59.000 I/chatty  ( 1685): uid=1000(system) Binder:1685_1A expire 2 lines
06-15 01:32:00.672 I/chatty  ( 1685): uid=1000(system) pool-3-thread-1 expire 3 lines
06-15 01:32:00.792 I/chatty  ( 1685): uid=1000(system) Binder:1685_9 expire 4 lines
06-15 01:32:00.833 I/chatty  ( 1685): uid=1000(system) Binder:1685_7 expire 2 lines
06-15 01:32:00.867 I/chatty  ( 1685): uid=1000(system) Binder:1685_2 expire 2 lines
06-15 01:32:00.907 I/chatty  ( 1685): uid=1000(system) Binder:1685_4 expire 4 lines
06-15 01:32:01.390 I/chatty  ( 1685): uid=1000(system) Binder:1685_16 expire 1 line
06-15 01:32:01.716 I/chatty  ( 1685): uid=1000(system) Binder:1685_D expire 1 line
06-15 01:32:02.625 I/chatty  ( 1685): uid=1000(system) Binder:1685_1D expire 1 line
06-15 01:32:09.873 I/chatty  ( 1685): uid=1000(system) Binder:1685_A expire 2 lines
06-15 01:33:17.623 I/chatty  ( 1685): uid=1000(system) batterystats-sy expire 4 lines
06-15 01:33:55.263 I/chatty  ( 1685): uid=1000(system) Binder:1685_1E expire 3 lines
06-15 01:39:00.533 I/chatty  ( 1685): uid=1000(system) android.display expire 85 lines
06-15 01:39:01.639 I/chatty  ( 1685): uid=1000(system) Binder:1685_1F expire 2 lines
06-15 01:39:01.667 I/chatty  ( 1685): uid=1000(system) Binder:1685_2 expire 3 lines
06-15 01:39:01.740 I/chatty  ( 1685): uid=1000(system) Binder:1685_10 expire 1 line
06-15 01:39:01.743 I/chatty  ( 1685): uid=1000(system) Binder:1685_19 expire 4 lines
06-15 01:39:02.000 I/chatty  ( 1685): uid=1000(system) ActivityManager expire 3 lines
06-15 01:39:02.679 I/chatty  ( 1685): uid=1000(system) android.ui expire 1 line
06-15 01:39:03.979 I/chatty  ( 1685): uid=1000(system) LazyTaskWriterT expire 2 lines
06-15 01:39:05.321 I/chatty  ( 1685): uid=1000(system) AlarmManager expire 1 line
06-15 01:39:08.108 I/chatty  ( 1685): uid=1000(system) PackageInstalle expire 1 line
06-15 01:39:08.184 I/chatty  ( 1685): uid=1000(system) Binder:1685_A expire 6 lines
06-15 01:39:08.199 I/chatty  ( 1685): uid=1000(system) Binder:1685_4 expire 3 lines
06-15 01:39:08.238 I/chatty  ( 1685): uid=1000(system) Binder:1685_1 expire 2 lines
06-15 01:39:08.373 I/chatty  ( 1685): uid=1000(system) Binder:1685_3 expire 3 lines
06-15 01:39:08.385 I/chatty  ( 1685): uid=1000(system) Binder:1685_15 expire 1 line
06-15 01:39:09.024 I/chatty  ( 1685): uid=1000(system) Binder:1685_E expire 4 lines
06-15 01:39:09.152 I/chatty  ( 1685): uid=1000(system) Binder:1685_7 expire 1 line
06-15 01:39:09.158 I/chatty  ( 1685): uid=1000(system) Binder:1685_18 expire 2 lines
06-15 01:39:09.221 I/chatty  ( 1685): uid=1000(system) Binder:1685_5 expire 4 lines
06-15 01:39:09.424 I/chatty  ( 1685): uid=1000(system) Binder:1685_1A expire 2 lines
06-15 01:39:11.859 I/chatty  ( 1685): uid=1000(system) Binder:1685_9 expire 2 lines
06-15 01:39:11.862 I/chatty  ( 1685): uid=1000(system) Binder:1685_11 expire 4 lines
06-15 01:39:11.871 I/chatty  ( 1685): uid=1000(system) Binder:1685_C expire 1 line
06-15 01:39:11.976 I/chatty  ( 1685): uid=1000(system) Binder:1685_20 expire 4 lines
06-15 01:39:11.988 I/chatty  ( 1685): uid=1000(system) Binder:1685_8 expire 1 line
06-15 01:39:12.055 I/chatty  ( 1685): uid=1000(system) Binder:1685_1B expire 1 line
06-15 01:39:13.580 I/chatty  ( 1685): uid=1000(system) Binder:1685_12 expire 2 lines
06-15 01:39:13.776 I/chatty  ( 1685): uid=1000(system) Binder:1685_F expire 2 lines
06-15 01:39:13.826 I/chatty  ( 1685): uid=1000(system) Binder:1685_17 expire 1 line
06-15 01:39:14.004 I/chatty  ( 1685): uid=1000 system_server expire 1 line
06-15 01:39:14.026 I/chatty  ( 1685): uid=1000(system) pool-3-thread-1 expire 2 lines
06-15 01:39:17.941 I/chatty  ( 1685): uid=1000(system) Binder:1685_6 expire 1 line
06-15 01:39:50.610 I/chatty  ( 1685): uid=1000(system) Binder:1685_1A expire 6 lines
06-15 01:39:50.618 I/chatty  ( 1685): uid=1000(system) android.display expire 55 lines
06-15 01:39:50.647 I/chatty  ( 1685): uid=1000(system) Binder:1685_C expire 1 line
06-15 01:39:50.661 I/chatty  ( 1685): uid=1000(system) Binder:1685_2 expire 6 lines
06-15 01:39:50.685 I/chatty  ( 1685): uid=1000(system) Binder:1685_17 expire 1 line
06-15 01:39:50.742 I/chatty  ( 1685): uid=1000(system) Binder:1685_B expire 6 lines
06-15 01:39:50.836 I/chatty  ( 1685): uid=1000(system) PackageInstalle expire 3 lines
06-15 01:39:50.844 I/chatty  ( 1685): uid=1000(system) PackageManager expire 6 lines
06-15 01:39:51.088 I/chatty  ( 1685): uid=1000(system) ActivityManager expire 9 lines
06-15 01:39:51.091 I/chatty  ( 1685): uid=1000(system) Binder:1685_8 expire 8 lines
06-15 01:39:51.704 I/chatty  ( 1685): uid=1000(system) BroadcastQueue expire 3 lines
06-15 01:39:51.705 I/chatty  ( 1685): uid=1000(system) Binder:1685_19 expire 7 lines
06-15 01:39:51.731 I/chatty  ( 1685): uid=1000(system) Binder:1685_4 expire 2 lines
06-15 01:39:51.879 I/chatty  ( 1685): uid=1000(system) pool-3-thread-1 expire 1 line
06-15 01:39:51.888 I/chatty  ( 1685): uid=1000(system) Binder:1685_F expire 2 lines
06-15 01:39:51.901 I/chatty  ( 1685): uid=1000(system) Binder:1685_1B expire 1 line
06-15 01:39:51.916 I/chatty  ( 1685): uid=1000 system_server expire 4 lines
06-15 01:39:51.932 I/chatty  ( 1685): uid=1000(system) android.bg expire 3 lines
06-15 01:39:52.035 I/chatty  ( 1685): uid=1000(system) Binder:1685_9 expire 2 lines
06-15 01:39:52.039 I/chatty  ( 1685): uid=1000(system) Binder:1685_1 expire 3 lines
06-15 01:39:52.136 I/chatty  ( 1685): uid=1000(system) Binder:1685_5 expire 3 lines
06-15 01:39:52.235 I/chatty  ( 1685): uid=1000(system) Binder:1685_20 expire 2 lines
06-15 01:39:52.256 I/chatty  ( 1685): uid=1000(system) Binder:1685_1E expire 5 lines
06-15 01:39:52.589 I/chatty  ( 1685): uid=1000(system) Binder:1685_14 expire 10 lines
06-15 01:39:53.036 I/chatty  ( 1685): uid=1000(system) Binder:1685_18 expire 2 lines
06-15 01:39:53.129 I/chatty  ( 1685): uid=1000(system) Binder:1685_12 expire 5 lines
06-15 01:39:53.415 I/chatty  ( 1685): uid=1000(system) Binder:1685_7 expire 6 lines
06-15 01:39:54.306 I/chatty  ( 1685): uid=1000(system) LazyTaskWriterT expire 2 lines
06-15 01:39:54.437 I/chatty  ( 1685): uid=1000(system) backup expire 1 line
06-15 01:39:56.458 I/chatty  ( 1685): uid=1000(system) Binder:1685_D expire 2 lines
06-15 01:39:56.484 I/chatty  ( 1685): uid=1000(system) Binder:1685_1D expire 3 lines
06-15 01:39:56.495 I/chatty  ( 1685): uid=1000(system) Binder:1685_16 expire 1 line
06-15 01:39:58.805 I/chatty  ( 1685): uid=1000(system) Binder:1685_11 expire 6 lines
06-15 01:40:00.969 I/chatty  ( 1685): uid=1000(system) Binder:1685_13 expire 4 lines
06-15 01:40:00.998 E/ActivityThread( 8463): Failed to find provider info for com.excean.gspace.staticslioprovider
06-15 01:40:01.006 E/ActivityThread( 8463): Failed to find provider info for com.excean.gspace.staticslioprovider
06-15 01:40:01.091 I/chatty  ( 1685): uid=1000(system) android.display expire 27 lines
06-15 01:40:01.268 E/ActivityThread( 8463): Failed to find provider info for com.excean.gspace.staticslioprovider
06-15 01:40:01.278 D/ActivityThread( 8565): Loading provider com.excean.gspace:com.excelliance.kxqp.platform.PluginManagerProvider: com.excelliance.kxqp.platform.PluginManagerProvider
06-15 01:40:01.305 I/chatty  ( 1685): uid=1000(system) android.io expire 2 lines
06-15 01:40:01.331 E/ActivityThread( 8463): Failed to find provider info for com.excean.gspace.staticslioprovider
06-15 01:40:01.338 E/ActivityThread( 8463): Failed to find provider info for com.excean.gspace.staticslioprovider
06-15 01:40:01.482 I/chatty  ( 1685): uid=1000(system) Binder:1685_15 expire 3 lines
06-15 01:40:01.570 E/ActivityThread( 8463): Failed to find provider info for com.excean.gspace.staticslioprovider
06-15 01:40:01.577 E/ActivityThread( 8463): Failed to find provider info for com.excean.gspace.staticslioprovider
06-15 01:40:01.579 E/ActivityThread( 8463): Failed to find provider info for com.excean.gspace.staticslioprovider
06-15 01:40:01.764 E/ActivityThread( 8463): Failed to find provider info for com.excean.gspace.staticslioprovider
06-15 01:40:01.768 E/ActivityThread( 8463): Failed to find provider info for com.excean.gspace.staticslioprovider
06-15 01:40:02.863 E/ActivityThread( 8463): Failed to find provider info for com.excean.gspace.staticslioprovider
06-15 01:40:02.870 E/ActivityThread( 8463): Failed to find provider info for com.excean.gspace.staticslioprovider
06-15 01:40:03.397 E/ActivityThread( 8463): Failed to find provider info for com.excean.gspace.staticslioprovider
06-15 01:40:03.407 E/ActivityThread( 8463): Failed to find provider info for com.excean.gspace.staticslioprovider
06-15 01:40:03.448 E/ActivityThread( 8463): Failed to find provider info for com.excean.gspace.staticslioprovider
06-15 01:40:03.451 E/ActivityThread( 8463): Failed to find provider info for com.excean.gspace.staticslioprovider
06-15 01:40:05.174 I/chatty  ( 1685): uid=1000(system) Binder:1685_E expire 9 lines
06-15 01:40:05.802 E/ActivityThread( 8463): Failed to find provider info for com.excean.gspace.staticslioprovider
06-15 01:40:05.804 E/ActivityThread( 8463): Failed to find provider info for com.excean.gspace.staticslioprovider
06-15 01:40:05.930 E/ActivityThread( 8463): Failed to find provider info for com.excean.gspace.staticslioprovider
06-15 01:40:05.940 E/ActivityThread( 8463): Failed to find provider info for com.excean.gspace.staticslioprovider
06-15 01:40:06.197 E/ActivityThread( 8463): Failed to find provider info for com.excean.gspace.staticslioprovider
06-15 01:40:06.198 E/ActivityThread( 8463): Failed to find provider info for com.excean.gspace.staticslioprovider
06-15 01:40:06.199 E/ActivityThread( 8463): Failed to find provider info for com.excean.gspace.staticslioprovider
06-15 01:40:06.200 E/ActivityThread( 8463): Failed to find provider info for com.excean.gspace.staticslioprovider
06-15 01:40:06.201 E/ActivityThread( 8463): Failed to find provider info for com.excean.gspace.staticslioprovider
06-15 01:40:06.202 E/ActivityThread( 8463): Failed to find provider info for com.excean.gspace.staticslioprovider
06-15 01:40:06.858 E/ActivityThread( 8463): Failed to find provider info for com.excean.gspace.staticslioprovider
06-15 01:40:06.863 E/ActivityThread( 8463): Failed to find provider info for com.excean.gspace.staticslioprovider
06-15 01:40:08.511 I/chatty  ( 1685): uid=1000(system) Binder:1685_B expire 7 lines
06-15 01:40:08.519 I/chatty  ( 1685): uid=1000(system) Binder:1685_18 expire 4 lines
06-15 01:40:08.786 E/ActivityThread( 8463): Failed to find provider info for com.excean.gspace.staticslioprovider
06-15 01:40:08.791 E/ActivityThread( 8463): Failed to find provider info for com.excean.gspace.staticslioprovider
06-15 01:40:08.798 I/chatty  ( 1685): uid=1000(system) Binder:1685_16 expire 5 lines
06-15 01:40:08.846 I/chatty  ( 1685): uid=1000(system) android.display expire 16 lines
06-15 01:40:08.861 I/chatty  ( 1685): uid=1000 system_server expire 3 lines
06-15 01:40:09.754 I/chatty  ( 1685): uid=1000(system) Binder:1685_19 expire 3 lines
