--------- beginning of system
06-12 15:50:06.754 V/WindowManager( 1685): reevaluateVisibility focusApp:AppWindowToken{5c8f1a7 token=Token{e424a66 ActivityRecord{ea0a2c1 u0 com.excelliance.dualaid/com.excelliance.kxqp.swipe.NavActivity2 t13328}}}
06-12 15:50:06.778 D/elsa    ( 1685): app is ProcessRecord{7e134ee 26424:com.excelliance.dualaid/u0a1010}, isInBlackList is false, isNeedSetProcessGroup is true
06-12 15:50:06.994 I/ActivityManager( 1685): Start proc 26509:com.excelliance.dualaid:lbcore/u0a1010 for content provider com.excelliance.dualaid/com.excelliance.kxqp.platform.PluginManagerProvider
06-12 15:50:07.027 D/elsa    ( 1685): app is ProcessRecord{bb07a08 26509:com.excelliance.dualaid:lbcore/u0a1010}, isInBlackList is false, isNeedSetProcessGroup is true
06-12 15:50:07.288 D/ActivityThread(26509): Loading provider com.excelliance.dualaid:com.excelliance.kxqp.platform.PluginManagerProvider: com.excelliance.kxqp.platform.PluginManagerProvider
06-12 15:50:07.327 D/BluetoothManagerService( 1685): Message: 20
06-12 15:50:07.328 D/BluetoothManagerService( 1685): Added callback: android.bluetooth.IBluetoothManagerCallback$Stub$Proxy@5d72eb4:true
06-12 15:50:07.329 D/BluetoothManagerService( 1685): checkIfCallerIsForegroundUser: valid=true callingUser=0 parentUser=-10000 foregroundUser=0
--------- beginning of main
06-12 15:50:07.992 E/ANDR-PERF-RESOURCEQS(  587): Failed to reset optimization [3, 0]
06-12 15:50:08.423 I/chatty  (26104): uid=10883(io.appium.uiautomator2.server) expire 15 lines
06-12 15:50:08.460 I/chatty  (26104): uid=10883(io.appium.uiautomator2.server) expire 22 lines
06-12 15:50:08.495 I/chatty  (26104): uid=10883(io.appium.uiautomator2.server) expire 17 lines
06-12 15:50:08.501 I/chatty  (26104): uid=10883(io.appium.uiautomator2.server) expire 6 lines
06-12 15:50:08.560 I/chatty  (26104): uid=10883(io.appium.uiautomator2.server) expire 14 lines
06-12 15:50:08.574 I/chatty  (26104): uid=10883(io.appium.uiautomator2.server) expire 17 lines
06-12 15:50:08.622 I/chatty  (26104): uid=10883(io.appium.uiautomator2.server) expire 15 lines
06-12 15:50:08.636 I/chatty  (26104): uid=10883(io.appium.uiautomator2.server) expire 17 lines
06-12 15:50:08.682 I/chatty  (26104): uid=10883(io.appium.uiautomator2.server) expire 20 lines
06-12 15:50:08.711 E/ANDR-PERF-MPCTL(  587): Invalid profile no. 0, total profiles 0 only
06-12 15:50:08.796 E/ANDR-PERF-RESOURCEQS(  587): Failed to reset optimization [3, 0]
06-12 15:50:08.835 E/ANDR-PERF-MPCTL(  587): Invalid profile no. 0, total profiles 0 only
06-12 15:50:08.835 I/chatty  (26394): uid=11010 com.excelliance.dualaid:olle expire 89 lines
06-12 15:50:09.795 I/ActivityManager( 1685): Start proc 26640:com.excelliance.dualaid:smtcnt/u0a1010 for service com.excelliance.dualaid/com.excelliance.kxqp.SmtCntService
06-12 15:50:09.827 D/elsa    ( 1685): app is ProcessRecord{e7a7538 26640:com.excelliance.dualaid:smtcnt/u0a1010}, isInBlackList is false, isNeedSetProcessGroup is true
06-12 15:50:10.024 E/TaskPersister( 1685): File error accessing recents directory (directory doesn't exist?).
06-12 15:50:10.170 W/ActivityManager( 1685): postNotification return because text and title null or empty 
06-12 15:50:10.172 D/elsa    ( 1685): app is ProcessRecord{bb07a08 26509:com.excelliance.dualaid:lbcore/u0a1010}, isInBlackList is false, isNeedSetProcessGroup is true
06-12 15:50:10.174 D/elsa    ( 1685): app is ProcessRecord{e7a7538 26640:com.excelliance.dualaid:smtcnt/u0a1010}, isInBlackList is false, isNeedSetProcessGroup is true
06-12 15:50:10.183 D/elsa    ( 1685): app is ProcessRecord{7e134ee 26424:com.excelliance.dualaid/u0a1010}, isInBlackList is false, isNeedSetProcessGroup is true
06-12 15:50:10.196 E/NotificationService( 1685): Suppressing notification from package by user request.
06-12 15:50:13.645 D/ViewRootImpl(26394): swipeFromBottom mIgnoring === false downY 1738 mStatusBarHeight 54
06-12 15:50:13.683 I/ActivityManager( 1685): START u0 {cmp=com.excelliance.dualaid/com.excelliance.kxqp.ui.HelloActivity (has extras)} from uid 11010 and from pid 26394 on display 0
06-12 15:50:13.689 V/WindowManager( 1685): Changing focus from Window{6cdbbec u0 com.excelliance.dualaid/com.excelliance.kxqp.swipe.NavActivity2} to null
06-12 15:50:13.690 W/WindowManager( 1685): Skip focus check for application before nougat.
06-12 15:50:13.841 V/WindowManager( 1685): Changing focus from null to Window{825d38b u0 com.excelliance.dualaid/com.excelliance.kxqp.ui.HelloActivity}
06-12 15:50:13.842 I/WindowManager( 1685): finishPostLayoutPolicyLw (statusbar != null ) true topIsFullscreen false top = Window{6cdbbec u0 com.excelliance.dualaid/com.excelliance.kxqp.swipe.NavActivity2}
06-12 15:50:13.842 I/StatusBarManagerService( 1685):  topIsFullscreen fullscreen false
06-12 15:50:13.861 V/WindowManager( 1685): reevaluateVisibility focusApp:AppWindowToken{208454d token=Token{bfdace4 ActivityRecord{e062877 u0 com.excelliance.dualaid/com.excelliance.kxqp.ui.HelloActivity t13328}}}
06-12 15:50:13.861 V/WindowManager( 1685): reevaluateVisibility focusApp:AppWindowToken{208454d token=Token{bfdace4 ActivityRecord{e062877 u0 com.excelliance.dualaid/com.excelliance.kxqp.ui.HelloActivity t13328}}}
06-12 15:50:13.863 V/WindowManager( 1685): reevaluateVisibility focusApp:AppWindowToken{208454d token=Token{bfdace4 ActivityRecord{e062877 u0 com.excelliance.dualaid/com.excelliance.kxqp.ui.HelloActivity t13328}}}
06-12 15:50:13.919 V/WindowManager( 1685): reevaluateVisibility focusApp:AppWindowToken{208454d token=Token{bfdace4 ActivityRecord{e062877 u0 com.excelliance.dualaid/com.excelliance.kxqp.ui.HelloActivity t13328}}}
06-12 15:50:13.922 V/WindowManager( 1685): reevaluateVisibility focusApp:AppWindowToken{208454d token=Token{bfdace4 ActivityRecord{e062877 u0 com.excelliance.dualaid/com.excelliance.kxqp.ui.HelloActivity t13328}}}
06-12 15:50:13.923 V/WindowManager( 1685): reevaluateVisibility focusApp:AppWindowToken{208454d token=Token{bfdace4 ActivityRecord{e062877 u0 com.excelliance.dualaid/com.excelliance.kxqp.ui.HelloActivity t13328}}}
06-12 15:50:13.928 V/WindowManager( 1685): reevaluateVisibility focusApp:AppWindowToken{208454d token=Token{bfdace4 ActivityRecord{e062877 u0 com.excelliance.dualaid/com.excelliance.kxqp.ui.HelloActivity t13328}}}
06-12 15:50:13.934 V/WindowManager( 1685): reevaluateVisibility focusApp:AppWindowToken{208454d token=Token{bfdace4 ActivityRecord{e062877 u0 com.excelliance.dualaid/com.excelliance.kxqp.ui.HelloActivity t13328}}}
06-12 15:50:13.952 V/WindowManager( 1685): reevaluateVisibility focusApp:AppWindowToken{208454d token=Token{bfdace4 ActivityRecord{e062877 u0 com.excelliance.dualaid/com.excelliance.kxqp.ui.HelloActivity t13328}}}
06-12 15:50:14.130 V/WindowManager( 1685): reevaluateVisibility focusApp:AppWindowToken{208454d token=Token{bfdace4 ActivityRecord{e062877 u0 com.excelliance.dualaid/com.excelliance.kxqp.ui.HelloActivity t13328}}}
06-12 15:50:14.131 D/ActivityManager( 1685): back_key destroy activity: com.excelliance.dualaid top activity: com.excelliance.dualaid
06-12 15:50:14.133 D/elsa    ( 1685): app is ProcessRecord{5532122 3319:com.oppo.launcher/u0a17}, isInBlackList is false, isNeedSetProcessGroup is true
06-12 15:50:14.140 V/WindowManager( 1685): reevaluateVisibility focusApp:AppWindowToken{208454d token=Token{bfdace4 ActivityRecord{e062877 u0 com.excelliance.dualaid/com.excelliance.kxqp.ui.HelloActivity t13328}}}
06-12 15:50:14.144 V/WindowManager( 1685): reevaluateVisibility focusApp:AppWindowToken{208454d token=Token{bfdace4 ActivityRecord{e062877 u0 com.excelliance.dualaid/com.excelliance.kxqp.ui.HelloActivity t13328}}}
06-12 15:50:14.148 V/WindowManager( 1685): reevaluateVisibility focusApp:AppWindowToken{208454d token=Token{bfdace4 ActivityRecord{e062877 u0 com.excelliance.dualaid/com.excelliance.kxqp.ui.HelloActivity t13328}}}
06-12 15:50:14.161 V/WindowManager( 1685): reevaluateVisibility focusApp:AppWindowToken{208454d token=Token{bfdace4 ActivityRecord{e062877 u0 com.excelliance.dualaid/com.excelliance.kxqp.ui.HelloActivity t13328}}}
06-12 15:50:14.189 V/WindowManager( 1685): reevaluateVisibility focusApp:AppWindowToken{208454d token=Token{bfdace4 ActivityRecord{e062877 u0 com.excelliance.dualaid/com.excelliance.kxqp.ui.HelloActivity t13328}}}
06-12 15:50:14.190 V/WindowManager( 1685): reevaluateVisibility focusApp:AppWindowToken{208454d token=Token{bfdace4 ActivityRecord{e062877 u0 com.excelliance.dualaid/com.excelliance.kxqp.ui.HelloActivity t13328}}}
06-12 15:50:14.193 V/WindowManager( 1685): reevaluateVisibility focusApp:AppWindowToken{208454d token=Token{bfdace4 ActivityRecord{e062877 u0 com.excelliance.dualaid/com.excelliance.kxqp.ui.HelloActivity t13328}}}
06-12 15:50:15.069 D/ViewRootImpl(26394): swipeFromBottom mIgnoring === false downY 138 mStatusBarHeight 54
06-12 15:50:15.093 V/WindowManager( 1685): Changing focus from Window{825d38b u0 com.excelliance.dualaid/com.excelliance.kxqp.ui.HelloActivity} to Window{41c1d67 u0 com.excelliance.dualaid/com.excelliance.kxqp.ui.HelloActivity}
06-12 15:50:15.095 W/WindowManager( 1685): Skip focus check for application before nougat.
06-12 15:50:15.115 V/WindowManager( 1685): reevaluateVisibility focusApp:AppWindowToken{208454d token=Token{bfdace4 ActivityRecord{e062877 u0 com.excelliance.dualaid/com.excelliance.kxqp.ui.HelloActivity t13328}}}
06-12 15:50:15.117 V/WindowManager( 1685): reevaluateVisibility focusApp:AppWindowToken{208454d token=Token{bfdace4 ActivityRecord{e062877 u0 com.excelliance.dualaid/com.excelliance.kxqp.ui.HelloActivity t13328}}}
06-12 15:50:15.150 V/WindowManager( 1685): reevaluateVisibility focusApp:AppWindowToken{208454d token=Token{bfdace4 ActivityRecord{e062877 u0 com.excelliance.dualaid/com.excelliance.kxqp.ui.HelloActivity t13328}}}
06-12 15:50:15.151 V/WindowManager( 1685): reevaluateVisibility focusApp:AppWindowToken{208454d token=Token{bfdace4 ActivityRecord{e062877 u0 com.excelliance.dualaid/com.excelliance.kxqp.ui.HelloActivity t13328}}}
06-12 15:50:15.219 V/WindowManager( 1685): reevaluateVisibility focusApp:AppWindowToken{208454d token=Token{bfdace4 ActivityRecord{e062877 u0 com.excelliance.dualaid/com.excelliance.kxqp.ui.HelloActivity t13328}}}
06-12 15:50:16.110 I/ActivityManager( 1685): START u0 {pkg=com.excelliance.dualaid cmp=com.excelliance.dualaid/com.excelliance.kxqp.user.LoginActivity (has extras)} from uid 11010 and from pid 26394 on display 0
06-12 15:50:16.117 V/WindowManager( 1685): Changing focus from Window{41c1d67 u0 com.excelliance.dualaid/com.excelliance.kxqp.ui.HelloActivity} to null
06-12 15:50:16.119 W/WindowManager( 1685): Skip focus check for application before nougat.
06-12 15:50:16.149 V/WindowManager( 1685): reevaluateVisibility focusApp:AppWindowToken{1432903 token=Token{fc795b2 ActivityRecord{6421bbd u0 com.excelliance.dualaid/com.excelliance.kxqp.user.LoginActivity t13328}}}
06-12 15:50:16.153 D/elsa    ( 1685): app is ProcessRecord{7e134ee 26424:com.excelliance.dualaid/u0a1010}, isInBlackList is false, isNeedSetProcessGroup is true
06-12 15:50:16.154 D/elsa    ( 1685): app is ProcessRecord{784d745 26394:com.excelliance.dualaid:olle/u0a1010}, isInBlackList is false, isNeedSetProcessGroup is true
06-12 15:50:16.155 D/elsa    ( 1685): app is ProcessRecord{5532122 3319:com.oppo.launcher/u0a17}, isInBlackList is false, isNeedSetProcessGroup is true
06-12 15:50:16.170 V/WindowManager( 1685): reevaluateVisibility focusApp:AppWindowToken{1432903 token=Token{fc795b2 ActivityRecord{6421bbd u0 com.excelliance.dualaid/com.excelliance.kxqp.user.LoginActivity t13328}}}
06-12 15:50:16.335 V/WindowManager( 1685): reevaluateVisibility focusApp:AppWindowToken{1432903 token=Token{fc795b2 ActivityRecord{6421bbd u0 com.excelliance.dualaid/com.excelliance.kxqp.user.LoginActivity t13328}}}
06-12 15:50:16.351 V/WindowManager( 1685): Changing focus from null to Window{6f60575 u0 com.excelliance.dualaid/com.excelliance.kxqp.user.LoginActivity}
06-12 15:50:16.362 V/WindowManager( 1685): reevaluateVisibility focusApp:AppWindowToken{1432903 token=Token{fc795b2 ActivityRecord{6421bbd u0 com.excelliance.dualaid/com.excelliance.kxqp.user.LoginActivity t13328}}}
06-12 15:50:16.429 V/WindowManager( 1685): reevaluateVisibility focusApp:AppWindowToken{1432903 token=Token{fc795b2 ActivityRecord{6421bbd u0 com.excelliance.dualaid/com.excelliance.kxqp.user.LoginActivity t13328}}}
06-12 15:50:16.433 V/WindowManager( 1685): reevaluateVisibility focusApp:AppWindowToken{1432903 token=Token{fc795b2 ActivityRecord{6421bbd u0 com.excelliance.dualaid/com.excelliance.kxqp.user.LoginActivity t13328}}}
06-12 15:50:16.433 V/WindowManager( 1685): reevaluateVisibility focusApp:AppWindowToken{1432903 token=Token{fc795b2 ActivityRecord{6421bbd u0 com.excelliance.dualaid/com.excelliance.kxqp.user.LoginActivity t13328}}}
06-12 15:50:16.434 V/WindowManager( 1685): reevaluateVisibility focusApp:AppWindowToken{1432903 token=Token{fc795b2 ActivityRecord{6421bbd u0 com.excelliance.dualaid/com.excelliance.kxqp.user.LoginActivity t13328}}}
06-12 15:50:16.758 D/elsa    ( 1685): app is ProcessRecord{784d745 26394:com.excelliance.dualaid:olle/u0a1010}, isInBlackList is false, isNeedSetProcessGroup is true
06-12 15:50:16.765 V/WindowManager( 1685): reevaluateVisibility focusApp:AppWindowToken{1432903 token=Token{fc795b2 ActivityRecord{6421bbd u0 com.excelliance.dualaid/com.excelliance.kxqp.user.LoginActivity t13328}}}
06-12 15:50:16.769 V/WindowManager( 1685): reevaluateVisibility focusApp:AppWindowToken{1432903 token=Token{fc795b2 ActivityRecord{6421bbd u0 com.excelliance.dualaid/com.excelliance.kxqp.user.LoginActivity t13328}}}
06-12 15:50:17.208 E/TaskPersister( 1685): File error accessing recents directory (directory doesn't exist?).
06-12 15:50:24.556 D/ViewRootImpl(26424): swipeFromBottom mIgnoring === false downY 804 mStatusBarHeight 54
06-12 15:50:24.701 V/WindowManager( 1685): Changing focus from Window{6f60575 u0 com.excelliance.dualaid/com.excelliance.kxqp.user.LoginActivity} to Window{2966e2d u0 com.excelliance.dualaid/com.excelliance.kxqp.user.LoginActivity}
06-12 15:50:24.702 W/WindowManager( 1685): Skip focus check for application before nougat.
06-12 15:50:24.736 V/WindowManager( 1685): reevaluateVisibility focusApp:AppWindowToken{1432903 token=Token{fc795b2 ActivityRecord{6421bbd u0 com.excelliance.dualaid/com.excelliance.kxqp.user.LoginActivity t13328}}}
06-12 15:50:24.737 V/WindowManager( 1685): reevaluateVisibility focusApp:AppWindowToken{1432903 token=Token{fc795b2 ActivityRecord{6421bbd u0 com.excelliance.dualaid/com.excelliance.kxqp.user.LoginActivity t13328}}}
06-12 15:50:24.783 V/WindowManager( 1685): reevaluateVisibility focusApp:AppWindowToken{1432903 token=Token{fc795b2 ActivityRecord{6421bbd u0 com.excelliance.dualaid/com.excelliance.kxqp.user.LoginActivity t13328}}}
06-12 15:50:24.784 V/WindowManager( 1685): reevaluateVisibility focusApp:AppWindowToken{1432903 token=Token{fc795b2 ActivityRecord{6421bbd u0 com.excelliance.dualaid/com.excelliance.kxqp.user.LoginActivity t13328}}}
06-12 15:50:24.849 V/WindowManager( 1685): reevaluateVisibility focusApp:AppWindowToken{1432903 token=Token{fc795b2 ActivityRecord{6421bbd u0 com.excelliance.dualaid/com.excelliance.kxqp.user.LoginActivity t13328}}}
06-12 15:50:24.885 V/WindowManager( 1685): Changing focus from Window{2966e2d u0 com.excelliance.dualaid/com.excelliance.kxqp.user.LoginActivity} to Window{6f60575 u0 com.excelliance.dualaid/com.excelliance.kxqp.user.LoginActivity}
06-12 15:50:24.887 W/WindowManager( 1685): Skip focus check for application before nougat.
06-12 15:50:24.888 V/WindowManager( 1685): reevaluateVisibility focusApp:AppWindowToken{1432903 token=Token{fc795b2 ActivityRecord{6421bbd u0 com.excelliance.dualaid/com.excelliance.kxqp.user.LoginActivity t13328}}}
06-12 15:50:32.509 D/ViewRootImpl(26424): swipeFromBottom mIgnoring === false downY 862 mStatusBarHeight 54
06-12 15:50:32.556 V/WindowManager( 1685): Changing focus from Window{6f60575 u0 com.excelliance.dualaid/com.excelliance.kxqp.user.LoginActivity} to Window{b8d914f u0 com.excelliance.dualaid/com.excelliance.kxqp.user.LoginActivity}
06-12 15:50:32.558 W/WindowManager( 1685): Skip focus check for application before nougat.
06-12 15:50:32.663 V/WindowManager( 1685): reevaluateVisibility focusApp:AppWindowToken{1432903 token=Token{fc795b2 ActivityRecord{6421bbd u0 com.excelliance.dualaid/com.excelliance.kxqp.user.LoginActivity t13328}}}
06-12 15:50:32.664 V/WindowManager( 1685): reevaluateVisibility focusApp:AppWindowToken{1432903 token=Token{fc795b2 ActivityRecord{6421bbd u0 com.excelliance.dualaid/com.excelliance.kxqp.user.LoginActivity t13328}}}
06-12 15:50:32.692 V/WindowManager( 1685): reevaluateVisibility focusApp:AppWindowToken{1432903 token=Token{fc795b2 ActivityRecord{6421bbd u0 com.excelliance.dualaid/com.excelliance.kxqp.user.LoginActivity t13328}}}
06-12 15:50:32.693 V/WindowManager( 1685): reevaluateVisibility focusApp:AppWindowToken{1432903 token=Token{fc795b2 ActivityRecord{6421bbd u0 com.excelliance.dualaid/com.excelliance.kxqp.user.LoginActivity t13328}}}
06-12 15:50:32.741 V/WindowManager( 1685): reevaluateVisibility focusApp:AppWindowToken{1432903 token=Token{fc795b2 ActivityRecord{6421bbd u0 com.excelliance.dualaid/com.excelliance.kxqp.user.LoginActivity t13328}}}
06-12 15:50:32.793 V/WindowManager( 1685): Changing focus from Window{b8d914f u0 com.excelliance.dualaid/com.excelliance.kxqp.user.LoginActivity} to Window{6f60575 u0 com.excelliance.dualaid/com.excelliance.kxqp.user.LoginActivity}
06-12 15:50:32.796 W/WindowManager( 1685): Skip focus check for application before nougat.
06-12 15:50:32.796 V/WindowManager( 1685): reevaluateVisibility focusApp:AppWindowToken{1432903 token=Token{fc795b2 ActivityRecord{6421bbd u0 com.excelliance.dualaid/com.excelliance.kxqp.user.LoginActivity t13328}}}
06-12 15:50:32.878 I/ActivityManager( 1685): START u0 {cmp=com.excelliance.dualaid/com.excelliance.kxqp.ui.MainActivity} from uid 11010 and from pid 26424 on display 0
06-12 15:50:32.888 V/WindowManager( 1685): Changing focus from Window{6f60575 u0 com.excelliance.dualaid/com.excelliance.kxqp.user.LoginActivity} to null
06-12 15:50:32.890 W/WindowManager( 1685): Skip focus check for application before nougat.
06-12 15:50:32.906 D/ActivityManager( 1685): back_key destroy activity: com.excelliance.dualaid top activity: com.excelliance.dualaid
06-12 15:50:32.929 V/WindowManager( 1685): reevaluateVisibility focusApp:AppWindowToken{8174b61 token=Token{6f36ec8 ActivityRecord{fbbf36b u0 com.excelliance.dualaid/com.excelliance.kxqp.ui.MainActivity t13328}}}
06-12 15:50:32.931 W/WindowManager( 1685): Skip focus check for application before nougat.
06-12 15:50:32.980 V/WindowManager( 1685): reevaluateVisibility focusApp:AppWindowToken{8174b61 token=Token{6f36ec8 ActivityRecord{fbbf36b u0 com.excelliance.dualaid/com.excelliance.kxqp.ui.MainActivity t13328}}}
06-12 15:50:32.986 V/WindowManager( 1685): reevaluateVisibility focusApp:AppWindowToken{8174b61 token=Token{6f36ec8 ActivityRecord{fbbf36b u0 com.excelliance.dualaid/com.excelliance.kxqp.ui.MainActivity t13328}}}
06-12 15:50:33.672 I/ActivityManager( 1685): Start proc 27460:com.excelliance.dualaid:lebian/u0a1010 for service com.excelliance.dualaid/com.android.ggapsvc.LBService
06-12 15:50:33.749 V/WindowManager( 1685): reevaluateVisibility focusApp:AppWindowToken{8174b61 token=Token{6f36ec8 ActivityRecord{fbbf36b u0 com.excelliance.dualaid/com.excelliance.kxqp.ui.MainActivity t13328}}}
06-12 15:50:33.772 V/WindowManager( 1685): Changing focus from null to Window{f610927 u0 com.excelliance.dualaid/com.excelliance.kxqp.ui.MainActivity}
06-12 15:50:33.778 V/WindowManager( 1685): reevaluateVisibility focusApp:AppWindowToken{8174b61 token=Token{6f36ec8 ActivityRecord{fbbf36b u0 com.excelliance.dualaid/com.excelliance.kxqp.ui.MainActivity t13328}}}
06-12 15:50:33.882 V/WindowManager( 1685): Changing focus from Window{f610927 u0 com.excelliance.dualaid/com.excelliance.kxqp.ui.MainActivity} to Window{e3bd40 u0 com.excelliance.dualaid/com.excelliance.kxqp.ui.MainActivity}
06-12 15:50:33.885 W/WindowManager( 1685): Skip focus check for application before nougat.
06-12 15:50:34.000 V/WindowManager( 1685): reevaluateVisibility focusApp:AppWindowToken{8174b61 token=Token{6f36ec8 ActivityRecord{fbbf36b u0 com.excelliance.dualaid/com.excelliance.kxqp.ui.MainActivity t13328}}}
06-12 15:50:34.003 V/WindowManager( 1685): reevaluateVisibility focusApp:AppWindowToken{8174b61 token=Token{6f36ec8 ActivityRecord{fbbf36b u0 com.excelliance.dualaid/com.excelliance.kxqp.ui.MainActivity t13328}}}
06-12 15:50:34.004 V/WindowManager( 1685): reevaluateVisibility focusApp:AppWindowToken{8174b61 token=Token{6f36ec8 ActivityRecord{fbbf36b u0 com.excelliance.dualaid/com.excelliance.kxqp.ui.MainActivity t13328}}}
06-12 15:50:34.004 V/WindowManager( 1685): reevaluateVisibility focusApp:AppWindowToken{8174b61 token=Token{6f36ec8 ActivityRecord{fbbf36b u0 com.excelliance.dualaid/com.excelliance.kxqp.ui.MainActivity t13328}}}
06-12 15:50:34.005 V/WindowManager( 1685): reevaluateVisibility focusApp:AppWindowToken{8174b61 token=Token{6f36ec8 ActivityRecord{fbbf36b u0 com.excelliance.dualaid/com.excelliance.kxqp.ui.MainActivity t13328}}}
06-12 15:50:34.080 V/WindowManager( 1685): reevaluateVisibility focusApp:AppWindowToken{8174b61 token=Token{6f36ec8 ActivityRecord{fbbf36b u0 com.excelliance.dualaid/com.excelliance.kxqp.ui.MainActivity t13328}}}
06-12 15:50:34.125 V/WindowManager( 1685): reevaluateVisibility focusApp:AppWindowToken{8174b61 token=Token{6f36ec8 ActivityRecord{fbbf36b u0 com.excelliance.dualaid/com.excelliance.kxqp.ui.MainActivity t13328}}}
06-12 15:50:34.286 D/elsa    ( 1685): app is ProcessRecord{7f2efca 27460:com.excelliance.dualaid:lebian/u0a1010}, isInBlackList is false, isNeedSetProcessGroup is true
06-12 15:50:34.319 D/elsa    ( 1685): app is ProcessRecord{7f2efca 27460:com.excelliance.dualaid:lebian/u0a1010}, isInBlackList is false, isNeedSetProcessGroup is true
06-12 15:50:34.323 V/WindowManager( 1685): reevaluateVisibility focusApp:AppWindowToken{8174b61 token=Token{6f36ec8 ActivityRecord{fbbf36b u0 com.excelliance.dualaid/com.excelliance.kxqp.ui.MainActivity t13328}}}
06-12 15:50:34.325 D/elsa    ( 1685): app is ProcessRecord{7f2efca 27460:com.excelliance.dualaid:lebian/u0a1010}, isInBlackList is false, isNeedSetProcessGroup is true
06-12 15:50:34.461 D/ActivityManager( 1685): back_key destroy activity: com.excelliance.dualaid top activity: com.excelliance.dualaid
06-12 15:50:34.483 V/WindowManager( 1685): reevaluateVisibility focusApp:AppWindowToken{8174b61 token=Token{6f36ec8 ActivityRecord{fbbf36b u0 com.excelliance.dualaid/com.excelliance.kxqp.ui.MainActivity t13328}}}
06-12 15:50:34.872 W/WindowManager( 1685): Attempted to remove non-existing token: android.os.Binder@c64e8ba
06-12 15:50:34.873 V/WindowManager( 1685): reevaluateVisibility focusApp:AppWindowToken{8174b61 token=Token{6f36ec8 ActivityRecord{fbbf36b u0 com.excelliance.dualaid/com.excelliance.kxqp.ui.MainActivity t13328}}}
06-12 15:50:34.962 V/WindowManager( 1685): reevaluateVisibility focusApp:AppWindowToken{8174b61 token=Token{6f36ec8 ActivityRecord{fbbf36b u0 com.excelliance.dualaid/com.excelliance.kxqp.ui.MainActivity t13328}}}
06-12 15:50:35.408 V/WindowManager( 1685): reevaluateVisibility focusApp:AppWindowToken{8174b61 token=Token{6f36ec8 ActivityRecord{fbbf36b u0 com.excelliance.dualaid/com.excelliance.kxqp.ui.MainActivity t13328}}}
06-12 15:50:36.409 E/TaskPersister( 1685): File error accessing recents directory (directory doesn't exist?).
06-12 15:50:44.115 V/WindowManager( 1685): Changing focus from Window{e3bd40 u0 com.excelliance.dualaid/com.excelliance.kxqp.ui.MainActivity} to Window{f610927 u0 com.excelliance.dualaid/com.excelliance.kxqp.ui.MainActivity}
06-12 15:50:44.117 W/WindowManager( 1685): Skip focus check for application before nougat.
06-12 15:50:44.117 V/WindowManager( 1685): reevaluateVisibility focusApp:AppWindowToken{8174b61 token=Token{6f36ec8 ActivityRecord{fbbf36b u0 com.excelliance.dualaid/com.excelliance.kxqp.ui.MainActivity t13328}}}
06-12 15:50:45.235 D/ViewRootImpl(26424): swipeFromBottom mIgnoring === false downY 1692 mStatusBarHeight 54
06-12 15:50:45.262 I/ActivityManager( 1685): START u0 {cmp=com.excelliance.dualaid/com.excelliance.kxqp.platforms.AddGameActivity} from uid 11010 and from pid 26424 on display 0
06-12 15:50:45.273 V/WindowManager( 1685): Changing focus from Window{f610927 u0 com.excelliance.dualaid/com.excelliance.kxqp.ui.MainActivity} to null
06-12 15:50:45.275 W/WindowManager( 1685): Skip focus check for application before nougat.
06-12 15:50:45.434 V/WindowManager( 1685): Changing focus from null to Window{264dff7 u0 com.excelliance.dualaid/com.excelliance.kxqp.platforms.AddGameActivity}
06-12 15:50:45.460 V/WindowManager( 1685): reevaluateVisibility focusApp:AppWindowToken{49e1b2a token=Token{f21ec15 ActivityRecord{9be11cc u0 com.excelliance.dualaid/com.excelliance.kxqp.platforms.AddGameActivity t13328}}}
06-12 15:50:45.461 V/WindowManager( 1685): reevaluateVisibility focusApp:AppWindowToken{49e1b2a token=Token{f21ec15 ActivityRecord{9be11cc u0 com.excelliance.dualaid/com.excelliance.kxqp.platforms.AddGameActivity t13328}}}
06-12 15:50:45.520 V/WindowManager( 1685): reevaluateVisibility focusApp:AppWindowToken{49e1b2a token=Token{f21ec15 ActivityRecord{9be11cc u0 com.excelliance.dualaid/com.excelliance.kxqp.platforms.AddGameActivity t13328}}}
06-12 15:50:45.522 V/WindowManager( 1685): reevaluateVisibility focusApp:AppWindowToken{49e1b2a token=Token{f21ec15 ActivityRecord{9be11cc u0 com.excelliance.dualaid/com.excelliance.kxqp.platforms.AddGameActivity t13328}}}
06-12 15:50:45.533 V/WindowManager( 1685): reevaluateVisibility focusApp:AppWindowToken{49e1b2a token=Token{f21ec15 ActivityRecord{9be11cc u0 com.excelliance.dualaid/com.excelliance.kxqp.platforms.AddGameActivity t13328}}}
06-12 15:50:45.858 V/WindowManager( 1685): reevaluateVisibility focusApp:AppWindowToken{49e1b2a token=Token{f21ec15 ActivityRecord{9be11cc u0 com.excelliance.dualaid/com.excelliance.kxqp.platforms.AddGameActivity t13328}}}
06-12 15:50:45.863 I/ActivityManager( 1685): Killing 19503:com.android.packageinstaller/u0a22 (adj 906): empty for 1800s
06-12 15:50:45.939 D/ActivityManager( 1685): cleanUpApplicationRecord -- 19503
06-12 15:50:48.306 E/TaskPersister( 1685): File error accessing recents directory (directory doesn't exist?).
06-12 15:50:49.956 I/ActivityManager( 1685): Process com.excelliance.dualaid:lebian (pid 27460) has died
06-12 15:50:49.957 D/ActivityManager( 1685): cleanUpApplicationRecord -- 27460
06-12 15:50:51.409 D/ViewRootImpl(26424): swipeFromBottom mIgnoring === false downY 456 mStatusBarHeight 54
06-12 15:50:51.652 V/WindowManager( 1685): reevaluateVisibility focusApp:AppWindowToken{8174b61 token=Token{6f36ec8 ActivityRecord{fbbf36b u0 com.excelliance.dualaid/com.excelliance.kxqp.ui.MainActivity t13328}}}
06-12 15:50:52.153 W/ActivityManager( 1685): Activity pause timeout for ActivityRecord{9be11cc u0 com.excelliance.dualaid/com.excelliance.kxqp.platforms.AddGameActivity t13328 f}
06-12 15:50:52.660 V/WindowManager( 1685): Changing focus from Window{264dff7 u0 com.excelliance.dualaid/com.excelliance.kxqp.platforms.AddGameActivity} to Window{f610927 u0 com.excelliance.dualaid/com.excelliance.kxqp.ui.MainActivity}
06-12 15:50:52.661 W/WindowManager( 1685): Skip focus check for application before nougat.
06-12 15:50:52.666 V/WindowManager( 1685): reevaluateVisibility focusApp:AppWindowToken{8174b61 token=Token{6f36ec8 ActivityRecord{fbbf36b u0 com.excelliance.dualaid/com.excelliance.kxqp.ui.MainActivity t13328}}}
06-12 15:50:52.746 V/WindowManager( 1685): reevaluateVisibility focusApp:AppWindowToken{8174b61 token=Token{6f36ec8 ActivityRecord{fbbf36b u0 com.excelliance.dualaid/com.excelliance.kxqp.ui.MainActivity t13328}}}
06-12 15:50:52.748 V/WindowManager( 1685): reevaluateVisibility focusApp:AppWindowToken{8174b61 token=Token{6f36ec8 ActivityRecord{fbbf36b u0 com.excelliance.dualaid/com.excelliance.kxqp.ui.MainActivity t13328}}}
06-12 15:50:52.748 V/WindowManager( 1685): reevaluateVisibility focusApp:AppWindowToken{8174b61 token=Token{6f36ec8 ActivityRecord{fbbf36b u0 com.excelliance.dualaid/com.excelliance.kxqp.ui.MainActivity t13328}}}
06-12 15:50:52.756 V/WindowManager( 1685): reevaluateVisibility focusApp:AppWindowToken{8174b61 token=Token{6f36ec8 ActivityRecord{fbbf36b u0 com.excelliance.dualaid/com.excelliance.kxqp.ui.MainActivity t13328}}}
06-12 15:50:52.784 D/ActivityManager( 1685): back_key destroy activity: com.excelliance.dualaid top activity: com.excelliance.dualaid
06-12 15:50:52.803 V/WindowManager( 1685): reevaluateVisibility focusApp:AppWindowToken{8174b61 token=Token{6f36ec8 ActivityRecord{fbbf36b u0 com.excelliance.dualaid/com.excelliance.kxqp.ui.MainActivity t13328}}}
06-12 15:50:52.971 V/WindowManager( 1685): reevaluateVisibility focusApp:AppWindowToken{8174b61 token=Token{6f36ec8 ActivityRecord{fbbf36b u0 com.excelliance.dualaid/com.excelliance.kxqp.ui.MainActivity t13328}}}
06-12 15:50:52.972 V/WindowManager( 1685): reevaluateVisibility focusApp:AppWindowToken{8174b61 token=Token{6f36ec8 ActivityRecord{fbbf36b u0 com.excelliance.dualaid/com.excelliance.kxqp.ui.MainActivity t13328}}}
06-12 15:50:52.975 V/WindowManager( 1685): reevaluateVisibility focusApp:AppWindowToken{8174b61 token=Token{6f36ec8 ActivityRecord{fbbf36b u0 com.excelliance.dualaid/com.excelliance.kxqp.ui.MainActivity t13328}}}
06-12 15:50:53.475 D/elsa    ( 1685): app is ProcessRecord{c63c56c 5426:com.nearme.statistics.rom/1000}, isInBlackList is false, isNeedSetProcessGroup is true
06-12 15:50:53.481 D/elsa    ( 1685): app is ProcessRecord{c63c56c 5426:com.nearme.statistics.rom/1000}, isInBlackList is false, isNeedSetProcessGroup is true
06-12 15:50:55.819 E/TaskPersister( 1685): File error accessing recents directory (directory doesn't exist?).
06-12 15:50:57.980 I/WindowManager( 1685): finishPostLayoutPolicyLw (statusbar != null ) true topIsFullscreen true top = Window{f610927 u0 com.excelliance.dualaid/com.excelliance.kxqp.ui.MainActivity}
06-12 15:50:57.980 I/StatusBarManagerService( 1685):  topIsFullscreen fullscreen true
06-12 15:50:57.987 V/WindowManager( 1685): reevaluateVisibility focusApp:AppWindowToken{8174b61 token=Token{6f36ec8 ActivityRecord{fbbf36b u0 com.excelliance.dualaid/com.excelliance.kxqp.ui.MainActivity t13328}}}
06-12 15:50:57.988 V/WindowManager( 1685): reevaluateVisibility focusApp:AppWindowToken{8174b61 token=Token{6f36ec8 ActivityRecord{fbbf36b u0 com.excelliance.dualaid/com.excelliance.kxqp.ui.MainActivity t13328}}}
06-12 15:50:57.988 V/WindowManager( 1685): reevaluateVisibility focusApp:AppWindowToken{8174b61 token=Token{6f36ec8 ActivityRecord{fbbf36b u0 com.excelliance.dualaid/com.excelliance.kxqp.ui.MainActivity t13328}}}
06-12 15:50:58.018 V/WindowManager( 1685): reevaluateVisibility focusApp:AppWindowToken{8174b61 token=Token{6f36ec8 ActivityRecord{fbbf36b u0 com.excelliance.dualaid/com.excelliance.kxqp.ui.MainActivity t13328}}}
06-12 15:50:58.022 V/WindowManager( 1685): reevaluateVisibility focusApp:AppWindowToken{8174b61 token=Token{6f36ec8 ActivityRecord{fbbf36b u0 com.excelliance.dualaid/com.excelliance.kxqp.ui.MainActivity t13328}}}
06-12 15:50:58.050 V/WindowManager( 1685): reevaluateVisibility focusApp:AppWindowToken{8174b61 token=Token{6f36ec8 ActivityRecord{fbbf36b u0 com.excelliance.dualaid/com.excelliance.kxqp.ui.MainActivity t13328}}}
06-12 15:50:58.051 V/WindowManager( 1685): reevaluateVisibility focusApp:AppWindowToken{8174b61 token=Token{6f36ec8 ActivityRecord{fbbf36b u0 com.excelliance.dualaid/com.excelliance.kxqp.ui.MainActivity t13328}}}
06-12 15:50:58.376 V/WindowManager( 1685): reevaluateVisibility focusApp:AppWindowToken{8174b61 token=Token{6f36ec8 ActivityRecord{fbbf36b u0 com.excelliance.dualaid/com.excelliance.kxqp.ui.MainActivity t13328}}}
06-12 15:50:59.188 V/WindowManager( 1685): reevaluateVisibility focusApp:AppWindowToken{8174b61 token=Token{6f36ec8 ActivityRecord{fbbf36b u0 com.excelliance.dualaid/com.excelliance.kxqp.ui.MainActivity t13328}}}
06-12 15:51:00.666 V/WindowManager( 1685): Changing focus from Window{f610927 u0 com.excelliance.dualaid/com.excelliance.kxqp.ui.MainActivity} to Window{97ac u0 com.excelliance.dualaid/com.excelliance.kxqp.ui.MainActivity}
06-12 15:51:00.667 W/WindowManager( 1685): Skip focus check for application before nougat.
06-12 15:51:00.683 V/WindowManager( 1685): reevaluateVisibility focusApp:AppWindowToken{8174b61 token=Token{6f36ec8 ActivityRecord{fbbf36b u0 com.excelliance.dualaid/com.excelliance.kxqp.ui.MainActivity t13328}}}
06-12 15:51:00.684 V/WindowManager( 1685): reevaluateVisibility focusApp:AppWindowToken{8174b61 token=Token{6f36ec8 ActivityRecord{fbbf36b u0 com.excelliance.dualaid/com.excelliance.kxqp.ui.MainActivity t13328}}}
06-12 15:51:00.712 V/WindowManager( 1685): reevaluateVisibility focusApp:AppWindowToken{8174b61 token=Token{6f36ec8 ActivityRecord{fbbf36b u0 com.excelliance.dualaid/com.excelliance.kxqp.ui.MainActivity t13328}}}
06-12 15:51:00.716 V/WindowManager( 1685): reevaluateVisibility focusApp:AppWindowToken{8174b61 token=Token{6f36ec8 ActivityRecord{fbbf36b u0 com.excelliance.dualaid/com.excelliance.kxqp.ui.MainActivity t13328}}}
06-12 15:51:00.739 I/WindowManager( 1685): finishPostLayoutPolicyLw (statusbar != null ) true topIsFullscreen false top = Window{f610927 u0 com.excelliance.dualaid/com.excelliance.kxqp.ui.MainActivity}
06-12 15:51:00.739 I/StatusBarManagerService( 1685):  topIsFullscreen fullscreen false
06-12 15:51:00.746 V/WindowManager( 1685): reevaluateVisibility focusApp:AppWindowToken{8174b61 token=Token{6f36ec8 ActivityRecord{fbbf36b u0 com.excelliance.dualaid/com.excelliance.kxqp.ui.MainActivity t13328}}}
06-12 15:51:00.747 V/WindowManager( 1685): reevaluateVisibility focusApp:AppWindowToken{8174b61 token=Token{6f36ec8 ActivityRecord{fbbf36b u0 com.excelliance.dualaid/com.excelliance.kxqp.ui.MainActivity t13328}}}
06-12 15:51:00.798 V/WindowManager( 1685): reevaluateVisibility focusApp:AppWindowToken{8174b61 token=Token{6f36ec8 ActivityRecord{fbbf36b u0 com.excelliance.dualaid/com.excelliance.kxqp.ui.MainActivity t13328}}}
06-12 15:51:00.811 V/WindowManager( 1685): reevaluateVisibility focusApp:AppWindowToken{8174b61 token=Token{6f36ec8 ActivityRecord{fbbf36b u0 com.excelliance.dualaid/com.excelliance.kxqp.ui.MainActivity t13328}}}
06-12 15:51:00.827 V/WindowManager( 1685): reevaluateVisibility focusApp:AppWindowToken{8174b61 token=Token{6f36ec8 ActivityRecord{fbbf36b u0 com.excelliance.dualaid/com.excelliance.kxqp.ui.MainActivity t13328}}}
06-12 15:51:00.842 V/WindowManager( 1685): reevaluateVisibility focusApp:AppWindowToken{8174b61 token=Token{6f36ec8 ActivityRecord{fbbf36b u0 com.excelliance.dualaid/com.excelliance.kxqp.ui.MainActivity t13328}}}
06-12 15:51:01.043 V/WindowManager( 1685): reevaluateVisibility focusApp:AppWindowToken{8174b61 token=Token{6f36ec8 ActivityRecord{fbbf36b u0 com.excelliance.dualaid/com.excelliance.kxqp.ui.MainActivity t13328}}}
06-12 15:51:02.697 D/ViewRootImpl(26424): swipeFromBottom mIgnoring === false downY 646 mStatusBarHeight 54
06-12 15:51:02.714 V/WindowManager( 1685): Changing focus from Window{97ac u0 com.excelliance.dualaid/com.excelliance.kxqp.ui.MainActivity EXITING} to Window{f610927 u0 com.excelliance.dualaid/com.excelliance.kxqp.ui.MainActivity}
06-12 15:51:02.715 W/WindowManager( 1685): Skip focus check for application before nougat.
06-12 15:51:02.732 V/WindowManager( 1685): reevaluateVisibility focusApp:AppWindowToken{8174b61 token=Token{6f36ec8 ActivityRecord{fbbf36b u0 com.excelliance.dualaid/com.excelliance.kxqp.ui.MainActivity t13328}}}
06-12 15:51:03.012 V/WindowManager( 1685): reevaluateVisibility focusApp:AppWindowToken{8174b61 token=Token{6f36ec8 ActivityRecord{fbbf36b u0 com.excelliance.dualaid/com.excelliance.kxqp.ui.MainActivity t13328}}}
06-12 15:51:03.020 V/WindowManager( 1685): reevaluateVisibility focusApp:AppWindowToken{8174b61 token=Token{6f36ec8 ActivityRecord{fbbf36b u0 com.excelliance.dualaid/com.excelliance.kxqp.ui.MainActivity t13328}}}
06-12 15:51:08.071 I/WindowManager( 1685): finishPostLayoutPolicyLw (statusbar != null ) true topIsFullscreen true top = Window{f610927 u0 com.excelliance.dualaid/com.excelliance.kxqp.ui.MainActivity}
06-12 15:51:08.072 I/StatusBarManagerService( 1685):  topIsFullscreen fullscreen true
06-12 15:51:08.082 V/WindowManager( 1685): reevaluateVisibility focusApp:AppWindowToken{8174b61 token=Token{6f36ec8 ActivityRecord{fbbf36b u0 com.excelliance.dualaid/com.excelliance.kxqp.ui.MainActivity t13328}}}
06-12 15:51:08.083 V/WindowManager( 1685): reevaluateVisibility focusApp:AppWindowToken{8174b61 token=Token{6f36ec8 ActivityRecord{fbbf36b u0 com.excelliance.dualaid/com.excelliance.kxqp.ui.MainActivity t13328}}}
06-12 15:51:08.084 V/WindowManager( 1685): reevaluateVisibility focusApp:AppWindowToken{8174b61 token=Token{6f36ec8 ActivityRecord{fbbf36b u0 com.excelliance.dualaid/com.excelliance.kxqp.ui.MainActivity t13328}}}
06-12 15:51:08.103 V/WindowManager( 1685): reevaluateVisibility focusApp:AppWindowToken{8174b61 token=Token{6f36ec8 ActivityRecord{fbbf36b u0 com.excelliance.dualaid/com.excelliance.kxqp.ui.MainActivity t13328}}}
06-12 15:51:08.105 V/WindowManager( 1685): reevaluateVisibility focusApp:AppWindowToken{8174b61 token=Token{6f36ec8 ActivityRecord{fbbf36b u0 com.excelliance.dualaid/com.excelliance.kxqp.ui.MainActivity t13328}}}
06-12 15:51:08.131 V/WindowManager( 1685): reevaluateVisibility focusApp:AppWindowToken{8174b61 token=Token{6f36ec8 ActivityRecord{fbbf36b u0 com.excelliance.dualaid/com.excelliance.kxqp.ui.MainActivity t13328}}}
06-12 15:51:08.133 V/WindowManager( 1685): reevaluateVisibility focusApp:AppWindowToken{8174b61 token=Token{6f36ec8 ActivityRecord{fbbf36b u0 com.excelliance.dualaid/com.excelliance.kxqp.ui.MainActivity t13328}}}
06-12 15:51:08.459 V/WindowManager( 1685): reevaluateVisibility focusApp:AppWindowToken{8174b61 token=Token{6f36ec8 ActivityRecord{fbbf36b u0 com.excelliance.dualaid/com.excelliance.kxqp.ui.MainActivity t13328}}}
06-12 15:51:09.282 V/WindowManager( 1685): reevaluateVisibility focusApp:AppWindowToken{8174b61 token=Token{6f36ec8 ActivityRecord{fbbf36b u0 com.excelliance.dualaid/com.excelliance.kxqp.ui.MainActivity t13328}}}
06-12 15:51:10.749 V/WindowManager( 1685): Changing focus from Window{f610927 u0 com.excelliance.dualaid/com.excelliance.kxqp.ui.MainActivity} to Window{2f51ce5 u0 com.excelliance.dualaid/com.excelliance.kxqp.ui.MainActivity}
06-12 15:51:10.750 W/WindowManager( 1685): Skip focus check for application before nougat.
06-12 15:51:10.765 V/WindowManager( 1685): reevaluateVisibility focusApp:AppWindowToken{8174b61 token=Token{6f36ec8 ActivityRecord{fbbf36b u0 com.excelliance.dualaid/com.excelliance.kxqp.ui.MainActivity t13328}}}
06-12 15:51:10.767 V/WindowManager( 1685): reevaluateVisibility focusApp:AppWindowToken{8174b61 token=Token{6f36ec8 ActivityRecord{fbbf36b u0 com.excelliance.dualaid/com.excelliance.kxqp.ui.MainActivity t13328}}}
06-12 15:51:10.799 V/WindowManager( 1685): reevaluateVisibility focusApp:AppWindowToken{8174b61 token=Token{6f36ec8 ActivityRecord{fbbf36b u0 com.excelliance.dualaid/com.excelliance.kxqp.ui.MainActivity t13328}}}
06-12 15:51:10.801 V/WindowManager( 1685): reevaluateVisibility focusApp:AppWindowToken{8174b61 token=Token{6f36ec8 ActivityRecord{fbbf36b u0 com.excelliance.dualaid/com.excelliance.kxqp.ui.MainActivity t13328}}}
06-12 15:51:10.819 I/WindowManager( 1685): finishPostLayoutPolicyLw (statusbar != null ) true topIsFullscreen false top = Window{f610927 u0 com.excelliance.dualaid/com.excelliance.kxqp.ui.MainActivity}
06-12 15:51:10.819 I/StatusBarManagerService( 1685):  topIsFullscreen fullscreen false
06-12 15:51:10.825 V/WindowManager( 1685): reevaluateVisibility focusApp:AppWindowToken{8174b61 token=Token{6f36ec8 ActivityRecord{fbbf36b u0 com.excelliance.dualaid/com.excelliance.kxqp.ui.MainActivity t13328}}}
06-12 15:51:10.827 V/WindowManager( 1685): reevaluateVisibility focusApp:AppWindowToken{8174b61 token=Token{6f36ec8 ActivityRecord{fbbf36b u0 com.excelliance.dualaid/com.excelliance.kxqp.ui.MainActivity t13328}}}
06-12 15:51:10.871 V/WindowManager( 1685): reevaluateVisibility focusApp:AppWindowToken{8174b61 token=Token{6f36ec8 ActivityRecord{fbbf36b u0 com.excelliance.dualaid/com.excelliance.kxqp.ui.MainActivity t13328}}}
06-12 15:51:10.872 V/WindowManager( 1685): reevaluateVisibility focusApp:AppWindowToken{8174b61 token=Token{6f36ec8 ActivityRecord{fbbf36b u0 com.excelliance.dualaid/com.excelliance.kxqp.ui.MainActivity t13328}}}
06-12 15:51:10.879 V/WindowManager( 1685): reevaluateVisibility focusApp:AppWindowToken{8174b61 token=Token{6f36ec8 ActivityRecord{fbbf36b u0 com.excelliance.dualaid/com.excelliance.kxqp.ui.MainActivity t13328}}}
06-12 15:51:10.931 V/WindowManager( 1685): reevaluateVisibility focusApp:AppWindowToken{8174b61 token=Token{6f36ec8 ActivityRecord{fbbf36b u0 com.excelliance.dualaid/com.excelliance.kxqp.ui.MainActivity t13328}}}
06-12 15:51:11.128 V/WindowManager( 1685): reevaluateVisibility focusApp:AppWindowToken{8174b61 token=Token{6f36ec8 ActivityRecord{fbbf36b u0 com.excelliance.dualaid/com.excelliance.kxqp.ui.MainActivity t13328}}}
06-12 15:51:12.683 D/ViewRootImpl(26424): swipeFromBottom mIgnoring === false downY 540 mStatusBarHeight 54
06-12 15:51:12.716 V/WindowManager( 1685): Changing focus from Window{2f51ce5 u0 com.excelliance.dualaid/com.excelliance.kxqp.ui.MainActivity EXITING} to Window{f610927 u0 com.excelliance.dualaid/com.excelliance.kxqp.ui.MainActivity}
06-12 15:51:12.717 W/WindowManager( 1685): Skip focus check for application before nougat.
06-12 15:51:12.734 V/WindowManager( 1685): reevaluateVisibility focusApp:AppWindowToken{8174b61 token=Token{6f36ec8 ActivityRecord{fbbf36b u0 com.excelliance.dualaid/com.excelliance.kxqp.ui.MainActivity t13328}}}
06-12 15:51:13.004 V/WindowManager( 1685): reevaluateVisibility focusApp:AppWindowToken{8174b61 token=Token{6f36ec8 ActivityRecord{fbbf36b u0 com.excelliance.dualaid/com.excelliance.kxqp.ui.MainActivity t13328}}}
06-12 15:51:13.009 V/WindowManager( 1685): reevaluateVisibility focusApp:AppWindowToken{8174b61 token=Token{6f36ec8 ActivityRecord{fbbf36b u0 com.excelliance.dualaid/com.excelliance.kxqp.ui.MainActivity t13328}}}
06-12 15:51:16.198 I/WindowManager( 1685): finishPostLayoutPolicyLw (statusbar != null ) true topIsFullscreen true top = Window{f610927 u0 com.excelliance.dualaid/com.excelliance.kxqp.ui.MainActivity}
06-12 15:51:16.198 I/StatusBarManagerService( 1685):  topIsFullscreen fullscreen true
06-12 15:51:16.205 V/WindowManager( 1685): reevaluateVisibility focusApp:AppWindowToken{8174b61 token=Token{6f36ec8 ActivityRecord{fbbf36b u0 com.excelliance.dualaid/com.excelliance.kxqp.ui.MainActivity t13328}}}
06-12 15:51:16.207 V/WindowManager( 1685): reevaluateVisibility focusApp:AppWindowToken{8174b61 token=Token{6f36ec8 ActivityRecord{fbbf36b u0 com.excelliance.dualaid/com.excelliance.kxqp.ui.MainActivity t13328}}}
06-12 15:51:16.215 V/WindowManager( 1685): reevaluateVisibility focusApp:AppWindowToken{8174b61 token=Token{6f36ec8 ActivityRecord{fbbf36b u0 com.excelliance.dualaid/com.excelliance.kxqp.ui.MainActivity t13328}}}
06-12 15:51:16.233 V/WindowManager( 1685): reevaluateVisibility focusApp:AppWindowToken{8174b61 token=Token{6f36ec8 ActivityRecord{fbbf36b u0 com.excelliance.dualaid/com.excelliance.kxqp.ui.MainActivity t13328}}}
06-12 15:51:16.236 V/WindowManager( 1685): reevaluateVisibility focusApp:AppWindowToken{8174b61 token=Token{6f36ec8 ActivityRecord{fbbf36b u0 com.excelliance.dualaid/com.excelliance.kxqp.ui.MainActivity t13328}}}
06-12 15:51:16.260 V/WindowManager( 1685): reevaluateVisibility focusApp:AppWindowToken{8174b61 token=Token{6f36ec8 ActivityRecord{fbbf36b u0 com.excelliance.dualaid/com.excelliance.kxqp.ui.MainActivity t13328}}}
06-12 15:51:16.262 V/WindowManager( 1685): reevaluateVisibility focusApp:AppWindowToken{8174b61 token=Token{6f36ec8 ActivityRecord{fbbf36b u0 com.excelliance.dualaid/com.excelliance.kxqp.ui.MainActivity t13328}}}
06-12 15:51:16.585 V/WindowManager( 1685): reevaluateVisibility focusApp:AppWindowToken{8174b61 token=Token{6f36ec8 ActivityRecord{fbbf36b u0 com.excelliance.dualaid/com.excelliance.kxqp.ui.MainActivity t13328}}}
06-12 15:51:17.413 V/WindowManager( 1685): reevaluateVisibility focusApp:AppWindowToken{8174b61 token=Token{6f36ec8 ActivityRecord{fbbf36b u0 com.excelliance.dualaid/com.excelliance.kxqp.ui.MainActivity t13328}}}
06-12 15:51:18.887 V/WindowManager( 1685): Changing focus from Window{f610927 u0 com.excelliance.dualaid/com.excelliance.kxqp.ui.MainActivity} to Window{15a0f6a u0 com.excelliance.dualaid/com.excelliance.kxqp.ui.MainActivity}
06-12 15:51:18.888 W/WindowManager( 1685): Skip focus check for application before nougat.
06-12 15:51:18.907 V/WindowManager( 1685): reevaluateVisibility focusApp:AppWindowToken{8174b61 token=Token{6f36ec8 ActivityRecord{fbbf36b u0 com.excelliance.dualaid/com.excelliance.kxqp.ui.MainActivity t13328}}}
06-12 15:51:18.909 V/WindowManager( 1685): reevaluateVisibility focusApp:AppWindowToken{8174b61 token=Token{6f36ec8 ActivityRecord{fbbf36b u0 com.excelliance.dualaid/com.excelliance.kxqp.ui.MainActivity t13328}}}
06-12 15:51:18.943 V/WindowManager( 1685): reevaluateVisibility focusApp:AppWindowToken{8174b61 token=Token{6f36ec8 ActivityRecord{fbbf36b u0 com.excelliance.dualaid/com.excelliance.kxqp.ui.MainActivity t13328}}}
06-12 15:51:18.944 V/WindowManager( 1685): reevaluateVisibility focusApp:AppWindowToken{8174b61 token=Token{6f36ec8 ActivityRecord{fbbf36b u0 com.excelliance.dualaid/com.excelliance.kxqp.ui.MainActivity t13328}}}
06-12 15:51:18.957 I/WindowManager( 1685): finishPostLayoutPolicyLw (statusbar != null ) true topIsFullscreen false top = Window{f610927 u0 com.excelliance.dualaid/com.excelliance.kxqp.ui.MainActivity}
06-12 15:51:18.958 I/StatusBarManagerService( 1685):  topIsFullscreen fullscreen false
06-12 15:51:18.962 V/WindowManager( 1685): reevaluateVisibility focusApp:AppWindowToken{8174b61 token=Token{6f36ec8 ActivityRecord{fbbf36b u0 com.excelliance.dualaid/com.excelliance.kxqp.ui.MainActivity t13328}}}
06-12 15:51:18.963 V/WindowManager( 1685): reevaluateVisibility focusApp:AppWindowToken{8174b61 token=Token{6f36ec8 ActivityRecord{fbbf36b u0 com.excelliance.dualaid/com.excelliance.kxqp.ui.MainActivity t13328}}}
06-12 15:51:18.996 V/WindowManager( 1685): reevaluateVisibility focusApp:AppWindowToken{8174b61 token=Token{6f36ec8 ActivityRecord{fbbf36b u0 com.excelliance.dualaid/com.excelliance.kxqp.ui.MainActivity t13328}}}
06-12 15:51:18.997 V/WindowManager( 1685): reevaluateVisibility focusApp:AppWindowToken{8174b61 token=Token{6f36ec8 ActivityRecord{fbbf36b u0 com.excelliance.dualaid/com.excelliance.kxqp.ui.MainActivity t13328}}}
06-12 15:51:19.013 V/WindowManager( 1685): reevaluateVisibility focusApp:AppWindowToken{8174b61 token=Token{6f36ec8 ActivityRecord{fbbf36b u0 com.excelliance.dualaid/com.excelliance.kxqp.ui.MainActivity t13328}}}
06-12 15:51:19.055 V/WindowManager( 1685): reevaluateVisibility focusApp:AppWindowToken{8174b61 token=Token{6f36ec8 ActivityRecord{fbbf36b u0 com.excelliance.dualaid/com.excelliance.kxqp.ui.MainActivity t13328}}}
06-12 15:51:19.256 V/WindowManager( 1685): reevaluateVisibility focusApp:AppWindowToken{8174b61 token=Token{6f36ec8 ActivityRecord{fbbf36b u0 com.excelliance.dualaid/com.excelliance.kxqp.ui.MainActivity t13328}}}
06-12 15:51:20.924 D/ViewRootImpl(26424): swipeFromBottom mIgnoring === false downY 1207 mStatusBarHeight 54
06-12 15:51:21.000 V/WindowManager( 1685): Changing focus from Window{15a0f6a u0 com.excelliance.dualaid/com.excelliance.kxqp.ui.MainActivity EXITING} to Window{f610927 u0 com.excelliance.dualaid/com.excelliance.kxqp.ui.MainActivity}
06-12 15:51:21.002 W/WindowManager( 1685): Skip focus check for application before nougat.
06-12 15:51:21.013 V/WindowManager( 1685): reevaluateVisibility focusApp:AppWindowToken{8174b61 token=Token{6f36ec8 ActivityRecord{fbbf36b u0 com.excelliance.dualaid/com.excelliance.kxqp.ui.MainActivity t13328}}}
06-12 15:51:21.122 D/elsa    ( 1685): app is ProcessRecord{5532122 3319:com.oppo.launcher/u0a17}, isInBlackList is false, isNeedSetProcessGroup is true
06-12 15:51:21.135 D/elsa    ( 1685): app is ProcessRecord{5532122 3319:com.oppo.launcher/u0a17}, isInBlackList is false, isNeedSetProcessGroup is true
06-12 15:51:21.142 D/elsa    ( 1685): app is ProcessRecord{5532122 3319:com.oppo.launcher/u0a17}, isInBlackList is false, isNeedSetProcessGroup is true
06-12 15:51:21.157 D/elsa    ( 1685): app is ProcessRecord{5532122 3319:com.oppo.launcher/u0a17}, isInBlackList is false, isNeedSetProcessGroup is true
06-12 15:51:21.289 V/WindowManager( 1685): reevaluateVisibility focusApp:AppWindowToken{8174b61 token=Token{6f36ec8 ActivityRecord{fbbf36b u0 com.excelliance.dualaid/com.excelliance.kxqp.ui.MainActivity t13328}}}
06-12 15:51:21.294 V/WindowManager( 1685): reevaluateVisibility focusApp:AppWindowToken{8174b61 token=Token{6f36ec8 ActivityRecord{fbbf36b u0 com.excelliance.dualaid/com.excelliance.kxqp.ui.MainActivity t13328}}}
06-12 15:51:24.535 I/ActivityManager( 1685): Force stopping com.excelliance.dualaid appid=11010 user=0: clear data
06-12 15:51:24.535 I/ActivityManager( 1685): Killing 26509:com.excelliance.dualaid:lbcore/u0a1010 (adj 0): stop com.excelliance.dualaid
06-12 15:51:24.536 D/ActivityManager( 1685): cleanUpApplicationRecord -- 26509
06-12 15:51:24.536 I/ActivityManager( 1685): Killing 26640:com.excelliance.dualaid:smtcnt/u0a1010 (adj 100): depends on provider com.excelliance.dualaid/com.excelliance.kxqp.platform.PluginManagerProvider in dying proc com.excelliance.dualaid:lbcore (adj 0)
