--------- beginning of system
06-12 13:33:53.710 D/ActivityThread(27114): Loading provider com.excelliance.dualaid:com.excelliance.kxqp.platform.PluginManagerProvider: com.excelliance.kxqp.platform.PluginManagerProvider
06-12 13:33:53.756 I/chatty  ( 1685): uid=1000(system) android.io expire 2 lines
06-12 13:33:53.756 I/chatty  ( 1685): uid=1000(system) Binder:1685_7 expire 2 lines
06-12 13:33:56.234 I/chatty  ( 1685): uid=1000(system) Binder:1685_9 expire 3 lines
06-12 13:33:56.260 I/chatty  ( 1685): uid=1000(system) Binder:1685_1F expire 3 lines
06-12 13:33:56.574 I/chatty  ( 1685): uid=1000(system) Binder:1685_A expire 4 lines
06-12 13:33:56.578 I/chatty  ( 1685): uid=1000(system) ActivityManager expire 4 lines
06-12 13:33:56.587 I/chatty  ( 1685): uid=1000(system) Binder:1685_E expire 1 line
06-12 13:33:56.603 I/chatty  ( 1685): uid=1000 system_server expire 2 lines
06-12 13:33:57.485 I/chatty  ( 1685): uid=1000(system) LazyTaskWriterT expire 6 lines
06-12 13:33:59.991 D/ViewRootImpl(26988): swipeFromBottom mIgnoring === false downY 1738 mStatusBarHeight 54
06-12 13:34:00.014 I/chatty  ( 1685): uid=1000(system) Binder:1685_15 expire 7 lines
06-12 13:34:00.198 I/chatty  ( 1685): uid=1000(system) Binder:1685_14 expire 6 lines
06-12 13:34:00.219 I/chatty  ( 1685): uid=1000(system) android.display expire 30 lines
06-12 13:34:00.492 I/chatty  ( 1685): uid=1000(system) Binder:1685_1B expire 3 lines
06-12 13:34:02.201 D/ViewRootImpl(26988): swipeFromBottom mIgnoring === false downY 138 mStatusBarHeight 54
06-12 13:34:02.236 I/chatty  ( 1685): uid=1000(system) Binder:1685_1D expire 2 lines
06-12 13:34:03.253 I/chatty  ( 1685): uid=1000(system) Binder:1685_D expire 3 lines
06-12 13:34:03.300 I/chatty  ( 1685): uid=1000(system) Binder:1685_13 expire 3 lines
06-12 13:34:14.130 D/ViewRootImpl(27019): swipeFromBottom mIgnoring === false downY 804 mStatusBarHeight 54
06-12 13:34:14.257 I/chatty  ( 1685): uid=1000(system) Binder:1685_1C expire 9 lines
06-12 13:34:14.287 I/chatty  ( 1685): uid=1000(system) android.display expire 30 lines
06-12 13:34:14.419 I/chatty  ( 1685): uid=1000(system) Binder:1685_1 expire 2 lines
06-12 13:34:21.437 D/ViewRootImpl(27019): swipeFromBottom mIgnoring === false downY 862 mStatusBarHeight 54
06-12 13:34:21.876 I/chatty  ( 1685): uid=1000(system) Binder:1685_5 expire 3 lines
06-12 13:34:21.894 I/chatty  ( 1685): uid=1000(system) Binder:1685_8 expire 2 lines
06-12 13:34:22.474 I/chatty  ( 1685): uid=1000(system) Binder:1685_10 expire 3 lines
06-12 13:34:22.668 I/chatty  ( 1685): uid=1000(system) Binder:1685_1E expire 1 line
06-12 13:34:22.670 I/chatty  ( 1685): uid=1000(system) Binder:1685_6 expire 3 lines
06-12 13:34:23.031 I/chatty  ( 1685): uid=1000(system) Binder:1685_4 expire 3 lines
06-12 13:34:32.329 W/ViewRootImpl[MainActivity](27019): Cancelling event due to no window focus: KeyEvent { action=ACTION_UP, keyCode=KEYCODE_BACK, scanCode=0, metaState=0, flags=0x20, repeatCount=0, eventTime=529271742, downTime=529271742, deviceId=-1, source=0x101 }, hasFocus:false, mStopped:false, mPausedForTransition:false
06-12 13:34:32.329 W/ViewRootImpl[MainActivity](27019): Cancelling event due to no window focus: KeyEvent { action=ACTION_UP, keyCode=KEYCODE_BACK, scanCode=0, metaState=0, flags=0x20, repeatCount=0, eventTime=529271742, downTime=529271742, deviceId=-1, source=0x101 }, hasFocus:false, mStopped:false, mPausedForTransition:false
06-12 13:34:32.329 W/ViewRootImpl[MainActivity](27019): Cancelling event due to no window focus: KeyEvent { action=ACTION_UP, keyCode=KEYCODE_BACK, scanCode=0, metaState=0, flags=0x20, repeatCount=0, eventTime=529271742, downTime=529271742, deviceId=-1, source=0x101 }, hasFocus:false, mStopped:false, mPausedForTransition:false
06-12 13:34:32.331 W/ViewRootImpl[MainActivity](27019): Cancelling event due to no window focus: KeyEvent { action=ACTION_UP, keyCode=KEYCODE_BACK, scanCode=0, metaState=0, flags=0x20, repeatCount=0, eventTime=529271742, downTime=529271742, deviceId=-1, source=0x101 }, hasFocus:false, mStopped:false, mPausedForTransition:false
06-12 13:34:32.331 W/ViewRootImpl[MainActivity](27019): Cancelling event due to no window focus: KeyEvent { action=ACTION_UP, keyCode=KEYCODE_BACK, scanCode=0, metaState=0, flags=0x20, repeatCount=0, eventTime=529271742, downTime=529271742, deviceId=-1, source=0x101 }, hasFocus:false, mStopped:false, mPausedForTransition:false
06-12 13:34:32.331 W/ViewRootImpl[MainActivity](27019): Cancelling event due to no window focus: KeyEvent { action=ACTION_UP, keyCode=KEYCODE_BACK, scanCode=0, metaState=0, flags=0x20, repeatCount=0, eventTime=529271742, downTime=529271742, deviceId=-1, source=0x101 }, hasFocus:false, mStopped:false, mPausedForTransition:false
06-12 13:34:32.331 W/ViewRootImpl[MainActivity](27019): Cancelling event due to no window focus: KeyEvent { action=ACTION_UP, keyCode=KEYCODE_BACK, scanCode=0, metaState=0, flags=0x20, repeatCount=0, eventTime=529271742, downTime=529271742, deviceId=-1, source=0x101 }, hasFocus:false, mStopped:false, mPausedForTransition:false
06-12 13:34:32.331 W/ViewRootImpl[MainActivity](27019): Cancelling event due to no window focus: KeyEvent { action=ACTION_UP, keyCode=KEYCODE_BACK, scanCode=0, metaState=0, flags=0x20, repeatCount=0, eventTime=529271742, downTime=529271742, deviceId=-1, source=0x101 }, hasFocus:false, mStopped:false, mPausedForTransition:false
06-12 13:34:32.332 W/ViewRootImpl[MainActivity](27019): Cancelling event due to no window focus: KeyEvent { action=ACTION_UP, keyCode=KEYCODE_BACK, scanCode=0, metaState=0, flags=0x20, repeatCount=0, eventTime=529271742, downTime=529271742, deviceId=-1, source=0x101 }, hasFocus:false, mStopped:false, mPausedForTransition:false
06-12 13:34:33.270 D/ViewRootImpl(27019): swipeFromBottom mIgnoring === false downY 1692 mStatusBarHeight 54
06-12 13:34:33.370 I/chatty  ( 1685): uid=1000(system) Binder:1685_19 expire 1 line
06-12 13:34:33.384 I/chatty  ( 1685): uid=1000(system) android.display expire 36 lines
06-12 13:34:40.182 D/ViewRootImpl(27019): swipeFromBottom mIgnoring === false downY 456 mStatusBarHeight 54
06-12 13:34:41.016 I/chatty  ( 1685): uid=1000(system) Binder:1685_20 expire 2 lines
06-12 13:34:51.200 D/ViewRootImpl(27019): swipeFromBottom mIgnoring === false downY 646 mStatusBarHeight 54
06-12 13:34:51.232 I/chatty  ( 1685): uid=1000(system) android.display expire 23 lines
06-12 13:34:57.748 I/chatty  ( 1685): uid=1000(system) Binder:1685_15 expire 6 lines
06-12 13:34:57.805 I/chatty  ( 1685): uid=1000(system) Binder:1685_6 expire 4 lines
06-12 13:35:01.402 D/ViewRootImpl(27019): swipeFromBottom mIgnoring === false downY 540 mStatusBarHeight 54
06-12 13:35:01.422 I/chatty  ( 1685): uid=1000(system) Binder:1685_17 expire 2 lines
06-12 13:35:01.449 I/chatty  ( 1685): uid=1000(system) android.display expire 23 lines
06-12 13:35:06.965 I/chatty  ( 1685): uid=1000(system) Binder:1685_1E expire 4 lines
06-12 13:35:09.639 I/chatty  ( 1685): uid=1000(system) Binder:1685_19 expire 3 lines
06-12 13:35:12.308 D/ViewRootImpl(27019): swipeFromBottom mIgnoring === false downY 1207 mStatusBarHeight 54
06-12 13:35:12.342 I/chatty  ( 1685): uid=1000(system) Binder:1685_9 expire 3 lines
06-12 13:35:12.351 I/chatty  ( 1685): uid=1000(system) android.display expire 25 lines
06-12 13:35:12.444 I/chatty  ( 1685): uid=1000(system) Binder:1685_B expire 4 lines
06-12 13:35:12.461 I/chatty  ( 1685): uid=1000(system) Binder:1685_10 expire 18 lines
06-12 13:35:16.098 I/chatty  ( 1685): uid=1000(system) ActivityManager expire 2 lines
06-12 13:35:16.115 I/chatty  ( 1685): uid=1000(system) ActivityManager expire 5 lines
06-12 13:35:16.143 I/chatty  ( 1685): uid=1000(system) PackageManager expire 8 lines
06-12 13:35:16.157 I/chatty  ( 1685): uid=1000 system_server expire 8 lines
06-12 13:35:16.175 I/chatty  ( 1685): uid=1000(system) Binder:1685_16 expire 2 lines
06-12 13:35:16.181 I/chatty  ( 1685): uid=1000(system) Binder:1685_13 expire 1 line
06-12 13:35:16.219 I/chatty  ( 1685): uid=1000(system) Binder:1685_2 expire 2 lines
06-12 13:35:16.242 I/chatty  ( 1685): uid=1000(system) LazyTaskWriterT expire 2 lines
06-12 13:35:18.578 I/chatty  ( 1685): uid=1000(system) Binder:1685_4 expire 3 lines
06-12 13:35:18.639 I/chatty  ( 1685): uid=1000(system) Binder:1685_18 expire 1 line
06-12 13:35:39.858 I/chatty  ( 1685): uid=1000(system) Binder:1685_C expire 3 lines
06-12 13:48:25.149 I/chatty  ( 1685): uid=1000(system) Binder:1685_5 expire 1 line
06-12 13:53:39.640 I/chatty  ( 1685): uid=1000(system) android.bg expire 1 line
06-12 14:03:00.061 I/chatty  ( 1685): uid=1000(system) Binder:1685_1D expire 2 lines
06-12 14:03:25.233 I/chatty  ( 1685): uid=1000(system) Binder:1685_8 expire 4 lines
06-12 14:03:27.198 I/chatty  ( 1685): uid=1000(system) batterystats-sy expire 1 line
06-12 14:05:48.492 I/chatty  ( 1685): uid=1000(system) Binder:1685_12 expire 5 lines
06-12 14:05:48.534 I/chatty  ( 1685): uid=1000(system) Binder:1685_E expire 2 lines
06-12 14:05:48.550 I/chatty  ( 1685): uid=1000(system) Binder:1685_7 expire 10 lines
06-12 14:05:48.552 I/chatty  ( 1685): uid=1000(system) aceService.Main expire 1 line
06-12 14:05:48.732 I/chatty  ( 1685): uid=1000(system) PowerManagerSer expire 3 lines
06-12 14:05:49.062 I/chatty  ( 1685): uid=1000(system) Binder:1685_1 expire 1 line
06-12 14:05:49.948 I/chatty  ( 1685): uid=1000(system) Binder:1685_1A expire 4 lines
06-12 14:05:50.043 I/chatty  ( 1685): uid=1000(system) Binder:1685_A expire 4 lines
06-12 14:06:04.963 D/DefContainer( 4909): Copying /storage/emulated/0/ColorOS/Market/app/.au/20483646.apk to base.apk
06-12 14:06:10.492 I/chatty  ( 1685): uid=1000(system) Binder:1685_3 expire 2 lines
06-12 14:06:10.509 I/chatty  ( 1685): uid=1000(system) Binder:1685_20 expire 1 line
06-12 14:06:10.513 I/chatty  ( 1685): uid=1000(system) Binder:1685_7 expire 2 lines
06-12 14:06:10.514 I/chatty  ( 1685): uid=1000(system) PackageManager expire 3 lines
06-12 14:06:10.808 I/chatty  ( 1685): uid=1000(system) BroadcastQueue expire 13 lines
06-12 14:06:10.815 I/chatty  ( 1685): uid=1000(system) Binder:1685_6 expire 2 lines
06-12 14:06:10.844 I/chatty  ( 1685): uid=1000(system) Binder:1685_D expire 5 lines
06-12 14:06:10.862 I/chatty  ( 1685): uid=1000 system_server expire 19 lines
06-12 14:06:10.896 I/chatty  ( 1685): uid=1000(system) Binder:1685_1F expire 9 lines
06-12 14:06:10.971 I/chatty  ( 1685): uid=1000(system) android.bg expire 4 lines
06-12 14:06:10.975 I/chatty  ( 1685): uid=1000(system) pool-3-thread-1 expire 3 lines
06-12 14:06:10.983 I/chatty  ( 1685): uid=1000(system) Binder:1685_F expire 5 lines
06-12 14:06:11.016 I/chatty  ( 1685): uid=1000(system) Binder:1685_C expire 3 lines
06-12 14:06:11.030 I/chatty  ( 1685): uid=1000(system) Binder:1685_13 expire 4 lines
06-12 14:06:11.150 W/ActivityThread(26541): ClassLoader.loadClass: The class loader returned by Thread.getContextClassLoader() may fail for processes that host multiple applications. You should explicitly specify a context class loader. For example: Thread.setContextClassLoader(getClass().getClassLoader());
06-12 14:06:11.189 I/chatty  ( 1685): uid=1000(system) Binder:1685_B expire 8 lines
06-12 14:06:11.264 I/chatty  ( 1685): uid=1000(system) Binder:1685_E expire 4 lines
06-12 14:06:11.268 I/chatty  ( 1685): uid=1000(system) Binder:1685_1B expire 8 lines
06-12 14:06:11.274 I/chatty  ( 1685): uid=1000(system) Binder:1685_16 expire 6 lines
06-12 14:06:11.280 I/chatty  ( 1685): uid=1000(system) Binder:1685_A expire 4 lines
06-12 14:06:11.283 I/chatty  ( 1685): uid=1000(system) Binder:1685_3 expire 7 lines
06-12 14:06:11.299 I/chatty  ( 1685): uid=1000(system) Binder:1685_1D expire 4 lines
06-12 14:06:11.316 I/chatty  ( 1685): uid=1000(system) Binder:1685_12 expire 3 lines
06-12 14:06:11.440 I/chatty  ( 1685): uid=1000(system) Binder:1685_10 expire 8 lines
06-12 14:06:11.575 I/chatty  ( 1685): uid=1000(system) Binder:1685_1C expire 11 lines
06-12 14:06:11.634 I/chatty  ( 1685): uid=1000(system) Binder:1685_20 expire 4 lines
06-12 14:06:11.805 I/chatty  ( 1685): uid=1000(system) Binder:1685_14 expire 6 lines
06-12 14:06:11.902 I/chatty  ( 1685): uid=1000(system) Binder:1685_15 expire 9 lines
06-12 14:06:13.092 I/chatty  ( 1685): uid=1000(system) Binder:1685_18 expire 2 lines
06-12 14:06:13.703 I/chatty  ( 1685): uid=1000(system) Binder:1685_5 expire 2 lines
06-12 14:06:14.267 I/chatty  ( 1685): uid=1000(system) Binder:1685_1E expire 3 lines
06-12 14:06:14.368 I/chatty  ( 1685): uid=1000(system) Binder:1685_11 expire 4 lines
06-12 14:06:14.896 I/chatty  ( 1685): uid=1000(system) Binder:1685_4 expire 2 lines
06-12 14:06:20.008 I/chatty  ( 1685): uid=1000(system) AlarmManager expire 1 line
06-12 14:06:25.976 I/chatty  ( 1685): uid=1000(system) Binder:1685_1 expire 6 lines
06-12 14:06:26.076 I/ActivityThread( 4701): Removing dead content provider:android.content.ContentProviderProxy@15f4ba6
06-12 14:06:26.214 I/chatty  ( 1685): uid=1000(system) Binder:1685_8 expire 6 lines
06-12 14:06:26.259 I/chatty  ( 1685): uid=1000(system) Binder:1685_1A expire 4 lines
06-12 14:06:26.274 I/chatty  ( 1685): uid=1000(system) ActivityManager expire 1 line
06-12 14:06:26.448 I/chatty  ( 1685): uid=1000(system) Binder:1685_11 expire 4 lines
06-12 14:06:26.454 I/chatty  ( 1685): uid=1000 system_server expire 9 lines
06-12 14:06:26.531 I/chatty  ( 1685): uid=1000(system) Binder:1685_17 expire 10 lines
06-12 14:06:26.571 I/chatty  ( 1685): uid=1000(system) BroadcastQueue expire 4 lines
06-12 14:06:26.591 I/chatty  ( 1685): uid=1000(system) Binder:1685_16 expire 5 lines
06-12 14:06:26.622 I/chatty  ( 1685): uid=1000(system) Binder:1685_1F expire 9 lines
06-12 14:06:26.804 I/chatty  ( 1685): uid=1000(system) Binder:1685_5 expire 6 lines
06-12 14:06:26.847 I/chatty  ( 1685): uid=1000(system) Binder:1685_19 expire 6 lines
06-12 14:06:26.948 I/chatty  ( 1685): uid=1000(system) ActivityManager expire 3 lines
06-12 14:06:26.981 I/chatty  ( 1685): uid=1000(system) Binder:1685_1 expire 5 lines
06-12 14:06:27.067 I/chatty  ( 1685): uid=1000(system) Binder:1685_13 expire 6 lines
06-12 14:06:27.817 I/chatty  ( 1685): uid=1000(system) android.io expire 2 lines
06-12 14:06:28.149 I/chatty  ( 1685): uid=1000(system) Binder:1685_1B expire 9 lines
06-12 14:06:29.167 I/chatty  ( 1685): uid=1000(system) Binder:1685_F expire 4 lines
06-12 14:06:29.171 I/chatty  ( 1685): uid=1000(system) Binder:1685_1C expire 4 lines
06-12 14:06:29.231 I/chatty  ( 1685): uid=1000(system) Binder:1685_4 expire 6 lines
06-12 14:06:29.235 I/chatty  ( 1685): uid=1000(system) Binder:1685_1D expire 5 lines
06-12 14:06:29.350 I/chatty  ( 1685): uid=1000(system) Binder:1685_7 expire 6 lines
06-12 14:06:29.380 I/chatty  ( 1685): uid=1000(system) Binder:1685_1A expire 5 lines
06-12 14:06:29.391 I/chatty  ( 1685): uid=1000(system) Binder:1685_12 expire 6 lines
06-12 14:06:29.418 I/chatty  ( 1685): uid=1000(system) Binder:1685_3 expire 3 lines
06-12 14:06:29.429 I/chatty  ( 1685): uid=1000(system) Binder:1685_C expire 4 lines
06-12 14:06:29.433 I/chatty  ( 1685): uid=1000(system) Binder:1685_E expire 5 lines
06-12 14:06:29.443 I/chatty  ( 1685): uid=1000(system) Binder:1685_1E expire 2 lines
06-12 14:06:29.462 I/chatty  ( 1685): uid=1000(system) Binder:1685_18 expire 6 lines
06-12 14:06:29.471 I/chatty  ( 1685): uid=1000(system) Binder:1685_9 expire 6 lines
06-12 14:06:30.552 I/chatty  ( 1685): uid=1000(system) Binder:1685_D expire 4 lines
06-12 14:06:30.633 I/chatty  ( 1685): uid=1000(system) Binder:1685_20 expire 4 lines
06-12 14:06:30.663 I/chatty  ( 1685): uid=1000(system) Binder:1685_14 expire 4 lines
06-12 14:06:51.244 I/chatty  ( 1685): uid=1000(system) Binder:1685_8 expire 5 lines
06-12 14:06:51.317 I/chatty  ( 1685): uid=1000(system) Binder:1685_10 expire 3 lines
06-12 14:06:51.395 I/chatty  ( 1685): uid=1000(system) Binder:1685_15 expire 3 lines
06-12 14:06:51.479 I/chatty  ( 1685): uid=1000(system) Binder:1685_2 expire 3 lines
06-12 14:06:51.777 I/chatty  ( 1685): uid=1000(system) Binder:1685_B expire 3 lines
06-12 14:11:14.363 I/chatty  ( 1685): uid=1000(system) pool-3-thread-1 expire 1 line
06-12 14:16:32.683 I/chatty  ( 1685): uid=1000(system) Binder:1685_A expire 2 lines
06-12 14:19:33.473 I/chatty  ( 1685): uid=1000(system) Binder:1685_6 expire 3 lines
06-12 14:25:48.683 I/chatty  ( 1685): uid=1000(system) android.bg expire 1 line
06-12 14:33:27.287 I/chatty  ( 1685): uid=1000(system) batterystats-sy expire 1 line
06-12 14:55:36.522 I/chatty  ( 1685): uid=1000(system) PowerManagerSer expire 1 line
06-12 14:55:36.527 I/chatty  ( 1685): uid=1000(system) android.display expire 8 lines
06-12 14:55:36.633 I/chatty  ( 1685): uid=1000(system) PhoneWinHandler expire 1 line
06-12 14:55:36.633 I/chatty  ( 1685): uid=1000(system) PowerManagerSer expire 9 lines
06-12 14:55:36.646 I/chatty  ( 1685): uid=1000 system_server expire 15 lines
06-12 14:55:36.654 I/chatty  ( 1685): uid=1000(system) Binder:1685_1A expire 1 line
06-12 14:55:36.662 I/chatty  ( 1685): uid=1000(system) Binder:1685_B expire 5 lines
06-12 14:55:36.696 I/chatty  ( 1685): uid=1000(system) Binder:1685_F expire 6 lines
06-12 14:55:36.712 I/chatty  ( 1685): uid=1000(system) BroadcastQueue expire 10 lines
06-12 14:55:36.727 I/chatty  ( 1685): uid=1000(system) Binder:1685_1E expire 11 lines
06-12 14:55:46.520 I/chatty  ( 1685): uid=1000(system) aceService.Main expire 1 line
06-12 14:55:47.060 I/chatty  ( 1685): uid=1000(system) Binder:1685_17 expire 6 lines
06-12 14:55:47.145 I/chatty  ( 1685): uid=1000(system) Binder:1685_8 expire 6 lines
06-12 14:55:47.163 I/chatty  ( 1685): uid=1000(system) Binder:1685_13 expire 2 lines
06-12 14:55:47.193 I/chatty  ( 1685): uid=1000(system) Binder:1685_1C expire 7 lines
06-12 14:55:55.378 I/chatty  ( 1685): uid=1000(system) Binder:1685_1D expire 7 lines
06-12 14:56:08.854 I/chatty  ( 1685): uid=1000(system) Binder:1685_10 expire 3 lines
06-12 14:56:08.932 I/chatty  ( 1685): uid=1000(system) Binder:1685_2 expire 6 lines
06-12 14:56:09.060 I/chatty  ( 1685): uid=1000(system) Binder:1685_5 expire 4 lines
06-12 14:56:09.071 I/chatty  ( 1685): uid=1000(system) Binder:1685_1F expire 4 lines
06-12 14:56:17.108 I/chatty  ( 1685): uid=1000(system) AlarmManager expire 1 line
06-12 14:56:17.242 I/chatty  ( 1685): uid=1000(system) Binder:1685_16 expire 6 lines
06-12 14:56:22.833 I/chatty  ( 1685): uid=1000(system) Binder:1685_7 expire 5 lines
06-12 14:56:22.836 I/ActivityThread( 4701): Removing dead content provider:android.content.ContentProviderProxy@ddfdf89
06-12 14:56:22.837 I/ActivityThread(14309): Removing dead content provider:android.content.ContentProviderProxy@7cb4bb6
06-12 14:56:22.882 I/chatty  ( 1685): uid=1000(system) Binder:1685_18 expire 8 lines
06-12 14:56:23.018 I/chatty  ( 1685): uid=1000(system) Binder:1685_A expire 5 lines
06-12 14:56:23.070 I/chatty  ( 1685): uid=1000(system) Binder:1685_6 expire 5 lines
06-12 14:56:23.093 I/chatty  ( 1685): uid=1000(system) Binder:1685_4 expire 5 lines
06-12 14:56:23.244 I/chatty  ( 1685): uid=1000(system) Binder:1685_1 expire 4 lines
06-12 14:56:23.277 I/chatty  ( 1685): uid=1000(system) BroadcastQueue expire 1 line
06-12 14:56:23.586 I/chatty  ( 1685): uid=1000(system) Binder:1685_1B expire 3 lines
06-12 14:56:23.754 I/chatty  ( 1685): uid=1000(system) Binder:1685_19 expire 4 lines
06-12 14:56:23.763 I/chatty  ( 1685): uid=1000(system) Binder:1685_14 expire 4 lines
06-12 14:56:24.034 I/chatty  ( 1685): uid=1000(system) ActivityManager expire 2 lines
06-12 14:56:24.235 I/chatty  ( 1685): uid=1000(system) Binder:1685_C expire 3 lines
06-12 14:56:24.968 I/chatty  ( 1685): uid=1000(system) android.io expire 2 lines
06-12 14:56:26.464 I/chatty  ( 1685): uid=1000(system) Binder:1685_3 expire 1 line
06-12 14:56:26.509 I/chatty  ( 1685): uid=1000(system) Binder:1685_12 expire 4 lines
06-12 14:56:26.566 I/chatty  ( 1685): uid=1000(system) Binder:1685_15 expire 3 lines
06-12 14:56:26.645 I/chatty  ( 1685): uid=1000(system) Binder:1685_9 expire 1 line
06-12 14:56:27.764 I/chatty  ( 1685): uid=1000(system) Binder:1685_E expire 1 line
06-12 14:56:27.789 I/chatty  ( 1685): uid=1000(system) Binder:1685_D expire 1 line
06-12 14:56:47.732 D/elsa    ( 1685): app is ProcessRecord{1f42dd1 14759:com.google.process.gapps/u0a181}, isInBlackList is false, isNeedSetProcessGroup is true
06-12 14:56:47.761 D/elsa    ( 1685): app is ProcessRecord{1f42dd1 14759:com.google.process.gapps/u0a181}, isInBlackList is false, isNeedSetProcessGroup is true
06-12 14:56:47.799 W/BroadcastQueue( 1685): Permission Denial: receiving Intent { act=android.intent.action.DROPBOX_ENTRY_ADDED flg=0x10 (has extras) } to com.google.android.gms/.stats.service.DropBoxEntryAddedReceiver requires android.permission.READ_LOGS due to sender android (uid 1000)
06-12 14:56:47.799 D/DropBoxManagerService( 1685): file :: /data/system/dropbox/event_data@1528786607796.txt
06-12 14:56:47.799 W/BroadcastQueue( 1685): Permission Denial: receiving Intent { act=android.intent.action.DROPBOX_ENTRY_ADDED flg=0x10 (has extras) } to com.google.android.gms/.chimera.GmsIntentOperationService$PersistentTrustedReceiver requires android.permission.READ_LOGS due to sender android (uid 1000)
06-12 14:56:48.070 D/elsa    ( 1685): app is ProcessRecord{1f42dd1 14759:com.google.process.gapps/u0a181}, isInBlackList is false, isNeedSetProcessGroup is true
06-12 14:56:48.082 D/elsa    ( 1685): app is ProcessRecord{1f42dd1 14759:com.google.process.gapps/u0a181}, isInBlackList is false, isNeedSetProcessGroup is true
06-12 14:56:48.100 D/elsa    ( 1685): app is ProcessRecord{1f42dd1 14759:com.google.process.gapps/u0a181}, isInBlackList is false, isNeedSetProcessGroup is true
06-12 14:56:48.115 D/elsa    ( 1685): app is ProcessRecord{1f42dd1 14759:com.google.process.gapps/u0a181}, isInBlackList is false, isNeedSetProcessGroup is true
06-12 14:56:48.145 D/elsa    ( 1685): app is ProcessRecord{1f42dd1 14759:com.google.process.gapps/u0a181}, isInBlackList is false, isNeedSetProcessGroup is true
06-12 14:56:48.156 D/elsa    ( 1685): app is ProcessRecord{1f42dd1 14759:com.google.process.gapps/u0a181}, isInBlackList is false, isNeedSetProcessGroup is true
06-12 14:56:48.165 D/elsa    ( 1685): app is ProcessRecord{1f42dd1 14759:com.google.process.gapps/u0a181}, isInBlackList is false, isNeedSetProcessGroup is true
06-12 14:56:48.177 D/elsa    ( 1685): app is ProcessRecord{1f42dd1 14759:com.google.process.gapps/u0a181}, isInBlackList is false, isNeedSetProcessGroup is true
06-12 14:56:48.181 D/elsa    ( 1685): app is ProcessRecord{1f42dd1 14759:com.google.process.gapps/u0a181}, isInBlackList is false, isNeedSetProcessGroup is true
06-12 14:56:48.193 D/elsa    ( 1685): app is ProcessRecord{1f42dd1 14759:com.google.process.gapps/u0a181}, isInBlackList is false, isNeedSetProcessGroup is true
06-12 14:56:48.200 D/elsa    ( 1685): app is ProcessRecord{1f42dd1 14759:com.google.process.gapps/u0a181}, isInBlackList is false, isNeedSetProcessGroup is true
06-12 14:56:48.210 D/elsa    ( 1685): app is ProcessRecord{1f42dd1 14759:com.google.process.gapps/u0a181}, isInBlackList is false, isNeedSetProcessGroup is true
06-12 14:56:48.279 D/elsa    ( 1685): app is ProcessRecord{1f42dd1 14759:com.google.process.gapps/u0a181}, isInBlackList is false, isNeedSetProcessGroup is true
06-12 14:56:48.292 D/elsa    ( 1685): app is ProcessRecord{1f42dd1 14759:com.google.process.gapps/u0a181}, isInBlackList is false, isNeedSetProcessGroup is true
06-12 14:59:26.810 D/elsa    ( 1685): app is ProcessRecord{1f42dd1 14759:com.google.process.gapps/u0a181}, isInBlackList is false, isNeedSetProcessGroup is true
06-12 14:59:26.822 D/elsa    ( 1685): app is ProcessRecord{1f42dd1 14759:com.google.process.gapps/u0a181}, isInBlackList is false, isNeedSetProcessGroup is true
06-12 14:59:28.515 D/elsa    ( 1685): app is ProcessRecord{1f42dd1 14759:com.google.process.gapps/u0a181}, isInBlackList is false, isNeedSetProcessGroup is true
06-12 14:59:28.528 D/elsa    ( 1685): app is ProcessRecord{1f42dd1 14759:com.google.process.gapps/u0a181}, isInBlackList is false, isNeedSetProcessGroup is true
06-12 14:59:28.553 D/elsa    ( 1685): app is ProcessRecord{1f42dd1 14759:com.google.process.gapps/u0a181}, isInBlackList is false, isNeedSetProcessGroup is true
06-12 14:59:28.566 D/elsa    ( 1685): app is ProcessRecord{1f42dd1 14759:com.google.process.gapps/u0a181}, isInBlackList is false, isNeedSetProcessGroup is true
06-12 14:59:54.785 D/elsa    ( 1685): app is ProcessRecord{1f42dd1 14759:com.google.process.gapps/u0a181}, isInBlackList is false, isNeedSetProcessGroup is true
06-12 14:59:54.823 D/elsa    ( 1685): app is ProcessRecord{1f42dd1 14759:com.google.process.gapps/u0a181}, isInBlackList is false, isNeedSetProcessGroup is true
06-12 14:59:54.834 D/elsa    ( 1685): app is ProcessRecord{1f42dd1 14759:com.google.process.gapps/u0a181}, isInBlackList is false, isNeedSetProcessGroup is true
06-12 14:59:54.846 D/elsa    ( 1685): app is ProcessRecord{1f42dd1 14759:com.google.process.gapps/u0a181}, isInBlackList is false, isNeedSetProcessGroup is true
06-12 15:03:25.349 I/ActivityManager( 1685): Start proc 16127:com.coloros.weather.service/u0a74 for service com.coloros.weather.service/com.coloros.weather.logic.update.data.AutoUpdateWeatherService
06-12 15:03:25.523 D/elsa    ( 1685): app is ProcessRecord{ad2c46 16127:com.coloros.weather.service/u0a74}, isInBlackList is false, isNeedSetProcessGroup is true
06-12 15:03:27.276 E/BatteryStatsService( 1685): no controller energy info supplied
06-12 15:04:00.066 D/FingerprintHook( 1685): onWakeUp
06-12 15:04:00.066 D/KeyguardServiceWrapper( 1685): dispatchWakeUp
06-12 15:04:00.066 D/FaceHook( 1685): onWakeUp
06-12 15:04:00.066 I/PowerManagerService( 1685): Waking up from sleep (uid 1000)...
06-12 15:04:00.067 I/DisplayPowerController( 1685): Blocking screen on until initial contents have been drawn.
06-12 15:04:00.069 I/DisplayManagerService( 1685): Display device changed state: "内置屏幕", ON
06-12 15:04:00.072 I/ProcessStatsService( 1685): Prepared write state in 2ms
06-12 15:04:00.076 I/StatusBarManagerService( 1685): disable, what:16777216, pkg:com.android.keyguard
06-12 15:04:00.077 I/BatteryService( 1685): action received : android.intent.action.SCREEN_ON
06-12 15:04:00.116 I/WindowManager( 1685): >>> OPEN TRANSACTION animateLocked skip
06-12 15:04:00.123 V/WindowManager( 1685): reevaluateVisibility focusApp:AppWindowToken{10b39e0 token=Token{b3e5b9d ActivityRecord{19ba247 u0 com.oppo.launcher/.Launcher t2604}}}
06-12 15:04:00.124 V/WindowManager( 1685): reevaluateVisibility focusApp:AppWindowToken{10b39e0 token=Token{b3e5b9d ActivityRecord{19ba247 u0 com.oppo.launcher/.Launcher t2604}}}
06-12 15:04:00.125 D/DisplayPowerController( 1685): ScreenOnUnblocker, onScreenOn
06-12 15:04:00.125 I/DisplayPowerController( 1685): Unblocked screen on after 57 ms
06-12 15:04:00.126 V/WindowManager( 1685): reevaluateVisibility focusApp:AppWindowToken{10b39e0 token=Token{b3e5b9d ActivityRecord{19ba247 u0 com.oppo.launcher/.Launcher t2604}}}
06-12 15:04:00.126 D/FingerprintHook( 1685): onWakeUpFinish
06-12 15:04:00.126 D/elsa    ( 1685): app is ProcessRecord{9614cc5 5645:com.coloros.sau/1000}, isInBlackList is false, isNeedSetProcessGroup is true
06-12 15:04:00.127 D/FaceHook( 1685): onWakeUpFinish
06-12 15:04:00.130 D/elsa    ( 1685): app is ProcessRecord{9614cc5 5645:com.coloros.sau/1000}, isInBlackList is false, isNeedSetProcessGroup is true
06-12 15:04:00.132 D/elsa    ( 1685): app is ProcessRecord{c63c56c 5426:com.nearme.statistics.rom/1000}, isInBlackList is false, isNeedSetProcessGroup is true
06-12 15:04:00.134 D/elsa    ( 1685): app is ProcessRecord{c63c56c 5426:com.nearme.statistics.rom/1000}, isInBlackList is false, isNeedSetProcessGroup is true
06-12 15:04:00.162 D/elsa    ( 1685): app is ProcessRecord{70d60aa 18534:com.sohu.inputmethod.sogouoem/u0a99}, isInBlackList is false, isNeedSetProcessGroup is true
06-12 15:04:00.163 D/elsa    ( 1685): app is ProcessRecord{9614cc5 5645:com.coloros.sau/1000}, isInBlackList is false, isNeedSetProcessGroup is true
06-12 15:04:00.165 D/elsa    ( 1685): app is ProcessRecord{70d60aa 18534:com.sohu.inputmethod.sogouoem/u0a99}, isInBlackList is false, isNeedSetProcessGroup is true
06-12 15:04:00.166 D/elsa    ( 1685): app is ProcessRecord{9614cc5 5645:com.coloros.sau/1000}, isInBlackList is false, isNeedSetProcessGroup is true
06-12 15:04:00.167 D/elsa    ( 1685): app is ProcessRecord{5722540 14309:com.android.mms/u0a19}, isInBlackList is false, isNeedSetProcessGroup is true
06-12 15:04:00.171 D/OppoBroadcastManager( 1685): skip broadcast for pkg:com.google.android.gms, action:android.intent.action.SCREEN_ON , app:ProcessRecord{fe13ee1 14742:com.google.android.gms.persistent/u0a181}
06-12 15:04:00.172 D/elsa    ( 1685): app is ProcessRecord{5722540 14309:com.android.mms/u0a19}, isInBlackList is false, isNeedSetProcessGroup is true
06-12 15:04:00.174 D/OppoBroadcastManager( 1685): skip broadcast for pkg:com.google.android.gms, action:android.intent.action.SCREEN_ON , app:ProcessRecord{fe13ee1 14742:com.google.android.gms.persistent/u0a181}
06-12 15:04:00.176 D/OppoBroadcastManager( 1685): skip broadcast for pkg:com.google.android.gms, action:android.intent.action.SCREEN_ON , app:ProcessRecord{fe13ee1 14742:com.google.android.gms.persistent/u0a181}
06-12 15:04:00.178 D/OppoBroadcastManager( 1685): skip broadcast for pkg:com.google.android.gms, action:android.intent.action.SCREEN_ON , app:ProcessRecord{fe13ee1 14742:com.google.android.gms.persistent/u0a181}
06-12 15:04:00.180 D/OppoBroadcastManager( 1685): skip broadcast for pkg:com.google.android.gms, action:android.intent.action.SCREEN_ON , app:ProcessRecord{fe13ee1 14742:com.google.android.gms.persistent/u0a181}
06-12 15:04:00.290 V/WindowManager( 1685): reevaluateVisibility focusApp:AppWindowToken{10b39e0 token=Token{b3e5b9d ActivityRecord{19ba247 u0 com.oppo.launcher/.Launcher t2604}}}
06-12 15:04:01.539 I/StatusBarManagerService( 1685): disable, what:16777216, pkg:com.android.keyguard
06-12 15:04:01.892 I/StatusBarManagerService( 1685): disable, what:16777216, pkg:com.android.keyguard
06-12 15:04:02.135 V/WindowManager( 1685): reevaluateVisibility focusApp:AppWindowToken{10b39e0 token=Token{b3e5b9d ActivityRecord{19ba247 u0 com.oppo.launcher/.Launcher t2604}}}
06-12 15:04:02.153 I/StatusBarManagerService( 1685): disable, what:0, pkg:com.android.keyguard
06-12 15:04:02.160 V/WindowManager( 1685): reevaluateVisibility focusApp:AppWindowToken{10b39e0 token=Token{b3e5b9d ActivityRecord{19ba247 u0 com.oppo.launcher/.Launcher t2604}}}
06-12 15:04:02.164 V/WindowManager( 1685): reevaluateVisibility focusApp:AppWindowToken{10b39e0 token=Token{b3e5b9d ActivityRecord{19ba247 u0 com.oppo.launcher/.Launcher t2604}}}
06-12 15:04:02.166 D/elsa    ( 1685): app is ProcessRecord{ad2c46 16127:com.coloros.weather.service/u0a74}, isInBlackList is false, isNeedSetProcessGroup is true
06-12 15:04:02.177 D/OppoBroadcastManager( 1685): skip broadcast for pkg:com.google.android.gms, action:android.intent.action.USER_PRESENT , app:ProcessRecord{fe13ee1 14742:com.google.android.gms.persistent/u0a181}
06-12 15:04:02.177 V/OppoBroadcastManager( 1685): sikp broadcast for proc does not exist, pkg:com.ifreetalk.ftalk, action:android.intent.action.USER_PRESENT
06-12 15:04:02.177 V/OppoBroadcastManager( 1685): sikp broadcast for proc does not exist, pkg:com.tencent.tmgp.sgame, action:android.intent.action.USER_PRESENT
06-12 15:04:02.177 V/OppoBroadcastManager( 1685): sikp broadcast for proc does not exist, pkg:com.ifreetalk.ftalk, action:android.intent.action.USER_PRESENT
06-12 15:04:02.179 D/OppoBroadcastManager( 1685): skip broadcast for pkg:com.google.android.gms, action:android.intent.action.USER_PRESENT , app:null
06-12 15:04:02.181 D/OppoBroadcastManager( 1685): skip broadcast for pkg:com.google.android.gms, action:android.intent.action.USER_PRESENT , app:null
06-12 15:04:02.183 V/NotificationListeners( 1685): disabling notification listener for user 0: ComponentInfo{com.coloros.keyguard.notification/com.coloros.keyguard.notification.KeyguardNotificationListener}
06-12 15:04:02.184 D/OppoBroadcastManager( 1685): skip broadcast for pkg:com.google.android.gms, action:android.intent.action.USER_PRESENT , app:null
06-12 15:04:02.185 V/OppoBroadcastManager( 1685): sikp broadcast for proc does not exist, pkg:com.smile.gifmaker, action:android.intent.action.USER_PRESENT
06-12 15:04:02.185 V/OppoBroadcastManager( 1685): sikp broadcast for proc does not exist, pkg:com.ifreetalk.ftalk, action:android.intent.action.USER_PRESENT
06-12 15:04:02.186 V/OppoBroadcastManager( 1685): sikp broadcast for proc does not exist, pkg:com.tencent.tmgp.sgame, action:android.intent.action.USER_PRESENT
06-12 15:04:02.186 V/OppoBroadcastManager( 1685): sikp broadcast for proc does not exist, pkg:com.ifreetalk.ftalk, action:android.intent.action.USER_PRESENT
06-12 15:04:02.187 V/WindowManager( 1685): Changing focus from Window{6c297dd u0 Keyguard} to Window{1410897 u0 com.oppo.launcher/com.oppo.launcher.Launcher}
06-12 15:04:02.188 D/OppoBroadcastManager( 1685): skip broadcast for pkg:com.google.android.gms, action:android.intent.action.USER_PRESENT , app:null
06-12 15:04:02.192 D/OppoBroadcastManager( 1685): skip broadcast for pkg:com.google.android.gms, action:android.intent.action.USER_PRESENT , app:null
06-12 15:04:02.192 V/WindowManager( 1685): reevaluateVisibility focusApp:AppWindowToken{10b39e0 token=Token{b3e5b9d ActivityRecord{19ba247 u0 com.oppo.launcher/.Launcher t2604}}}
06-12 15:04:02.194 V/WindowManager( 1685): reevaluateVisibility focusApp:AppWindowToken{10b39e0 token=Token{b3e5b9d ActivityRecord{19ba247 u0 com.oppo.launcher/.Launcher t2604}}}
06-12 15:04:02.197 D/OppoBroadcastManager( 1685): skip broadcast for pkg:com.google.android.gms, action:android.intent.action.USER_PRESENT , app:null
06-12 15:04:02.197 V/OppoBroadcastManager( 1685): sikp broadcast for proc does not exist, pkg:com.smile.gifmaker, action:android.intent.action.USER_PRESENT
06-12 15:04:02.205 V/WindowManager( 1685): reevaluateVisibility focusApp:AppWindowToken{10b39e0 token=Token{b3e5b9d ActivityRecord{19ba247 u0 com.oppo.launcher/.Launcher t2604}}}
06-12 15:04:02.213 W/InputMethodManagerService( 1685): Window already focused, ignoring focus gain of: com.android.internal.view.IInputMethodClient$Stub$Proxy@41a06ff attribute=android.view.inputmethod.EditorInfo@570dccc, token = android.os.BinderProxy@521a716
06-12 15:04:02.213 V/WindowManager( 1685): reevaluateVisibility focusApp:AppWindowToken{10b39e0 token=Token{b3e5b9d ActivityRecord{19ba247 u0 com.oppo.launcher/.Launcher t2604}}}
06-12 15:04:02.220 D/elsa    ( 1685): app is ProcessRecord{ad2c46 16127:com.coloros.weather.service/u0a74}, isInBlackList is false, isNeedSetProcessGroup is true
06-12 15:04:02.870 I/ActivityManager( 1685): START u0 {act=android.intent.action.MAIN cat=[android.intent.category.LAUNCHER] flg=0x10200000 cmp=com.android.mms/.ui.ConversationList bnds=[288,1626][540,1883]} from uid 10017 and from pid 3319 on display 0
06-12 15:04:02.876 V/WindowManager( 1685): Changing focus from Window{1410897 u0 com.oppo.launcher/com.oppo.launcher.Launcher} to null
06-12 15:04:02.883 D/WindowOrientationListener( 1685): WindowOrientationListener enabled
06-12 15:04:02.888 D/WindowOrientationListener( 1685): DPC sensor registered!
06-12 15:04:02.890 D/elsa    ( 1685): app is ProcessRecord{5722540 14309:com.android.mms/u0a19}, isInBlackList is false, isNeedSetProcessGroup is true
06-12 15:04:02.891 D/elsa    ( 1685): app is ProcessRecord{5532122 3319:com.oppo.launcher/u0a17}, isInBlackList is false, isNeedSetProcessGroup is true
06-12 15:04:02.895 V/WindowManager( 1685): reevaluateVisibility focusApp:AppWindowToken{7f49391 token=Token{192141b ActivityRecord{61c5b15 u0 com.android.mms/.ui.ConversationList t13321}}}
06-12 15:04:02.896 V/WindowManager( 1685): reevaluateVisibility focusApp:AppWindowToken{7f49391 token=Token{192141b ActivityRecord{61c5b15 u0 com.android.mms/.ui.ConversationList t13321}}}
06-12 15:04:02.921 V/WindowManager( 1685): reevaluateVisibility focusApp:AppWindowToken{7f49391 token=Token{192141b ActivityRecord{61c5b15 u0 com.android.mms/.ui.ConversationList t13321}}}
06-12 15:04:02.922 V/WindowManager( 1685): reevaluateVisibility focusApp:AppWindowToken{7f49391 token=Token{192141b ActivityRecord{61c5b15 u0 com.android.mms/.ui.ConversationList t13321}}}
06-12 15:04:02.931 V/WindowManager( 1685): reevaluateVisibility focusApp:AppWindowToken{7f49391 token=Token{192141b ActivityRecord{61c5b15 u0 com.android.mms/.ui.ConversationList t13321}}}
06-12 15:04:02.931 V/WindowManager( 1685): reevaluateVisibility focusApp:AppWindowToken{7f49391 token=Token{192141b ActivityRecord{61c5b15 u0 com.android.mms/.ui.ConversationList t13321}}}
06-12 15:04:02.967 D/elsa    ( 1685): app is ProcessRecord{c63c56c 5426:com.nearme.statistics.rom/1000}, isInBlackList is false, isNeedSetProcessGroup is true
06-12 15:04:02.968 D/elsa    ( 1685): app is ProcessRecord{c63c56c 5426:com.nearme.statistics.rom/1000}, isInBlackList is false, isNeedSetProcessGroup is true
06-12 15:04:02.993 V/WindowManager( 1685): reevaluateVisibility focusApp:AppWindowToken{7f49391 token=Token{192141b ActivityRecord{61c5b15 u0 com.android.mms/.ui.ConversationList t13321}}}
06-12 15:04:03.035 V/WindowManager( 1685): Changing focus from null to Window{155a5da u0 com.android.mms/com.android.mms.ui.ConversationList}
06-12 15:04:03.038 V/WindowManager( 1685): reevaluateVisibility focusApp:AppWindowToken{7f49391 token=Token{192141b ActivityRecord{61c5b15 u0 com.android.mms/.ui.ConversationList t13321}}}
06-12 15:04:03.120 V/WindowManager( 1685): reevaluateVisibility focusApp:AppWindowToken{7f49391 token=Token{192141b ActivityRecord{61c5b15 u0 com.android.mms/.ui.ConversationList t13321}}}
06-12 15:04:03.122 V/WindowManager( 1685): reevaluateVisibility focusApp:AppWindowToken{7f49391 token=Token{192141b ActivityRecord{61c5b15 u0 com.android.mms/.ui.ConversationList t13321}}}
06-12 15:04:03.127 V/WindowManager( 1685): reevaluateVisibility focusApp:AppWindowToken{7f49391 token=Token{192141b ActivityRecord{61c5b15 u0 com.android.mms/.ui.ConversationList t13321}}}
06-12 15:04:03.163 V/WindowManager( 1685): reevaluateVisibility focusApp:AppWindowToken{7f49391 token=Token{192141b ActivityRecord{61c5b15 u0 com.android.mms/.ui.ConversationList t13321}}}
06-12 15:04:03.163 V/WindowManager( 1685): reevaluateVisibility focusApp:AppWindowToken{7f49391 token=Token{192141b ActivityRecord{61c5b15 u0 com.android.mms/.ui.ConversationList t13321}}}
06-12 15:04:03.178 V/WindowManager( 1685): reevaluateVisibility focusApp:AppWindowToken{7f49391 token=Token{192141b ActivityRecord{61c5b15 u0 com.android.mms/.ui.ConversationList t13321}}}
06-12 15:04:03.179 V/WindowManager( 1685): reevaluateVisibility focusApp:AppWindowToken{7f49391 token=Token{192141b ActivityRecord{61c5b15 u0 com.android.mms/.ui.ConversationList t13321}}}
06-12 15:04:03.194 V/WindowManager( 1685): reevaluateVisibility focusApp:AppWindowToken{7f49391 token=Token{192141b ActivityRecord{61c5b15 u0 com.android.mms/.ui.ConversationList t13321}}}
06-12 15:04:03.195 V/WindowManager( 1685): reevaluateVisibility focusApp:AppWindowToken{7f49391 token=Token{192141b ActivityRecord{61c5b15 u0 com.android.mms/.ui.ConversationList t13321}}}
06-12 15:04:04.288 I/WindowManager( 1685): WIN DEATH: Window{6c297dd u0 Keyguard}
06-12 15:04:04.289 I/ActivityManager( 1685): Process com.android.keyguard (pid 4701) has died
06-12 15:04:04.289 D/ActivityManager( 1685): cleanUpApplicationRecord -- 4701
06-12 15:04:04.290 D/elsa    ( 1685): app is ProcessRecord{5532122 3319:com.oppo.launcher/u0a17}, isInBlackList is false, isNeedSetProcessGroup is true
06-12 15:04:04.294 W/ActivityManager( 1685): Re-adding persistent process ProcessRecord{e24ed4f 4701:com.android.keyguard/u0a14}
06-12 15:04:04.295 V/WindowManager( 1685): reevaluateVisibility focusApp:AppWindowToken{7f49391 token=Token{192141b ActivityRecord{61c5b15 u0 com.android.mms/.ui.ConversationList t13321}}}
06-12 15:04:04.309 I/ActivityManager( 1685): Start proc 16289:com.android.keyguard/u0a14 for restart com.android.keyguard
06-12 15:04:04.311 D/elsa    ( 1685): app is ProcessRecord{58320e1 15111:com.coloros.pictorial/u0a81}, isInBlackList is false, isNeedSetProcessGroup is true
06-12 15:04:04.336 I/ActivityManager( 1685): attachApplicationLocked for proc:com.android.keyguard with pid:16289
06-12 15:04:04.506 D/elsa    ( 1685): app is ProcessRecord{58320e1 15111:com.coloros.pictorial/u0a81}, isInBlackList is false, isNeedSetProcessGroup is true
06-12 15:04:04.516 D/elsa    ( 1685): app is ProcessRecord{58320e1 15111:com.coloros.pictorial/u0a81}, isInBlackList is false, isNeedSetProcessGroup is true
06-12 15:04:04.518 D/elsa    ( 1685): app is ProcessRecord{58320e1 15111:com.coloros.pictorial/u0a81}, isInBlackList is false, isNeedSetProcessGroup is true
06-12 15:04:04.571 V/NotificationListeners( 1685): enabling notification listener for 0: ComponentInfo{com.coloros.keyguard.notification/com.coloros.keyguard.notification.KeyguardNotificationListener}
06-12 15:04:04.617 V/WindowManager( 1685): Changing focus from Window{155a5da u0 com.android.mms/com.android.mms.ui.ConversationList} to Window{75f78de u0 Keyguard}
06-12 15:04:04.663 V/WindowManager( 1685): Changing focus from Window{75f78de u0 Keyguard} to Window{155a5da u0 com.android.mms/com.android.mms.ui.ConversationList}
06-12 15:04:04.672 V/WindowManager( 1685): reevaluateVisibility focusApp:AppWindowToken{7f49391 token=Token{192141b ActivityRecord{61c5b15 u0 com.android.mms/.ui.ConversationList t13321}}}
06-12 15:04:04.675 W/InputMethodManagerService( 1685): Window already focused, ignoring focus gain of: com.android.internal.view.IInputMethodClient$Stub$Proxy@42e4abf attribute=null, token = android.os.BinderProxy@90b3385
06-12 15:04:04.695 D/WindowOrientationListener( 1685): onSensorChanged Name=DeviceOrientation, type=27, event:=0
06-12 15:04:04.695 V/WindowOrientationListener( 1685): Result: currentRotation=0, mProposedRotation=-1, mDesiredRotation=0, newRotation=-1, mDPCState=0, mTouching=false
06-12 15:04:04.731 I/ActivityManager( 1685): Start proc 16320:com.coloros.notificationmanager/1000 for content provider com.coloros.notificationmanager/.PowerProvider
06-12 15:04:04.831 D/elsa    ( 1685): app is ProcessRecord{7914f93 29179:com.nearme.romupdate/u0a85}, isInBlackList is false, isNeedSetProcessGroup is true
06-12 15:04:04.839 D/ActivityManager( 1685): getContentProviderImpl, cpr:ContentProviderRecord{5ad8bbb u0 com.coloros.safecenter/.common.provider.SafeProvider}, name:com.color.provider.SafeProvider
06-12 15:04:04.839 D/ActivityManager( 1685): getContentProviderImpl 02, cpr:ContentProviderRecord{5ad8bbb u0 com.coloros.safecenter/.common.provider.SafeProvider}
06-12 15:04:04.848 D/elsa    ( 1685): app is ProcessRecord{7914f93 29179:com.nearme.romupdate/u0a85}, isInBlackList is false, isNeedSetProcessGroup is true
06-12 15:04:05.039 D/WindowOrientationListener( 1685): scheduleRotationEvaluationLocked: ignoring, user is still touching the screen.
06-12 15:04:05.160 I/ActivityManager( 1685): START u0 {cmp=com.android.mms/.ui.MmsOppoServiceThreadList (has extras)} from uid 10019 and from pid 14309 on display 0
06-12 15:04:05.164 V/WindowManager( 1685): Changing focus from Window{155a5da u0 com.android.mms/com.android.mms.ui.ConversationList} to null
06-12 15:04:05.180 D/elsa    ( 1685): app is ProcessRecord{c63c56c 5426:com.nearme.statistics.rom/1000}, isInBlackList is false, isNeedSetProcessGroup is true
06-12 15:04:05.185 D/elsa    ( 1685): app is ProcessRecord{c63c56c 5426:com.nearme.statistics.rom/1000}, isInBlackList is false, isNeedSetProcessGroup is true
06-12 15:04:05.214 V/WindowManager( 1685): Changing focus from null to Window{af6998d u0 com.android.mms/com.android.mms.ui.MmsOppoServiceThreadList}
06-12 15:04:05.233 V/WindowManager( 1685): reevaluateVisibility focusApp:AppWindowToken{45bc5b6 token=Token{7b0b951 ActivityRecord{706d3db u0 com.android.mms/.ui.MmsOppoServiceThreadList t13321}}}
06-12 15:04:05.235 V/WindowManager( 1685): reevaluateVisibility focusApp:AppWindowToken{45bc5b6 token=Token{7b0b951 ActivityRecord{706d3db u0 com.android.mms/.ui.MmsOppoServiceThreadList t13321}}}
06-12 15:04:05.287 V/WindowManager( 1685): reevaluateVisibility focusApp:AppWindowToken{45bc5b6 token=Token{7b0b951 ActivityRecord{706d3db u0 com.android.mms/.ui.MmsOppoServiceThreadList t13321}}}
06-12 15:04:05.292 V/WindowManager( 1685): reevaluateVisibility focusApp:AppWindowToken{45bc5b6 token=Token{7b0b951 ActivityRecord{706d3db u0 com.android.mms/.ui.MmsOppoServiceThreadList t13321}}}
06-12 15:04:05.292 V/WindowManager( 1685): reevaluateVisibility focusApp:AppWindowToken{45bc5b6 token=Token{7b0b951 ActivityRecord{706d3db u0 com.android.mms/.ui.MmsOppoServiceThreadList t13321}}}
06-12 15:04:05.304 I/ActivityManager( 1685): Start proc 16351:com.coloros.phonenoareainquire/u0a79 for content provider com.coloros.phonenoareainquire/.PhoneNoInquireProvider
06-12 15:04:05.369 V/CountryDetector( 1685):     getCountry is Country {ISO=CN, source=0, time=1517860037}
06-12 15:04:05.372 D/elsa    ( 1685): app is ProcessRecord{349d7a7 16351:com.coloros.phonenoareainquire/u0a79}, isInBlackList is false, isNeedSetProcessGroup is true
06-12 15:04:05.579 V/WindowManager( 1685): reevaluateVisibility focusApp:AppWindowToken{45bc5b6 token=Token{7b0b951 ActivityRecord{706d3db u0 com.android.mms/.ui.MmsOppoServiceThreadList t13321}}}
06-12 15:04:05.590 V/WindowManager( 1685): reevaluateVisibility focusApp:AppWindowToken{45bc5b6 token=Token{7b0b951 ActivityRecord{706d3db u0 com.android.mms/.ui.MmsOppoServiceThreadList t13321}}}
06-12 15:04:05.603 V/WindowManager( 1685): reevaluateVisibility focusApp:AppWindowToken{45bc5b6 token=Token{7b0b951 ActivityRecord{706d3db u0 com.android.mms/.ui.MmsOppoServiceThreadList t13321}}}
06-12 15:04:05.804 D/elsa    ( 1685): app is ProcessRecord{c63c56c 5426:com.nearme.statistics.rom/1000}, isInBlackList is false, isNeedSetProcessGroup is true
06-12 15:04:05.808 D/elsa    ( 1685): app is ProcessRecord{c63c56c 5426:com.nearme.statistics.rom/1000}, isInBlackList is false, isNeedSetProcessGroup is true
06-12 15:04:06.210 D/elsa    ( 1685): app is ProcessRecord{c63c56c 5426:com.nearme.statistics.rom/1000}, isInBlackList is false, isNeedSetProcessGroup is true
06-12 15:04:06.211 D/elsa    ( 1685): app is ProcessRecord{c63c56c 5426:com.nearme.statistics.rom/1000}, isInBlackList is false, isNeedSetProcessGroup is true
06-12 15:04:06.285 D/WindowOrientationListener( 1685): onSensorChanged Name=DPC, type=33171022, event:=0
06-12 15:04:06.285 V/WindowOrientationListener( 1685): Result: currentRotation=0, mProposedRotation=0, mDesiredRotation=0, newRotation=-1, mDPCState=0, mTouching=false
06-12 15:04:06.393 E/TaskPersister( 1685): File error accessing recents directory (directory doesn't exist?).
06-12 15:04:06.652 D/elsa    ( 1685): app is ProcessRecord{c63c56c 5426:com.nearme.statistics.rom/1000}, isInBlackList is false, isNeedSetProcessGroup is true
06-12 15:04:06.656 D/elsa    ( 1685): app is ProcessRecord{c63c56c 5426:com.nearme.statistics.rom/1000}, isInBlackList is false, isNeedSetProcessGroup is true
06-12 15:04:06.784 D/elsa    ( 1685): app is ProcessRecord{5532122 3319:com.oppo.launcher/u0a17}, isInBlackList is false, isNeedSetProcessGroup is true
06-12 15:04:06.798 D/elsa    ( 1685): app is ProcessRecord{5532122 3319:com.oppo.launcher/u0a17}, isInBlackList is false, isNeedSetProcessGroup is true
06-12 15:04:07.138 D/WindowOrientationListener( 1685): onSensorChanged Name=DPC, type=33171022, event:=3
06-12 15:04:07.138 V/WindowOrientationListener( 1685): Result: currentRotation=0, mProposedRotation=0, mDesiredRotation=0, newRotation=-1, mDPCState=3, mTouching=false
06-12 15:04:07.359 V/WindowManager( 1685): Changing focus from Window{af6998d u0 com.android.mms/com.android.mms.ui.MmsOppoServiceThreadList} to Window{155a5da u0 com.android.mms/com.android.mms.ui.ConversationList}
06-12 15:04:07.361 V/WindowManager( 1685): reevaluateVisibility focusApp:AppWindowToken{7f49391 token=Token{192141b ActivityRecord{61c5b15 u0 com.android.mms/.ui.ConversationList t13321}}}
06-12 15:04:07.387 V/WindowManager( 1685): reevaluateVisibility focusApp:AppWindowToken{7f49391 token=Token{192141b ActivityRecord{61c5b15 u0 com.android.mms/.ui.ConversationList t13321}}}
06-12 15:04:07.389 V/WindowManager( 1685): reevaluateVisibility focusApp:AppWindowToken{7f49391 token=Token{192141b ActivityRecord{61c5b15 u0 com.android.mms/.ui.ConversationList t13321}}}
06-12 15:04:07.408 V/WindowManager( 1685): reevaluateVisibility focusApp:AppWindowToken{7f49391 token=Token{192141b ActivityRecord{61c5b15 u0 com.android.mms/.ui.ConversationList t13321}}}
06-12 15:04:07.671 D/WindowOrientationListener( 1685): onSensorChanged Name=DPC, type=33171022, event:=4
06-12 15:04:07.671 V/WindowOrientationListener( 1685): Result: currentRotation=0, mProposedRotation=0, mDesiredRotation=0, newRotation=-1, mDPCState=4, mTouching=false
06-12 15:04:07.702 D/ActivityManager( 1685): back_key destroy activity: com.android.mms top activity: com.android.mms
06-12 15:04:07.707 V/WindowManager( 1685): reevaluateVisibility focusApp:AppWindowToken{7f49391 token=Token{192141b ActivityRecord{61c5b15 u0 com.android.mms/.ui.ConversationList t13321}}}
06-12 15:04:07.728 V/WindowManager( 1685): reevaluateVisibility focusApp:AppWindowToken{7f49391 token=Token{192141b ActivityRecord{61c5b15 u0 com.android.mms/.ui.ConversationList t13321}}}
06-12 15:04:07.956 D/ActivityManager( 1685): back_key movetask: com.android.mms userId 0
06-12 15:04:07.957 W/ActivityManager( 1685): invalid task TaskRecord{ba2ac4 #2603 A=com.tencent.mm U=0 StackId=1 sz=0}
06-12 15:04:07.957 W/ActivityManager( 1685): invalid task TaskRecord{f7b0d25 #2700 A=com.excelliance.dualaid:com.excelliance.kxqp.main U=0 StackId=1 sz=0}
06-12 15:04:07.957 W/ActivityManager( 1685): invalid task TaskRecord{cb366f3 #2708 A=.wxpayentry U=0 StackId=1 sz=0}
